******************************************************************************
                  TI ARM Linker PC v16.9.6                     
******************************************************************************
>> Linked Mon Oct 05 15:32:24 2020

OUTPUT FILE NAME:   <xwr64xxODS_mmw_mss.xer4f>
ENTRY POINT SYMBOL: "_c_int00"  address: 0001e768


MEMORY CONFIGURATION

         name            origin    length      used     unused   attr    fill
----------------------  --------  ---------  --------  --------  ----  --------
PAGE 0:
  VECTORS               00000000   00000100  0000003c  000000c4     X
  PROG_RAM              00000100   0007ff00  0002637e  00059b82  R  X
  DATA_RAM              08000000   00030000  0002242c  0000dbd4  RW  
  L3_RAM                51000000   000c0000  000c0000  00000000  RW  
  HWA_RAM               52030000   00010000  00000000  00010000  RW  
  HS_RAM                52080000   00008000  00000000  00008000  RW  

PAGE 1:
  L3_RAM                51000000   000c0000  00000000  000c0000  RW  


SEGMENT ALLOCATION MAP

run origin  load origin   length   init length attrs members
----------  ----------- ---------- ----------- ----- -------
00000000    00000000    0000003c   0000003c    r--
  00000000    00000000    0000003c   0000003c    r-- .vecs
00000100    00000100    00026388   00026388    r-x
  00000100    00000100    00024c72   00024c72    r-x .text
  00024d78    00024d78    00001194   00001194    r-- .const
  00025f10    00025f10    00000578   00000578    r-- .cinit
08000000    08000000    00022430   00000000    rw-
  08000000    08000000    00010000   00000000    rw- systemHeap
  08010000    08010000    0000c400   00000000    rw- .DPC_objDetTcmbHeap
  0801c400    0801c400    0000381c   00000000    rw- .bss
  0801fc20    0801fc20    00001b60   00000000    rw- .data
  08021780    08021780    00000800   00000000    rw- .myFiqStack
  08021f80    08021f80    000004b0   00000000    rw- .stack
51000000    51000000    000c0000   00000000    rw-
  51000000    51000000    000c0000   00000000    rw- .l3ram


SECTION ALLOCATION MAP

 output                                  attributes/
section   page    origin      length       input sections
--------  ----  ----------  ----------   ----------------
.vecs      0    00000000    0000003c     
                  00000000    0000003c     mmw_per4ft.oer4ft (.vecs)

.text      0    00000100    00024c72     
                  00000100    0000107a     rtsv7R4_T_le_v3D16_eabi.lib : _printfi.obj (.text)
                  0000117a    00000002     libadcbuf_xwr68xx.aer4f : adcbuf_mmwave.oer4f (.text:ADCBUF_MMWave_init)
                  0000117c    00000898     rtsv7R4_T_le_v3D16_eabi.lib : _scanfi.obj (.text)
                  00001a14    000007bd     main.oer4f (.text:MmwDemo_dataPathConfig)
                  000021d1    00000001     --HOLE-- [fill = 0]
                  000021d2    00000002     libhwa_xwr68xx.aer4f : hwa.oer4f (.text:HWA_init)
                  000021d4    0000069e     mmw_cli.oer4f (.text:MmwDemo_CLIInit)
                  00002872    00000002     libmmwave_xwr68xx.aer4f : mmwave_link.oer4f (.text:MMWave_maskHostIRQ)
                  00002874    00000670     libdopplerproc_hwa_xwr68xx.aer4f : dopplerprochwa.oer4f (.text:DPU_DopplerProcHWA_config)
                  00002ee4    00000658     libhwa_xwr68xx.aer4f : hwa.oer4f (.text:HWA_configParamSet)
                  0000353c    000005fc     rtsv7R4_T_le_v3D16_eabi.lib : k_rem_pio2.obj (.text)
                  00003b38    000005e1     objectdetection.oer4f (.text:DPC_ObjectDetection_ioctl)
                  00004119    00000001     --HOLE-- [fill = 0]
                  0000411a    000005b4     libaoa2dproc_hwa_xwr68xx.aer4f : aoa2dprochwa.oer4f (.text:AoAProcHWA_config_HWA)
                  000046ce    0000056a                                    : aoa2dprochwa.oer4f (.text:AoAProcHWA_config_EDMA)
                  00004c38    00000564     librangeproc_hwa_xwr68xx.aer4f : rangeprochwa.oer4f (.text:DPU_RangeProcHWA_process)
                  0000519c    00000500     mmwdemo_rfparser.oer4f (.text:MmwDemo_RFParser_parseCtrlConfig)
                  0000569c    00000004     libaoa2dproc_hwa_xwr68xx.aer4f : aoa2dprochwa.oer4f (.text:DPU_AoAProcHWA_getNumHwaParamSets)
                  000056a0    000004e1     sysbios.aer4ft : BIOS.obj (.text:xdc_runtime_System_doPrint__I)
                  00005b81    00000001     --HOLE-- [fill = 0]
                  00005b82    00000002     libuart_xwr68xx.aer4f : uartsci.oer4f (.text:UartSci_init)
                  00005b84    000004a8     libadcbuf_xwr68xx.aer4f : adcbuf_mmwave.oer4f (.text:ADCBUF_MMWave_control)
                  0000602c    00000488     main.oer4f (.text:MmwDemo_initTask)
                  000064b4    0000044c     objectdetection.oer4f (.text:DPC_ObjDet_rangeBiasRxChPhaseMeasure)
                  00006900    0000043c     librangeproc_hwa_xwr68xx.aer4f : rangeprochwa.oer4f (.text:DPU_RangeProcHWA_config)
                  00006d3c    00000410     libcli_xwr68xx.aer4f : cli_mmwave.oer4f (.text:CLI_MMWaveVersion)
                  0000714c    00000405     mmw_cli.oer4f (.text:MmwDemo_CLISensorStart)
                  00007551    00000001     --HOLE-- [fill = 0]
                  00007552    00000002     rtsv7R4_T_le_v3D16_eabi.lib : i_div0.obj (.text)
                  00007554    000003f4                                 : s_cos.obj (.text)
                  00007948    000003f4                                 : s_sin.obj (.text)
                  00007d3c    000003f0     libaoa2dproc_hwa_xwr68xx.aer4f : aoa2dprochwa.oer4f (.text:DPU_AoAProcHWA_process)
                  0000812c    00000388     main.oer4f (.text:MmwDemo_DPC_ObjectDetection_dpmTask)
                  000084b4    00000314     main.oer4f (.text:MmwDemo_transmitProcessedOutput)
                  000087c8    00000314     libsoc_xwr68xx.aer4f : soc_xwr68xx_mss.oer4f (.text:SOC_deviceInit)
                  00008adc    00000304     librangeproc_hwa_xwr68xx.aer4f : rangeprochwa.oer4f (.text:rangeProcHWA_ConfigEDMA_DataOut_nonInterleave)
                  00008de0    000002f8     libcbuff_xwr68xx.aer4f : cbuff.oer4f (.text:CBUFF_createSession)
                  000090d8    00000008     libaoa2dproc_hwa_xwr68xx.aer4f : aoa2dprochwa.oer4f (.text:AOAProcHWADoneIsrCallback)
                  000090e0    000002f4     sysbios.aer4ft : BIOS.obj (.text:ti_sysbios_knl_Semaphore_pend__E)
                  000093d4    0000000c     libedma_xwr68xx.aer4f : edma_low_level.oer4f (.text:EDMA3ChannelToParamMap)
                  000093e0    000002cc     sysbios.aer4ft : BIOS.obj (.text:ti_sysbios_knl_Task_Instance_finalize__E)
                  000096ac    000002c4     libhwa_xwr68xx.aer4f : hwa.oer4f (.text:HWA_configCommon)
                  00009970    000002c4     main.oer4f (.text:MmwDemo_DPC_ObjectDetection_reportFxn)
                  00009c34    000002b8     libaoa2dproc_hwa_xwr68xx.aer4f : aoa2dprochwa.oer4f (.text:AoAProcHWA_dopplerCompensation)
                  00009eec    000002b8     objectdetection.oer4f (.text:DPC_ObjectDetection_execute)
                  0000a1a4    000002b8     rtsv7R4_T_le_v3D16_eabi.lib : ull_div32.obj (.text)
                  0000a45c    00000004     libedma_xwr68xx.aer4f : edma.oer4f (.text:EDMA_getNumInstances)
                  0000a460    000002a4     sysbios.aer4ft : BIOS.obj (.text:ti_sysbios_heaps_HeapMem_freeUnprotected__E)
                  0000a704    00000298     objectdetection.oer4f (.text:DPC_ObjDet_AoAconfig)
                  0000a99c    00000284     libmmwave_xwr68xx.aer4f : mmwave_dualcore.oer4f (.text:MMWave_deviceExecuteFxn)
                  0000ac20    00000284     main.oer4f (.text:MmwDemo_processPendingDynamicCfgCommands)
                  0000aea4    00000280     libhsiheader_xwr68xx.aer4f : hsiheader.oer4f (.text:HSIHeader_createHeader)
                  0000b124    0000000c     libedma_xwr68xx.aer4f : edma_low_level.oer4f (.text:EDMAsetRegion)
                  0000b130    00000280     sysbios.aer4ft : BIOS.obj (.text:ti_sysbios_family_arm_exc_Exception_excDumpContext__I)
                  0000b3b0    00000264     libcbuff_xwr68xx.aer4f : cbuff.oer4f (.text:CBUFF_init)
                  0000b614    00000260     objectdetection.oer4f (.text:DPC_ObjDet_rangeConfig)
                  0000b874    00000260     libmailbox_xwr68xx.aer4f : mailbox.oer4f (.text:Mailbox_open)
                  0000bad4    0000025c     main.oer4f (.text:MmwDemo_sensorStopEpilog)
                  0000bd30    00000254     libcli_xwr68xx.aer4f : cli_mmwave.oer4f (.text:CLI_MMWaveProfileCfg)
                  0000bf84    00000240     mmw_lvds_stream.oer4f (.text:MmwDemo_LVDSStreamHwConfig)
                  0000c1c4    0000022c     libcbuff_xwr68xx.aer4f : cbuff_lvds.oer4f (.text:CBUFF_openLVDS)
                  0000c3f0    0000022c     librangeproc_hwa_xwr68xx.aer4f : rangeprochwa.oer4f (.text:rangeProcHWA_ConfigHWA)
                  0000c61c    00000228     data_path.oer4f (.text:MmwDemo_checkEdmaErrors)
                  0000c844    0000000c     libmmwave_xwr68xx.aer4f : mmwave_dualcore.oer4f (.text:MMWave_deviceMailboxCallbackFxn)
                  0000c850    00000228     sysbios.aer4ft : BIOS.obj (.text:ti_sysbios_heaps_HeapMem_allocUnprotected__E)
                  0000ca78    00000008     libcfarcaproc_hwa_xwr68xx.aer4f : cfarcaprochwa.oer4f (.text:CFARCAHWADoneIsrCallback)
                  0000ca80    00000224     sysbios.aer4ft : BIOS.obj (.text:ti_sysbios_timers_rti_Timer_Module_startup__E)
                  0000cca4    00000214     libuart_xwr68xx.aer4f : uartsci.oer4f (.text:UartSci_open)
                  0000ceb8    0000020a     libcbuff_xwr68xx.aer4f : cbuff_transfer.oer4f (.text:CBUFF_addLinkedList)
                  0000d0c2    00000002     mmw_per4ft.oer4ft (.text:ti_sysbios_BIOS_nullFunc__I)
                  0000d0c4    00000204     libcli_xwr68xx.aer4f : cli_mmwave.oer4f (.text:CLI_MMWaveChirpCfg)
                  0000d2c8    00000204     objectdetection.oer4f (.text:DPC_ObjDet_preStartConfig)
                  0000d4cc    00000004     libosal_xwr68xx.aer4f : HwiP_tirtos.oer4f (.text:HwiP_disableInterrupt)
                  0000d4d0    00000204     sysbios.aer4ft : BIOS.obj (.text:ti_sysbios_knl_Task_sleep__E)
                  0000d6d4    00000200     libcrc_xwr68xx.aer4f : crc.oer4f (.text:CRC_open)
                  0000d8d4    00000200     main.oer4f (.text:MmwDemo_eventCallbackFxn)
                  0000dad4    0000000c     libmmwave_xwr68xx.aer4f : mmwave_osal.oer4f (.text:MMWave_osalMutexUnlock)
                  0000dae0    00000200     sysbios.aer4ft : BIOS.obj (.text:ti_sysbios_knl_Task_Instance_init__E)
                  0000dce0    000001fa     libaoa2dproc_hwa_xwr68xx.aer4f : aoa2dprochwa.oer4f (.text:AoAProcHWA_config_azimuthHeatMap_HWA)
                  0000deda    00000002     mmw_per4ft.oer4ft (.text:xdc_runtime_Startup_reset__I)
                  0000dedc    000001f0     libdma_xwr68xx.aer4f : dma.oer4f (.text:DMA_setChannelParams)
                  0000e0cc    000001e6     libaoa2dproc_hwa_xwr68xx.aer4f : aoa2dprochwa.oer4f (.text:AoAProcHWA_peakGrouping)
                  0000e2b2    00000002     --HOLE-- [fill = 0]
                  0000e2b4    000001e4     rtsv7R4_T_le_v3D16_eabi.lib : strtod.obj (.text)
                  0000e498    000001e4                                 : strtoll.obj (.text)
                  0000e67c    000001dc     libaoa2dproc_hwa_xwr68xx.aer4f : aoa2dprochwa.oer4f (.text:DPU_AoAProcHWA_config)
                  0000e858    000001d4     libcbuff_xwr68xx.aer4f : cbuff_edma.oer4f (.text:CBUFF_configEDMA)
                  0000ea2c    00000004     libosal_xwr68xx.aer4f : HwiP_tirtos.oer4f (.text:HwiP_enableInterrupt)
                  0000ea30    000001cc     sysbios.aer4ft : BIOS.obj (.text:ti_sysbios_family_arm_v7r_vim_Hwi_dispatchIRQC__I)
                  0000ebfc    000001c8     libcbuff_xwr68xx.aer4f : cbuff_lvds.oer4f (.text:CBUFF_initLVDS)
                  0000edc4    000001c8     libmmwavelink_xwr68xx.aer4f : rl_driver.oer4f (.text:rlDriverRxHdrRead)
                  0000ef8c    000001c8     rtsv7R4_T_le_v3D16_eabi.lib : fopen.obj (.text)
                  0000f154    000001c0     libedma_xwr68xx.aer4f : edma.oer4f (.text:EDMA_open)
                  0000f314    000001b4     libaoa2dproc_hwa_xwr68xx.aer4f : aoa2dprochwa.oer4f (.text:AoAProcHWA_XYZestimationAoA2D)
                  0000f4c8    000001b0     libmmwavelink_xwr68xx.aer4f : rl_driver.oer4f (.text:rlDriverMsgRead)
                  0000f678    000001a4     libcbuff_xwr68xx.aer4f : cbuff.oer4f (.text:CBUFF_activateSession)
                  0000f81c    000001a4     libcli_xwr68xx.aer4f : cli_mmwave.oer4f (.text:CLI_MMWaveSubFrameCfg)
                  0000f9c0    000001a4     objectdetection.oer4f (.text:DPC_ObjectDetection_init)
                  0000fb64    000001a4     libmmwave_xwr68xx.aer4f : mmwave_dualcore.oer4f (.text:MMWave_serializeCfg)
                  0000fd08    00000008     objectdetection.oer4f (.text:DPC_ObjDet_MemPoolReset)
                  0000fd10    0000019c     sysbios.aer4ft : BIOS.obj (.text:xdc_runtime_Error_policyDefault__E)
                  0000feac    00000194     libmmwave_xwr68xx.aer4f : mmwave_link.oer4f (.text:MMWave_openLink)
                  00010040    00000190     libmmwavelink_xwr68xx.aer4f : rl_driver.oer4f (.text:rlDriverCmdInvoke)
                  000101d0    0000018c     libstaticclutterproc_xwr68xx.aer4f : staticclutterproc.oer4f (.text:DPU_StaticClutterProc_process)
                  0001035c    00000188     libcfarcaproc_hwa_xwr68xx.aer4f : cfarcaprochwa.oer4f (.text:DPU_CFARCAProcHWA_process)
                  000104e4    00000188     libedma_xwr68xx.aer4f : edma.oer4f (.text:EDMA_configChannel)
                  0001066c    00000188     libhwa_xwr68xx.aer4f : hwa.oer4f (.text:HWA_open)
                  000107f4    00000188     mmw_cli.oer4f (.text:MmwDemo_CLIConfigDataPort)
                  0001097c    00000004     libmmwave_xwr68xx.aer4f : mmwave_link.oer4f (.text:MMWave_disableDevice)
                  00010980    00000184     sysbios.aer4ft : BIOS.obj (.text:xdc_runtime_LoggerBuf_write8__E)
                  00010b04    00000180     libdpm_xwr68xx.aer4f : dpm_core.oer4f (.text:DPM_init)
                  00010c84    00000180                          : dpm_msg.oer4f (.text:DPM_msgRecv)
                  00010e04    00000170     libgpio_xwr68xx.aer4f : gpio.oer4f (.text:GPIO_setConfig)
                  00010f74    0000000c     libmmwave_xwr68xx.aer4f : mmwave_osal.oer4f (.text:MMWave_osalSemSignal)
                  00010f80    0000016c     sysbios.aer4ft : BIOS.obj (.text:ti_sysbios_knl_Semaphore_post__E)
                  000110ec    0000016a     libaoa2dproc_hwa_xwr68xx.aer4f : aoa2dprochwa.oer4f (.text:AoAProcHWA_config_azimuthHeatMap_EDMA)
                  00011256    00000002     --HOLE-- [fill = 0]
                  00011258    00000168     mmw_lvds_stream.oer4f (.text:MmwDemo_LVDSStreamInit)
                  000113c0    00000168     main.oer4f (.text:MmwDemo_openSensor)
                  00011528    00000008     libdopplerproc_hwa_xwr68xx.aer4f : dopplerprochwa.oer4f (.text:DPU_DopplerProcHWA_edmaDoneIsrCallback)
                  00011530    00000168     sysbios.aer4ft : BIOS.obj (.text:ti_sysbios_family_arm_exc_Exception_excHandler__I)
                  00011698    00000164     mmw_lvds_stream.oer4f (.text:MmwDemo_LVDSStreamSwConfig)
                  000117fc    00000164     rtsv7R4_T_le_v3D16_eabi.lib : strtoull.obj (.text)
                  00011960    00000160     sysbios.aer4ft : BIOS.obj (.text:ti_sysbios_family_arm_v7r_vim_Hwi_reconfig__E)
                  00011ac0    00000158                    : BIOS.obj (.text:ti_sysbios_knl_Task_postInit__I)
                  00011c18    0000014c     libcli_xwr68xx.aer4f : cli_mmwave.oer4f (.text:CLI_MMWaveFrameCfg)
                  00011d64    0000014c                          : cli.oer4f (.text:CLI_task)
                  00011eb0    0000014c     libmmwave_xwr68xx.aer4f : mmwave_link.oer4f (.text:MMWave_initMMWaveLink)
                  00011ffc    0000014c     main.oer4f (.text:MmwDemo_startSensor)
                  00012148    0000014a     libuart_xwr68xx.aer4f : uartsci.oer4f (.text:UartSci_ISR)
                  00012292    00000148     libstaticclutterproc_xwr68xx.aer4f : staticclutterproc.oer4f (.text:DPU_StaticClutterProc_configEdma)
                  000123da    00000002     --HOLE-- [fill = 0]
                  000123dc    00000148     libhsiheader_xwr68xx.aer4f : hsiheader.oer4f (.text:HSIHeader_init)
                  00012524    00000148     libmmwavelink_xwr68xx.aer4f : rl_driver.oer4f (.text:rlDriverCmdSendRetry)
                  0001266c    00000146     mmw_cli.oer4f (.text:MmwDemo_CLICalibDcRangeSig)
                  000127b2    00000002     --HOLE-- [fill = 0]
                  000127b4    00000144     objectdetection.oer4f (.text:DPC_ObjDet_dopplerConfig)
                  000128f8    00000140     mmw_lvds_stream.oer4f (.text:MmwDemo_LVDSStreamDeleteHwSession)
                  00012a38    00000008     libdopplerproc_hwa_xwr68xx.aer4f : dopplerprochwa.oer4f (.text:DPU_DopplerProcHWA_hwaDoneIsrCallback)
                  00012a40    00000140     sysbios.aer4ft : BIOS.obj (.text:ti_sysbios_heaps_HeapMem_Instance_init__E)
                  00012b80    00000140                    : BIOS.obj (.text:xdc_runtime_Core_createObject__I)
                  00012cc0    0000013c                    : BIOS.obj (.text:ti_sysbios_knl_Clock_workFunc__E)
                  00012dfc    00000134     libadcbuf_xwr68xx.aer4f : adcbuf_mmwave.oer4f (.text:ADCBUF_MMWave_open)
                  00012f30    00000134     libcfarcaproc_hwa_xwr68xx.aer4f : cfarcaprochwa.oer4f (.text:CFARHWA_cfarRange_AND_cfarDoppler)
                  00013064    00000134                                     : cfarcaprochwa.oer4f (.text:DPU_CFARCAProcHWA_config)
                  00013198    00000134     mmw_lvds_stream.oer4f (.text:MmwDemo_LVDSStreamDeleteSwSession)
                  000132cc    00000134     main.oer4f (.text:MmwDemo_transferLVDSUserData)
                  00013400    00000134     main.oer4f (.text:main)
                  00013534    0000000c     libuart_xwr68xx.aer4f : UART.oer4f (.text:UART_Params_init)
                  00013540    00000134     sysbios.aer4ft : BIOS.obj (.text:xdc_runtime_Startup_startMods__I)
                  00013674    00000132     libaoa2dproc_hwa_xwr68xx.aer4f : aoa2dprochwa.oer4f (.text:AoAProcHWA_PrepareRangeAzimuthHeatmap)
                  000137a6    00000002     --HOLE-- [fill = 0]
                  000137a8    00000130     rtsv7R4_T_le_v3D16_eabi.lib : strtol.obj (.text)
                  000138d8    0000012c     libcfarcaproc_hwa_xwr68xx.aer4f : cfarcaprochwa.oer4f (.text:HWAutil_configCFAR)
                  00013a04    0000012c     main.oer4f (.text:MmwDemo_MMWave_stop)
                  00013b30    0000012c     librangeproc_hwa_xwr68xx.aer4f : rangeprochwa.oer4f (.text:rangeProcHWA_ConfigEDMADummyThreeLinks)
                  00013c5c    0000012a     libaoa2dproc_hwa_xwr68xx.aer4f : aoa2dprochwa.oer4f (.text:AoAProc_configLUT)
                  00013d86    00000002     --HOLE-- [fill = 0]
                  00013d88    00000128     data_path.oer4f (.text:MmwDemo_edmaOpen)
                  00013eb0    00000128     main.oer4f (.text:MmwDemo_stopSensor)
                  00013fd8    00000128     libmathutils.aer4f : mathutils.oer4f (.text:mathUtils_genWindow)
                  00014100    00000128     sysbios.aer4ft : BIOS.obj (.text:ti_sysbios_utils_Load_updateThreadContexts__E)
                  00014228    00000124     libcli_xwr68xx.aer4f : cli_mmwave.oer4f (.text:CLI_MMWaveAdvFrameCfg)
                  0001434c    00000124                          : cli_mmwave.oer4f (.text:CLI_MMWaveContModeCfg)
                  00014470    00000124     libedma_xwr68xx.aer4f : edma.oer4f (.text:EDMA_init)
                  00014594    0000000c     libuart_xwr68xx.aer4f : uartsci_dma.oer4f (.text:UartSci_isDMAEnabled)
                  000145a0    00000120     sysbios.aer4ft : BIOS.obj (.text:xdc_runtime_LoggerBuf_write4__E)
                  000146c0    0000011c     mmw_cli.oer4f (.text:MmwDemo_CLILvdsStreamCfg)
                  000147dc    00000118     main.oer4f (.text:MmwDemo_dataPathStart)
                  000148f4    0000000c     sysbios.aer4ft : arm_IntrinsicsSupport_asm.obj (.text:_ti_sysbios_family_arm_IntrinsicsSupport_maxbitA)
                  00014900    00000118                    : BIOS.obj (.text:ti_sysbios_family_arm_v7r_vim_Hwi_Instance_init__E)
                  00014a18    00000114     libedma_xwr68xx.aer4f : edma.oer4f (.text:EDMA_configErrorMonitoring)
                  00014b2c    00000110     objectdetection.oer4f (.text:DPC_ObjDet_CFARCAconfig)
                  00014c3c    00000110     libedma_xwr68xx.aer4f : edma.oer4f (.text:EDMA_transferComplete_isr)
                  00014d4c    00000110     rtsv7R4_T_le_v3D16_eabi.lib : strtoul.obj (.text)
                  00014e5c    0000010c     libdpedma_hwa_xwr68xx.aer4f : dpedma.oer4f (.text:DPEDMA_configSyncAB)
                  00014f68    0000010c     libdpm_xwr68xx.aer4f : dpm_msg.oer4f (.text:DPM_msgResultHandler)
                  00015074    0000010c     libmmwave_xwr68xx.aer4f : mmwave_link.oer4f (.text:MMWave_asyncEventHandler)
                  00015180    0000010c                             : mmwave_dualcore.oer4f (.text:MMWave_deviceInitFxn)
                  0001528c    00000004                             : mmwave_link.oer4f (.text:MMWave_enableDevice)
                  00015290    0000010c     sysbios.aer4ft : BIOS.obj (.text:ti_sysbios_knl_Task_schedule__I)
                  0001539c    00000004     libmmwave_xwr68xx.aer4f : mmwave_listlib.oer4f (.text:MMWave_listGetHead)
                  000153a0    0000010c     sysbios.aer4ft : BIOS.obj (.text:xdc_runtime_Core_constructObject__I)
                  000154ac    00000108     libdma_xwr68xx.aer4f : dma.oer4f (.text:DMA_disableInterrupt)
                  000155b4    00000108     libmailbox_xwr68xx.aer4f : mailbox.oer4f (.text:Mailbox_write)
                  000156bc    00000108     mmw_cli.oer4f (.text:MmwDemo_CLICfarCfg)
                  000157c4    00000104     libcbuff_xwr68xx.aer4f : cbuff.oer4f (.text:CBUFF_deinit)
                  000158c8    00000104     libdpedma_hwa_xwr68xx.aer4f : dpedma.oer4f (.text:DPEDMA_configSyncA_singleFrame)
                  000159cc    00000104     libmmwave_xwr68xx.aer4f : mmwave_link.oer4f (.text:MMWave_startLink)
                  00015ad0    00000104     mmw_cli.oer4f (.text:MmwDemo_CLIChirpQualityRxSatMonCfg)
                  00015bd4    00000104     mmw_cli.oer4f (.text:MmwDemo_CLICompRangeBiasAndRxChanPhaseCfg)
                  00015cd8    00000008     libosal_xwr68xx.aer4f : HwiP_tirtos.oer4f (.text:HwiP_disable)
                  00015ce0    00000104     sysbios.aer4ft : BIOS.obj (.text:ti_sysbios_timers_rti_Timer_getFreq__E)
                  00015de4    00000100     libcli_xwr68xx.aer4f : cli_mmwave.oer4f (.text:CLI_MMWaveBPMCfgAdvanced)
                  00015ee4    00000100     libdma_xwr68xx.aer4f : dma.oer4f (.text:DMA_clearChannelInterruptFlag)
                  00015fe4    00000100     libmmwavelink_xwr68xx.aer4f : rl_driver.oer4f (.text:rlDriverInit)
                  000160e4    000000fc     libcbuff_xwr68xx.aer4f : cbuff.oer4f (.text:CBUFF_deleteSession)
                  000161e0    000000fc     libcrc_xwr68xx.aer4f : crc.oer4f (.text:CRC_computeSignature)
                  000162dc    000000fc     mmw_cli.oer4f (.text:MmwDemo_CLIADCBufCfg)
                  000163d8    000000fc     mmw_lvds_stream.oer4f (.text:MmwDemo_configLVDSHwData)
                  000164d4    0000000c     rtsv7R4_T_le_v3D16_eabi.lib : copy_zero_init.obj (.text:decompress:ZI)
                  000164e0    000000fc     sysbios.aer4ft : BIOS.obj (.text:ti_sysbios_knl_Task_exit__E)
                  000165dc    000000f8     objectdetection.oer4f (.text:DPC_ObjectDetection_frameStart)
                  000166d4    000000f8     libmmwavelink_xwr68xx.aer4f : rl_driver.oer4f (.text:rlDriverRdVerifyMsg)
                  000167cc    000000f8     mmw_per4ft.oer4ft (.text:xdc_runtime_System_printfExtend__I)
                  000168c4    000000f4     mmw_cli.oer4f (.text:MmwDemo_CLICalibDataSaveRestore)
                  000169b8    00000008     libmmwave_xwr68xx.aer4f : mmwave.oer4f (.text:MMWave_decodeErrorLevel)
                  000169c0    000000f0     sysbios.aer4ft : BIOS.obj (.text:ti_sysbios_family_arm_v7r_vim_Hwi_Module_startup__E)
                  00016ab0    000000f0                    : BIOS.obj (.text:ti_sysbios_knl_Task_startCore__E)
                  00016ba0    000000f0                    : BIOS.obj (.text:ti_sysbios_utils_Load_taskCreateHook__E)
                  00016c90    000000ec     libaoa2dproc_hwa_xwr68xx.aer4f : aoa2dprochwa.oer4f (.text:DPU_AoAProcHWA_init)
                  00016d7c    000000ec     rtsv7R4_T_le_v3D16_eabi.lib : s_scalbn.obj (.text)
                  00016e68    00000008     libmmwave_xwr68xx.aer4f : mmwave_link.oer4f (.text:MMWave_mboxCallbackFxn)
                  00016e70    000000ec     sysbios.aer4ft : BIOS.obj (.text:ti_sysbios_heaps_HeapBuf_Module_startup__E)
                  00016f5c    000000ea     libdpedma_hwa_xwr68xx.aer4f : dpedmahwa.oer4f (.text:DPEDMAHWA_configTwoHotSignature)
                  00017046    00000002     --HOLE-- [fill = 0]
                  00017048    000000ea     main.oer4f (.text:MmwDemo_setSubFramePendingState)
                  00017132    00000002     --HOLE-- [fill = 0]
                  00017134    000000e8     libdopplerproc_hwa_xwr68xx.aer4f : dopplerprochwa.oer4f (.text:DPU_DopplerProcHWA_process)
                  0001721c    000000e8     mmw_cli.oer4f (.text:MmwDemo_CLIChirpQualitySigImgMonCfg)
                  00017304    000000e4     objectdetection.oer4f (.text:DPC_ObjectDetection_start)
                  000173e8    000000e4     libmmwavelink_xwr68xx.aer4f : rl_sensor.oer4f (.text:rlRfPhShiftCalibDataRestore)
                  000174cc    000000e2     libedma_xwr68xx.aer4f : edma.oer4f (.text:EDMA_paramConfig_assist)
                  000175ae    00000002     --HOLE-- [fill = 0]
                  000175b0    000000e0     libcli_xwr68xx.aer4f : cli.oer4f (.text:CLI_open)
                  00017690    000000e0     libdma_xwr68xx.aer4f : dma.oer4f (.text:DMA_enableInterrupt)
                  00017770    000000e0     libcfarcaproc_hwa_xwr68xx.aer4f : cfarcaprochwa.oer4f (.text:DPU_CFARCAProcHWA_control)
                  00017850    000000e0     rtsv7R4_T_le_v3D16_eabi.lib : s_floor.obj (.text)
                  00017930    000000dc     libmmwave_xwr68xx.aer4f : mmwave.oer4f (.text:MMWave_init)
                  00017a0c    000000dc     libmmwavelink_xwr68xx.aer4f : rl_driver.oer4f (.text:rlDriverMsgCmdReply)
                  00017ae8    000000dc     rtsv7R4_T_le_v3D16_eabi.lib : setvbuf.obj (.text)
                  00017bc4    000000d4     libdopplerproc_hwa_xwr68xx.aer4f : dopplerprochwa.oer4f (.text:DPU_DopplerProcHWA_init)
                  00017c98    000000d4     libmailbox_xwr68xx.aer4f : mailbox.oer4f (.text:Mailbox_read)
                  00017d6c    000000d4     librangeproc_hwa_xwr68xx.aer4f : rangeprochwa.oer4f (.text:rangeProcHWA_ConfigEDMA_DataIn)
                  00017e40    000000d4     libmmwavelink_xwr68xx.aer4f : rl_sensor.oer4f (.text:rlSetMultiBpmChirpConfig)
                  00017f14    0000000c                                 : rl_driver.oer4f (.text:rlDriverGetPlatformId)
                  00017f20    000000d4     sysbios.aer4ft : BIOS.obj (.text:ti_sysbios_utils_Load_logLoads__I)
                  00017ff4    000000d0     librangeproc_hwa_xwr68xx.aer4f : rangeprochwa.oer4f (.text:DPU_RangeProcHWA_control)
                  000180c4    000000d0     libsoc_xwr68xx.aer4f : soc_xwr68xx_mss.oer4f (.text:SOC_controlSecureFirewall)
                  00018194    000000d0     sysbios.aer4ft : exc_Exception_asm.obj (.text:ti_sysbios_family_arm_exc_Exception_excHandlerAsm__I)
                  00018264    0000000c                    : BIOS.obj (.text:ti_sysbios_family_arm_v7a_Pmu_configureCounterI__I)
                  00018270    000000d0                    : BIOS.obj (.text:ti_sysbios_utils_Load_idleFxn__E)
                  00018340    000000d0                    : BIOS.obj (.text:xdc_runtime_LoggerBuf_Instance_init__E)
                  00018410    000000cc     objectdetection.oer4f (.text:DPC_ObjDet_staticClutterConfig)
                  000184dc    000000cc     libhwa_xwr68xx.aer4f : hwa.oer4f (.text:HWA_enableParamSetInterrupt)
                  000185a8    000000cc     libmmwavelink_xwr68xx.aer4f : rl_sensor.oer4f (.text:rlRfCalibDataRestore)
                  00018674    000000cc                                 : rl_sensor.oer4f (.text:rlSetChirpConfig)
                  00018740    000000cc     rtsv7R4_T_le_v3D16_eabi.lib : fflush.obj (.text)
                  0001880c    000000cc                                 : sscanf.obj (.text)
                  000188d8    00000008     libosal_xwr68xx.aer4f : MemoryP_tirtos.oer4f (.text:MemoryP_getStats)
                  000188e0    000000cc     sysbios.aer4ft : BIOS.obj (.text:ti_sysbios_knl_Task_checkStacks__E)
                  000189ac    000000ca     libdpedma_hwa_xwr68xx.aer4f : dpedmahwa.oer4f (.text:DPEDMAHWA_configOneHotSignature)
                  00018a76    00000002     --HOLE-- [fill = 0]
                  00018a78    000000c8     libmmwave_xwr68xx.aer4f : mmwave_fullcfg.oer4f (.text:MMWave_addChirp)
                  00018b40    000000c8                             : mmwave_link.oer4f (.text:MMWave_configBPM)
                  00018c08    000000c8                             : mmwave_fullcfg.oer4f (.text:MMWave_flushCfg)
                  00018cd0    000000c8                             : mmwave_fullcfg.oer4f (.text:MMWave_getChirpHandle)
                  00018d98    000000c8     libsoc_xwr68xx.aer4f : soc_xwr68xx.oer4f (.text:SOC_ungateClock)
                  00018e60    000000c8     libmmwavelink_xwr68xx.aer4f : rl_sensor.oer4f (.text:rlSetFrameConfig)
                  00018f28    000000c4     libaoa2dproc_hwa_xwr68xx.aer4f : aoa2dprochwa.oer4f (.text:AoAProcHWA_SelectMaxPeaks)
                  00018fec    000000c4     libcbuff_xwr68xx.aer4f : cbuff_transfer.oer4f (.text:CBUFF_setupNonInterleaved_CP_ADC_CQ)
                  000190b0    000000c4     libdpm_xwr68xx.aer4f : dpm_core.oer4f (.text:DPM_deinit)
                  00019174    000000c4                          : dpm_core.oer4f (.text:DPM_ioctl)
                  00019238    00000008     data_path.oer4f (.text:MmwDemo_dataPathObjInit)
                  00019240    000000c4     sysbios.aer4ft : BIOS.obj (.text:ti_sysbios_family_arm_v7a_Pmu_configureCounter__E)
                  00019304    000000c0     librangeproc_hwa_xwr68xx.aer4f : rangeprochwa.oer4f (.text:DPU_RangeProcHWA_init)
                  000193c4    000000c0     mmw_cli.oer4f (.text:MmwDemo_CLIAnalogMonitorCfg)
                  00019484    000000c0     libmmwavelink_xwr68xx.aer4f : rl_driver.oer4f (.text:rlDriverMsgWrite)
                  00019544    0000000c     sysbios.aer4ft : BIOS.obj (.text:ti_sysbios_family_arm_v7a_Pmu_getCountI__E)
                  00019550    000000c0                    : BIOS.obj (.text:ti_sysbios_timers_rti_Timer_startup__E)
                  00019610    000000bc     libcli_xwr68xx.aer4f : cli.oer4f (.text:CLI_help)
                  000196cc    000000bc     libgpio_xwr68xx.aer4f : gpio.oer4f (.text:GPIO_write)
                  00019788    000000bc     libmmwave_xwr68xx.aer4f : mmwave_link.oer4f (.text:MMWave_computeCRC)
                  00019844    000000bc     mmw_lvds_stream.oer4f (.text:MmwDemo_LVDSStream_EDMAInit)
                  00019900    000000bc     rtsv7R4_T_le_v3D16_eabi.lib : open.obj (.text)
                  000199bc    000000b8     libcbuff_xwr68xx.aer4f : cbuff.oer4f (.text:CBUFF_ISR)
                  00019a74    000000b8                            : cbuff_transfer.oer4f (.text:CBUFF_setupTransfer)
                  00019b2c    000000b8     libdma_xwr68xx.aer4f : dma.oer4f (.text:DMA_getChannelInterruptFlag)
                  00019be4    000000b8     rtsv7R4_T_le_v3D16_eabi.lib : k_cos.obj (.text)
                  00019c9c    000000b6     libsoc_xwr68xx.aer4f : soc_mpu.o (.text)
                  00019d52    00000002     --HOLE-- [fill = 0]
                  00019d54    000000b4     libedma_xwr68xx.aer4f : edma.oer4f (.text:EDMA_startTransfer)
                  00019e08    00000008     libosal_xwr68xx.aer4f : SemaphoreP_tirtos.oer4f (.text:SemaphoreP_Params_init)
                  00019e10    000000b4     sysbios.aer4ft : BIOS.obj (.text:ti_sysbios_gates_GateMutex_enter__E)
                  00019ec4    0000000c     mmw_per4ft.oer4ft (.text:ti_sysbios_knl_Queue_Object__get__S)
                  00019ed0    000000b4     sysbios.aer4ft : BIOS.obj (.text:xdc_runtime_LoggerBuf_setFilterLevel__E)
                  00019f84    000000b2     libuart_xwr68xx.aer4f : uartsci_dma.oer4f (.text:UartSci_openDMA)
                  0001a036    00000002     --HOLE-- [fill = 0]
                  0001a038    000000b0     libcbuff_xwr68xx.aer4f : cbuff.oer4f (.text:CBUFF_deactivateSession)
                  0001a0e8    000000b0     libmmwave_xwr68xx.aer4f : mmwave_fullcfg.oer4f (.text:MMWave_addProfile)
                  0001a198    000000b0     libmmwavelink_xwr68xx.aer4f : rl_sensor.oer4f (.text:rlSetProfileConfig)
                  0001a248    00000008     librangeproc_hwa_xwr68xx.aer4f : rangeprochwa.oer4f (.text:rangeProcHWADoneIsrCallback)
                  0001a250    000000b0     sysbios.aer4ft : BIOS.obj (.text:ti_sysbios_utils_Load_updateLoads__E)
                  0001a300    000000b0                    : BIOS.obj (.text:xdc_runtime_Text_putMod__E)
                  0001a3b0    000000ae     mmwdemo_adcconfig.oer4f (.text:MmwDemo_ADCBufConfig)
                  0001a45e    000000ae     rtsv7R4_T_le_v3D16_eabi.lib : _io_perm.obj (.text)
                  0001a50c    000000ac     libaoa2dproc_hwa_xwr68xx.aer4f : aoa2dprochwa.oer4f (.text:AoAProcHWA_ConvertFov)
                  0001a5b8    000000ac                                    : aoa2dprochwa.oer4f (.text:AoAProcHWA_rxChanPhaseBiasCompensation)
                  0001a664    000000ac     libesm_xwr68xx.aer4f : esm.oer4f (.text:ESM_processInterrupt)
                  0001a710    000000ac     main.oer4f (.text:MmwDemo_isAllCfgInPendingState)
                  0001a7bc    000000ac     main.oer4f (.text:MmwDemo_measurementResultOutput)
                  0001a868    00000008     libmmwavelink_xwr68xx.aer4f : rl_driver.oer4f (.text:rlDriverConstructOutMsg)
                  0001a870    000000ac     sysbios.aer4ft : BIOS.obj (.text:ti_sysbios_knl_Task_Module_startup__E)
                  0001a91c    00000004     libmmwave_xwr68xx.aer4f : mmwave_listlib.oer4f (.text:MMWave_listGetNext)
                  0001a920    000000ac     sysbios.aer4ft : BIOS.obj (.text:ti_sysbios_utils_Load_startup__E)
                  0001a9cc    000000a8     libadcbuf_xwr68xx.aer4f : adcbuf_mmwave.oer4f (.text:ADCBUF_MMWave_getChanBufAddr)
                  0001aa74    000000a8     libcli_xwr68xx.aer4f : cli_mmwave.oer4f (.text:CLI_MMWaveExtensionHelp)
                  0001ab1c    000000a8     libedma_xwr68xx.aer4f : edma_low_level.oer4f (.text:EDMA3Init)
                  0001abc4    000000a8     libmmwave_xwr68xx.aer4f : mmwave_link.oer4f (.text:MMWave_configureProfileChirp)
                  0001ac6c    000000a8                             : mmwave_fullcfg.oer4f (.text:MMWave_getBpmChirpHandle)
                  0001ad14    000000a8     libpinmux_xwr68xx.aer4f : pinmux.oer4f (.text:Pinmux_Set_OverrideCtrl)
                  0001adbc    000000a8     libsoc_xwr68xx.aer4f : soc.oer4f (.text:SOC_deregisterSysIntListener)
                  0001ae64    000000a8     libmmwavelink_xwr68xx.aer4f : rl_driver.oer4f (.text:rlDriverWaitForResponse)
                  0001af0c    000000a8                                 : rl_sensor.oer4f (.text:rlSetAdvFrameConfig)
                  0001afb4    000000a7     data_path.oer4f (.text:MmwDemo_edmaInit)
                  0001b05b    00000001     --HOLE-- [fill = 0]
                  0001b05c    000000a4     libdma_xwr68xx.aer4f : dma.oer4f (.text:DMA_assignChannel)
                  0001b100    000000a4     libesm_xwr68xx.aer4f : esm.oer4f (.text:ESM_init)
                  0001b1a4    000000a4     libmmwave_xwr68xx.aer4f : mmwave_fullcfg.oer4f (.text:MMWave_addBpmChirp)
                  0001b248    000000a4                             : mmwave.oer4f (.text:MMWave_start)
                  0001b2ec    000000a4     libsoc_xwr68xx.aer4f : soc_xwr68xx_mss.oer4f (.text:SOC_unhaltDSS)
                  0001b390    000000a4     rtsv7R4_T_le_v3D16_eabi.lib : k_sin.obj (.text)
                  0001b434    0000000a     libadcbuf_xwr68xx.aer4f : ADCBuf.oer4f (.text:ADCBuf_control)
                  0001b43e    00000002     --HOLE-- [fill = 0]
                  0001b440    000000a2     sysbios.aer4ft : BIOS.obj (.text:xdc_runtime_Text_putSite__E)
                  0001b4e2    00000002     --HOLE-- [fill = 0]
                  0001b4e4    000000a0     libsoc_xwr68xx.aer4f : soc.oer4f (.text:SOC_registerSysIntListener)
                  0001b584    000000a0     auto_init.aer4ft : auto_init.oer4ft (.text)
                  0001b624    0000000a     libadcbuf_xwr68xx.aer4f : ADCBuf.oer4f (.text:ADCBuf_getChanBufAddr)
                  0001b62e    00000002     --HOLE-- [fill = 0]
                  0001b630    000000a0     sysbios.aer4ft : BIOS.obj (.text:ti_sysbios_knl_Task_blockI__E)
                  0001b6d0    0000009c     libmmwave_xwr68xx.aer4f : mmwave_link.oer4f (.text:MMWave_configLink)
                  0001b76c    0000009c                             : mmwave_fullcfg.oer4f (.text:MMWave_getProfileHandle)
                  0001b808    0000009c     mmw_cli.oer4f (.text:MmwDemo_CLIMeasureRangeBiasAndRxChanPhaseCfg)
                  0001b8a4    0000009c     libuart_xwr68xx.aer4f : uartsci.oer4f (.text:UartSci_write)
                  0001b940    0000009c     rtsv7R4_T_le_v3D16_eabi.lib : memcpy_t2.obj (.text)
                  0001b9dc    00000004     libmmwave_xwr68xx.aer4f : mmwave_link.oer4f (.text:MMWave_mboxClose)
                  0001b9e0    0000009c     sysbios.aer4ft : BIOS.obj (.text:ti_sysbios_family_arm_v7r_vim_Hwi_initIntController__I)
                  0001ba7c    00000004     libmmwave_xwr68xx.aer4f : mmwave_link.oer4f (.text:MMWave_mboxRead)
                  0001ba80    0000009c     sysbios.aer4ft : BIOS.obj (.text:ti_sysbios_family_arm_v7r_vim_Hwi_mapChannel__I)
                  0001bb1c    00000004     libmmwave_xwr68xx.aer4f : mmwave_link.oer4f (.text:MMWave_registerInterruptHandler)
                  0001bb20    0000009c     sysbios.aer4ft : BIOS.obj (.text:ti_sysbios_knl_Semaphore_Instance_init__E)
                  0001bbbc    0000009a     libdpm_xwr68xx.aer4f : dpm_msg.oer4f (.text:DPM_msgResponseHandler)
                  0001bc56    00000002     --HOLE-- [fill = 0]
                  0001bc58    0000009a     main.oer4f (.text:MmwDemo_dataPathStop)
                  0001bcf2    00000002     --HOLE-- [fill = 0]
                  0001bcf4    00000098     libaoa2dproc_hwa_xwr68xx.aer4f : aoa2dprochwa.oer4f (.text:DPU_AoAProcHWA_control)
                  0001bd8c    00000098     libmmwave_xwr68xx.aer4f : mmwave_fullcfg.oer4f (.text:MMWave_getChirpCfg)
                  0001be24    00000098     mmwdemo_rfparser.oer4f (.text:MmwDemo_RFParser_parseConfig)
                  0001bebc    00000098     main.oer4f (.text:MmwDemo_isAllCfgInNonPendingState)
                  0001bf54    00000098     rtsv7R4_T_le_v3D16_eabi.lib : fclose.obj (.text)
                  0001bfec    00000098                                 : fputc.obj (.text)
                  0001c084    00000098     sysbios.aer4ft : vim_Hwi_asm_switch.obj (.text)
                  0001c11c    00000004     libmmwave_xwr68xx.aer4f : mmwave_link.oer4f (.text:MMWave_unmaskHostIRQ)
                  0001c120    00000098     sysbios.aer4ft : BIOS.obj (.text:ti_sysbios_utils_Load_taskDeleteHook__E)
                  0001c1b8    00000096     libedma_xwr68xx.aer4f : edma.oer4f (.text:EDMA_getErrorStatusInfo)
                  0001c24e    00000096     libhwa_xwr68xx.aer4f : hwa.oer4f (.text:HWA_configRam)
                  0001c2e4    00000096     libuart_xwr68xx.aer4f : uartsci.oer4f (.text:UartSci_readChar)
                  0001c37a    00000094     libcbuff_xwr68xx.aer4f : cbuff_transfer.oer4f (.text:CBUFF_setupNonInterleaved_ADC)
                  0001c40e    00000002     --HOLE-- [fill = 0]
                  0001c410    00000094     mmw_lvds_stream.oer4f (.text:MmwDemo_LVDSStream_EDMAAllocateCBUFFHwChannel)
                  0001c4a4    00000094     mmw_lvds_stream.oer4f (.text:MmwDemo_LVDSStream_EDMAAllocateCBUFFSwChannel)
                  0001c538    00000094     libsoc_xwr68xx.aer4f : soc_xwr68xx.oer4f (.text:SOC_gateClock)
                  0001c5cc    00000094     libmmwavelink_xwr68xx.aer4f : rl_driver.oer4f (.text:rlDriverDeInit)
                  0001c660    00000094                                 : rl_driver.oer4f (.text:rlDriverMsgReadCmdCtx)
                  0001c6f4    00000094                                 : rl_driver.oer4f (.text:rlDriverProcRdMsg)
                  0001c788    00000094     sysbios.aer4ft : vim_Hwi_asm.obj (.text:ti_sysbios_family_arm_v7r_vim_Hwi_dispatchIRQ__I)
                  0001c81c    00000093     objectdetection.oer4f (.text:DPC_ObjectDetection_stop)
                  0001c8af    00000001     --HOLE-- [fill = 0]
                  0001c8b0    00000090     libgpio_xwr68xx.aer4f : gpio.oer4f (.text:GPIO_init)
                  0001c940    00000090     libmailbox_xwr68xx.aer4f : mailbox.oer4f (.text:Mailbox_close)
                  0001c9d0    00000090     libuart_xwr68xx.aer4f : uartsci_dma.oer4f (.text:UartSci_initiateTxDMA)
                  0001ca60    00000090                           : uartsci.oer4f (.text:UartSci_read)
                  0001caf0    00000090     sysbios.aer4ft : BIOS.obj (.text:ti_sysbios_family_arm_v7a_Pmu_startCounter__E)
                  0001cb80    00000090                    : BIOS.obj (.text:ti_sysbios_knl_Task_unblockI__E)
                  0001cc10    00000090                    : BIOS.obj (.text:xdc_runtime_LoggerBuf_getFilterLevel__E)
                  0001cca0    0000008c     libcli_xwr68xx.aer4f : cli_mmwave.oer4f (.text:CLI_MMWaveDataOutputMode)
                  0001cd2c    0000008c     libsoc_xwr68xx.aer4f : soc.oer4f (.text:SOC_init)
                  0001cdb8    0000008c                          : soc_xwr68xx.oer4f (.text:SOC_translateAddress)
                  0001ce44    0000008c     libuart_xwr68xx.aer4f : uartsci_dma.oer4f (.text:UartSci_initiateRxDMA)
                  0001ced0    0000008c     libmmwavelink_xwr68xx.aer4f : rl_device.oer4f (.text:rlDevicePowerOn)
                  0001cf5c    0000008c                                 : rl_driver.oer4f (.text:rlDriverMsgReadSpawnCtx)
                  0001cfe8    00000008                                 : rl_driver.oer4f (.text:rlDriverGetHandle)
                  0001cff0    0000008c     sysbios.aer4ft : BIOS.obj (.text:ti_sysbios_family_arm_v7a_Pmu_getCount__E)
                  0001d07c    00000004     libmmwave_xwr68xx.aer4f : mmwave_link.oer4f (.text:MMWave_waitIRQStatus)
                  0001d080    0000008c     sysbios.aer4ft : BIOS.obj (.text:ti_sysbios_family_arm_v7r_vim_Hwi_Instance_finalize__E)
                  0001d10c    00000004     data_path.oer4f (.text:MmwDemo_hwaInit)
                  0001d110    0000008c     sysbios.aer4ft : BIOS.obj (.text:xdc_runtime_Memory_alloc__E)
                  0001d19c    00000088     libhwa_xwr68xx.aer4f : hwa.oer4f (.text:HWA_disableParamSetInterrupt)
                  0001d224    00000088     libmmwave_xwr68xx.aer4f : mmwave_fullcfg.oer4f (.text:MMWave_getProfileCfg)
                  0001d2ac    00000088     rtsv7R4_T_le_v3D16_eabi.lib : vsnprintf.obj (.text)
                  0001d334    00000086     libaoa2dproc_hwa_xwr68xx.aer4f : aoa2dprochwa.oer4f (.text:AoAProcHWA_cfgAndTrigger_EDMA_2DFFT)
                  0001d3ba    00000002     --HOLE-- [fill = 0]
                  0001d3bc    00000086     libcbuff_xwr68xx.aer4f : cbuff_edma.oer4f (.text:CBUFF_closeEDMA)
                  0001d442    00000002     --HOLE-- [fill = 0]
                  0001d444    00000084     libcfarcaproc_hwa_xwr68xx.aer4f : cfarcaprochwa.oer4f (.text:DPU_CFARCAProcHWA_init)
                  0001d4c8    00000084     libmmwave_xwr68xx.aer4f : mmwave_dualcore.oer4f (.text:MMWave_deviceCfgAsyncEvent)
                  0001d54c    00000084                             : mmwave_dualcore.oer4f (.text:MMWave_deviceEventFxn)
                  0001d5d0    00000084                             : mmwave_fullcfg.oer4f (.text:MMWave_getNumBpmChirp)
                  0001d654    00000084                             : mmwave.oer4f (.text:MMWave_open)
                  0001d6d8    00000082     libhwa_xwr68xx.aer4f : hwa.oer4f (.text:HWA_paramDoneISR)
                  0001d75a    00000002     --HOLE-- [fill = 0]
                  0001d75c    00000081     libcbuff_xwr68xx.aer4f : cbuff_edma.oer4f (.text:CBUFF_setupEDMAShadowLink)
                  0001d7dd    00000003     --HOLE-- [fill = 0]
                  0001d7e0    00000080     libcli_xwr68xx.aer4f : cli_mmwave.oer4f (.text:CLI_MMWaveChannelCfg)
                  0001d860    00000080     libdpm_xwr68xx.aer4f : dpm_mailbox.oer4f (.text:DPM_mboxRemoteMailboxCallbackFxn)
                  0001d8e0    00000080     libmmwave_xwr68xx.aer4f : mmwave_fullcfg.oer4f (.text:MMWave_getBpmChirpCfg)
                  0001d960    00000080     mmw_cli.oer4f (.text:MmwDemo_CLIAoAFovCfg)
                  0001d9e0    00000080     mmw_lvds_stream.oer4f (.text:MmwDemo_LVDSStream_SwTriggerFrameDone)
                  0001da60    00000080     main.oer4f (.text:MmwDemo_configSensor)
                  0001dae0    00000080     libsoc_xwr68xx.aer4f : soc.oer4f (.text:SOC_getDeviceRFFreqScaleFactor)
                  0001db60    00000080     libuart_xwr68xx.aer4f : uartsci.oer4f (.text:UartSci_writePolling)
                  0001dbe0    00000080     libmmwavelink_xwr68xx.aer4f : rl_driver.oer4f (.text:rlDriverExecuteGetApi)
                  0001dc60    00000080     sysbios.aer4ft : BIOS.obj (.text:ti_sysbios_timers_rti_Timer_initDevice__I)
                  0001dce0    0000007e     objectdetection.oer4f (.text:DPC_ObjDet_GetRxChPhaseComp)
                  0001dd5e    00000002     --HOLE-- [fill = 0]
                  0001dd60    0000007e     libosal_xwr68xx.aer4f : HwiP_tirtos.oer4f (.text:HwiP_create)
                  0001ddde    00000002     --HOLE-- [fill = 0]
                  0001dde0    0000007d     libcbuff_xwr68xx.aer4f : cbuff_lvds.oer4f (.text:CBUFF_initLVDSLinkListParams)
                  0001de5d    00000003     --HOLE-- [fill = 0]
                  0001de60    0000007c     libdpm_xwr68xx.aer4f : dpm_pipe.oer4f (.text:DPM_pipeSend)
                  0001dedc    0000007c     libedma_xwr68xx.aer4f : edma.oer4f (.text:EDMA_clearErrors)
                  0001df58    0000007c     libmmwave_xwr68xx.aer4f : mmwave_dualcore.oer4f (.text:MMWave_deviceOpenFxn)
                  0001dfd4    0000007c     libmailbox_xwr68xx.aer4f : mailbox.oer4f (.text:Mailbox_init)
                  0001e050    0000007c     libuart_xwr68xx.aer4f : uartsci.oer4f (.text:UartSci_readPolling)
                  0001e0cc    0000007c     sysbios.aer4ft : arm_TaskSupport_asm.obj (.text:_ti_sysbios_family_arm_TaskSupport_buildTaskStack)
                  0001e148    00000008                    : BIOS.obj (.text:ti_sysbios_family_arm_v7a_Pmu_getEnabled__E)
                  0001e150    0000007c                    : BIOS.obj (.text:xdc_runtime_Core_deleteObject__I)
                  0001e1cc    0000007b     mmw_cli.oer4f (.text:MmwDemo_CLIGetSubframe)
                  0001e247    00000001     --HOLE-- [fill = 0]
                  0001e248    0000007a     rtsv7R4_T_le_v3D16_eabi.lib : memset_t2.obj (.text)
                  0001e2c2    00000002     --HOLE-- [fill = 0]
                  0001e2c4    00000078     libadcbuf_xwr68xx.aer4f : adcbuf_mmwave.oer4f (.text:ADCBUF_MMWave_getCQBufAddr)
                  0001e33c    00000078     libcbuff_xwr68xx.aer4f : cbuff_transfer.oer4f (.text:CBUFF_configUserBufferEDMA)
                  0001e3b4    00000078                            : cbuff.oer4f (.text:CBUFF_setVC)
                  0001e42c    00000078     libcli_xwr68xx.aer4f : cli_mmwave.oer4f (.text:CLI_MMWaveADCCfg)
                  0001e4a4    00000078     libedma_xwr68xx.aer4f : edma.oer4f (.text:EDMA_configParamSet)
                  0001e51c    00000078     libmmwave_xwr68xx.aer4f : mmwave_fullcfg.oer4f (.text:MMWave_getNumChirps)
                  0001e594    00000077     data_path.oer4f (.text:MmwDemo_hwaOpen)
                  0001e60b    00000001     --HOLE-- [fill = 0]
                  0001e60c    00000074     objectdetection.oer4f (.text:DPC_ObjDet_reconfigSubFrame)
                  0001e680    00000074     libmmwave_xwr68xx.aer4f : mmwave.oer4f (.text:MMWave_config)
                  0001e6f4    00000074                             : mmwave_dualcore.oer4f (.text:MMWave_deviceStartFxn)
                  0001e768    00000074     boot.aer4ft : boot.oer4ft (.text)
                  0001e7dc    00000074     libmmwavelink_xwr68xx.aer4f : rl_driver.oer4f (.text:rlDriverAsyncEventHandler)
                  0001e850    00000074     rtsv7R4_T_le_v3D16_eabi.lib : getdevice.obj (.text)
                  0001e8c4    00000074                                 : s_frexp.obj (.text)
                  0001e938    00000072     libcfarcaproc_hwa_xwr68xx.aer4f : cfarcaprochwa.oer4f (.text:CFARHWA_saveConfiguration)
                  0001e9aa    00000072     libmmwavelink_xwr68xx.aer4f : rl_driver.oer4f (.text:rlDriverClientCbCheck)
                  0001ea1c    00000070     libhsiheader_xwr68xx.aer4f : hsiheader.oer4f (.text:HSIHeader_deleteHeader)
                  0001ea8c    00000070     libhwa_xwr68xx.aer4f : hwa.oer4f (.text:HWA_getDriverAccess)
                  0001eafc    00000070     libmmwave_xwr68xx.aer4f : mmwave_dualcore.oer4f (.text:MMWave_deviceCfgFxn)
                  0001eb6c    00000070     mmw_cli.oer4f (.text:MmwDemo_CLIGuiMonSel)
                  0001ebdc    00000070     mmw_lvds_stream.oer4f (.text:MmwDemo_LVDSStream_EDMAFreeCBUFFHwChannel)
                  0001ec4c    00000070     mmw_lvds_stream.oer4f (.text:MmwDemo_LVDSStream_EDMAFreeCBUFFSwChannel)
                  0001ecbc    00000070     mmw_lvds_stream.oer4f (.text:MmwDemo_LVDSStream_HwTriggerFrameDone)
                  0001ed2c    00000070     main.oer4f (.text:MmwDemo_platformInit)
                  0001ed9c    00000004     main.oer4f (.text:MmwDemo_sleep)
                  0001eda0    00000070     sysbios.aer4ft : BIOS.obj (.text:xdc_runtime_Error_print__E)
                  0001ee10    0000006e     libcfarcaproc_hwa_xwr68xx.aer4f : cfarcaprochwa.oer4f (.text:CFARCAHWA_config_EDMA)
                  0001ee7e    00000002     --HOLE-- [fill = 0]
                  0001ee80    0000006c     libdma_xwr68xx.aer4f : dma.oer4f (.text:DMA_disableChannel)
                  0001eeec    0000006c                          : dma.oer4f (.text:DMA_enableChannel)
                  0001ef58    0000006c     libedma_xwr68xx.aer4f : edma.oer4f (.text:EDMA_isTransferComplete)
                  0001efc4    0000006c     libmmwave_xwr68xx.aer4f : mmwave_link.oer4f (.text:MMWave_spawn)
                  0001f030    0000006c                             : mmwave_link.oer4f (.text:MMWave_stopLink)
                  0001f09c    0000006c     libpinmux_xwr68xx.aer4f : pinmux.oer4f (.text:Pinmux_Set_FuncSel)
                  0001f108    0000006c     rtsv7R4_T_le_v3D16_eabi.lib : copy_decompress_lzss.obj (.text:decompress:lzss)
                  0001f174    0000006c                                 : trgmsg.obj (.text)
                  0001f1e0    0000006a     libuart_xwr68xx.aer4f : uartsci.oer4f (.text:UartSci_control)
                  0001f24a    00000002     --HOLE-- [fill = 0]
                  0001f24c    00000068     objectdetection.oer4f (.text:DPC_ObjectDetection_deinit)
                  0001f2b4    00000068     libdpm_xwr68xx.aer4f : dpm_msg.oer4f (.text:DPM_msgDPCCfgHandler)
                  0001f31c    00000068     libmmwave_xwr68xx.aer4f : mmwave_dualcore.oer4f (.text:MMWave_deviceStopFxn)
                  0001f384    00000068     libmailbox_xwr68xx.aer4f : mailbox.oer4f (.text:Mailbox_readFlush)
                  0001f3ec    00000068     main.oer4f (.text:MmwDemo_convertCfarToLinear)
                  0001f454    00000068     librangeproc_hwa_xwr68xx.aer4f : rangeprochwa.oer4f (.text:rangeProcHWA_ConfigEDMATranspose)
                  0001f4bc    00000068                                    : rangeprochwa.oer4f (.text:rangeProcHWA_ConfigHWACommon)
                  0001f524    00000068     libmmwavelink_xwr68xx.aer4f : rl_driver.oer4f (.text:rlDriverExecuteSetApi)
                  0001f58c    00000068                                 : rl_driver.oer4f (.text:rlDriverHostIrqHandler)
                  0001f5f4    00000068     rtsv7R4_T_le_v3D16_eabi.lib : hostlseek.obj (.text)
                  0001f65c    00000068                                 : hostrename.obj (.text)
                  0001f6c4    00000067     main.oer4f (.text:MmwDemo_mssSetHsiClk)
                  0001f72b    00000001     --HOLE-- [fill = 0]
                  0001f72c    00000066     libmmwavelink_xwr68xx.aer4f : rl_device.oer4f (.text:rlDevicePowerOff)
                  0001f792    00000002     --HOLE-- [fill = 0]
                  0001f794    00000064     libcli_xwr68xx.aer4f : cli_mmwave.oer4f (.text:CLI_MMWaveLowPowerCfg)
                  0001f7f8    00000064     libedma_xwr68xx.aer4f : edma.oer4f (.text:EDMA_getTransferControllerErrorStatusInfo)
                  0001f85c    00000064                           : edma.oer4f (.text:EDMA_startDmaTransfer)
                  0001f8c0    00000064     libhwa_xwr68xx.aer4f : hwa.oer4f (.text:HWA_getDMAChanIndex)
                  0001f924    00000064     libosal_xwr68xx.aer4f : SemaphoreP_tirtos.oer4f (.text:SemaphoreP_create)
                  0001f988    00000064     rtsv7R4_T_le_v3D16_eabi.lib : fseek.obj (.text)
                  0001f9ec    00000064                                 : sprintf.obj (.text)
                  0001fa50    00000064     sysbios.aer4ft : exc_Exception_asm.obj (.text:ti_sysbios_family_arm_exc_Exception_initCore0__I)
                  0001fab4    0000000a     libcbuff_xwr68xx.aer4f : cbuff_lvds.oer4f (.text:CBUFF_deinitLVDS)
                  0001fabe    00000002     --HOLE-- [fill = 0]
                  0001fac0    00000064     sysbios.aer4ft : BIOS.obj (.text:ti_sysbios_family_arm_v7r_vim_Hwi_phantomIntHandler__I)
                  0001fb24    0000000a     objectdetection.oer4f (.text:DPC_ObjDet_GetRangeWinGenLen)
                  0001fb2e    00000002     --HOLE-- [fill = 0]
                  0001fb30    00000064     sysbios.aer4ft : BIOS.obj (.text:ti_sysbios_knl_Clock_logTick__E)
                  0001fb94    0000000a     libdpm_xwr68xx.aer4f : dpm_core.oer4f (.text:DPM_chirpISR)
                  0001fb9e    00000002     --HOLE-- [fill = 0]
                  0001fba0    00000064     sysbios.aer4ft : BIOS.obj (.text:ti_sysbios_utils_Load_logCPULoad__I)
                  0001fc04    0000000a     libdpm_xwr68xx.aer4f : dpm_core.oer4f (.text:DPM_frameStartISR)
                  0001fc0e    00000002     --HOLE-- [fill = 0]
                  0001fc10    00000064     sysbios.aer4ft : BIOS.obj (.text:xdc_runtime_Startup_exec__E)
                  0001fc74    00000062     mmw_cli.oer4f (.text:MmwDemo_CLICfarFovCfg)
                  0001fcd6    00000002     --HOLE-- [fill = 0]
                  0001fcd8    00000060     libcli_xwr68xx.aer4f : cli_mmwave.oer4f (.text:CLI_MMWaveExtensionHandler)
                  0001fd38    00000060     libosal_xwr68xx.aer4f : DebugP_tirtos.oer4f (.text:DebugP_log2)
                  0001fd98    00000060                           : DebugP_tirtos.oer4f (.text:DebugP_log3)
                  0001fdf8    00000008     mmw_per4ft.oer4ft (.text:xdc_runtime_Text_visitRope__I)
                  0001fe00    00000060     sysbios.aer4ft : BIOS.obj (.text:ti_sysbios_heaps_HeapMem_alloc__E)
                  0001fe60    00000060                    : BIOS.obj (.text:xdc_runtime_Assert_raise__I)
                  0001fec0    0000005f                    : BIOS.obj (.text:xdc_runtime_Text_putLab__E)
                  0001ff1f    00000001     --HOLE-- [fill = 0]
                  0001ff20    0000005e     libuart_xwr68xx.aer4f : uartsci.oer4f (.text:UartSci_writeChar)
                  0001ff7e    00000002     --HOLE-- [fill = 0]
                  0001ff80    0000005c     libcfarcaproc_hwa_xwr68xx.aer4f : cfarcaprochwa.oer4f (.text:CFARHWA_fovConvertDoppler)
                  0001ffdc    0000005c                                     : cfarcaprochwa.oer4f (.text:CFARHWA_prepareHwaRunTime)
                  00020038    0000005c     libmmwave_xwr68xx.aer4f : mmwave_link.oer4f (.text:MMWave_mboxOpen)
                  00020094    0000005c                             : mmwave.oer4f (.text:MMWave_stop)
                  000200f0    0000005c     main.oer4f (.text:MmwDemo_mmWaveCtrlTask)
                  0002014c    0000005c     libsoc_xwr68xx.aer4f : soc.oer4f (.text:SOC_enableLVDS)
                  000201a8    0000005c     rtsv7R4_T_le_v3D16_eabi.lib : hostopen.obj (.text)
                  00020204    0000005c                                 : hostread.obj (.text)
                  00020260    0000005c     sysbios.aer4ft : BIOS.obj (.text:ti_sysbios_utils_Load_updateCurrentThreadTime__E)
                  000202bc    0000005a     libuart_xwr68xx.aer4f : uartsci.oer4f (.text:UartSci_readCancel)
                  00020316    0000005a     libmmwavelink_xwr68xx.aer4f : rl_driver.oer4f (.text:rlDriverCalChkSum)
                  00020370    00000058     libdpm_xwr68xx.aer4f : dpm_core.oer4f (.text:DPM_execute)
                  000203c8    00000058                          : dpm_mailbox.oer4f (.text:DPM_mboxInit)
                  00020420    00000058     libosal_xwr68xx.aer4f : DebugP_tirtos.oer4f (.text:DebugP_log0)
                  00020478    00000058                           : DebugP_tirtos.oer4f (.text:DebugP_log1)
                  000204d0    00000058     libedma_xwr68xx.aer4f : edma_low_level.oer4f (.text:EDMA3EnableChInShadowReg)
                  00020528    00000058     libesm_xwr68xx.aer4f : esm.oer4f (.text:ESM_highpriority_FIQ)
                  00020580    00000058     libhwa_xwr68xx.aer4f : hwa.oer4f (.text:HWA_getDMAconfig)
                  000205d8    00000058     libmmwave_xwr68xx.aer4f : mmwave.oer4f (.text:MMWave_execute)
                  00020630    00000058                             : mmwave_link.oer4f (.text:MMWave_initCRC)
                  00020688    00000058     mmw_cli.oer4f (.text:MmwDemo_CLISensorStop)
                  000206e0    00000058     libuart_xwr68xx.aer4f : uartsci_dma.oer4f (.text:UartSci_closeDMA)
                  00020738    00000058     rtsv7R4_T_le_v3D16_eabi.lib : close.obj (.text)
                  00020790    00000058                                 : hostwrite.obj (.text)
                  000207e8    00000056     libaoa2dproc_hwa_xwr68xx.aer4f : aoa2dprochwa.oer4f (.text:AoAProcHWA_config_HWA_common)
                  0002083e    00000056     libmmwavelink_xwr68xx.aer4f : rl_driver.oer4f (.text:rlDriverOsiCbCheck)
                  00020894    00000054     libcrc_xwr68xx.aer4f : crc.oer4f (.text:CRC_getTransactionId)
                  000208e8    00000054     libdma_xwr68xx.aer4f : dma.oer4f (.text:DMA_freeChannel)
                  0002093c    00000054     libedma_xwr68xx.aer4f : edma.oer4f (.text:EDMA_error_isr)
                  00020990    00000054     libmmwave_xwr68xx.aer4f : mmwave_link.oer4f (.text:MMWave_initLink)
                  000209e4    00000054     main.oer4f (.text:MmwDemo_CfgUpdate)
                  00020a38    00000054     rtsv7R4_T_le_v3D16_eabi.lib : ltoa.obj (.text)
                  00020a8c    00000054     mmw_per4ft.oer4ft (.text:ti_sysbios_family_arm_v7r_vim_Hwi_create)
                  00020ae0    00000054     sysbios.aer4ft : BIOS.obj (.text:ti_sysbios_heaps_HeapMem_getStats__E)
                  00020b34    0000000a     libosal_xwr68xx.aer4f : MemoryP_tirtos.oer4f (.text:MemoryP_ctrlFree)
                  00020b3e    00000002     --HOLE-- [fill = 0]
                  00020b40    00000054     sysbios.aer4ft : BIOS.obj (.text:xdc_runtime_Core_assignLabel__I)
                  00020b94    00000052     libdpedma_hwa_xwr68xx.aer4f : dpedma.oer4f (.text:DPEDMA_setup_shadow_link)
                  00020be6    00000002     --HOLE-- [fill = 0]
                  00020be8    00000050     libcrc_xwr68xx.aer4f : crc.oer4f (.text:CRC_getSignature)
                  00020c38    00000050     libedma_xwr68xx.aer4f : edma_low_level.oer4f (.text:EDMA3MapChToEvtQ)
                  00020c88    00000050     libmmwave_xwr68xx.aer4f : mmwave.oer4f (.text:MMWave_sync)
                  00020cd8    00000050     mmw_cli.oer4f (.text:MmwDemo_CLIMultiObjBeamForming)
                  00020d28    00000050     mmw_cli.oer4f (.text:MmwDemo_CLIQueryDemoStatus)
                  00020d78    00000050     libmmwavelink_xwr68xx.aer4f : rl_driver.oer4f (.text:rlDeviceIdentifyCmdDir)
                  00020dc8    00000050                                 : rl_driver.oer4f (.text:rlDriverVerifyCRC)
                  00020e18    00000050     rtsv7R4_T_le_v3D16_eabi.lib : atoi.obj (.text)
                  00020e68    00000050                                 : exit.obj (.text)
                  00020eb8    00000050                                 : u_div32.obj (.text)
                  00020f08    00000006     libosal_xwr68xx.aer4f : CycleprofilerP_tirtos.oer4f (.text:CycleprofilerP_getTimeStamp)
                  00020f0e    00000002     --HOLE-- [fill = 0]
                  00020f10    00000050     sysbios.aer4ft : BIOS.obj (.text:xdc_runtime_System_exit__E)
                  00020f60    0000004d     mmw_lvds_stream.oer4f (.text:MmwDemo_LVDSStream_EDMAAllocateCBUFFChannel)
                  00020fad    00000001     --HOLE-- [fill = 0]
                  00020fae    0000004c     libaoa2dproc_hwa_xwr68xx.aer4f : aoa2dprochwa.oer4f (.text:AoAProcHWA_findSinglePeak)
                  00020ffa    00000002     --HOLE-- [fill = 0]
                  00020ffc    0000004c     libcli_xwr68xx.aer4f : cli.oer4f (.text:CLI_write)
                  00021048    0000004c     libstaticclutterproc_xwr68xx.aer4f : staticclutterproc.oer4f (.text:DPU_StaticClutterProc_config)
                  00021094    0000004c     libedma_xwr68xx.aer4f : edma.oer4f (.text:EDMA_disableChannel)
                  000210e0    0000004c                           : edma.oer4f (.text:EDMA_enableChannel)
                  0002112c    0000004c     libhwa_xwr68xx.aer4f : hwa.oer4f (.text:HWA_enableDoneInterrupt)
                  00021178    0000004c     libmailbox_xwr68xx.aer4f : mailbox.oer4f (.text:Mailbox_boxEmptyISRProcessing)
                  000211c4    0000004c     libuart_xwr68xx.aer4f : uartsci.oer4f (.text:UartSci_writeCancel)
                  00021210    0000004c     rtsv7R4_T_le_v3D16_eabi.lib : cpy_tbl.obj (.text)
                  0002125c    00000004     mmw_per4ft.oer4ft (.text:ti_sysbios_BIOS_RtsGateProxy_enter__E)
                  00021260    0000004c     sysbios.aer4ft : BIOS.obj (.text:ti_sysbios_family_arm_v7r_vim_Hwi_getStackInfo__E)
                  000212ac    0000004c     mmw_per4ft.oer4ft (.text:ti_sysbios_knl_Task_create)
                  000212f8    00000006     libdpm_xwr68xx.aer4f : dpm_mailbox.oer4f (.text:DPM_mboxSynch)
                  000212fe    00000002     --HOLE-- [fill = 0]
                  00021300    0000004c     sysbios.aer4ft : BIOS.obj (.text:ti_sysbios_knl_Task_stat__E)
                  0002134c    00000004     mmw_per4ft.oer4ft (.text:ti_sysbios_BIOS_RtsGateProxy_leave__E)
                  00021350    0000004c     sysbios.aer4ft : BIOS.obj (.text:ti_sysbios_utils_Load_taskSwitchHook__E)
                  0002139c    0000004a     libdpm_xwr68xx.aer4f : dpm_mailbox.oer4f (.text:DPM_mboxSendResult)
                  000213e6    0000004a     libmailbox_xwr68xx.aer4f : mailbox.oer4f (.text:Mailbox_boxFullISRProcessing)
                  00021430    0000004a     sysbios.aer4ft : BIOS.obj (.text:xdc_runtime_Core_assignParams__I)
                  0002147a    00000006     libedma_xwr68xx.aer4f : edma_low_level.oer4f (.text:EDMA3ClrCCErr)
                  00021480    0000004a     sysbios.aer4ft : BIOS.obj (.text:xdc_runtime_Text_xprintf__I)
                  000214ca    00000048     libcbuff_xwr68xx.aer4f : cbuff_transfer.oer4f (.text:CBUFF_setup_USER)
                  00021512    00000048     libcfarcaproc_hwa_xwr68xx.aer4f : cfarcaprochwa.oer4f (.text:CFARHWA_convHwaCfarDetListToDetMask)
                  0002155a    00000048     libdpm_xwr68xx.aer4f : dpm_pipe.oer4f (.text:DPM_pipeRecv)
                  000215a2    00000002     --HOLE-- [fill = 0]
                  000215a4    00000048     libhwa_xwr68xx.aer4f : hwa.oer4f (.text:HWA_deleteInstance)
                  000215ec    00000048                          : hwa.oer4f (.text:HWA_readCFARPeakCountReg)
                  00021634    00000048     main.oer4f (.text:MmwDemo_resetStaticCfgPendingState)
                  0002167c    00000048     libmmwavelink_xwr68xx.aer4f : rl_device.oer4f (.text:rlDeviceGetVersion)
                  000216c4    00000048                                 : rl_driver.oer4f (.text:rlDriverOsiInit)
                  0002170c    00000048     mmw_per4ft.oer4ft (.text:xdc_runtime_LoggerBuf_Object__create__S)
                  00021754    00000046     libmailbox_xwr68xx.aer4f : mailbox.oer4f (.text:CSL_FINSR)
                  0002179a    00000002     --HOLE-- [fill = 0]
                  0002179c    00000044     libadcbuf_xwr68xx.aer4f : adcbuf_mmwave.oer4f (.text:ADCBUF_MMWave_close)
                  000217e0    00000044     libcrc_xwr68xx.aer4f : crc.oer4f (.text:CRC_resetSignature)
                  00021824    00000044     libdpm_xwr68xx.aer4f : dpm_core.oer4f (.text:DPM_start)
                  00021868    00000044                          : dpm_core.oer4f (.text:DPM_stop)
                  000218ac    00000044     libmailbox_xwr68xx.aer4f : mailbox.oer4f (.text:Mailbox_boxFullISRMssDss)
                  000218f0    00000044     libsoc_xwr68xx.aer4f : soc_xwr68xx_mss.oer4f (.text:SOC_resetDMA)
                  00021934    00000044     rtsv7R4_T_le_v3D16_eabi.lib : hostclose.obj (.text)
                  00021978    00000044                                 : hostunlink.obj (.text)
                  000219bc    00000004     mmw_per4ft.oer4ft (.text:ti_sysbios_family_arm_TaskSupport_Module__startupDone__S)
                  000219c0    00000044     sysbios.aer4ft : BIOS.obj (.text:ti_sysbios_family_arm_v7r_tms570_Core_Module_startup__E)
                  00021a04    0000000a     main.oer4f (.text:MmwDemo_resetDynObjDetCfgPendingState)
                  00021a0e    00000002     --HOLE-- [fill = 0]
                  00021a10    00000044     sysbios.aer4ft : BIOS.obj (.text:ti_sysbios_knl_Task_allBlockedFunction__I)
                  00021a54    0000000a     libosal_xwr68xx.aer4f : SemaphoreP_tirtos.oer4f (.text:SemaphoreP_post)
                  00021a5e    00000002     --HOLE-- [fill = 0]
                  00021a60    00000044     sysbios.aer4ft : BIOS.obj (.text:xdc_runtime_LoggerBuf_Module_startup__E)
                  00021aa4    0000000a     libuart_xwr68xx.aer4f : UART.oer4f (.text:UART_close)
                  00021aae    00000002     --HOLE-- [fill = 0]
                  00021ab0    00000044     sysbios.aer4ft : BIOS.obj (.text:xdc_runtime_System_atexit__E)
                  00021af4    00000042     libcbuff_xwr68xx.aer4f : cbuff_lvds.oer4f (.text:CBUFF_closeLVDS)
                  00021b36    00000042     libedma_xwr68xx.aer4f : edma.oer4f (.text:EDMA_transferController_error_isr)
                  00021b78    00000042     libhwa_xwr68xx.aer4f : hwa.oer4f (.text:HWA_reset)
                  00021bba    00000042     libmmwave_xwr68xx.aer4f : mmwave_link.oer4f (.text:MMWave_executeLink)
                  00021bfc    00000042     libmmwavelink_xwr68xx.aer4f : rl_controller.oer4f (.text:rlGetSubBlock)
                  00021c3e    00000040     objectdetection.oer4f (.text:DPC_ObjDet_GetAntGeometryDef)
                  00021c7e    00000002     --HOLE-- [fill = 0]
                  00021c80    00000040     libedma_xwr68xx.aer4f : edma.oer4f (.text:EDMA_linkParamSets)
                  00021cc0    00000040     libhwa_xwr68xx.aer4f : hwa.oer4f (.text:HWA_getHWAMemInfo)
                  00021d00    00000040     mmw_cli.oer4f (.text:MmwDemo_CLIClutterRemoval)
                  00021d40    00000040     mmw_cli.oer4f (.text:MmwDemo_CLIExtendedMaxVelocity)
                  00021d80    00000040     libmmwavelink_xwr68xx.aer4f : rl_driver.oer4f (.text:rlDriverValidateHdr)
                  00021dc0    00000040     rtsv7R4_T_le_v3D16_eabi.lib : strtok.obj (.text)
                  00021e00    00000040     sysbios.aer4ft : BIOS.obj (.text:ti_sysbios_timers_rti_Timer_stop__E)
                  00021e40    0000003e     libadcbuf_xwr68xx.aer4f : adcbuf_mmwave.oer4f (.text:CSL_FINSR)
                  00021e7e    0000003e     libcbuff_xwr68xx.aer4f : cbuff.oer4f (.text:CSL_FINSR)
                  00021ebc    0000003e                            : cbuff_lvds.oer4f (.text:CSL_FINSR)
                  00021efa    0000003e     libcrc_xwr68xx.aer4f : crc.oer4f (.text:CSL_FINSR)
                  00021f38    0000003e     libdma_xwr68xx.aer4f : dma.oer4f (.text:CSL_FINSR)
                  00021f76    0000003e     libgpio_xwr68xx.aer4f : gpio.oer4f (.text:CSL_FINSR)
                  00021fb4    0000003e     libhwa_xwr68xx.aer4f : hwa.oer4f (.text:CSL_FINSR)
                  00021ff2    0000003e     libpinmux_xwr68xx.aer4f : pinmux.oer4f (.text:CSL_FINSR)
                  00022030    0000003e     libsoc_xwr68xx.aer4f : soc.oer4f (.text:CSL_FINSR)
                  0002206e    0000003e                          : soc_xwr68xx.oer4f (.text:CSL_FINSR)
                  000220ac    0000003e                          : soc_xwr68xx_mss.oer4f (.text:CSL_FINSR)
                  000220ea    0000003e     libuart_xwr68xx.aer4f : uartsci.oer4f (.text:CSL_FINSR)
                  00022128    0000003e     libdpm_xwr68xx.aer4f : dpm_msg.oer4f (.text:DPM_msgStopHandler)
                  00022166    0000003e     libhwa_xwr68xx.aer4f : hwa.oer4f (.text:HWA_enable)
                  000221a4    0000003e     libmmwave_xwr68xx.aer4f : mmwave.oer4f (.text:MMWave_decodeError)
                  000221e2    0000003e     libuart_xwr68xx.aer4f : uartsci.oer4f (.text:UartSci_close)
                  00022220    0000003e     mmwdemo_monitor.oer4f (.text:mmwDemo_cfgAnalogMonitor)
                  0002225e    0000003c     libcbuff_xwr68xx.aer4f : cbuff_transfer.oer4f (.text:CBUFF_configCQEDMA)
                  0002229a    00000002     --HOLE-- [fill = 0]
                  0002229c    0000003c     libcli_xwr68xx.aer4f : cli_mmwave.oer4f (.text:CLI_MMWaveFlushCfg)
                  000222d8    0000003c     libedma_xwr68xx.aer4f : edma.oer4f (.text:EDMA_chainChannels)
                  00022314    0000003c                           : edma.oer4f (.text:EDMA_getErrorStatus)
                  00022350    0000003c                           : edma.oer4f (.text:EDMA_getTransferControllerErrorStatus)
                  0002238c    0000003c     libmailbox_xwr68xx.aer4f : mailbox.oer4f (.text:Mailbox_writeReset)
                  000223c8    0000003c     data_path.oer4f (.text:MmwDemo_EDMA_errorCallbackFxn)
                  00022404    0000003c     data_path.oer4f (.text:MmwDemo_EDMA_transferControllerErrorCallbackFxn)
                  00022440    0000003c     libsoc_xwr68xx.aer4f : soc_xwr68xx_mss.oer4f (.text:SOC_isSecureDevice)
                  0002247c    0000003c                          : soc.oer4f (.text:SOC_unhaltBSS)
                  000224b8    0000003c     sysbios.aer4ft : vim_Hwi_asm.obj (.text:ti_sysbios_family_arm_v7r_vim_Hwi_init__I)
                  000224f4    0000000a     libuart_xwr68xx.aer4f : UART.oer4f (.text:UART_read)
                  000224fe    00000002     --HOLE-- [fill = 0]
                  00022500    0000003c     sysbios.aer4ft : BIOS.obj (.text:ti_sysbios_hal_Hwi_checkStack)
                  0002253c    00000004     mmw_per4ft.oer4ft (.text:ti_sysbios_family_arm_v7r_vim_Hwi_delete)
                  00022540    0000003c     sysbios.aer4ft : BIOS.obj (.text:ti_sysbios_heaps_HeapMem_init__I)
                  0002257c    0000003a     libhwa_xwr68xx.aer4f : hwa.oer4f (.text:HWA_setDMA2ACCManualTrig)
                  000225b6    00000002     --HOLE-- [fill = 0]
                  000225b8    0000003a     libosal_xwr68xx.aer4f : HwiP_tirtos.oer4f (.text:HwiP_delete)
                  000225f2    00000038     libcbuff_xwr68xx.aer4f : cbuff_transfer.oer4f (.text:CBUFF_addUserBufferLLEntry)
                  0002262a    00000038                            : cbuff_transfer.oer4f (.text:CBUFF_setupHeader)
                  00022662    00000002     --HOLE-- [fill = 0]
                  00022664    00000038     libcli_xwr68xx.aer4f : cli_mmwave.oer4f (.text:CLI_MMWaveExtensionInit)
                  0002269c    00000038     libdpm_xwr68xx.aer4f : dpm_core.oer4f (.text:DPM_notifyExecute)
                  000226d4    00000038     libedma_xwr68xx.aer4f : edma_low_level.oer4f (.text:EDMA3ClrMissEvt)
                  0002270c    00000038     libuart_xwr68xx.aer4f : UART.oer4f (.text:UART_init)
                  00022744    00000036     libmmwavelink_xwr68xx.aer4f : rl_controller.oer4f (.text:rlAppendSubBlock)
                  0002277a    00000036     rtsv7R4_T_le_v3D16_eabi.lib : strncpy.obj (.text)
                  000227b0    00000034     libadcbuf_xwr68xx.aer4f : ADCBuf.oer4f (.text:ADCBuf_open)
                  000227e4    00000034     libedma_xwr68xx.aer4f : edma.oer4f (.text:EDMA_configTransferControllerError)
                  00022818    00000034     libhwa_xwr68xx.aer4f : hwa.oer4f (.text:HWA_disableDoneInterrupt)
                  0002284c    00000034     libmmwave_xwr68xx.aer4f : mmwave_link.oer4f (.text:MMWave_mboxWrite)
                  00022880    00000034     libsoc_xwr68xx.aer4f : soc_xwr68xx.oer4f (.text:SOC_enableHWA)
                  000228b4    00000034                          : soc_xwr68xx_mss.oer4f (.text:SOC_hasDSPCore)
                  000228e8    00000034                          : soc_xwr68xx.oer4f (.text:SOC_setMMWaveDSSLinkState)
                  0002291c    00000034                          : soc_xwr68xx.oer4f (.text:SOC_setMMWaveMSSLinkState)
                  00022950    00000034                          : soc_xwr68xx.oer4f (.text:SOC_setMSSLinkState)
                  00022984    00000034     libuart_xwr68xx.aer4f : UART.oer4f (.text:UART_open)
                  000229b8    00000006     libedma_xwr68xx.aer4f : edma_low_level.oer4f (.text:EDMA3ErrIntrHighStatusGet)
                  000229be    00000002     --HOLE-- [fill = 0]
                  000229c0    00000034     sysbios.aer4ft : BIOS.obj (.text:ti_sysbios_family_arm_a15_TimestampProvider_get64__E)
                  000229f4    00000034     mmw_per4ft.oer4ft (.text:ti_sysbios_knl_Semaphore_create)
                  00022a28    00000032     libcfarcaproc_hwa_xwr68xx.aer4f : cfarcaprochwa.oer4f (.text:CFARHWA_fovConvertRange)
                  00022a5a    00000002     --HOLE-- [fill = 0]
                  00022a5c    00000032     libcrc_xwr68xx.aer4f : crc.oer4f (.text:CRC_getCRCDataSelectBitValue)
                  00022a8e    00000002     --HOLE-- [fill = 0]
                  00022a90    00000032                          : crc.oer4f (.text:CRC_getCRCTypeBitValue)
                  00022ac2    00000032     libedma_xwr68xx.aer4f : edma.oer4f (.text:EDMA_configQueueThreshold)
                  00022af4    00000032     libhwa_xwr68xx.aer4f : hwa.oer4f (.text:HWA_allParamDoneISR)
                  00022b26    0000000a     libuart_xwr68xx.aer4f : UART.oer4f (.text:UART_write)
                  00022b30    00000032     sysbios.aer4ft : BIOS.obj (.text:ti_sysbios_hal_Hwi_initStack)
                  00022b62    00000002     --HOLE-- [fill = 0]
                  00022b64    00000030     libadcbuf_xwr68xx.aer4f : ADCBuf.oer4f (.text:ADCBuf_init)
                  00022b94    00000030     libcbuff_xwr68xx.aer4f : cbuff_transfer.oer4f (.text:CBUFF_addCQLLEntry)
                  00022bc4    00000030     libmmwave_xwr68xx.aer4f : mmwave_listlib.oer4f (.text:MMWave_listRemoveNode)
                  00022bf4    00000030     libsoc_xwr68xx.aer4f : soc.oer4f (.text:SOC_getDevicePartNumber)
                  00022c24    00000030     libmmwavelink_xwr68xx.aer4f : rl_sensor.oer4f (.text:rlSensorStart)
                  00022c54    00000030     mmw_per4ft.oer4ft (.text:ti_sysbios_BIOS_startFunc__I)
                  00022c84    0000000a     libuart_xwr68xx.aer4f : UART.oer4f (.text:UART_writePolling)
                  00022c8e    00000002     --HOLE-- [fill = 0]
                  00022c90    00000030     sysbios.aer4ft : BIOS.obj (.text:ti_sysbios_family_arm_TaskSupport_start__E)
                  00022cc0    00000030     mmw_per4ft.oer4ft (.text:ti_sysbios_gates_GateHwi_Object__create__S)
                  00022cf0    00000030     mmw_per4ft.oer4ft (.text:ti_sysbios_gates_GateMutex_Object__create__S)
                  00022d20    00000030     mmw_per4ft.oer4ft (.text:ti_sysbios_heaps_HeapMem_Object__create__S)
                  00022d50    00000030     sysbios.aer4ft : BIOS.obj (.text:ti_sysbios_heaps_HeapMem_free__E)
                  00022d80    00000030     mmw_per4ft.oer4ft (.text:ti_sysbios_knl_Semaphore_construct)
                  00022db0    0000002f     sysbios.aer4ft : BIOS.obj (.text:xdc_runtime_Text_printVisFxn__I)
                  00022ddf    00000001     --HOLE-- [fill = 0]
                  00022de0    0000002e     libcfarcaproc_hwa_xwr68xx.aer4f : cfarcaprochwa.oer4f (.text:CFARHWA_triggerCFAR)
                  00022e0e    0000002e     libdpm_xwr68xx.aer4f : dpm_msg.oer4f (.text:DPM_msgStartHandler)
                  00022e3c    0000002e     libhwa_xwr68xx.aer4f : hwa.oer4f (.text:HWA_getCfarPeakCntRegAddress)
                  00022e6a    0000002e     objectdetection.oer4f (.text:_DPC_Objdet_Assert)
[...]
00025d8c  ti_sysbios_knl_Task_LD_block__C                                      
00025d90  ti_sysbios_knl_Task_LD_exit__C                                       
00025d94  ti_sysbios_knl_Task_LD_ready__C                                      
00025d98  ti_sysbios_knl_Task_LM_sleep__C                                      
00025d9c  ti_sysbios_knl_Task_LM_switch__C                                     
00025da0  ti_sysbios_knl_Task_Module_State_inactiveQ__O                        
00025da4  ti_sysbios_knl_Task_Module__diagsEnabled__C                          
00025da8  ti_sysbios_knl_Task_Module__diagsIncluded__C                         
00025dac  ti_sysbios_knl_Task_Module__diagsMask__C                             
00025db0  ti_sysbios_knl_Task_Module__loggerFxn2__C                            
00025db4  ti_sysbios_knl_Task_Module__loggerFxn4__C                            
00025db8  ti_sysbios_knl_Task_Module__loggerObj__C                             
00025dbc  ti_sysbios_knl_Task_Object__count__C                                 
00025dc0  ti_sysbios_knl_Task_Object__heap__C                                  
00025dc4  ti_sysbios_knl_Task_allBlockedFunc__C                                
00025dc8  ti_sysbios_knl_Task_defaultStackHeap__C                              
00025dcc  ti_sysbios_knl_Task_defaultStackSize__C                              
00025dd0  ti_sysbios_knl_Task_numConstructedTasks__C                           
00025dd4  ti_sysbios_timers_rti_Timer_E_cannotSupport__C                       
00025dd8  ti_sysbios_timers_rti_Timer_Module__diagsEnabled__C                  
00025ddc  ti_sysbios_timers_rti_Timer_Module__diagsIncluded__C                 
00025de0  ti_sysbios_timers_rti_Timer_Module__diagsMask__C                     
00025de4  ti_sysbios_timers_rti_Timer_numTimerDevices__C                       
00025de8  ti_sysbios_timers_rti_Timer_startupNeeded__C                         
00025dec  ti_sysbios_utils_Load_LS_cpuLoad__C                                  
00025df0  ti_sysbios_utils_Load_LS_taskLoad__C                                 
00025df4  ti_sysbios_utils_Load_Module_State_taskList__O                       
00025df8  ti_sysbios_utils_Load_Module__diagsEnabled__C                        
00025dfc  ti_sysbios_utils_Load_Module__diagsIncluded__C                       
00025e00  ti_sysbios_utils_Load_Module__diagsMask__C                           
00025e04  ti_sysbios_utils_Load_Module__loggerFxn1__C                          
00025e08  ti_sysbios_utils_Load_Module__loggerFxn4__C                          
00025e0c  ti_sysbios_utils_Load_Module__loggerObj__C                           
00025e10  ti_sysbios_utils_Load_postUpdate__C                                  
00025e14  ti_sysbios_utils_Load_windowInMs__C                                  
00025e18  xdc_runtime_Assert_E_assertFailed__C                                 
00025e1c  xdc_runtime_Core_A_initializedParams__C                              
00025e20  xdc_runtime_Core_Module__diagsEnabled__C                             
00025e24  xdc_runtime_Core_Module__diagsIncluded__C                            
00025e28  xdc_runtime_Core_Module__diagsMask__C                                
00025e2c  xdc_runtime_Error_E_memory__C                                        
00025e30  xdc_runtime_Error_Module__diagsEnabled__C                            
00025e34  xdc_runtime_Error_Module__diagsIncluded__C                           
00025e38  xdc_runtime_Error_Module__diagsMask__C                               
00025e3c  xdc_runtime_Error_Module__loggerFxn8__C                              
00025e40  xdc_runtime_Error_Module__loggerObj__C                               
00025e44  xdc_runtime_Error_policyFxn__C                                       
00025e48  xdc_runtime_Error_policy__C                                          
00025e4c  xdc_runtime_Error_raiseHook__C                                       
00025e50  xdc_runtime_IFilterLogger_Interface__BASE__C                         
00025e54  xdc_runtime_IGateProvider_Interface__BASE__C                         
00025e58  xdc_runtime_IHeap_Interface__BASE__C                                 
00025e5c  xdc_runtime_ILogger_Interface__BASE__C                               
00025e60  xdc_runtime_IModule_Interface__BASE__C                               
00025e64  xdc_runtime_Log_L_error__C                                           
00025e68  xdc_runtime_LoggerBuf_E_badLevel__C                                  
00025e6c  xdc_runtime_LoggerBuf_Module__gateObj__C                             
00025e70  xdc_runtime_LoggerBuf_Object__count__C                               
00025e74  xdc_runtime_LoggerBuf_statusLogger__C                                
00025e78  xdc_runtime_Main_Module__diagsEnabled__C                             
00025e7c  xdc_runtime_Main_Module__diagsIncluded__C                            
00025e80  xdc_runtime_Main_Module__diagsMask__C                                
00025e84  xdc_runtime_Main_Module__loggerFxn1__C                               
00025e88  xdc_runtime_Main_Module__loggerFxn2__C                               
00025e8c  xdc_runtime_Main_Module__loggerFxn4__C                               
00025e90  xdc_runtime_Main_Module__loggerObj__C                                
00025e94  xdc_runtime_Memory_defaultHeapInstance__C                            
00025e98  xdc_runtime_Startup_execImpl__C                                      
00025e9c  xdc_runtime_Startup_maxPasses__C                                     
00025ea0  xdc_runtime_Startup_sfxnRts__C                                       
00025ea4  xdc_runtime_Startup_sfxnTab__C                                       
00025ea8  xdc_runtime_System_Module__gateObj__C                                
00025eac  xdc_runtime_System_abortFxn__C                                       
00025eb0  xdc_runtime_System_exitFxn__C                                        
00025eb4  xdc_runtime_System_extendFxn__C                                      
00025eb8  xdc_runtime_System_maxAtexitHandlers__C                              
00025ebc  xdc_runtime_Text_charTab__C                                          
00025ec0  xdc_runtime_Text_nameEmpty__C                                        
00025ec4  xdc_runtime_Text_nameStatic__C                                       
00025ec8  xdc_runtime_Text_nameUnknown__C                                      
00025ecc  xdc_runtime_Text_visitRopeFxn__C                                     
00025ed0  ti_sysbios_family_arm_v7r_tms570_Core_Module__id__C                  
00025ed2  ti_sysbios_family_arm_v7r_vim_Hwi_Module__id__C                      
00025ed4  ti_sysbios_family_arm_v7r_vim_Hwi_Module__loggerDefined__C           
00025ed6  ti_sysbios_gates_GateMutex_Module__id__C                             
00025ed8  ti_sysbios_hal_Hwi_Module__id__C                                     
00025eda  ti_sysbios_heaps_HeapMem_Module__id__C                               
00025edc  ti_sysbios_knl_Clock_Module__id__C                                   
00025ede  ti_sysbios_knl_Clock_Module__loggerDefined__C                        
00025ee0  ti_sysbios_knl_Semaphore_Module__id__C                               
00025ee2  ti_sysbios_knl_Semaphore_Module__loggerDefined__C                    
00025ee4  ti_sysbios_knl_Task_Module__id__C                                    
00025ee6  ti_sysbios_knl_Task_Module__loggerDefined__C                         
00025ee8  ti_sysbios_timers_rti_Timer_Module__id__C                            
00025eea  ti_sysbios_timers_rti_Timer_continueOnSuspend__C                     
00025eec  ti_sysbios_utils_Load_Module__id__C                                  
00025eee  ti_sysbios_utils_Load_Module__loggerDefined__C                       
00025ef0  ti_sysbios_utils_Load_autoAddTasks__C                                
00025ef2  ti_sysbios_utils_Load_updateInIdle__C                                
00025ef4  xdc_runtime_Core_Module__id__C                                       
00025ef6  xdc_runtime_Error_Module__loggerDefined__C                           
00025ef8  xdc_runtime_Error_maxDepth__C                                        
00025efa  xdc_runtime_LoggerBuf_Module__id__C                                  
00025efc  xdc_runtime_LoggerBuf_filterByLevel__C                               
00025efe  xdc_runtime_Main_Module__id__C                                       
00025f00  xdc_runtime_Main_Module__loggerDefined__C                            
00025f02  xdc_runtime_Memory_Module__id__C                                     
00025f04  xdc_runtime_Text_charCnt__C                                          
00025f06  xdc_runtime_Text_isLoaded__C                                         
00025f08  xdc_runtime_Text_registryModsLastId__C                               
00025f0a  xdc_runtime_Text_unnamedModsLastId__C                                
00025f10  __TI_static_base__                                                   
00026420  __TI_Handler_Table_Base                                              
0002642c  __TI_Handler_Table_Limit                                             
00026458  __TI_CINIT_Base                                                      
00026488  __TI_CINIT_Limit                                                     
08000000  ti_sysbios_heaps_HeapMem_Instance_State_0_buf__A                     
08010000  gDPC_ObjDetTCM                                                       
0801c400  xdc_runtime_LoggerBuf_Instance_State_0_entryArr__A                   
0801dd00  ti_sysbios_family_arm_exc_Exception_Module_State_0_excStack_0__A     
0801ed00  edmaDbg                                                              
0801f1e8  ti_sysbios_knl_Task_Instance_State_0_stack__A                        
0801f508  gCLI                                                                 
0801f6b0  gGPIOMCB                                                             
0801f844  __CIOBUF_                                                            
0801f964  gMMWave_MCB                                                          
0801fa64  __TI_tmpnams                                                         
0801fb04  gObjDetObj                                                           
0801fb08  gHSIHeaderMCB                                                        
0801fb98  gEsmMCB                                                              
0801fc08  gMMWave_DualcoreMCB                                                  
0801fc10  parmbuf                                                              
0801fc18  ti_sysbios_knl_Task_Instance_State_0_hookEnv__A                      
0801fc20  gRFLdoBypassCfg                                                      
0801fc28  gMmwMCB                                                              
08020440  rl_txMsg                                                             
08020540  rl_rxMsg                                                             
08020828  gCLI_mmwave_freq_scale_factor                                        
08020830  gCLIMMWaveOpenCfg                                                    
08020858  gCLIMMWaveExtensionTable                                             
08020900  gCLIMMWaveControlCfg                                                 
080209cc  partInfoStringArray                                                  
08020b90  ti_sysbios_family_arm_v7r_vim_Hwi_Module_State_0_dispatchTable__A    
08020d90  _ftable                                                              
08020e80  ti_sysbios_utils_Load_Module__state__V                               
08020f18  ti_sysbios_knl_Task_Module_State_0_readyQ__A                         
08020f98  _device                                                              
08021010  gCBUFFHwAttribute                                                    
08021088  ti_sysbios_knl_Task_Object__table__V                                 
080210e4  gUartSciHwCfg                                                        
0802113c  _stream                                                              
0802118c  gMailboxMCB                                                          
080211dc  ti_sysbios_knl_Task_Module__state__V                                 
08021224  SOC_TranslateAddr_LUT                                                
08021264  ti_sysbios_gates_GateMutex_Object__table__V                          
080212a4  ti_sysbios_timers_rti_Timer_Object__table__V                         
080212e0  gCBUFFInterfaceFxn                                                   
08021318  ti_sysbios_family_arm_v7r_vim_Hwi_Module__state__V                   
0802134c  gHWAHwCfg                                                            
0802137c  ti_sysbios_family_arm_v7r_vim_Hwi_Object__table__V                   
080213a8  ti_sysbios_knl_Clock_Module__state__V                                
080213d4  gUartSciFxnTable                                                     
080213fc  UART_config                                                          
08021420  gDPC_ObjectDetectionCfg                                              
08021444  ti_sysbios_BIOS_Module__state__V                                     
08021468  xdc_runtime_LoggerBuf_Object__table__V                               
0802148c  gHWADriverPtr                                                        
08021490  gSOCHwAttrib                                                         
080214b0  ti_sysbios_knl_Clock_Object__table__V                                
080214d0  xdc_runtime_Error_IgnoreBlock                                        
080214f0  xdc_runtime_System_Module_State_0_atexitHandlers__A                  
08021510  gAntDef_IWR6843ODS                                                   
0802152c  ti_sysbios_utils_Load_Module_State_0_taskEnv__A                      
08021548  ADCBuf_config                                                        
08021560  gInterleavedTransferFxn                                              
08021578  gMailboxMssBssHwCfg                                                  
08021590  gMailboxMssDssHwCfg                                                  
080215a8  gMultipleChirpNonInterleavedTransferFxn                              
080215c0  gNonInterleavedTransferFxn                                           
080215d8  ti_sysbios_heaps_HeapMem_Object__table__V                            
080215f0  ti_sysbios_timers_rti_Timer_Module_State_0_device__A                 
08021608  gDPMRemoteTable                                                      
0802161c  ti_sysbios_family_arm_exc_Exception_Module__state__V                 
08021630  gHwaEDMAChanMapping                                                  
08021640  __TI_ft_end                                                          
08021644  __aeabi_stdin                                                        
08021648  __aeabi_stdout                                                       
0802164c  __aeabi_stderr                                                       
08021650  ti_sysbios_timers_rti_Timer_Module_State_0_intFreqs__A               
08021660  ti_sysbios_timers_rti_Timer_Module__state__V                         
08021670  __TI_cleanup_ptr                                                     
08021674  __TI_dtors_ptr                                                       
08021678  __TI_enable_exit_profile_output                                      
0802167c  gESMHwCfgAttrs                                                       
08021688  ti_sysbios_family_arm_v7a_Pmu_Module__state__V                       
08021694  ti_sysbios_knl_Task_Module__root__V                                  
080216a0  _lock                                                                
080216a4  _unlock                                                              
080216a8  MmwDemo_RFParserHwCfg                                                
080216b0  gDPMHwAttrib                                                         
080216b8  gGPIOHwAtrrib                                                        
080216c0  ti_sysbios_family_arm_v7r_vim_Hwi_Module__root__V                    
080216c8  ti_sysbios_gates_GateHwi_Module__root__V                             
080216d0  ti_sysbios_gates_GateMutex_Module__root__V                           
080216d8  ti_sysbios_hal_Hwi_Object__table__V                                  
080216e0  ti_sysbios_heaps_HeapMem_Module__root__V                             
080216e8  ti_sysbios_knl_Queue_Module__root__V                                 
080216f0  ti_sysbios_knl_Semaphore_Module__root__V                             
080216f8  ti_sysbios_timers_rti_Timer_Module_State_0_handles__A                
08021700  xdc_runtime_LoggerBuf_Module__root__V                                
08021708  xdc_runtime_Registry_Module__state__V                                
08021710  xdc_runtime_Startup_Module__state__V                                 
08021718  xdc_runtime_System_Module__state__V                                  
08021720  xdc_runtime_LoggerBuf_Module__state__V                               
08021726  ti_sysbios_family_arm_exc_Exception_Module_State_0_excActive__A      
0802172c  gCRCRegister                                                         
08021730  gDPM                                                                 
08021734  regionId                                                             
08021738  gPinmuxRegs                                                          
08021740  errno                                                                
0802174c  main_func_sp                                                         
08021754  ti_sysbios_family_arm_a15_TimestampProvider_Module__state__V         
08021758  ti_sysbios_family_arm_exc_Exception_Module_State_0_excContext__A     
0802175c  ti_sysbios_family_arm_exc_Exception_Module_State_0_excStackBuffers__A
08021760  ti_sysbios_family_arm_exc_Exception_Module_State_0_excStack__A       
08021764  ti_sysbios_gates_GateHwi_Object__table__V                            
08021768  ti_sysbios_heaps_HeapBuf_Module__state__V                            
0802176c  ti_sysbios_knl_Task_Module_State_0_idleTask__A                       
08021770  ti_sysbios_utils_Load_Module_State_0_runningTask__A                  
08021774  ti_sysbios_utils_Load_Module_State_0_taskStartTime__A                
08021778  xdc_runtime_Memory_Module__state__V                                  
0802177c  xdc_runtime_Error_Module__state__V                                   
0802177e  xdc_runtime_Main_Module__root__V                                     
08021780  ti_sysbios_family_arm_v7r_vim_Hwi_Module_State_0_fiqStack__A         
08021f80  __stack                                                              
08022430  __STACK_END                                                          
51000000  gMmwL3                                                               
fffffdec  ti_sysbios_family_arm_v7r_vim_Hwi_vim                                
ffffffff  __TI_pprof_out_hndl                                                  
ffffffff  __TI_prof_data_size                                                  
ffffffff  __TI_prof_data_start                                                 
ffffffff  __binit__                                                            
ffffffff  __c_args__                                                           
ffffffff  binit                                                                
UNDEFED   SHT$$INIT_ARRAY$$Base                                                
UNDEFED   SHT$$INIT_ARRAY$$Limit                                               

[1233 symbols]
