******************************************************************************
                  TI ARM Linker PC v18.1.4                     
******************************************************************************
>> Linked Mon Nov  4 11:23:30 2019

OUTPUT FILE NAME:   <xwr14xx_high_accuracy_mss.xer4f>
ENTRY POINT SYMBOL: "_c_int00"  address: 00011f44


MEMORY CONFIGURATION

         name            origin    length      used     unused   attr    fill
----------------------  --------  ---------  --------  --------  ----  --------
  VECTORS               00000000   00000100  0000003c  000000c4     X
  PROG_RAM              00000100   0001ff00  000178df  00008621  R  X
  DATA_RAM              08000000   00010000  0000bb3c  000044c4  RW  
  L3_RAM                51000000   00060000  00000000  00060000  RW  
  HWA_RAM               52030000   00010000  00010000  00000000  RW  


SEGMENT ALLOCATION MAP

run origin  load origin   length   init length attrs members
----------  ----------- ---------- ----------- ----- -------
00000000    00000000    0000003c   0000003c    r--
  00000000    00000000    0000003c   0000003c    r-- .vecs
00000100    00000100    000178e8   000178e8    r-x
  00000100    00000100    000166d4   000166d4    r-x .text
  000167d8    000167d8    00000e5b   00000e5b    r-- .const
  00017638    00017638    000003b0   000003b0    r-- .cinit
08000000    08000000    0000bb40   00000000    rw-
  08000000    08000000    00008000   00000000    rw- systemHeap
  08008000    08008000    00001fac   00000000    rw- .bss
  08009fac    08009fac    00000f78   00000000    rw- .data
  0800af28    0800af28    00000800   00000000    rw- .myFiqStack
  0800b728    0800b728    00000418   00000000    rw- .stack
52030000    52030000    00010000   00000000    rw-
  52030000    52030000    00010000   00000000    rw- .hwaBufs


SECTION ALLOCATION MAP

 output                                  attributes/
section   page    origin      length       input sections
--------  ----  ----------  ----------   ----------------
systemHeap 
*          0    08000000    00008000     UNINITIALIZED
                  08000000    00008000     mmw_high_accu_14xx_per4f.oer4f (systemHeap)

.hwaBufs   0    52030000    00010000     UNINITIALIZED
                  52030000    00010000     data_path.obj (.hwaBufs)

.text      0    00000100    000166d4     
                  00000100    00000a36     rtsv7R4_T_le_v3D16_eabi.lib : _printfi.c.obj (.text:__TI_printfi)
                  00000b36    00000002     libadcbuf_xwr14xx.aer4f : adcbuf_mmwave.oer4f (.text:ADCBUF_MMWave_init)
                  00000b38    00000604     rtsv7R4_T_le_v3D16_eabi.lib : k_rem_pio2.c.obj (.text:__kernel_rem_pio2)
                  0000113c    000005d8     data_path.obj (.text:MmwDemo_dataPathConfigCommon)
                  00001714    000005d4     libhwa_xwr14xx.aer4f : hwa.oer4f (.text:HWA_configParamSet)
                  00001ce8    00000008     libosal_xwr14xx.aer4f : HwiP_tirtos.oer4f (.text:HwiP_disable)
                  00001cf0    00000570     sysbios.aer4f : BIOS.obj (.text:ti_sysbios_knl_Event_pend__E)
                  00002260    00000540     ti.targets.arm.rtsarm.aer4f : System.oer4f (.text:xdc_runtime_System_doPrint__I)
                  000027a0    000004c8     main.obj (.text:MmwDemo_parseProfileAndChirpConfig)
                  00002c68    00000008     libmmwave_xwr14xx.aer4f : mmwave_xwr14xx.oer4f (.text:MMWave_deviceGetDeviceInfo)
                  00002c70    000004c0     sysbios.aer4f : BIOS.obj (.text:ti_sysbios_knl_Semaphore_pend__E)
                  00003130    000004b8     main.obj (.text:MmwDemo_initTask)
                  000035e8    00000008     libmmwave_xwr14xx.aer4f : mmwave_link.oer4f (.text:MMWave_mboxCallbackFxn)
                  000035f0    00000440     sysbios.aer4f : BIOS.obj (.text:ti_sysbios_knl_Task_Instance_finalize__E)
                  00003a30    0000042c     libadcbuf_xwr14xx.aer4f : adcbuf_mmwave.oer4f (.text:ADCBUF_MMWave_control)
                  00003e5c    000003f4     rtsv7R4_T_le_v3D16_eabi.lib : s_cos.c.obj (.text:cos)
                  00004250    000003e8                                 : strtod.c.obj (.text:strtod)
                  00004638    000003d0     libcli_xwr14xx.aer4f : cli_mmwave.oer4f (.text:CLI_MMWaveVersion)
                  00004a08    00000394     sensor_mgmt.obj (.text:MmwDemo_sensorMgmtTask)
                  00004d9c    00000004     libedma_xwr14xx.aer4f : edma.oer4f (.text:EDMA_getNumInstances)
                  00004da0    00000370     sysbios.aer4f : BIOS.obj (.text:ti_sysbios_heaps_HeapMem_freeUnprotected__E)
                  00005110    00000354                   : BIOS.obj (.text:ti_sysbios_timers_rti_Timer_Module_startup__E)
                  00005464    0000000c     libcli_xwr14xx.aer4f : cli_mmwave.oer4f (.text:CLI_getMMWaveExtensionConfig)
                  00005470    00000304     sysbios.aer4f : BIOS.obj (.text:ti_sysbios_heaps_HeapMem_allocUnprotected__E)
                  00005774    0000000c     libedma_xwr14xx.aer4f : edma_low_level.oer4f (.text:EDMAsetRegion)
                  00005780    000002fc     sysbios.aer4f : BIOS.obj (.text:ti_sysbios_family_arm_exc_Exception_excDumpContext__I)
                  00005a7c    00000004     libosal_xwr14xx.aer4f : HwiP_tirtos.oer4f (.text:HwiP_disableInterrupt)
                  00005a80    000002fc     sysbios.aer4f : BIOS.obj (.text:ti_sysbios_knl_Task_Instance_init__E)
                  00005d7c    000002d4     libsoc_xwr14xx.aer4f : soc_xwr14xx.oer4f (.text:SOC_deviceInit)
                  00006050    000002b8     rtsv7R4_T_le_v3D16_eabi.lib : ull_div32.asm.obj (.text)
                  00006308    00000008     libosal_xwr14xx.aer4f : SemaphoreP_tirtos.oer4f (.text:SemaphoreP_Params_init)
                  00006310    000002a8     sysbios.aer4f : BIOS.obj (.text:ti_sysbios_knl_Task_schedule__I)
                  000065b8    00000290     main.obj (.text:MmwDemo_transmitProcessedOutput)
                  00006848    00000008     rtsv7R4_T_le_v3D16_eabi.lib : errno.c.obj (.text:__aeabi_errno_addr)
                  00006850    00000290     sysbios.aer4f : BIOS.obj (.text:ti_sysbios_family_arm_v7r_vim_Hwi_dispatchIRQC__I)
                  00006ae0    00000280                   : BIOS.obj (.text:ti_sysbios_family_arm_exc_Exception_excHandler__I)
                  00006d60    00000248     rtsv7R4_T_le_v3D16_eabi.lib : _printfi.c.obj (.text:_pconv_a)
                  00006fa8    00000244     libcli_xwr14xx.aer4f : cli_mmwave.oer4f (.text:CLI_MMWaveProfileCfg)
                  000071ec    00000244     mmw_high_accu_14xx_cli.obj (.text:MmwDemo_CLIInit)
                  00007430    00000224     main.obj (.text:MmwDemo_ADCBufConfig)
                  00007654    00000224     libuart_xwr14xx.aer4f : uartsci.oer4f (.text:UartSci_open)
                  00007878    00000008     libmmwavelink_xwr14xx.aer4f : rl_driver.oer4f (.text:rlDriverConstructOutMsg)
                  00007880    00000214     sysbios.aer4f : BIOS.obj (.text:ti_sysbios_knl_Event_post__E)
                  00007a94    00000210     data_path.obj (.text:MmwDemo_dcRangeSignatureCompensation)
                  00007ca4    000001f8     libcrc_xwr14xx.aer4f : crc.oer4f (.text:CRC_open)
                  00007e9c    00000004     libosal_xwr14xx.aer4f : HwiP_tirtos.oer4f (.text:HwiP_enableInterrupt)
                  00007ea0    000001f8     sysbios.aer4f : BIOS.obj (.text:ti_sysbios_heaps_HeapMem_Instance_init__E)
                  00008098    000001f2     libhwa_xwr14xx.aer4f : hwa.oer4f (.text:HWA_configCommon)
                  0000828a    00000006     libosal_xwr14xx.aer4f : HwiP_tirtos.oer4f (.text:HwiP_restore)
                  00008290    000001e4     sysbios.aer4f : BIOS.obj (.text:ti_sysbios_family_arm_v7r_vim_Hwi_reconfig__E)
                  00008474    0000000c     libmmwave_xwr14xx.aer4f : mmwave_osal.oer4f (.text:MMWave_osalMutexUnlock)
                  00008480    000001e4     sysbios.aer4f : BIOS.obj (.text:ti_sysbios_knl_Semaphore_post__E)
                  00008664    000001d8     libcli_xwr14xx.aer4f : cli_mmwave.oer4f (.text:CLI_MMWaveChirpCfg)
                  0000883c    000001d0     data_path.obj (.text:MmwDemo_processInterpolation)
                  00008a0c    00000004     libmmwave_xwr14xx.aer4f : mmwave_xwr14xx.oer4f (.text:MMWave_deviceCfgFxn)
                  00008a10    000001c4     sysbios.aer4f : BIOS.obj (.text:ti_sysbios_knl_Clock_workFunc__E)
                  00008bd4    000001c4     ti.targets.arm.rtsarm.aer4f : Error.oer4f (.text:xdc_runtime_Error_policyDefault__E)
                  00008d98    000001bc     main.obj (.text:MmwDemo_eventCallbackFxn)
                  00008f54    000001a8     libcli_xwr14xx.aer4f : cli_mmwave.oer4f (.text:CLI_MMWaveSubFrameCfg)
                  000090fc    000001a0     rtsv7R4_T_le_v3D16_eabi.lib : _printfi.c.obj (.text:_pconv_g)
                  0000929c    00000004     libmmwave_xwr14xx.aer4f : mmwave_xwr14xx.oer4f (.text:MMWave_deviceExecuteFxn)
                  000092a0    000001a0     sysbios.aer4f : BIOS.obj (.text:ti_sysbios_family_arm_v7r_vim_Hwi_initIntController__I)
                  00009440    00000194                   : BIOS.obj (.text:ti_sysbios_knl_Task_postInit__I)
                  000095d4    0000000c     libmmwave_xwr14xx.aer4f : mmwave_osal.oer4f (.text:MMWave_osalSemSignal)
                  000095e0    0000018c     sysbios.aer4f : BIOS.obj (.text:ti_sysbios_family_arm_v7r_vim_Hwi_Instance_init__E)
                  0000976c    00000004     libmmwave_xwr14xx.aer4f : mmwave_xwr14xx.oer4f (.text:MMWave_deviceInitFxn)
                  00009770    0000018c     sysbios.aer4f : BIOS.obj (.text:ti_sysbios_knl_Task_startCore__E)
                  000098fc    00000188     libhwa_xwr14xx.aer4f : hwa.oer4f (.text:HWA_open)
                  00009a84    00000188     mmw_high_accu_14xx_per4f.oer4f (.text:xdc_runtime_System_printfExtend__I)
                  00009c0c    00000184     mmw_high_accu_14xx_cli.obj (.text:MmwDemo_CLICalibDcRangeSig)
                  00009d90    00000184     libmmwavelink_xwr14xx.aer4f : rl_driver.oer4f (.text:rlDriverCmdInvoke)
                  00009f14    00000180                                 : rl_driver.oer4f (.text:rlDriverRxHdrRead)
                  0000a094    0000017c     ti.targets.arm.rtsarm.aer4f : Core-mem.oer4f (.text:xdc_runtime_Core_createObject__I)
                  0000a210    00000174     sysbios.aer4f : BIOS.obj (.text:ti_sysbios_knl_Task_exit__E)
                  0000a384    00000170     libgpio_xwr14xx.aer4f : gpio.oer4f (.text:GPIO_setConfig)
                  0000a4f4    0000000c     rtsv7R4_T_le_v3D16_eabi.lib : _lock.c.obj (.text:_register_lock)
                  0000a500    00000170     sysbios.aer4f : BIOS.obj (.text:ti_sysbios_family_arm_v7r_vim_Hwi_Module_startup__E)
                  0000a670    00000170                   : BIOS.obj (.text:ti_sysbios_heaps_HeapBuf_Module_startup__E)
                  0000a7e0    00000170                   : BIOS.obj (.text:ti_sysbios_utils_Load_updateLoads__E)
                  0000a950    00000160     libmailbox_xwr14xx.aer4f : mailbox.oer4f (.text:Mailbox_open)
                  0000aab0    00000158     ti.targets.arm.rtsarm.aer4f : Startup.oer4f (.text:xdc_runtime_Startup_startMods__I)
                  0000ac08    00000008     libmmwavelink_xwr14xx.aer4f : rl_driver.oer4f (.text:rlDriverGetHandle)
                  0000ac10    00000154     sysbios.aer4f : BIOS.obj (.text:ti_sysbios_utils_Load_updateThreadContexts__E)
                  0000ad64    00000150     libmmwave_xwr14xx.aer4f : mmwave_link.oer4f (.text:MMWave_initMMWaveLink)
                  0000aeb4    0000014c     libcli_xwr14xx.aer4f : cli_mmwave.oer4f (.text:CLI_MMWaveFrameCfg)
                  0000b000    0000014c                          : cli.oer4f (.text:CLI_task)
                  0000b14c    00000148     libmmwave_xwr14xx.aer4f : mmwave_link.oer4f (.text:MMWave_openLink)
                  0000b294    00000144     ti.targets.arm.rtsarm.aer4f : Core-smem.oer4f (.text:xdc_runtime_Core_constructObject__I)
                  0000b3d8    00000142     data_path.obj (.text:MmwDemo_edmaInit)
                  0000b51a    00000006     libmmwavelink_xwr14xx.aer4f : rl_controller.oer4f (.text:rlGetSubBlockId)
                  0000b520    00000140     sysbios.aer4f : BIOS.obj (.text:ti_sysbios_knl_Task_unblockI__E)
                  0000b660    0000013e     libuart_xwr14xx.aer4f : uartsci.oer4f (.text:UartSci_ISR)
                  0000b79e    00000002     libhwa_xwr14xx.aer4f : hwa.oer4f (.text:HWA_init)
                  0000b7a0    00000138     sysbios.aer4f : BIOS.obj (.text:ti_sysbios_family_arm_v7a_Pmu_configureCounter__E)
                  0000b8d8    00000008     mmw_high_accu_14xx_per4f.oer4f (.text:ti_sysbios_family_arm_TaskSupport_Module__startupDone__S)
                  0000b8e0    00000130     sysbios.aer4f : BIOS.obj (.text:ti_sysbios_timers_rti_Timer_getFreq__E)
                  0000ba10    0000012e     data_path.obj (.text:MmwDemo_configInterp_HWA)
                  0000bb3e    00000002     libmmwave_xwr14xx.aer4f : mmwave_xwr14xx.oer4f (.text:MMWave_deviceEventFxn)
                  0000bb40    0000012c     libcli_xwr14xx.aer4f : cli_mmwave.oer4f (.text:CLI_MMWaveContModeCfg)
                  0000bc6c    0000012c     main.obj (.text:MmwDemo_dataPathTask)
                  0000bd98    00000128     libmmwavelink_xwr14xx.aer4f : rl_driver.oer4f (.text:rlDriverMsgRead)
                  0000bec0    00000124     libcli_xwr14xx.aer4f : cli_mmwave.oer4f (.text:CLI_MMWaveAdvFrameCfg)
                  0000bfe4    00000124     libedma_xwr14xx.aer4f : edma.oer4f (.text:EDMA_init)
                  0000c108    00000008     sysbios.aer4f : a15_TimestampProvider_asm.obj (.text:ti_sysbios_family_arm_a15_TimestampProvider_get32__E)
                  0000c110    00000124                   : BIOS.obj (.text:ti_sysbios_gates_GateMutex_enter__E)
                  0000c234    0000000c     rtsv7R4_T_le_v3D16_eabi.lib : _lock.c.obj (.text:_register_unlock)
                  0000c240    00000124     sysbios.aer4f : BIOS.obj (.text:ti_sysbios_utils_Load_taskCreateHook__E)
                  0000c364    00000118     sensor_mgmt.obj (.text:MmwDemo_sensorMgmtInit)
                  0000c47c    00000004     libmmwave_xwr14xx.aer4f : mmwave_xwr14xx.oer4f (.text:MMWave_deviceOpenFxn)
                  0000c480    00000118     sysbios.aer4f : BIOS.obj (.text:ti_sysbios_timers_rti_Timer_startup__E)
                  0000c598    00000008                   : BIOS.obj (.text:ti_sysbios_family_arm_v7a_Pmu_getEnabled__E)
                  0000c5a0    00000118                   : BIOS.obj (.text:ti_sysbios_utils_Load_logLoads__I)
                  0000c6b8    00000116     data_path.obj (.text:MmwDemo_config1D_HWA)
                  0000c7ce    00000002     libmmwave_xwr14xx.aer4f : mmwave_link.oer4f (.text:MMWave_maskHostIRQ)
                  0000c7d0    00000114     libmmwavelink_xwr14xx.aer4f : rl_driver.oer4f (.text:rlDriverCmdSendRetry)
                  0000c8e4    0000000c     rtsv7R4_T_le_v3D16_eabi.lib : copy_zero_init.c.obj (.text:decompress:ZI:__TI_zero_init)
                  0000c8f0    00000114     sysbios.aer4f : BIOS.obj (.text:ti_sysbios_utils_Load_idleFxn__E)
                  0000ca04    00000108     libmailbox_xwr14xx.aer4f : mailbox.oer4f (.text:Mailbox_write)
                  0000cb0c    00000108     main.obj (.text:main)
                  0000cc14    0000000c     rtsv7R4_T_le_v3D16_eabi.lib : fputc.c.obj (.text:putchar)
                  0000cc20    00000108     sysbios.aer4f : BIOS.obj (.text:ti_sysbios_knl_Semaphore_Instance_init__E)
                  0000cd28    00000104     rtsv7R4_T_le_v3D16_eabi.lib : _printfi.c.obj (.text:_pconv_e)
                  0000ce2c    00000100     libcli_xwr14xx.aer4f : cli_mmwave.oer4f (.text:CLI_MMWaveBPMCfgAdvanced)
                  0000cf2c    00000100     libmmwave_xwr14xx.aer4f : mmwave_link.oer4f (.text:MMWave_startLink)
                  0000d02c    000000fc     libcrc_xwr14xx.aer4f : crc.oer4f (.text:CRC_computeSignature)
                  0000d128    000000fc     rtsv7R4_T_le_v3D16_eabi.lib : _printfi.c.obj (.text:fcvt)
                  0000d224    000000fc     libmmwavelink_xwr14xx.aer4f : rl_driver.oer4f (.text:rlDriverInit)
                  0000d320    000000fc     sysbios.aer4f : BIOS.obj (.text:ti_sysbios_knl_Task_blockI__E)
                  0000d41c    000000f8     libmmwavelink_xwr14xx.aer4f : rl_driver.oer4f (.text:rlDriverRdVerifyMsg)
                  0000d514    000000f2     ti.targets.arm.rtsarm.aer4f : Text.oer4f (.text:xdc_runtime_Text_putSite__E)
                  0000d606    00000002     libuart_xwr14xx.aer4f : uartsci.oer4f (.text:UartSci_init)
                  0000d608    000000f0     rtsv7R4_T_le_v3D16_eabi.lib : s_scalbn.c.obj (.text:scalbn)
                  0000d6f8    000000ec     auto_init.aer4f : auto_init.oer4f (.text)
                  0000d7e4    000000ea     data_path.obj (.text:MmwDemo_configPeakSearch_HWA)
                  0000d8ce    00000002     rtsv7R4_T_le_v3D16_eabi.lib : _lock.c.obj (.text:_nop)
                  0000d8d0    000000e4     libmmwave_xwr14xx.aer4f : mmwave_link.oer4f (.text:MMWave_asyncEventHandler)
                  0000d9b4    0000000c     libmmwavelink_xwr14xx.aer4f : rl_driver.oer4f (.text:rlDriverGetPlatformId)
                  0000d9c0    000000e4     sysbios.aer4f : BIOS.obj (.text:ti_sysbios_knl_Task_Module_startup__E)
                  0000daa4    000000e4     ti.targets.arm.rtsarm.aer4f : Text.oer4f (.text:xdc_runtime_Text_putMod__E)
                  0000db88    000000e0     libcli_xwr14xx.aer4f : cli.oer4f (.text:CLI_open)
                  0000dc68    000000e0     rtsv7R4_T_le_v3D16_eabi.lib : s_floor.c.obj (.text:floor)
                  0000dd48    00000008     ti.targets.arm.rtsarm.aer4f : Error.oer4f (.text:xdc_runtime_Error_getSite__E)
                  0000dd50    000000e0     sysbios.aer4f : BIOS.obj (.text:ti_sysbios_family_arm_v7a_Pmu_getCount__E)
                  0000de30    000000e0                   : BIOS.obj (.text:ti_sysbios_family_arm_v7a_Pmu_startCounter__E)
                  0000df10    000000dc     libmmwave_xwr14xx.aer4f : mmwave.oer4f (.text:MMWave_init)
                  0000dfec    000000dc     libmailbox_xwr14xx.aer4f : mailbox.oer4f (.text:Mailbox_read)
                  0000e0c8    000000dc     rtsv7R4_T_le_v3D16_eabi.lib : setvbuf.c.obj (.text:setvbuf)
                  0000e1a4    000000d8     libadcbuf_xwr14xx.aer4f : adcbuf_mmwave.oer4f (.text:ADCBUF_MMWave_open)
                  0000e27c    000000d4     libmmwavelink_xwr14xx.aer4f : rl_sensor.oer4f (.text:rlSetMultiBpmChirpConfig)
                  0000e350    000000d0     sysbios.aer4f : exc_Exception_asm.obj (.text:ti_sysbios_family_arm_exc_Exception_excHandlerAsm__I)
                  0000e420    000000cc     libmmwavelink_xwr14xx.aer4f : rl_sensor.oer4f (.text:rlRfCalibDataRestore)
                  0000e4ec    000000cc                                 : rl_sensor.oer4f (.text:rlSetChirpConfig)
                  0000e5b8    00000008     ti.targets.arm.rtsarm.aer4f : SysStd.oer4f (.text:xdc_runtime_SysStd_ready__E)
                  0000e5c0    000000cc     sysbios.aer4f : BIOS.obj (.text:ti_sysbios_timers_rti_Timer_initDevice__I)
                  0000e68c    000000c8     libmmwave_xwr14xx.aer4f : mmwave_fullcfg.oer4f (.text:MMWave_addChirp)
                  0000e754    000000c8                             : mmwave_link.oer4f (.text:MMWave_configBPM)
                  0000e81c    000000c8                             : mmwave_fullcfg.oer4f (.text:MMWave_flushCfg)
                  0000e8e4    000000c8                             : mmwave_fullcfg.oer4f (.text:MMWave_getChirpHandle)
                  0000e9ac    00000004                             : mmwave_xwr14xx.oer4f (.text:MMWave_deviceStartFxn)
                  0000e9b0    000000c8     sysbios.aer4f : BIOS.obj (.text:ti_sysbios_utils_Load_startup__E)
                  0000ea78    00000008     ti.targets.arm.rtsarm.aer4f : System.oer4f (.text:xdc_runtime_System_Module_startup__E)
                  0000ea80    000000c4     sysbios.aer4f : BIOS.obj (.text:ti_sysbios_family_arm_v7r_vim_Hwi_Instance_finalize__E)
                  0000eb44    000000c0     mmw_high_accu_14xx_cli.obj (.text:MmwDemo_CLIGuiMonSel)
                  0000ec04    000000c0     libmmwavelink_xwr14xx.aer4f : rl_driver.oer4f (.text:rlDriverMsgWrite)
                  0000ecc4    000000c0                                 : rl_sensor.oer4f (.text:rlSetFrameConfig)
                  0000ed84    000000bc     libcli_xwr14xx.aer4f : cli.oer4f (.text:CLI_help)
                  0000ee40    000000bc     libgpio_xwr14xx.aer4f : gpio.oer4f (.text:GPIO_write)
                  0000eefc    000000bc     libmmwave_xwr14xx.aer4f : mmwave_link.oer4f (.text:MMWave_computeCRC)
                  0000efb8    000000bc     main.obj (.text:MmwDemo_dataPathStart)
                  0000f074    0000000c     sysbios.aer4f : BIOS.obj (.text:ti_sysbios_family_arm_v7a_Pmu_configureCounterI__I)
                  0000f080    000000bc                   : BIOS.obj (.text:ti_sysbios_utils_Load_taskDeleteHook__E)
                  0000f13c    000000b7     main.obj (.text:MmwDemo_ADCBufOpen)
                  0000f1f3    00000001     --HOLE-- [fill = 0]
                  0000f1f4    000000b6     libsoc_xwr14xx.aer4f : soc_mpu.o (.text)
                  0000f2aa    00000002     rtsv7R4_T_le_v3D16_eabi.lib : div0.asm.obj (.text)
                  0000f2ac    000000b4                                 : k_cos.c.obj (.text:__kernel_cos)
                  0000f360    000000b4     ti.targets.arm.rtsarm.aer4f : Memory.oer4f (.text:xdc_runtime_Memory_alloc__E)
                  0000f414    000000b0     libmmwave_xwr14xx.aer4f : mmwave_fullcfg.oer4f (.text:MMWave_addProfile)
                  0000f4c4    000000b0     libmmwavelink_xwr14xx.aer4f : rl_sensor.oer4f (.text:rlSetProfileConfig)
                  0000f574    000000ad     rtsv7R4_T_le_v3D16_eabi.lib : _printfi.c.obj (.text:_ltostr)
                  0000f621    00000003     --HOLE-- [fill = 0]
                  0000f624    000000ac     libesm_xwr14xx.aer4f : esm.oer4f (.text:ESM_processInterrupt)
                  0000f6d0    000000ac     mmw_high_accu_14xx_cli.obj (.text:MmwDemo_CLIADCBufCfg)
                  0000f77c    000000a8     libcli_xwr14xx.aer4f : cli_mmwave.oer4f (.text:CLI_MMWaveExtensionHelp)
                  0000f824    000000a8     libedma_xwr14xx.aer4f : edma_low_level.oer4f (.text:EDMA3Init)
                  0000f8cc    000000a8     libmmwave_xwr14xx.aer4f : mmwave_link.oer4f (.text:MMWave_configureProfileChirp)
                  0000f974    000000a8                             : mmwave_fullcfg.oer4f (.text:MMWave_getBpmChirpHandle)
                  0000fa1c    000000a8     libpinmux_xwr14xx.aer4f : pinmux.oer4f (.text:Pinmux_Set_OverrideCtrl)
                  0000fac4    000000a8     rtsv7R4_T_le_v3D16_eabi.lib : k_sin.c.obj (.text:__kernel_sin)
                  0000fb6c    000000a8     libmmwavelink_xwr14xx.aer4f : rl_sensor.oer4f (.text:rlSetAdvFrameConfig)
                  0000fc14    000000a5     ti.targets.arm.rtsarm.aer4f : System.oer4f (.text:xdc_runtime_System_formatNum__I)
                  0000fcb9    00000003     --HOLE-- [fill = 0]
                  0000fcbc    000000a4     libesm_xwr14xx.aer4f : esm.oer4f (.text:ESM_init)
                  0000fd60    000000a4     libmmwave_xwr14xx.aer4f : mmwave_fullcfg.oer4f (.text:MMWave_addBpmChirp)
                  0000fe04    000000a4                             : mmwave.oer4f (.text:MMWave_start)
                  0000fea8    000000a4     mmw_high_accu_14xx_cli.obj (.text:MmwDemo_CLIRangeLimitCfg)
                  0000ff4c    000000a4     ti.targets.arm.rtsarm.aer4f : Error.oer4f (.text:xdc_runtime_Error_print__E)
                  0000fff0    000000a0     libadcbuf_xwr14xx.aer4f : adcbuf_mmwave.oer4f (.text:ADCBUF_MMWave_getChanBufAddr)
                  00010090    000000a0     libsoc_xwr14xx.aer4f : soc.oer4f (.text:SOC_registerSysIntListener)
                  00010130    000000a0     libmmwavelink_xwr14xx.aer4f : rl_driver.oer4f (.text:rlDriverWaitForResponse)
                  000101d0    0000009f     ti.targets.arm.rtsarm.aer4f : Text.oer4f (.text:xdc_runtime_Text_putLab__E)
                  0001026f    00000001     --HOLE-- [fill = 0]
                  00010270    0000009e     libuart_xwr14xx.aer4f : uartsci.oer4f (.text:UartSci_readChar)
                  0001030e    00000002     --HOLE-- [fill = 0]
                  00010310    0000009c     libmmwave_xwr14xx.aer4f : mmwave_link.oer4f (.text:MMWave_configLink)
                  000103ac    0000009c                             : mmwave_fullcfg.oer4f (.text:MMWave_getProfileHandle)
                  00010448    0000009c     libuart_xwr14xx.aer4f : uartsci.oer4f (.text:UartSci_write)
                  000104e4    0000009c     rtsv7R4_T_le_v3D16_eabi.lib : memcpy_t2.asm.obj (.text)
                  00010580    0000009c     sysbios.aer4f : BIOS.obj (.text:ti_sysbios_knl_Clock_logTick__E)
                  0001061c    0000009a     data_path.obj (.text:MmwDemo_dataPathTrigger1D)
                  000106b6    00000002     --HOLE-- [fill = 0]
                  000106b8    00000099     data_path.obj (.text:MmwDemo_hwaOpen)
                  00010751    00000003     --HOLE-- [fill = 0]
                  00010754    00000098     libmmwave_xwr14xx.aer4f : mmwave_fullcfg.oer4f (.text:MMWave_getChirpCfg)
                  000107ec    00000098                             : mmwave_link.oer4f (.text:MMWave_initLink)
                  00010884    00000098     data_path.obj (.text:MmwDemo_rangeLimit)
                  0001091c    00000098     sysbios.aer4f : vim_Hwi_asm_switch.obj (.text)
                  000109b4    00000098     ti.targets.arm.rtsarm.aer4f : Core-mem.oer4f (.text:xdc_runtime_Core_deleteObject__I)
                  00010a4c    00000096     libhwa_xwr14xx.aer4f : hwa.oer4f (.text:HWA_configRam)
                  00010ae2    00000002     --HOLE-- [fill = 0]
                  00010ae4    00000094     libmmwavelink_xwr14xx.aer4f : rl_driver.oer4f (.text:rlDriverDeInit)
                  00010b78    00000094                                 : rl_driver.oer4f (.text:rlDriverMsgReadCmdCtx)
                  00010c0c    00000094     sysbios.aer4f : vim_Hwi_asm.obj (.text:ti_sysbios_family_arm_v7r_vim_Hwi_dispatchIRQ__I)
                  00010ca0    00000094                   : BIOS.obj (.text:ti_sysbios_utils_Load_updateCurrentThreadTime__E)
                  00010d34    00000090     libmailbox_xwr14xx.aer4f : mailbox.oer4f (.text:Mailbox_close)
                  00010dc4    00000090     main.obj (.text:MmwDemo_dataPathConfig)
                  00010e54    00000090     libuart_xwr14xx.aer4f : uartsci.oer4f (.text:UartSci_read)
                  00010ee4    00000090     rtsv7R4_T_le_v3D16_eabi.lib : fputc.c.obj (.text:fputc)
                  00010f74    0000000c     sysbios.aer4f : BIOS.obj (.text:ti_sysbios_family_arm_v7a_Pmu_getCountI__E)
                  00010f80    00000090                   : BIOS.obj (.text:ti_sysbios_heaps_HeapMem_alloc__E)
                  00011010    0000008e     libhwa_xwr14xx.aer4f : hwa.oer4f (.text:HWA_readStatsReg)
                  0001109e    00000002     --HOLE-- [fill = 0]
                  000110a0    0000008c     libcli_xwr14xx.aer4f : cli_mmwave.oer4f (.text:CLI_MMWaveDataOutputMode)
                  0001112c    0000008c     libgpio_xwr14xx.aer4f : gpio.oer4f (.text:GPIO_init)
                  000111b8    0000008c     libmmwavelink_xwr14xx.aer4f : rl_device.oer4f (.text:rlDevicePowerOn)
                  00011244    0000008c                                 : rl_driver.oer4f (.text:rlDriverMsgCmdReply)
                  000112d0    0000008c     ti.targets.arm.rtsarm.aer4f : Startup.oer4f (.text:xdc_runtime_Startup_exec__E)
                  0001135c    00000088     libmmwave_xwr14xx.aer4f : mmwave_fullcfg.oer4f (.text:MMWave_getProfileCfg)
                  000113e4    00000088     mmw_high_accu_14xx_per4f.oer4f (.text:ti_sysbios_family_arm_v7r_vim_Hwi_create)
                  0001146c    00000084     libmmwave_xwr14xx.aer4f : mmwave_fullcfg.oer4f (.text:MMWave_getNumBpmChirp)
                  000114f0    00000084     libsoc_xwr14xx.aer4f : soc.oer4f (.text:SOC_init)
                  00011574    0000000c     sysbios.aer4f : tms570_Core_asm.obj (.text:ti_sysbios_family_arm_v7r_tms570_Core_getId__E)
                  00011580    00000084                   : BIOS.obj (.text:ti_sysbios_heaps_HeapMem_getStats__E)
                  00011604    00000082     libhwa_xwr14xx.aer4f : hwa.oer4f (.text:HWA_paramDoneISR)
                  00011686    00000002     --HOLE-- [fill = 0]
                  00011688    00000080     libcli_xwr14xx.aer4f : cli_mmwave.oer4f (.text:CLI_MMWaveChannelCfg)
                  00011708    00000080     libuart_xwr14xx.aer4f : uartsci.oer4f (.text:UartSci_writePolling)
                  00011788    00000080     rtsv7R4_T_le_v3D16_eabi.lib : fflush.c.obj (.text:fflush)
                  00011808    00000080     libmmwavelink_xwr14xx.aer4f : rl_driver.oer4f (.text:rlDriverExecuteGetApi)
                  00011888    00000080     mmw_high_accu_14xx_per4f.oer4f (.text:ti_sysbios_knl_Task_create)
                  00011908    00000006     libmmwavelink_xwr14xx.aer4f : rl_controller.oer4f (.text:rlGetSubBlockLen)
                  0001190e    00000002     --HOLE-- [fill = 0]
                  00011910    00000080     sysbios.aer4f : BIOS.obj (.text:ti_sysbios_utils_Load_taskSwitchHook__E)
                  00011990    0000007e     libosal_xwr14xx.aer4f : HwiP_tirtos.oer4f (.text:HwiP_create)
                  00011a0e    00000002     --HOLE-- [fill = 0]
                  00011a10    0000007c     libmmwave_xwr14xx.aer4f : mmwave.oer4f (.text:MMWave_open)
                  00011a8c    0000007c     libuart_xwr14xx.aer4f : uartsci.oer4f (.text:UartSci_readPolling)
                  00011b08    0000007c     sysbios.aer4f : arm_TaskSupport_asm.obj (.text:_ti_sysbios_family_arm_TaskSupport_buildTaskStack)
                  00011b84    0000007c     ti.targets.arm.rtsarm.aer4f : Assert.oer4f (.text:xdc_runtime_Assert_raise__I)
                  00011c00    0000007a     rtsv7R4_T_le_v3D16_eabi.lib : _printfi.c.obj (.text:_mcpy)
                  00011c7a    0000007a                                 : memset_t2.asm.obj (.text)
                  00011cf4    00000078     libcli_xwr14xx.aer4f : cli_mmwave.oer4f (.text:CLI_MMWaveADCCfg)
                  00011d6c    00000078     libmmwave_xwr14xx.aer4f : mmwave_fullcfg.oer4f (.text:MMWave_getNumChirps)
                  00011de4    00000078     sensor_mgmt.obj (.text:MmwDemo_waitSensorStartComplete)
                  00011e5c    00000074     libmmwave_xwr14xx.aer4f : mmwave.oer4f (.text:MMWave_config)
                  00011ed0    00000074     rtsv7R4_T_le_v3D16_eabi.lib : fclose.c.obj (.text:__TI_closefile)
                  00011f44    00000074     boot.aer4f : boot.oer4f (.text)
                  00011fb8    00000074     rtsv7R4_T_le_v3D16_eabi.lib : s_frexp.c.obj (.text:frexp)
                  0001202c    00000074     libmmwavelink_xwr14xx.aer4f : rl_driver.oer4f (.text:rlDriverAsyncEventHandler)
                  000120a0    00000074                                 : rl_driver.oer4f (.text:rlDriverProcRdMsg)
                  00012114    00000072                                 : rl_driver.oer4f (.text:rlDriverClientCbCheck)
                  00012186    00000002     --HOLE-- [fill = 0]
                  00012188    00000070     libhwa_xwr14xx.aer4f : hwa.oer4f (.text:HWA_getDriverAccess)
                  000121f8    00000070     libmailbox_xwr14xx.aer4f : mailbox.oer4f (.text:Mailbox_init)
                  00012268    00000070     main.obj (.text:MmwDemo_frameStartIntHandler)
                  000122d8    00000004     libmmwave_xwr14xx.aer4f : mmwave_xwr14xx.oer4f (.text:MMWave_deviceStopFxn)
                  000122dc    00000004                             : mmwave_xwr14xx.oer4f (.text:MMWave_deviceSyncFxn)
                  000122e0    00000070     sysbios.aer4f : BIOS.obj (.text:ti_sysbios_family_arm_v7r_vim_Hwi_getStackInfo__E)
                  00012350    00000070                   : BIOS.obj (.text:ti_sysbios_family_arm_v7r_vim_Hwi_phantomIntHandler__I)
                  000123c0    0000006c     libgpio_xwr14xx.aer4f : gpio.oer4f (.text:GPIO_enableInt)
                  0001242c    0000006c     libmmwave_xwr14xx.aer4f : mmwave_link.oer4f (.text:MMWave_spawn)
                  00012498    0000006c                             : mmwave_link.oer4f (.text:MMWave_stopLink)
                  00012504    0000006c     libpinmux_xwr14xx.aer4f : pinmux.oer4f (.text:Pinmux_Set_FuncSel)
                  00012570    0000006c     rtsv7R4_T_le_v3D16_eabi.lib : copy_decompress_lzss.c.obj (.text:decompress:lzss:__TI_decompress_lzss)
                  000125dc    00000004     libmmwave_xwr14xx.aer4f : mmwave_link.oer4f (.text:MMWave_disableDevice)
                  000125e0    0000006c     sysbios.aer4f : BIOS.obj (.text:ti_sysbios_heaps_HeapMem_init__I)
                  0001264c    00000004     libmmwave_xwr14xx.aer4f : mmwave_link.oer4f (.text:MMWave_enableDevice)
                  00012650    0000006c     sysbios.aer4f : BIOS.obj (.text:ti_sysbios_knl_Task_allBlockedFunction__I)
                  000126bc    0000006a     libuart_xwr14xx.aer4f : uartsci.oer4f (.text:UartSci_control)
                  00012726    00000002     --HOLE-- [fill = 0]
                  00012728    00000068     rtsv7R4_T_le_v3D16_eabi.lib : hostlseek.c.obj (.text:HOSTlseek)
                  00012790    00000068                                 : hostrename.c.obj (.text:HOSTrename)
                  000127f8    00000068     main.obj (.text:MmwDemo_mmWaveCtrlTask)
                  00012860    00000068     libmmwavelink_xwr14xx.aer4f : rl_driver.oer4f (.text:rlDriverExecuteSetApi)
                  000128c8    00000068                                 : rl_driver.oer4f (.text:rlDriverHostIrqHandler)
                  00012930    00000068     ti.targets.arm.rtsarm.aer4f : Error.oer4f (.text:xdc_runtime_Error_setX__E)
                  00012998    00000066     libmmwavelink_xwr14xx.aer4f : rl_device.oer4f (.text:rlDevicePowerOff)
                  000129fe    00000002     --HOLE-- [fill = 0]
                  00012a00    00000064     libcli_xwr14xx.aer4f : cli_mmwave.oer4f (.text:CLI_MMWaveLowPowerCfg)
                  00012a64    00000064     libmailbox_xwr14xx.aer4f : mailbox.oer4f (.text:Mailbox_boxEmptyISRBss)
                  00012ac8    00000064                              : mailbox.oer4f (.text:Mailbox_readFlush)
                  00012b2c    00000064     sensor_mgmt.obj (.text:MmwDemo_waitSensorStopComplete)
                  00012b90    00000064     libosal_xwr14xx.aer4f : SemaphoreP_tirtos.oer4f (.text:SemaphoreP_create)
                  00012bf4    00000064     rtsv7R4_T_le_v3D16_eabi.lib : _io_perm.c.obj (.text:__TI_wrt_ok)
                  00012c58    00000064                                 : fseek.c.obj (.text:fseek)
                  00012cbc    00000064     sysbios.aer4f : exc_Exception_asm.obj (.text:ti_sysbios_family_arm_exc_Exception_initCore0__I)
                  00012d20    00000064     ti.targets.arm.rtsarm.aer4f : Core-params.oer4f (.text:xdc_runtime_Core_assignParams__I)
                  00012d84    00000060     libcli_xwr14xx.aer4f : cli_mmwave.oer4f (.text:CLI_MMWaveExtensionHandler)
                  00012de4    00000060     libgpio_xwr14xx.aer4f : gpio.oer4f (.text:GPIO_setCallback)
                  00012e44    00000060     libmmwave_xwr14xx.aer4f : mmwave_xwr14xx.oer4f (.text:MMWave_deviceCfgAsyncEvent)
                  00012ea4    00000060                             : mmwave_link.oer4f (.text:MMWave_mboxOpen)
                  00012f04    00000060     libuart_xwr14xx.aer4f : uartsci.oer4f (.text:UartSci_writeChar)
                  00012f64    00000060     ti.targets.arm.rtsarm.aer4f : Text.oer4f (.text:xdc_runtime_Text_xprintf__I)
                  00012fc4    0000005c     rtsv7R4_T_le_v3D16_eabi.lib : hostopen.c.obj (.text:HOSTopen)
                  00013020    0000005c                                 : hostread.c.obj (.text:HOSTread)
                  0001307c    0000005c     libmmwave_xwr14xx.aer4f : mmwave.oer4f (.text:MMWave_stop)
                  000130d8    00000004                             : mmwave_listlib.oer4f (.text:MMWave_listGetHead)
                  000130dc    00000004                             : mmwave_listlib.oer4f (.text:MMWave_listGetNext)
                  000130e0    0000005c     sysbios.aer4f : BIOS.obj (.text:ti_sysbios_family_arm_v7r_tms570_Core_Module_startup__E)
                  0001313c    0000005c     ti.targets.arm.rtsarm.aer4f : Core-label.oer4f (.text:xdc_runtime_Core_assignLabel__I)
                  00013198    0000005a     libuart_xwr14xx.aer4f : uartsci.oer4f (.text:UartSci_readCancel)
                  000131f2    0000005a     libmmwavelink_xwr14xx.aer4f : rl_driver.oer4f (.text:rlDriverCalChkSum)
                  0001324c    00000058     libesm_xwr14xx.aer4f : esm.oer4f (.text:ESM_highpriority_FIQ)
                  000132a4    00000058     rtsv7R4_T_le_v3D16_eabi.lib : hostwrite.c.obj (.text:HOSTwrite)
                  000132fc    00000058     libmmwave_xwr14xx.aer4f : mmwave.oer4f (.text:MMWave_execute)
                  00013354    00000058     libmailbox_xwr14xx.aer4f : mailbox.oer4f (.text:Mailbox_boxFullISRBss)
                  000133ac    00000058     rtsv7R4_T_le_v3D16_eabi.lib : close.c.obj (.text:close)
                  00013404    00000058     libmmwavelink_xwr14xx.aer4f : rl_driver.oer4f (.text:rlDriverMsgReadSpawnCtx)
                  0001345c    00000004     libmmwave_xwr14xx.aer4f : mmwave_link.oer4f (.text:MMWave_mboxClose)
                  00013460    00000058     sysbios.aer4f : BIOS.obj (.text:ti_sysbios_family_arm_TaskSupport_start__E)
                  000134b8    00000004     libmmwave_xwr14xx.aer4f : mmwave_link.oer4f (.text:MMWave_mboxRead)
                  000134bc    00000004                             : mmwave_link.oer4f (.text:MMWave_registerInterruptHandler)
                  000134c0    00000058     sysbios.aer4f : BIOS.obj (.text:ti_sysbios_hal_Hwi_checkStack)
                  00013518    00000058     mmw_high_accu_14xx_per4f.oer4f (.text:ti_sysbios_rts_gnu_MemAlloc_alloc)
                  00013570    00000056     libmmwavelink_xwr14xx.aer4f : rl_driver.oer4f (.text:rlDriverOsiCbCheck)
                  000135c6    00000002     --HOLE-- [fill = 0]
                  000135c8    00000054     libcrc_xwr14xx.aer4f : crc.oer4f (.text:CRC_getTransactionId)
                  0001361c    00000054     rtsv7R4_T_le_v3D16_eabi.lib : ltoa.c.obj (.text:ltoa)
                  00013670    00000054     sysbios.aer4f : BIOS.obj (.text:ti_sysbios_hal_Hwi_initStack)
                  000136c4    00000054     mmw_high_accu_14xx_per4f.oer4f (.text:ti_sysbios_knl_Semaphore_create)
                  00013718    00000054     ti.targets.arm.rtsarm.aer4f : System.oer4f (.text:xdc_runtime_System_atexit__E)
                  0001376c    00000054                                 : System.oer4f (.text:xdc_runtime_System_putchar__I)
                  000137c0    00000053                                 : Text.oer4f (.text:xdc_runtime_Text_printVisFxn__I)
                  00013813    00000001     --HOLE-- [fill = 0]
                  00013814    00000052     rtsv7R4_T_le_v3D16_eabi.lib : _printfi.c.obj (.text:_ecpy)
                  00013866    00000002     --HOLE-- [fill = 0]
                  00013868    00000050     libcrc_xwr14xx.aer4f : crc.oer4f (.text:CRC_getSignature)
                  000138b8    00000050     libmmwave_xwr14xx.aer4f : mmwave.oer4f (.text:MMWave_sync)
                  00013908    00000050     rtsv7R4_T_le_v3D16_eabi.lib : _printfi.c.obj (.text:_pconv_f)
                  00013958    00000050                                 : atoi.c.obj (.text:atoi)
                  000139a8    00000050     libmmwavelink_xwr14xx.aer4f : rl_driver.oer4f (.text:rlDeviceIdentifyCmdDir)
                  000139f8    00000050                                 : rl_driver.oer4f (.text:rlDriverVerifyCRC)
                  00013a48    00000050     rtsv7R4_T_le_v3D16_eabi.lib : u_div32.asm.obj (.text)
                  00013a98    00000004     libmmwave_xwr14xx.aer4f : mmwave_link.oer4f (.text:MMWave_unmaskHostIRQ)
                  00013a9c    00000004                             : mmwave_link.oer4f (.text:MMWave_waitIRQStatus)
                  00013aa0    00000050     sysbios.aer4f : BIOS.obj (.text:ti_sysbios_knl_Event_pendTimeout__I)
                  00013af0    00000050                   : BIOS.obj (.text:ti_sysbios_knl_Semaphore_pendTimeout__I)
                  00013b40    0000004c     libuart_xwr14xx.aer4f : uartsci.oer4f (.text:UartSci_writeCancel)
                  00013b8c    0000004c     rtsv7R4_T_le_v3D16_eabi.lib : fflush.c.obj (.text:__TI_doflush)
                  00013bd8    0000004c                                 : cpy_tbl.c.obj (.text:copy_in)
                  00013c24    0000004c     mmw_high_accu_14xx_per4f.oer4f (.text:ti_sysbios_gates_GateHwi_Object__create__S)
                  00013c70    0000004c     mmw_high_accu_14xx_per4f.oer4f (.text:ti_sysbios_gates_GateMutex_Object__create__S)
                  00013cbc    0000004c     mmw_high_accu_14xx_per4f.oer4f (.text:ti_sysbios_heaps_HeapMem_Object__create__S)
                  00013d08    0000004c     mmw_high_accu_14xx_per4f.oer4f (.text:ti_sysbios_knl_Event_create)
                  00013d54    0000004c     mmw_high_accu_14xx_per4f.oer4f (.text:ti_sysbios_knl_Semaphore_construct)
                  00013da0    0000004b     data_path.obj (.text:MmwDemo_dataPathWait1D)
                  00013deb    00000001     --HOLE-- [fill = 0]
                  00013dec    0000004b     data_path.obj (.text:MmwDemo_dataPathWaitInterp)
                  00013e37    00000001     --HOLE-- [fill = 0]
                  00013e38    0000004b     data_path.obj (.text:MmwDemo_dataPathWaitPeakSearch)
                  00013e83    00000001     --HOLE-- [fill = 0]
                  00013e84    00000048     libcli_xwr14xx.aer4f : cli.oer4f (.text:CLI_write)
                  00013ecc    00000048     libhwa_xwr14xx.aer4f : hwa.oer4f (.text:HWA_deleteInstance)
                  00013f14    00000048                          : hwa.oer4f (.text:HWA_enableDoneInterrupt)
                  00013f5c    00000048     data_path.obj (.text:log2Approx)
                  00013fa4    00000048     libmmwavelink_xwr14xx.aer4f : rl_device.oer4f (.text:rlDeviceGetVersion)
                  00013fec    00000048                                 : rl_driver.oer4f (.text:rlDriverOsiInit)
                  00014034    00000048     mmw_high_accu_14xx_per4f.oer4f (.text:ti_sysbios_knl_Clock_doTick__I)
                  0001407c    00000048     ti.targets.arm.rtsarm.aer4f : System.oer4f (.text:xdc_runtime_System_processAtExit__E)
                  000140c4    00000046     libmailbox_xwr14xx.aer4f : mailbox.oer4f (.text:CSL_FINSR)
                  0001410a    00000002     --HOLE-- [fill = 0]
                  0001410c    00000046     data_path.obj (.text:MmwDemo_dataPathTriggerInterp)
                  00014152    00000002     --HOLE-- [fill = 0]
                  00014154    00000046     data_path.obj (.text:MmwDemo_dataPathTriggerPeakSearch)
                  0001419a    00000044     libcrc_xwr14xx.aer4f : crc.oer4f (.text:CRC_resetSignature)
                  000141de    00000002     --HOLE-- [fill = 0]
                  000141e0    00000044     rtsv7R4_T_le_v3D16_eabi.lib : hostclose.c.obj (.text:HOSTclose)
                  00014224    00000044                                 : hostunlink.c.obj (.text:HOSTunlink)
                  00014268    00000044                                 : exit.c.obj (.text:exit)
                  000142ac    00000044                                 : getdevice.c.obj (.text:getdevice)
                  000142f0    00000044     sysbios.aer4f : BIOS.obj (.text:ti_sysbios_heaps_HeapMem_free__E)
                  00014334    00000044     mmw_high_accu_14xx_per4f.oer4f (.text:ti_sysbios_knl_Queue_construct)
                  00014378    00000004     libuart_xwr14xx.aer4f : uartsci_nodma.oer4f (.text:UartSci_noDMAClose)
                  0001437c    00000004                           : uartsci_nodma.oer4f (.text:UartSci_noDMAIsDMAEnabled)
                  00014380    00000044     sysbios.aer4f : BIOS.obj (.text:ti_sysbios_timers_rti_Timer_periodicStub__E)
                  000143c4    00000044     ti.targets.arm.rtsarm.aer4f : Text.oer4f (.text:xdc_runtime_Text_cordText__E)
                  00014408    00000042     libhwa_xwr14xx.aer4f : hwa.oer4f (.text:HWA_reset)
                  0001444a    00000042     libmmwave_xwr14xx.aer4f : mmwave_link.oer4f (.text:MMWave_executeLink)
                  0001448c    00000040                             : mmwave.oer4f (.text:MMWave_decodeError)
                  000144cc    00000040     rtsv7R4_T_le_v3D16_eabi.lib : _printfi.c.obj (.text:_fcpy)
                  0001450c    00000040     libmmwavelink_xwr14xx.aer4f : rl_driver.oer4f (.text:rlDriverValidateHdr)
                  0001454c    00000040     rtsv7R4_T_le_v3D16_eabi.lib : sprintf.c.obj (.text:sprintf)
                  0001458c    00000040                                 : strtok.c.obj (.text:strtok)
                  000145cc    00000040     mmw_high_accu_14xx_per4f.oer4f (.text:ti_sysbios_BIOS_atExitFunc__I)
                  0001460c    00000040     rtsv7R4_T_le_v3D16_eabi.lib : vsnprintf.c.obj (.text:vsnprintf)
                  0001464c    00000040     ti.targets.arm.rtsarm.aer4f : System.oer4f (.text:xdc_runtime_System_avprintf__E)
                  0001468c    0000003e     libadcbuf_xwr14xx.aer4f : adcbuf_mmwave.oer4f (.text:CSL_FINSR)
                  000146ca    0000003e     libcrc_xwr14xx.aer4f : crc.oer4f (.text:CSL_FINSR)
                  00014708    0000003e     libgpio_xwr14xx.aer4f : gpio.oer4f (.text:CSL_FINSR)
                  00014746    0000003e     libhwa_xwr14xx.aer4f : hwa.oer4f (.text:CSL_FINSR)
                  00014784    0000003e     libpinmux_xwr14xx.aer4f : pinmux.oer4f (.text:CSL_FINSR)
                  000147c2    0000003e     libsoc_xwr14xx.aer4f : soc.oer4f (.text:CSL_FINSR)
                  00014800    0000003e                          : soc_xwr14xx.oer4f (.text:CSL_FINSR)
                  0001483e    0000003e     libuart_xwr14xx.aer4f : uartsci.oer4f (.text:CSL_FINSR)
                  0001487c    0000003e     libhwa_xwr14xx.aer4f : hwa.oer4f (.text:HWA_enable)
                  000148ba    0000003e     libuart_xwr14xx.aer4f : uartsci.oer4f (.text:UartSci_close)
                  000148f8    0000003c     libcli_xwr14xx.aer4f : cli_mmwave.oer4f (.text:CLI_MMWaveFlushCfg)
                  00014934    0000003c     libmailbox_xwr14xx.aer4f : mailbox.oer4f (.text:Mailbox_writeReset)
                  00014970    0000003c     libsoc_xwr14xx.aer4f : soc.oer4f (.text:SOC_unhaltBSS)
                  000149ac    0000003c     rtsv7R4_T_le_v3D16_eabi.lib : trgmsg.c.obj (.text:__TI_writemsg)
                  000149e8    0000003c     libmmwavelink_xwr14xx.aer4f : rl_controller.oer4f (.text:rlGetSubBlock)
                  00014a24    0000003c     sysbios.aer4f : vim_Hwi_asm.obj (.text:ti_sysbios_family_arm_v7r_vim_Hwi_init__I)
                  00014a60    0000003c     ti.targets.arm.rtsarm.aer4f : System.oer4f (.text:xdc_runtime_System_vprintf__E)
                  00014a9c    0000003a     libhwa_xwr14xx.aer4f : hwa.oer4f (.text:HWA_setDMA2ACCManualTrig)
                  00014ad6    00000002     --HOLE-- [fill = 0]
                  00014ad8    0000003a     libosal_xwr14xx.aer4f : HwiP_tirtos.oer4f (.text:HwiP_delete)
                  00014b12    00000002     --HOLE-- [fill = 0]
                  00014b14    00000038     libadcbuf_xwr14xx.aer4f : adcbuf_mmwave.oer4f (.text:ADCBUF_MMWave_close)
                  00014b4c    00000038     libedma_xwr14xx.aer4f : edma_low_level.oer4f (.text:EDMA3ClrMissEvt)
                  00014b84    00000038     mmw_high_accu_14xx_cli.obj (.text:MmwDemo_CLISensorStart)
                  00014bbc    00000038     libuart_xwr14xx.aer4f : UART.oer4f (.text:UART_init)
                  00014bf4    00000038     mmw_high_accu_14xx_per4f.oer4f (.text:ti_sysbios_BIOS_startFunc__I)
                  00014c2c    00000004     libuart_xwr14xx.aer4f : uartsci_nodma.oer4f (.text:UartSci_noDMAOpen)
                  00014c30    00000038     sysbios.aer4f : BIOS.obj (.text:ti_sysbios_knl_Task_restore__E)
                  00014c68    00000036     libmmwavelink_xwr14xx.aer4f : rl_controller.oer4f (.text:rlAppendSubBlock)
                  00014c9e    00000036     rtsv7R4_T_le_v3D16_eabi.lib : strncpy.c.obj (.text:strncpy)
                  00014cd4    00000035     data_path.obj (.text:MmwDemo_hwaInit)
                  00014d09    00000003     --HOLE-- [fill = 0]
                  00014d0c    00000034     libadcbuf_xwr14xx.aer4f : ADCBuf.oer4f (.text:ADCBuf_open)
                  00014d40    00000034     libmmwave_xwr14xx.aer4f : mmwave_link.oer4f (.text:MMWave_mboxWrite)
                  00014d74    00000034     libsoc_xwr14xx.aer4f : soc_xwr14xx.oer4f (.text:SOC_enableHWA)
                  00014da8    00000034                          : soc.oer4f (.text:SOC_getDevicePartNumber)
                  00014ddc    00000034     libuart_xwr14xx.aer4f : UART.oer4f (.text:UART_open)
                  00014e10    00000034     rtsv7R4_T_le_v3D16_eabi.lib : fopen.c.obj (.text:__TI_cleanup)
                  00014e44    00000034                                 : trgmsg.c.obj (.text:__TI_readmsg)
                  00014e78    00000034                                 : getdevice.c.obj (.text:finddevice)
                  00014eac    00000034     mmw_high_accu_14xx_per4f.oer4f (.text:ti_sysbios_BIOS_registerRTSLock__I)
                  00014ee0    00000034     mmw_high_accu_14xx_per4f.oer4f (.text:ti_sysbios_BIOS_removeRTSLock__I)
                  00014f14    00000034     mmw_high_accu_14xx_per4f.oer4f (.text:ti_sysbios_family_arm_v7r_vim_Hwi_Object__delete__S)
                  00014f48    00000034     mmw_high_accu_14xx_per4f.oer4f (.text:ti_sysbios_gates_GateMutex_Object__delete__S)
                  00014f7c    00000004     rtsv7R4_T_le_v3D16_eabi.lib : exit.c.obj (.text:abort:abort)
                  00014f80    00000034     sysbios.aer4f : BIOS.obj (.text:ti_sysbios_knl_Clock_Module_startup__E)
                  00014fb4    0000000c     ti.targets.arm.rtsarm.aer4f : SysStd.oer4f (.text:xdc_runtime_SysStd_exit__E)
                  00014fc0    00000034     sysbios.aer4f : BIOS.obj (.text:ti_sysbios_knl_Idle_run__E)
                  00014ff4    00000034     mmw_high_accu_14xx_per4f.oer4f (.text:ti_sysbios_knl_Semaphore_Object__delete__S)
                  00015028    00000034     ti.targets.arm.rtsarm.aer4f : Registry.oer4f (.text:xdc_runtime_Registry_findById__E)
                  0001505c    00000034                                 : SysStd.oer4f (.text:xdc_runtime_SysStd_abort__E)
                  00015090    00000032     libcrc_xwr14xx.aer4f : crc.oer4f (.text:CRC_getCRCDataSelectBitValue)
                  000150c2    00000002     --HOLE-- [fill = 0]
                  000150c4    00000032                          : crc.oer4f (.text:CRC_getCRCTypeBitValue)
                  000150f6    00000002     --HOLE-- [fill = 0]
                  000150f8    00000032     libhwa_xwr14xx.aer4f : hwa.oer4f (.text:HWA_allParamDoneISR)
                  0001512a    00000002     --HOLE-- [fill = 0]
                  0001512c    00000030     libadcbuf_xwr14xx.aer4f : ADCBuf.oer4f (.text:ADCBuf_init)
                  0001515c    00000030     libmmwave_xwr14xx.aer4f : mmwave_listlib.oer4f (.text:MMWave_listRemoveNode)
                  0001518c    00000030     rtsv7R4_T_le_v3D16_eabi.lib : vsnprintf.c.obj (.text:_outs)
                  000151bc    00000030     libmmwavelink_xwr14xx.aer4f : rl_sensor.oer4f (.text:rlSensorStart)
                  000151ec    00000030     mmw_high_accu_14xx_per4f.oer4f (.text:ti_sysbios_BIOS_rtsLock__I)
                  0001521c    00000004     mmw_high_accu_14xx_per4f.oer4f (.text:ti_sysbios_BIOS_RtsGateProxy_enter__E)
                  00015220    00000030     sysbios.aer4f : BIOS.obj (.text:ti_sysbios_family_arm_a15_TimestampProvider_autoRefreshFxn__I)
                  00015250    00000030                   : BIOS.obj (.text:ti_sysbios_family_arm_v7r_vim_Hwi_disableInterrupt__E)
                  00015280    00000030                   : BIOS.obj (.text:ti_sysbios_family_arm_v7r_vim_Hwi_enableInterrupt__E)
                  000152b0    00000030     mmw_high_accu_14xx_per4f.oer4f (.text:ti_sysbios_gates_GateHwi_Object__delete__S)
                  000152e0    00000030     sysbios.aer4f : BIOS.obj (.text:ti_sysbios_gates_GateMutex_Instance_init__E)
                  00015310    00000030     mmw_high_accu_14xx_per4f.oer4f (.text:ti_sysbios_heaps_HeapMem_Object__delete__S)
                  00015340    00000030     sysbios.aer4f : BIOS.obj (.text:ti_sysbios_knl_Task_restoreHwi__E)
                  00015370    00000030     ti.targets.arm.rtsarm.aer4f : Error.oer4f (.text:xdc_runtime_Error_check__E)
                  000153a0    00000030                                 : Error.oer4f (.text:xdc_runtime_Error_raiseX__E)
                  000153d0    00000030                                 : Memory.oer4f (.text:xdc_runtime_Memory_valloc__E)
                  00015400    0000002e     libmmwave_xwr14xx.aer4f : mmwave_osal.oer4f (.text:MMWave_osalMutexCreate)
                  0001542e    0000002e                             : mmwave_osal.oer4f (.text:MMWave_osalSemCreate)
                  0001545c    0000002d     main.obj (.text:_MmwDemo_debugAssert)
                  00015489    00000003     --HOLE-- [fill = 0]
                  0001548c    0000002c     libgpio_xwr14xx.aer4f : gpio.oer4f (.text:GPIO_HighPriorityISR)
                  000154b8    0000002c                           : gpio.oer4f (.text:GPIO_LowPriorityISR)
                  000154e4    0000002c     libsoc_xwr14xx.aer4f : soc_xwr14xx.oer4f (.text:SOC_waitBSSPowerUp)
                  00015510    0000002c     libmmwavelink_xwr14xx.aer4f : rl_device.oer4f (.text:rlDeviceGetMssVersion)
                  0001553c    0000002c                                 : rl_sensor.oer4f (.text:rlSensorStop)
                  00015568    0000002c     mmw_high_accu_14xx_per4f.oer4f (.text:ti_sysbios_BIOS_errorRaiseHook__I)
                  00015594    0000002c     mmw_high_accu_14xx_per4f.oer4f (.text:ti_sysbios_gates_GateHwi_Handle__label__S)
                  000155c0    0000002c     mmw_high_accu_14xx_per4f.oer4f (.text:ti_sysbios_gates_GateMutex_Handle__label__S)
                  000155ec    0000002c     mmw_high_accu_14xx_per4f.oer4f (.text:ti_sysbios_heaps_HeapMem_Handle__label__S)
                  00015618    0000002c     mmw_high_accu_14xx_per4f.oer4f (.text:ti_sysbios_knl_Semaphore_destruct)
                  00015644    0000000c     mmw_high_accu_14xx_per4f.oer4f (.text:xdc_runtime_Text_visitRope__I)
                  00015650    0000002c     sysbios.aer4f : BIOS.obj (.text:ti_sysbios_knl_Task_enter__I)
                  0001567c    0000002c     rtsv7R4_T_le_v3D16_eabi.lib : unlink.c.obj (.text:unlink)
                  000156a8    0000002a     libsoc_xwr14xx.aer4f : soc.oer4f (.text:SOC_SystemISR)
                  000156d2    0000002a     libmmwavelink_xwr14xx.aer4f : rl_device.oer4f (.text:rlDeviceGetMmWaveLinkVersion)
                  000156fc    0000002a     rtsv7R4_T_le_v3D16_eabi.lib : strspn.c.obj (.text:strspn)
                  00015726    00000002     --HOLE-- [fill = 0]
                  00015728    00000028     libuart_xwr14xx.aer4f : uartsci_nodma.oer4f (.text:UartSci_noDMAInitiateRxDMA)
                  00015750    00000028                           : uartsci_nodma.oer4f (.text:UartSci_noDMAInitiateTxDMA)
                  00015778    00000028     mmw_high_accu_14xx_per4f.oer4f (.text:free)
                  000157a0    00000028     rtsv7R4_T_le_v3D16_eabi.lib : lseek.c.obj (.text:lseek)
                  000157c8    00000028     libmmwavelink_xwr14xx.aer4f : rl_driver.oer4f (.text:rlDriverConstructInMsg)
                  000157f0    00000028     mmw_high_accu_14xx_per4f.oer4f (.text:ti_sysbios_BIOS_rtsUnlock__I)
                  00015818    00000004     mmw_high_accu_14xx_per4f.oer4f (.text:ti_sysbios_BIOS_RtsGateProxy_leave__E)
                  0001581c    00000004     mmw_high_accu_14xx_per4f.oer4f (.text:ti_sysbios_BIOS_nullFunc__I)
                  00015820    00000028     sysbios.aer4f : BIOS.obj (.text:ti_sysbios_family_arm_v7a_Pmu_Module_startup__E)
                  00015848    00000028     mmw_high_accu_14xx_per4f.oer4f (.text:ti_sysbios_family_arm_v7r_vim_Hwi_Module__startupDone__F)
                  00015870    00000028     sysbios.aer4f : BIOS.obj (.text:ti_sysbios_gates_GateMutex_leave__E)
                  00015898    00000028     mmw_high_accu_14xx_per4f.oer4f (.text:ti_sysbios_knl_Queue_destruct)
                  000158c0    00000028     mmw_high_accu_14xx_per4f.oer4f (.text:ti_sysbios_timers_rti_Timer_Module__startupDone__F)
                  000158e8    00000028     rtsv7R4_T_le_v3D16_eabi.lib : write.c.obj (.text:write)
                  00015910    00000028     ti.targets.arm.rtsarm.aer4f : Error.oer4f (.text:xdc_runtime_Error_init__E)
                  00015938    00000028                                 : System.oer4f (.text:xdc_runtime_System_abort__E)
                  00015960    00000028     mmw_high_accu_14xx_per4f.oer4f (.text:xdc_runtime_System_aprintf__E)
                  00015988    00000028     mmw_high_accu_14xx_per4f.oer4f (.text:xdc_runtime_System_printf__E)
                  000159b0    00000026     rtsv7R4_T_le_v3D16_eabi.lib : memcmp.c.obj (.text:memcmp)
                  000159d6    00000026     libmmwavelink_xwr14xx.aer4f : rl_sensor.oer4f (.text:rlRfInitCalibConfig)
                  000159fc    00000026                                 : rl_sensor.oer4f (.text:rlRfRunTimeCalibConfig)
                  00015a22    00000026                                 : rl_sensor.oer4f (.text:rlRfSetCalMonFreqLimitConfig)
                  00015a48    00000026                                 : rl_sensor.oer4f (.text:rlRfSetDeviceCfg)
                  00015a6e    00000026                                 : rl_sensor.oer4f (.text:rlSetAdcOutConfig)
                  00015a94    00000026                                 : rl_sensor.oer4f (.text:rlSetBpmCommonConfig)
                  00015aba    00000026                                 : rl_sensor.oer4f (.text:rlSetChannelConfig)
                  00015ae0    00000026                                 : rl_sensor.oer4f (.text:rlSetContModeConfig)
                  00015b06    00000024     libcrc_xwr14xx.aer4f : crc.oer4f (.text:CRC_isTransactionIdValid)
                  00015b2a    00000002     --HOLE-- [fill = 0]
                  00015b2c    00000024     libedma_xwr14xx.aer4f : edma_low_level.oer4f (.text:EDMA3ClrEvt)
                  00015b50    00000024                           : edma_low_level.oer4f (.text:EDMA3ClrIntr)
                  00015b74    00000024                           : edma_low_level.oer4f (.text:EDMA3DisableEvtIntr)
                  00015b98    00000024     libgpio_xwr14xx.aer4f : gpio.oer4f (.text:GPIO_processInterrupt)
                  00015bbc    00000024     libmailbox_xwr14xx.aer4f : mailbox.oer4f (.text:Mailbox_Config_init)
                  00015be0    00000024     main.obj (.text:MmwDemo_dataPathOpen)
                  00015c04    00000024     libmmwavelink_xwr14xx.aer4f : rl_sensor.oer4f (.text:rlEnableContMode)
                  00015c28    00000024                                 : rl_sensor.oer4f (.text:rlRfSetCalMonTimeUnitConfig)
                  00015c4c    00000024                                 : rl_sensor.oer4f (.text:rlSetLowPowerModeConfig)
                  00015c70    00000024     ti.targets.arm.rtsarm.aer4f : System.oer4f (.text:xdc_runtime_System_exit__E)
                  00015c94    00000022     rtsv7R4_T_le_v3D16_eabi.lib : strcspn.c.obj (.text:strcspn)
                  00015cb6    00000002     --HOLE-- [fill = 0]
                  00015cb8    00000020     libcli_xwr14xx.aer4f : cli_mmwave.oer4f (.text:CLI_MMWaveExtensionInit)
                  00015cd8    00000020     libedma_xwr14xx.aer4f : edma_low_level.oer4f (.text:EDMA3DisableDmaEvt)
                  00015cf8    00000020                           : edma_low_level.oer4f (.text:EDMA3QdmaClrMissEvt)
                  00015d18    00000020     libesm_xwr14xx.aer4f : esm.oer4f (.text:ESM_lowpriority_IRQ)
                  00015d38    00000020     libmmwave_xwr14xx.aer4f : mmwave_listlib.oer4f (.text:MMWave_listCat)
                  00015d58    00000020     main.obj (.text:MmwDemo_dataPathInit)
                  00015d78    00000020     sensor_mgmt.obj (.text:MmwDemo_notifySensorStart)
                  00015d98    00000020     data_path.obj (.text:MmwDemo_peakSearch)
                  00015db8    00000020     data_path.obj (.text:MmwDemo_pow2roundup)
                  00015dd8    00000020     sensor_mgmt.obj (.text:MmwDemo_switchPressFxn)
                  00015df8    00000020     libpinmux_xwr14xx.aer4f : pinmux.oer4f (.text:Pinmux_Unlock)
                  00015e18    00000020     libmmwavelink_xwr14xx.aer4f : rl_sensor.oer4f (.text:rlRfInit)
                  00015e38    00000020     mmw_high_accu_14xx_per4f.oer4f (.text:ti_sysbios_BIOS_exitFunc__I)
                  00015e58    00000004     mmw_high_accu_14xx_per4f.oer4f (.text:ti_sysbios_family_arm_v7r_vim_Hwi_delete)
                  00015e5c    00000004     mmw_high_accu_14xx_per4f.oer4f (.text:ti_sysbios_heaps_HeapMem_Module_GateProxy_enter__E)
                  00015e60    00000020     sysbios.aer4f : BIOS.obj (.text:ti_sysbios_family_arm_v7r_vim_Hwi_clearInterrupt__E)
                  00015e80    0000001e     libmmwave_xwr14xx.aer4f : mmwave_fullcfg.oer4f (.text:MMWave_internalDelChirp)
                  00015e9e    0000001c     libcrc_xwr14xx.aer4f : crc.oer4f (.text:CRC_releaseTransactionId)
                  00015eba    0000001c     libadcbuf_xwr14xx.aer4f : adcbuf_mmwave.oer4f (.text:CSL_FEXTR)
                  00015ed6    0000001c     libhwa_xwr14xx.aer4f : hwa.oer4f (.text:CSL_FEXTR)
                  00015ef2    0000001c     libmmwave_xwr14xx.aer4f : mmwave.oer4f (.text:CSL_FEXTR)
                  00015f0e    0000001c     libsoc_xwr14xx.aer4f : soc.oer4f (.text:CSL_FEXTR)
                  00015f2a    0000001c                          : soc_xwr14xx.oer4f (.text:CSL_FEXTR)
                  00015f46    0000001c     libuart_xwr14xx.aer4f : uartsci.oer4f (.text:CSL_FEXTR)
                  00015f62    0000001c     libmmwave_xwr14xx.aer4f : mmwave_listlib.oer4f (.text:MMWave_listRemove)
                  00015f7e    00000002     --HOLE-- [fill = 0]
                  00015f80    0000001c     sysbios.aer4f : arm_TaskSupport_asm.obj (.text:_ti_sysbios_family_arm_TaskSupport_glue)
                  00015f9c    0000001c     rtsv7R4_T_le_v3D16_eabi.lib : memccpy.c.obj (.text:memccpy)
                  00015fb8    0000001c     sysbios.aer4f : a15_TimestampProvider_asm.obj (.text:ti_sysbios_family_arm_a15_TimestampProvider_initCCNT__I)
                  00015fd4    0000001c     mmw_high_accu_14xx_per4f.oer4f (.text:ti_sysbios_heaps_HeapMem_Object__get__S)
                  00015ff0    0000001c     sysbios.aer4f : BIOS.obj (.text:ti_sysbios_knl_Event_Instance_init__E)
                  0001600c    0000001c     mmw_high_accu_14xx_per4f.oer4f (.text:xdc_runtime_Startup_exec__I)
                  00016028    0000001c     ti.targets.arm.rtsarm.aer4f : System.oer4f (.text:xdc_runtime_System_vsnprintf__E)
                  00016044    0000001c                                 : Text.oer4f (.text:xdc_runtime_Text_ropeText__E)
                  00016060    0000001a     libedma_xwr14xx.aer4f : edma_low_level.oer4f (.text:EDMA3SetPaRAM)
                  0001607a    0000001a     libmmwave_xwr14xx.aer4f : mmwave.oer4f (.text:MMWave_encodeError)
                  00016094    0000001a                             : mmwave_listlib.oer4f (.text:MMWave_listAdd)
                  000160ae    0000001a     rtsv7R4_T_le_v3D16_eabi.lib : sprintf.c.obj (.text:_outs)
                  000160c8    0000001a                                 : s_copysign.c.obj (.text:copysign)
                  000160e2    0000001a     libmmwavelink_xwr14xx.aer4f : rl_sensor.oer4f (.text:rlGetRfDieId)
                  000160fc    00000018     libedma_xwr14xx.aer4f : edma_low_level.oer4f (.text:EDMA3DisableQdmaEvt)
                  00016114    00000018     libmmwave_xwr14xx.aer4f : mmwave_osal.oer4f (.text:MMWave_osalMutexLock)
                  0001612c    00000018                             : mmwave_osal.oer4f (.text:MMWave_osalSemWait)
                  00016144    00000018     libuart_xwr14xx.aer4f : UART.oer4f (.text:UART_Params_init)
                  0001615c    00000018     rtsv7R4_T_le_v3D16_eabi.lib : args_main.c.obj (.text:_args_main)
                  00016174    00000018                                 : vsnprintf.c.obj (.text:_outc)
                  0001618c    00000018     sysbios.aer4f : arm_TaskSupport_asm.obj (.text:_ti_sysbios_family_arm_TaskSupport_swap__E)
                  000161a4    00000018     libmmwavelink_xwr14xx.aer4f : rl_device.oer4f (.text:rlDeviceGetRfVersion)
                  000161bc    00000018                                 : rl_driver.oer4f (.text:rlDriverCalCRC)
                  000161d4    00000018                                 : rl_driver.oer4f (.text:rlDriverFillPayload)
                  000161ec    00000018                                 : rl_driver.oer4f (.text:rlDriverIsDeviceMapValid)
                  00016204    00000018     rtsv7R4_T_le_v3D16_eabi.lib : strcmp.c.obj (.text:strcmp)
                  0001621c    00000004     mmw_high_accu_14xx_per4f.oer4f (.text:ti_sysbios_heaps_HeapMem_Module_GateProxy_leave__E)
                  00016220    00000018     sysbios.aer4f : BIOS.obj (.text:ti_sysbios_BIOS_setThreadType__E)
                  00016238    00000004     mmw_high_accu_14xx_per4f.oer4f (.text:ti_sysbios_knl_Clock_TimerProxy_getMaxTicks__E)
                  0001623c    00000004     mmw_high_accu_14xx_per4f.oer4f (.text:ti_sysbios_knl_Semaphore_delete)
                  00016240    00000018     sysbios.aer4f : BIOS.obj (.text:ti_sysbios_BIOS_start__E)
                  00016258    00000018                   : BIOS.obj (.text:ti_sysbios_family_arm_v7a_Pmu_initCounters__I)
                  00016270    00000018                   : BIOS.obj (.text:ti_sysbios_hal_Hwi_Module_startup__E)
                  00016288    00000018     mmw_high_accu_14xx_per4f.oer4f (.text:ti_sysbios_heaps_HeapBuf_Object__get__S)
                  000162a0    00000018     sysbios.aer4f : BIOS.obj (.text:ti_sysbios_knl_Idle_loop__E)
                  000162b8    00000004     mmw_high_accu_14xx_per4f.oer4f (.text:xdc_runtime_Startup_reset__I)
                  000162bc    00000004     ti.targets.arm.rtsarm.aer4f : SysStd.oer4f (.text:xdc_runtime_SysStd_putch__E)
                  000162c0    00000018     sysbios.aer4f : BIOS.obj (.text:ti_sysbios_knl_Queue_empty__E)
                  000162d8    00000018     mmw_high_accu_14xx_per4f.oer4f (.text:ti_sysbios_knl_Task_Object__get__S)
                  000162f0    00000018     sysbios.aer4f : BIOS.obj (.text:ti_sysbios_knl_Task_disable__E)
                  00016308    00000016     rtsv7R4_T_le_v3D16_eabi.lib : strchr.c.obj (.text:strchr)
                  0001631e    00000016                                 : strlen.c.obj (.text:strlen)
                  00016334    00000014     libcli_xwr14xx.aer4f : cli_mmwave.oer4f (.text:CLI_getMMWaveExtensionOpenConfig)
                  00016348    00000014     libosal_xwr14xx.aer4f : HwiP_tirtos.oer4f (.text:HwiP_Params_init)
                  0001635c    00000014     libmmwave_xwr14xx.aer4f : mmwave_fullcfg.oer4f (.text:MMWave_internalDelBpmChirp)
                  00016370    00000014                             : mmwave_fullcfg.oer4f (.text:MMWave_internalDelProfile)
                  00016384    00000014                             : mmwave_osal.oer4f (.text:MMWave_osalMutexDelete)
                  00016398    00000014                             : mmwave_osal.oer4f (.text:MMWave_osalSemDelete)
                  000163ac    00000014     mmw_high_accu_14xx_cli.obj (.text:MmwDemo_CLISensorStop)
                  000163c0    00000014     sensor_mgmt.obj (.text:MmwDemo_notifySensorStop)
                  000163d4    00000014     libpinmux_xwr14xx.aer4f : pinmux.oer4f (.text:Pinmux_Lock)
                  000163e8    00000014     libosal_xwr14xx.aer4f : DebugP_tirtos.oer4f (.text:_DebugP_assert)
                  000163fc    00000014     libmmwavelink_xwr14xx.aer4f : rl_controller.oer4f (.text:rlAppendDummy)
                  00016410    00000014     rtsv7R4_T_le_v3D16_eabi.lib : strcpy.c.obj (.text:strcpy)
                  00016424    0000000a     libadcbuf_xwr14xx.aer4f : ADCBuf.oer4f (.text:ADCBuf_control)
                  0001642e    00000002     --HOLE-- [fill = 0]
                  00016430    00000014     sysbios.aer4f : BIOS.obj (.text:ti_sysbios_family_arm_TaskSupport_checkStack__E)
                  00016444    0000000a     libosal_xwr14xx.aer4f : MemoryP_tirtos.oer4f (.text:MemoryP_ctrlFree)
                  0001644e    00000002     --HOLE-- [fill = 0]
                  00016450    00000014     sysbios.aer4f : BIOS.obj (.text:ti_sysbios_family_arm_a15_TimestampProvider_Module_startup__E)
                  00016464    0000000a     libosal_xwr14xx.aer4f : SemaphoreP_tirtos.oer4f (.text:SemaphoreP_post)
                  0001646e    00000002     --HOLE-- [fill = 0]
                  00016470    00000014     sysbios.aer4f : BIOS.obj (.text:ti_sysbios_family_arm_v7r_vim_Hwi_switchFromBootStack__E)
                  00016484    0000000a     libuart_xwr14xx.aer4f : UART.oer4f (.text:UART_read)
                  0001648e    00000002     --HOLE-- [fill = 0]
                  00016490    00000014     sysbios.aer4f : BIOS.obj (.text:ti_sysbios_gates_GateMutex_Instance_finalize__E)
                  000164a4    0000000a     libuart_xwr14xx.aer4f : UART.oer4f (.text:UART_write)
                  000164ae    00000002     --HOLE-- [fill = 0]
                  000164b0    00000014     sysbios.aer4f : BIOS.obj (.text:ti_sysbios_knl_Semaphore_Instance_finalize__E)
                  000164c4    00000014     ti.targets.arm.rtsarm.aer4f : Gate.oer4f (.text:xdc_runtime_Gate_leaveSystem__E)
                  000164d8    00000014     mmw_high_accu_14xx_per4f.oer4f (.text:xdc_runtime_IHeap_alloc)
                  000164ec    00000014     mmw_high_accu_14xx_per4f.oer4f (.text:xdc_runtime_IHeap_free)
                  00016500    00000014     ti.targets.arm.rtsarm.aer4f : Memory.oer4f (.text:xdc_runtime_Memory_calloc__E)
                  00016514    00000014                                 : Memory.oer4f (.text:xdc_runtime_Memory_free__E)
                  00016528    00000012     libcrc_xwr14xx.aer4f : crc.oer4f (.text:CRC_initConfigParams)
                  0001653a    00000012     libosal_xwr14xx.aer4f : MemoryP_tirtos.oer4f (.text:MemoryP_ctrlAlloc)
                  0001654c    00000012                           : SemaphoreP_tirtos.oer4f (.text:SemaphoreP_pend)
                  0001655e    00000012     rtsv7R4_T_le_v3D16_eabi.lib : wcslen.c.obj (.text:wcslen)
                  00016570    00000010     libcrc_xwr14xx.aer4f : crc.oer4f (.text:CRC_getSignatureRegister)
                  00016580    00000010     data_path.obj (.text:MmwDemo_dataPathHwaDoneIsrCallback)
                  00016590    00000010     sysbios.aer4f : BIOS.obj (.text:ti_sysbios_BIOS_getCpuFreq__E)
                  000165a0    00000010                   : BIOS.obj (.text:ti_sysbios_family_arm_TaskSupport_getStackAlignment__E)
                  000165b0    00000010                   : a15_TimestampProvider_asm.obj (.text:ti_sysbios_family_arm_a15_TimestampProvider_getOverflowCCNT__I)
                  000165c0    00000010                   : BIOS.obj (.text:ti_sysbios_family_arm_exc_Exception_Module_startup__E)
                  000165d0    00000010                   : BIOS.obj (.text:ti_sysbios_family_arm_v7a_Pmu_disableInterruptI__E)
                  000165e0    00000010                   : BIOS.obj (.text:ti_sysbios_family_arm_v7a_Pmu_enableInterruptI__E)
                  000165f0    00000010                   : BIOS.obj (.text:ti_sysbios_family_arm_v7a_Pmu_getNumCounters__E)
                  00016600    00000010                   : BIOS.obj (.text:ti_sysbios_family_arm_v7a_Pmu_startCounterI__E)
                  00016610    00000010                   : BIOS.obj (.text:ti_sysbios_family_arm_v7a_Pmu_stopCounterI__E)
                  00016620    00000010     mmw_high_accu_14xx_per4f.oer4f (.text:ti_sysbios_family_arm_v7r_vim_Hwi_Params__init__S)
                  00016630    00000010     mmw_high_accu_14xx_per4f.oer4f (.text:ti_sysbios_knl_Queue_Object__get__S)
                  00016640    00000010     mmw_high_accu_14xx_per4f.oer4f (.text:ti_sysbios_knl_Semaphore_Params__init__S)
                  00016650    00000010     mmw_high_accu_14xx_per4f.oer4f (.text:ti_sysbios_knl_Task_Params__init__S)
                  00016660    00000010     sysbios.aer4f : BIOS.obj (.text:ti_sysbios_utils_Load_getCPULoad__E)
                  00016670    00000010                   : BIOS.obj (.text:ti_sysbios_utils_Load_taskRegHook__E)
                  00016680    00000010     ti.targets.arm.rtsarm.aer4f : Gate.oer4f (.text:xdc_runtime_Gate_enterSystem__E)
                  00016690    00000010                                 : Memory.oer4f (.text:xdc_runtime_Memory_getMaxDefaultTypeAlign__E)
                  000166a0    00000010                                 : Startup.oer4f (.text:xdc_runtime_Startup_rtsDone__E)
                  000166b0    0000000e     libadcbuf_xwr14xx.aer4f : ADCBuf.oer4f (.text:ADCBuf_Params_init)
                  000166be    0000000e     libmmwave_xwr14xx.aer4f : mmwave.oer4f (.text:MMWave_decodeErrorLevel)
                  000166cc    0000000e     libosal_xwr14xx.aer4f : SemaphoreP_tirtos.oer4f (.text:SemaphoreP_delete)
                  000166da    0000000e     rtsv7R4_T_le_v3D16_eabi.lib : copy_decompress_none.c.obj (.text:decompress:none:__TI_decompress_none)
                  000166e8    00000004     mmw_high_accu_14xx_per4f.oer4f (.text:xdc_runtime_System_Module_GateProxy_enter__E)
                  000166ec    00000004     mmw_high_accu_14xx_per4f.oer4f (.text:xdc_runtime_System_Module_GateProxy_leave__E)
                  000166f0    0000000c     sysbios.aer4f : BIOS.obj (.text:ti_sysbios_family_arm_v7r_vim_Hwi_startup__E)
                  000166fc    00000004     ti.targets.arm.rtsarm.aer4f : System.oer4f (.text:xdc_runtime_System_aprintf_va__F)
                  00016700    0000000c     sysbios.aer4f : BIOS.obj (.text:ti_sysbios_gates_GateHwi_enter__E)
                  0001670c    00000004     ti.targets.arm.rtsarm.aer4f : System.oer4f (.text:xdc_runtime_System_printf_va__F)
                  00016710    0000000c     sysbios.aer4f : BIOS.obj (.text:ti_sysbios_knl_Queue_Instance_init__E)
                  0001671c    0000000a     libuart_xwr14xx.aer4f : UART.oer4f (.text:UART_writePolling)
                  00016726    0000000a     rtsv7R4_T_le_v3D16_eabi.lib : sprintf.c.obj (.text:_outc)
                  00016730    00000008     sysbios.aer4f : BIOS.obj (.text:ti_sysbios_gates_GateHwi_leave__E)
                  00016738    00000008                   : BIOS.obj (.tramp.ti_sysbios_family_arm_v7r_vim_Hwi_enableInterrupt__E.1)
                  00016740    00000008                   : BIOS.obj (.text:ti_sysbios_gates_GateHwi_query__E)
                  00016748    00000008                   : BIOS.obj (.tramp.ti_sysbios_family_arm_v7r_vim_Hwi_disableInterrupt__E.1)
                  00016750    00000008                   : BIOS.obj (.text:ti_sysbios_gates_GateMutex_query__E)
                  00016758    00000008     ti.targets.arm.rtsarm.aer4f : Memory.oer4f (.tramp.xdc_runtime_Memory_free__E.1)
                  00016760    00000008     sysbios.aer4f : BIOS.obj (.text:ti_sysbios_heaps_HeapMem_isBlocking__E)
                  00016768    00000008     ti.targets.arm.rtsarm.aer4f : Assert.oer4f (.tramp.xdc_runtime_Assert_raise__I.1)
                  00016770    00000008     sysbios.aer4f : BIOS.obj (.text:ti_sysbios_timers_rti_Timer_getMaxTicks__E)
                  00016778    00000008     main.obj (.tramp.main.1)
                  00016780    00000004     sysbios.aer4f : BIOS.obj (.text:ti_sysbios_BIOS_linkedWithIncorrectBootLibrary__E)
                  00016784    0000000c     rtsv7R4_T_le_v3D16_eabi.lib : fputc.c.obj (.tramp.putchar.1)
                  00016790    00000004     sysbios.aer4f : BIOS.obj (.text:ti_sysbios_gates_GateHwi_Instance_init__E)
                  00016794    0000000c     rtsv7R4_T_le_v3D16_eabi.lib : fflush.c.obj (.tramp.fflush.1)
                  000167a0    00000004     sysbios.aer4f : BIOS.obj (.text:ti_sysbios_knl_Task_startup__E)
                  000167a4    0000000c     rtsv7R4_T_le_v3D16_eabi.lib : memcpy_t2.asm.obj (.tramp.memcpy.1)
                  000167b0    0000000c                                 : memset_t2.asm.obj (.tramp.memset.1)
                  000167bc    0000000c     libcli_xwr14xx.aer4f : cli.oer4f (.tramp.CLI_write.1)
                  000167c8    0000000c     rtsv7R4_T_le_v3D16_eabi.lib : cpy_tbl.c.obj (.tramp.copy_in.1)

.const     0    000167d8    00000e5b     
                  000167d8    000002b8     libmmwavelink_xwr14xx.aer4f : rl_sensor.oer4f (.const:$O1$$)
                  00016a90    00000158     rtsv7R4_T_le_v3D16_eabi.lib : k_rem_pio2.c.obj (.const:$O1$$)
                  00016be8    00000101                                 : ctype.c.obj (.const:.string:_ctypes_)
                  00016ce9    00000004     libcli_xwr14xx.aer4f : cli.oer4f (.const:.string:$P$T0$1)
                  00016ced    00000001     mmw_high_accu_14xx_per4f.oer4f (.const:xdc_runtime_Error_policy__C)
                  00016cee    00000002     mmw_high_accu_14xx_per4f.oer4f (.const:ti_sysbios_family_arm_exc_Exception_Module__id__C)
                  00016cf0    000000c8     rtsv7R4_T_le_v3D16_eabi.lib : strtod.c.obj (.const:$O1$$)
                  00016db8    000000a0     libcli_xwr14xx.aer4f : cli_mmwave.oer4f (.const:.string)
                  00016e58    00000080     mmw_high_accu_14xx_per4f.oer4f (.const:ti_sysbios_family_arm_v7r_vim_Hwi_channelMap__A)
[...]
0001745c  ti_sysbios_knl_Clock_Module__diagsMask__C                            
00017460  ti_sysbios_knl_Clock_Module__loggerFxn1__C                           
00017464  ti_sysbios_knl_Clock_Module__loggerFxn2__C                           
00017468  ti_sysbios_knl_Clock_Module__loggerObj__C                            
0001746c  ti_sysbios_knl_Event_A_badContext__C                                 
00017470  ti_sysbios_knl_Event_A_eventInUse__C                                 
00017474  ti_sysbios_knl_Event_A_nullEventId__C                                
00017478  ti_sysbios_knl_Event_A_nullEventMasks__C                             
0001747c  ti_sysbios_knl_Event_A_pendTaskDisabled__C                           
00017480  ti_sysbios_knl_Event_Instance_State_pendQ__O                         
00017484  ti_sysbios_knl_Event_LM_pend__C                                      
00017488  ti_sysbios_knl_Event_LM_post__C                                      
0001748c  ti_sysbios_knl_Event_Module__diagsEnabled__C                         
00017490  ti_sysbios_knl_Event_Module__diagsIncluded__C                        
00017494  ti_sysbios_knl_Event_Module__diagsMask__C                            
00017498  ti_sysbios_knl_Event_Module__loggerFxn4__C                           
0001749c  ti_sysbios_knl_Event_Module__loggerFxn8__C                           
000174a0  ti_sysbios_knl_Event_Module__loggerObj__C                            
000174a4  ti_sysbios_knl_Semaphore_A_badContext__C                             
000174a8  ti_sysbios_knl_Semaphore_A_noEvents__C                               
000174ac  ti_sysbios_knl_Semaphore_A_overflow__C                               
000174b0  ti_sysbios_knl_Semaphore_A_pendTaskDisabled__C                       
000174b4  ti_sysbios_knl_Semaphore_Instance_State_pendQ__O                     
000174b8  ti_sysbios_knl_Semaphore_LM_pend__C                                  
000174bc  ti_sysbios_knl_Semaphore_LM_post__C                                  
000174c0  ti_sysbios_knl_Semaphore_Module__diagsEnabled__C                     
000174c4  ti_sysbios_knl_Semaphore_Module__diagsIncluded__C                    
000174c8  ti_sysbios_knl_Semaphore_Module__diagsMask__C                        
000174cc  ti_sysbios_knl_Semaphore_Module__loggerFxn2__C                       
000174d0  ti_sysbios_knl_Semaphore_Module__loggerFxn4__C                       
000174d4  ti_sysbios_knl_Semaphore_Module__loggerObj__C                        
000174d8  ti_sysbios_knl_Task_A_badPriority__C                                 
000174dc  ti_sysbios_knl_Task_A_badTaskState__C                                
000174e0  ti_sysbios_knl_Task_A_badThreadType__C                               
000174e4  ti_sysbios_knl_Task_A_noPendElem__C                                  
000174e8  ti_sysbios_knl_Task_E_spOutOfBounds__C                               
000174ec  ti_sysbios_knl_Task_E_stackOverflow__C                               
000174f0  ti_sysbios_knl_Task_LD_block__C                                      
000174f4  ti_sysbios_knl_Task_LD_exit__C                                       
000174f8  ti_sysbios_knl_Task_LD_ready__C                                      
000174fc  ti_sysbios_knl_Task_LM_switch__C                                     
00017500  ti_sysbios_knl_Task_Module_State_inactiveQ__O                        
00017504  ti_sysbios_knl_Task_Module__diagsEnabled__C                          
00017508  ti_sysbios_knl_Task_Module__diagsIncluded__C                         
0001750c  ti_sysbios_knl_Task_Module__diagsMask__C                             
00017510  ti_sysbios_knl_Task_Module__loggerFxn2__C                            
00017514  ti_sysbios_knl_Task_Module__loggerFxn4__C                            
00017518  ti_sysbios_knl_Task_Module__loggerObj__C                             
0001751c  ti_sysbios_knl_Task_Object__count__C                                 
00017520  ti_sysbios_knl_Task_Object__heap__C                                  
00017524  ti_sysbios_knl_Task_allBlockedFunc__C                                
00017528  ti_sysbios_knl_Task_defaultStackHeap__C                              
0001752c  ti_sysbios_knl_Task_defaultStackSize__C                              
00017530  ti_sysbios_knl_Task_numConstructedTasks__C                           
00017534  ti_sysbios_timers_rti_Timer_E_cannotSupport__C                       
00017538  ti_sysbios_timers_rti_Timer_Module__diagsEnabled__C                  
0001753c  ti_sysbios_timers_rti_Timer_Module__diagsIncluded__C                 
00017540  ti_sysbios_timers_rti_Timer_Module__diagsMask__C                     
00017544  ti_sysbios_timers_rti_Timer_numTimerDevices__C                       
00017548  ti_sysbios_timers_rti_Timer_startupNeeded__C                         
0001754c  ti_sysbios_utils_Load_LS_cpuLoad__C                                  
00017550  ti_sysbios_utils_Load_LS_taskLoad__C                                 
00017554  ti_sysbios_utils_Load_Module_State_taskList__O                       
00017558  ti_sysbios_utils_Load_Module__diagsEnabled__C                        
0001755c  ti_sysbios_utils_Load_Module__diagsIncluded__C                       
00017560  ti_sysbios_utils_Load_Module__diagsMask__C                           
00017564  ti_sysbios_utils_Load_Module__loggerFxn1__C                          
00017568  ti_sysbios_utils_Load_Module__loggerFxn4__C                          
0001756c  ti_sysbios_utils_Load_Module__loggerObj__C                           
00017570  ti_sysbios_utils_Load_postUpdate__C                                  
00017574  ti_sysbios_utils_Load_windowInMs__C                                  
00017578  xdc_runtime_Assert_E_assertFailed__C                                 
0001757c  xdc_runtime_Core_A_initializedParams__C                              
00017580  xdc_runtime_Core_Module__diagsEnabled__C                             
00017584  xdc_runtime_Core_Module__diagsIncluded__C                            
00017588  xdc_runtime_Core_Module__diagsMask__C                                
0001758c  xdc_runtime_Error_E_memory__C                                        
00017590  xdc_runtime_Error_Module__diagsEnabled__C                            
00017594  xdc_runtime_Error_Module__diagsIncluded__C                           
00017598  xdc_runtime_Error_Module__diagsMask__C                               
0001759c  xdc_runtime_Error_Module__loggerFxn8__C                              
000175a0  xdc_runtime_Error_Module__loggerObj__C                               
000175a4  xdc_runtime_Error_policyFxn__C                                       
000175a8  xdc_runtime_Error_raiseHook__C                                       
000175ac  xdc_runtime_IGateProvider_Interface__BASE__C                         
000175b0  xdc_runtime_IHeap_Interface__BASE__C                                 
000175b4  xdc_runtime_IModule_Interface__BASE__C                               
000175b8  xdc_runtime_Log_L_error__C                                           
000175bc  xdc_runtime_Memory_defaultHeapInstance__C                            
000175c0  xdc_runtime_Startup_execImpl__C                                      
000175c4  xdc_runtime_Startup_maxPasses__C                                     
000175c8  xdc_runtime_Startup_sfxnRts__C                                       
000175cc  xdc_runtime_Startup_sfxnTab__C                                       
000175d0  xdc_runtime_System_Module__gateObj__C                                
000175d4  xdc_runtime_System_abortFxn__C                                       
000175d8  xdc_runtime_System_exitFxn__C                                        
000175dc  xdc_runtime_System_extendFxn__C                                      
000175e0  xdc_runtime_System_maxAtexitHandlers__C                              
000175e4  xdc_runtime_Text_charTab__C                                          
000175e8  xdc_runtime_Text_nameEmpty__C                                        
000175ec  xdc_runtime_Text_nameStatic__C                                       
000175f0  xdc_runtime_Text_nameUnknown__C                                      
000175f4  xdc_runtime_Text_visitRopeFxn__C                                     
000175f8  ti_sysbios_family_arm_v7r_tms570_Core_Module__id__C                  
000175fa  ti_sysbios_family_arm_v7r_vim_Hwi_Module__id__C                      
000175fc  ti_sysbios_family_arm_v7r_vim_Hwi_Module__loggerDefined__C           
000175fe  ti_sysbios_gates_GateMutex_Module__id__C                             
00017600  ti_sysbios_hal_Hwi_Module__id__C                                     
00017602  ti_sysbios_heaps_HeapMem_Module__id__C                               
00017604  ti_sysbios_knl_Clock_Module__id__C                                   
00017606  ti_sysbios_knl_Clock_Module__loggerDefined__C                        
00017608  ti_sysbios_knl_Event_Module__id__C                                   
0001760a  ti_sysbios_knl_Event_Module__loggerDefined__C                        
0001760c  ti_sysbios_knl_Semaphore_Module__id__C                               
0001760e  ti_sysbios_knl_Semaphore_Module__loggerDefined__C                    
00017610  ti_sysbios_knl_Task_Module__id__C                                    
00017612  ti_sysbios_knl_Task_Module__loggerDefined__C                         
00017614  ti_sysbios_timers_rti_Timer_Module__id__C                            
00017616  ti_sysbios_timers_rti_Timer_continueOnSuspend__C                     
00017618  ti_sysbios_utils_Load_Module__id__C                                  
0001761a  ti_sysbios_utils_Load_Module__loggerDefined__C                       
0001761c  ti_sysbios_utils_Load_autoAddTasks__C                                
0001761e  ti_sysbios_utils_Load_updateInIdle__C                                
00017620  xdc_runtime_Core_Module__id__C                                       
00017622  xdc_runtime_Error_Module__loggerDefined__C                           
00017624  xdc_runtime_Error_maxDepth__C                                        
00017626  xdc_runtime_Main_Module__id__C                                       
00017628  xdc_runtime_Memory_Module__id__C                                     
0001762a  xdc_runtime_Text_charCnt__C                                          
0001762c  xdc_runtime_Text_isLoaded__C                                         
0001762e  xdc_runtime_Text_registryModsLastId__C                               
00017630  xdc_runtime_Text_unnamedModsLastId__C                                
00017632  xdc_runtime_Text_charTab__A                                          
00017638  __TI_static_base__                                                   
000179a0  __TI_Handler_Table_Base                                              
000179ac  __TI_Handler_Table_Limit                                             
000179c8  __TI_CINIT_Base                                                      
000179e8  __TI_CINIT_Limit                                                     
08000000  ti_sysbios_heaps_HeapMem_Instance_State_0_buf__A                     
08008000  ti_sysbios_family_arm_exc_Exception_Module_State_0_excStack_0__A     
08009000  gMmwMCB                                                              
08009418  ti_sysbios_knl_Task_Instance_State_0_stack__A                        
08009738  edmaDbg                                                              
080099b4  gCLI                                                                 
08009b58  __CIOBUF_                                                            
08009c78  gGPIOMCB                                                             
08009d8c  gMMWave_MCB                                                          
08009e64  __TI_tmpnams                                                         
08009f04  gEsmMCB                                                              
08009f74  gMmwSessionMgmtMCB                                                   
08009f8c  gHighAccuConfig                                                      
08009f9c  parmbuf                                                              
08009fa4  gHWADriverPtr                                                        
08009fa8  ti_sysbios_knl_Task_Instance_State_0_hookEnv__A                      
08009fac  rl_txMsg                                                             
0800a0ac  rl_rxMsg                                                             
0800a390  ti_sysbios_family_arm_v7r_vim_Hwi_Module_State_0_dispatchTable__A    
0800a590  gCLIMMWaveOpenCfg                                                    
0800a5b0  partInfoStringArray                                                  
0800a610  gCLIMMWaveExtensionTable                                             
0800a6b8  gCLIMMWaveControlCfg                                                 
0800a784  _ftable                                                              
0800a874  ti_sysbios_utils_Load_Module__state__V                               
0800a90c  ti_sysbios_knl_Task_Module_State_0_readyQ__A                         
0800a98c  _device                                                              
0800aa04  _stream                                                              
0800aa54  gUartSciHwCfg                                                        
0800aaa4  ti_sysbios_knl_Task_Object__table__V                                 
0800aaf0  gMailboxMCB                                                          
0800ab38  ti_sysbios_knl_Task_Module__state__V                                 
0800ab7c  ti_sysbios_gates_GateMutex_Object__table__V                          
0800abb4  ti_sysbios_timers_rti_Timer_Object__table__V                         
0800abec  ti_sysbios_family_arm_v7r_vim_Hwi_Module__state__V                   
0800ac20  ti_sysbios_family_arm_v7r_vim_Hwi_Object__table__V                   
0800ac4c  ti_sysbios_knl_Clock_Module__state__V                                
0800ac78  gUartSciFxnTable                                                     
0800aca0  UART_config                                                          
0800acc4  gHWAHwCfg                                                            
0800ace8  ti_sysbios_BIOS_Module__state__V                                     
0800ad0c  ti_sysbios_knl_Clock_Object__table__V                                
0800ad2c  xdc_runtime_Error_IgnoreBlock                                        
0800ad4c  xdc_runtime_System_Module_State_0_atexitHandlers__A                  
0800ad6c  ti_sysbios_utils_Load_Module_State_0_taskEnv__A                      
0800ad88  ADCBuf_config                                                        
0800ada0  gMailboxMssBssHwCfg                                                  
0800adb8  ti_sysbios_heaps_HeapMem_Object__table__V                            
0800add0  ti_sysbios_timers_rti_Timer_Module_State_0_device__A                 
0800ade8  ti_sysbios_family_arm_exc_Exception_Module__state__V                 
0800adfc  gSOCHwAttrib                                                         
0800ae0c  __TI_ft_end                                                          
0800ae10  __aeabi_stdin                                                        
0800ae14  __aeabi_stdout                                                       
0800ae18  __aeabi_stderr                                                       
0800ae1c  ti_sysbios_timers_rti_Timer_Module_State_0_intFreqs__A               
0800ae2c  ti_sysbios_timers_rti_Timer_Module__state__V                         
0800ae3c  __TI_cleanup_ptr                                                     
0800ae40  __TI_dtors_ptr                                                       
0800ae44  __TI_enable_exit_profile_output                                      
0800ae48  gESMHwCfgAttrs                                                       
0800ae54  ti_sysbios_family_arm_v7a_Pmu_Module__state__V                       
0800ae60  _lock                                                                
0800ae64  _unlock                                                              
0800ae68  gGPIOHwAtrrib                                                        
0800ae70  ti_sysbios_family_arm_v7r_vim_Hwi_Module__root__V                    
0800ae78  ti_sysbios_gates_GateHwi_Module__root__V                             
0800ae80  ti_sysbios_gates_GateMutex_Module__root__V                           
0800ae88  ti_sysbios_hal_Hwi_Object__table__V                                  
0800ae90  ti_sysbios_heaps_HeapMem_Module__root__V                             
0800ae98  ti_sysbios_knl_Event_Module__root__V                                 
0800aea0  ti_sysbios_knl_Queue_Module__root__V                                 
0800aea8  ti_sysbios_knl_Semaphore_Module__root__V                             
0800aeb0  ti_sysbios_knl_Task_Module__root__V                                  
0800aeb8  ti_sysbios_timers_rti_Timer_Module_State_0_handles__A                
0800aec0  xdc_runtime_Registry_Module__state__V                                
0800aec8  xdc_runtime_Startup_Module__state__V                                 
0800aed0  xdc_runtime_System_Module__state__V                                  
0800aedc  gCRCRegister                                                         
0800aee0  regionId                                                             
0800aee4  gPinmuxRegs                                                          
0800aeec  errno                                                                
0800aef0  main_func_sp                                                         
0800aef8  ti_sysbios_family_arm_a15_TimestampProvider_Module__state__V         
0800aefc  ti_sysbios_family_arm_exc_Exception_Module_State_0_excContext__A     
0800af00  ti_sysbios_family_arm_exc_Exception_Module_State_0_excStackBuffers__A
0800af04  ti_sysbios_family_arm_exc_Exception_Module_State_0_excStack__A       
0800af08  ti_sysbios_gates_GateHwi_Object__table__V                            
0800af0c  ti_sysbios_heaps_HeapBuf_Module__state__V                            
0800af10  ti_sysbios_knl_Task_Module_State_0_idleTask__A                       
0800af14  ti_sysbios_utils_Load_Module_State_0_runningTask__A                  
0800af18  ti_sysbios_utils_Load_Module_State_0_taskStartTime__A                
0800af1c  xdc_runtime_Memory_Module__state__V                                  
0800af20  ti_sysbios_family_arm_exc_Exception_Module_State_0_excActive__A      
0800af22  xdc_runtime_Error_Module__state__V                                   
0800af28  ti_sysbios_family_arm_v7r_vim_Hwi_Module_State_0_fiqStack__A         
0800b728  __stack                                                              
0800bb40  __STACK_END                                                          
52030000  gMmwHwaMemBuf                                                        
fffffdec  ti_sysbios_family_arm_v7r_vim_Hwi_vim                                
ffffffff  __TI_pprof_out_hndl                                                  
ffffffff  __TI_prof_data_size                                                  
ffffffff  __TI_prof_data_start                                                 
ffffffff  __binit__                                                            
ffffffff  __c_args__                                                           
ffffffff  binit                                                                
UNDEFED   SHT$$INIT_ARRAY$$Base                                                
UNDEFED   SHT$$INIT_ARRAY$$Limit                                               

[984 symbols]
