******************************************************************************
               TMS320C6x Linker PC v8.3.3                      
******************************************************************************
>> Linked Mon Apr 12 23:51:55 2021

OUTPUT FILE NAME:   <high_accuracy_68xx_dss.xe674>
ENTRY POINT SYMBOL: "_c_int00"  address: 007fbaa0


MEMORY CONFIGURATION

         name            origin    length      used     unused   attr    fill
----------------------  --------  ---------  --------  --------  ----  --------
PAGE 0:
  L2SRAM_UMAP1          007e0000   00020000  00020000  00000000  RWIX
  L2SRAM_UMAP0          00800000   00020000  0001037b  0000fc85  RWIX
  L1PSRAM               00e00000   00007000  000022c0  00004d40  RWIX
  L1DSRAM               00f00000   00004000  00004000  00000000  RWIX
  L3SRAM                20000000   000c0000  00002b20  000bd4e0  RWIX
  HWA_RAM               21030000   00010000  00000000  00010000  RWIX
  HSRAM                 21080000   00008000  00002020  00005fe0  RWIX

PAGE 1:
  L3SRAM                20000000   000c0000  00010000  000b0000  RWIX


SEGMENT ALLOCATION MAP

run origin  load origin   length   init length attrs members
----------  ----------- ---------- ----------- ----- -------
007e0000    007e0000    00021060   00021060    r-x
  007e0000    007e0000    00000200   00000200    r-x .vecs
  007e0200    007e0200    0001fe00   0001fe00    r-x .text.1
  00800000    00800000    00001060   00001060    r-x .text.2
00801060    00801060    0000be00   00000000    rw-
  00801060    00801060    00005000   00000000    rw- .l2data
  00806060    00806060    00004000   00000000    rw- systemHeap
  0080a060    0080a060    00002e00   00000000    rw- .far
0080ce60    0080ce60    00001d29   00001d29    r--
  0080ce60    0080ce60    00001d29   00001d29    r-- .const
0080eb90    0080eb90    000014e0   000010c6    rw-
  0080eb90    0080eb90    000010c6   000010c6    rw- .fardata
  0080fc58    0080fc58    00000418   00000000    rw- .stack
00810070    00810070    000001d4   000001d4    r--
  00810070    00810070    000001d4   000001d4    r-- .switch
00810248    00810248    00000120   00000000    rw-
  00810248    00810248    00000120   00000000    rw- .cio
00810368    00810368    00000010   00000010    rw-
  00810368    00810368    00000010   00000010    rw- .neardata
00810378    00810378    00000010   00000010    r--
  00810378    00810378    00000010   00000010    r-- .ovly
00e00000    20000000    000022c0   000022c0    r-x
  00e00000    20000000    000022c0   000022c0    r-x .fastCode
00f00000    00f00000    00004000   00000000    rw-
  00f00000    00f00000    00004000   00000000    rw- .l1data
200022c0    200022c0    00000860   00000860    r-x
  200022c0    200022c0    00000860   00000860    r-x .overlay
21080000    21080000    00002020   00000000    rw-
  21080000    21080000    00002020   00000000    rw- .hsramdata
20000000    20000000    00010000   00000000    rw-
  20000000    20000000    00010000   00000000    rw- .l3data


SECTION ALLOCATION MAP

 output                                  attributes/
section   page    origin      length       input sections
--------  ----  ----------  ----------   ----------------
.vecs      0    007e0000    00000200     
                  007e0000    00000200     dss_mmw_pe674.oe674 (.vecs)

.text.1    0    007e0200    0001fe00     
                  007e0200    00002040     rts6740_elf.lib : _printfi.c.obj (.text:__TI_printfi)
                  007e2240    000008a0     ti.targets.rts6000.ae674 : System.oe674 (.text:xdc_runtime_System_doPrint__I)
                  007e2ae0    000007e0     sysbios.ae674 : BIOS.obj (.text:ti_sysbios_knl_Event_pend__E)
                  007e32c0    00000780                   : BIOS.obj (.text:ti_sysbios_family_c64p_Exception_handler__I)
                  007e3a40    00000760                   : BIOS.obj (.text:ti_sysbios_knl_Semaphore_pend__E)
                  007e41a0    00000680     libadcbuf_xwr68xx.ae674 : adcbuf_mmwave.oe674 (.text:ADCBUF_MMWave_control)
                  007e4820    00000680     dss_data_path.oe674 (.text:MmwDemo_initConfigStruct)
                  007e4ea0    00000660     rts6740_elf.lib : _printfi.c.obj (.text:_pconv_a)
                  007e5500    00000620     sysbios.ae674 : BIOS.obj (.text:ti_sysbios_heaps_HeapMem_allocUnprotected__E)
                  007e5b20    000005e0     rts6740_elf.lib : divd.c.obj (.text:__c6xabi_divd)
                  007e6100    000005c0     sysbios.ae674 : BIOS.obj (.text:ti_sysbios_heaps_HeapMem_freeUnprotected__E)
                  007e66c0    000005a0     dss_main.oe674 (.text:MmwDemo_dssDataPathTask)
                  007e6c60    00000540     sysbios.ae674 : BIOS.obj (.text:ti_sysbios_knl_Task_Instance_finalize__E)
                  007e71a0    00000500     libmmwave_xwr68xx.ae674 : mmwave_dualcore.oe674 (.text:MMWave_deviceExecuteFxn)
                  007e76a0    00000480     sysbios.ae674 : BIOS.obj (.text:ti_sysbios_knl_Task_sleep__E)
                  007e7b20    00000440                   : BIOS.obj (.text:ti_sysbios_timers_rti_Timer_Module_startup__E)
                  007e7f60    00000420     libmailbox_xwr68xx.ae674 : mailbox.oe674 (.text:Mailbox_open)
                  007e8380    00000400     rts6740_elf.lib : _printfi.c.obj (.text:_pconv_g)
                  007e8780    00000400     libmmwavelink_xwr68xx.ae674 : rl_driver.oe674 (.text:rlDriverRxHdrRead)
                  007e8b80    000003c0     sysbios.ae674 : BIOS.obj (.text:ti_sysbios_knl_Task_Instance_init__E)
                  007e8f40    000003a0     dsplib.ae674 : DSPF_sp_fftSPxSP.oe674 (.text:optimized)
                  007e92e0    000003a0     sysbios.ae674 : BIOS.obj (.text:ti_sysbios_family_c64p_Cache_Module_startup__E)
                  007e9680    00000380                   : BIOS.obj (.text:ti_sysbios_knl_Task_Module_startup__E)
                  007e9a00    00000360     libcrc_xwr68xx.ae674 : crc.oe674 (.text:CRC_open)
                  007e9d60    00000360     libmmwavelink_xwr68xx.ae674 : rl_driver.oe674 (.text:rlDriverMsgRead)
                  007ea0c0    00000360     sysbios.ae674 : BIOS.obj (.text:ti_sysbios_knl_Event_post__E)
                  007ea420    00000320     libuart_xwr68xx.ae674 : uartsci.oe674 (.text:UartSci_open)
                  007ea740    00000320     rts6740_elf.lib : cos.c.obj (.text:cos)
                  007eaa60    00000320                     : fputs.c.obj (.text:fputs)
                  007ead80    00000320     sysbios.ae674 : BIOS.obj (.text:ti_sysbios_knl_Semaphore_post__E)
                  007eb0a0    000002e0     libmmwavelink_xwr68xx.ae674 : rl_driver.oe674 (.text:rlDriverCmdSendRetry)
                  007eb380    000002e0     rts6740_elf.lib : sin.c.obj (.text:sin)
                  007eb660    000002e0     sysbios.ae674 : BIOS.obj (.text:ti_sysbios_heaps_HeapMem_Instance_init__E)
                  007eb940    000002c0     libedma_xwr68xx.ae674 : edma.oe674 (.text:EDMA_configChannel)
                  007ebc00    000002c0                           : edma.oe674 (.text:EDMA_configErrorMonitoring)
                  007ebec0    000002c0     libmmwavelink_xwr68xx.ae674 : rl_driver.oe674 (.text:rlDriverCmdInvoke)
                  007ec180    000002c0     sysbios.ae674 : BIOS.obj (.text:ti_sysbios_knl_Clock_workFunc__E)
                  007ec440    000002a0     libcrc_xwr68xx.ae674 : crc.oe674 (.text:CRC_computeSignature)
                  007ec6e0    000002a0     libedma_xwr68xx.ae674 : edma.oe674 (.text:EDMA_open)
                  007ec980    000002a0     rts6740_elf.lib : _printfi.c.obj (.text:_pconv_e)
                  007ecc20    000002a0                     : _printfi.c.obj (.text:fcvt)
                  007ecec0    00000280                     : divf.c.obj (.text:__c6xabi_divf)
                  007ed140    00000260                     : imath64.c.obj (.text:__c6xabi_divull)
                  007ed3a0    00000260     libmmwavelink_xwr68xx.ae674 : rl_driver.oe674 (.text:rlDriverInit)
                  007ed600    00000260     ti.targets.rts6000.ae674 : Startup.oe674 (.text:xdc_runtime_Startup_startMods__I)
                  007ed860    00000240     libmmwave_xwr68xx.ae674 : mmwave_link.oe674 (.text:MMWave_startLink)
                  007edaa0    00000240     dss_main.oe674 (.text:MmwDemo_dssDataPathConfig)
                  007edce0    00000240     dss_main.oe674 (.text:MmwDemo_dssDataPathInit)
                  007edf20    00000240     libuart_xwr68xx.ae674 : uartsci.oe674 (.text:UartSci_ISR)
                  007ee160    00000240     sysbios.ae674 : BIOS.obj (.text:ti_sysbios_family_c64p_EventCombiner_dispatch__E)
                  007ee3a0    00000240                   : BIOS.obj (.text:ti_sysbios_family_c64p_Exception_internalHandler__I)
                  007ee5e0    00000240                   : BIOS.obj (.text:ti_sysbios_family_c64p_Hwi_dispatchCore__I)
                  007ee820    00000240                   : BIOS.obj (.text:ti_sysbios_timers_rti_Timer_getFreq__E)
                  007eea60    00000240     ti.targets.rts6000.ae674 : Core-mem.oe674 (.text:xdc_runtime_Core_createObject__I)
                  007eeca0    00000240     dss_mmw_pe674.oe674 (.text:xdc_runtime_System_printfExtend__I)
                  007eeee0    00000220     libedma_xwr68xx.ae674 : edma.oe674 (.text:EDMA_transferComplete_isr)
                  007ef100    00000220     libmailbox_xwr68xx.ae674 : mailbox.oe674 (.text:Mailbox_write)
                  007ef320    00000200     libmmwave_xwr68xx.ae674 : mmwave_link.oe674 (.text:MMWave_initMMWaveLink)
                  007ef520    00000200     dss_data_path.oe674 (.text:MmwDemo_dataPathConfigBuffers)
                  007ef720    00000200     rts6740_elf.lib : _printfi.c.obj (.text:_ltostr)
                  007ef920    00000200     sysbios.ae674 : c64p_Hwi_disp_always.obj (.text:_ti_sysbios_family_c64p_Hwi_dispatchAlways)
                  007efb20    00000200     RADARDEMO_highAccuRangeProc_utils.oe674 (.text:tw_gen_float)
                  007efd20    00000200     ti.targets.rts6000.ae674 : Error.oe674 (.text:xdc_runtime_Error_policyDefault__E)
                  007eff20    000001e0     libedma_xwr68xx.ae674 : edma.oe674 (.text:EDMA_init)
                  007f0100    000001e0     libuart_xwr68xx.ae674 : uartsci_edma.oe674 (.text:UartSci_initiateTxEDMA)
                  007f02e0    000001e0                           : uartsci_edma.oe674 (.text:UartSci_openEDMA)
                  007f04c0    000001e0     libmmwavelink_xwr68xx.ae674 : rl_driver.oe674 (.text:rlDriverRdVerifyMsg)
                  007f06a0    000001e0     sysbios.ae674 : BIOS.obj (.text:ti_sysbios_family_c64p_EventCombiner_dispatchPlug__E)
                  007f0880    000001e0                   : BIOS.obj (.text:ti_sysbios_gates_GateMutex_enter__E)
                  007f0a60    000001e0     ti.targets.rts6000.ae674 : Text.oe674 (.text:xdc_runtime_Text_putSite__E)
                  007f0c40    000001c0     libmmwave_xwr68xx.ae674 : mmwave_link.oe674 (.text:MMWave_asyncEventHandler)
                  007f0e00    000001c0                             : mmwave_dualcore.oe674 (.text:MMWave_deviceInitFxn)
                  007f0fc0    000001c0     libmailbox_xwr68xx.ae674 : mailbox.oe674 (.text:Mailbox_read)
                  007f1180    000001c0     dss_main.oe674 (.text:MmwDemo_dssSendProcessOutputToMSS)
                  007f1340    000001c0     dss_main.oe674 (.text:MmwDemo_mboxReadTask)
                  007f1500    000001c0     rts6740_elf.lib : imath40.c.obj (.text:__c6xabi_divul)
                  007f16c0    000001c0                     : fputc.c.obj (.text:fputc)
                  007f1880    000001c0                     : frexp.c.obj (.text:frexp)
                  007f1a40    000001c0     libmmwavelink_xwr68xx.ae674 : rl_driver.oe674 (.text:rlDriverMsgCmdReply)
                  007f1c00    000001c0     rts6740_elf.lib : setvbuf.c.obj (.text:setvbuf)
                  007f1dc0    000001c0     sysbios.ae674 : BIOS.obj (.text:ti_sysbios_knl_Task_checkStacks__E)
                  007f1f80    000001c0                   : BIOS.obj (.text:ti_sysbios_knl_Task_exit__E)
                  007f2140    000001a0     libadcbuf_xwr68xx.ae674 : adcbuf_mmwave.oe674 (.text:ADCBUF_MMWave_open)
                  007f22e0    000001a0     libedma_xwr68xx.ae674 : edma.oe674 (.text:EDMA_paramConfig_assist)
                  007f2480    000001a0     rts6740_elf.lib : hostrename.c.obj (.text:HOSTrename)
                  007f2620    000001a0     dss_main.oe674 (.text:MmwDemo_edmaBlockCopy)
                  007f27c0    000001a0     radarOsal_malloc.oe674 (.text:radarOsal_memAlloc)
                  007f2960    000001a0     libmmwavelink_xwr68xx.ae674 : rl_driver.oe674 (.text:rlDriverDeInit)
                  007f2b00    000001a0                                 : rl_driver.oe674 (.text:rlDriverMsgWrite)
                  007f2ca0    000001a0     sysbios.ae674 : BIOS.obj (.text:ti_sysbios_family_c64p_Cache_getL2InitSize__I)
                  007f2e40    000001a0                   : BIOS.obj (.text:ti_sysbios_family_c64p_EventCombiner_disableEvent__E)
                  007f2fe0    000001a0                   : BIOS.obj (.text:ti_sysbios_family_c64p_EventCombiner_enableEvent__E)
                  007f3180    000001a0                   : BIOS.obj (.text:ti_sysbios_knl_Task_schedule__I)
                  007f3320    000001a0                   : BIOS.obj (.text:ti_sysbios_timers_rti_Timer_startup__E)
                  007f34c0    000001a0     ti.targets.rts6000.ae674 : Core-smem.oe674 (.text:xdc_runtime_Core_constructObject__I)
                  007f3660    00000180     libadcbuf_xwr68xx.ae674 : adcbuf_mmwave.oe674 (.text:ADCBUFCmdParamCheck)
                  007f37e0    00000180     dss_config_edma_util.oe674 (.text:EDMAutil_configType1)
                  007f3960    00000180     libmmwave_xwr68xx.ae674 : mmwave_fullcfg.oe674 (.text:MMWave_flushCfg)
                  007f3ae0    00000180                             : mmwave_fullcfg.oe674 (.text:MMWave_getChirpHandle)
                  007f3c60    00000180                             : mmwave.oe674 (.text:MMWave_start)
                  007f3de0    00000180     rts6740_elf.lib : ldexp.c.obj (.text:ldexp)
                  007f3f60    00000180     sysbios.ae674 : c64p_Exception_asm.obj (.text)
                  007f40e0    00000180                   : BIOS.obj (.text:ti_sysbios_knl_Task_startCore__E)
                  007f4260    00000160     libedma_xwr68xx.ae674 : edma.oe674 (.text:EDMA_getErrorStatusInfo)
                  007f43c0    00000160     libmmwave_xwr68xx.ae674 : mmwave_link.oe674 (.text:MMWave_computeCRC)
                  007f4520    00000160     libmailbox_xwr68xx.ae674 : mailbox.oe674 (.text:Mailbox_close)
                  007f4680    00000160     libsoc_xwr68xx.ae674 : soc.oe674 (.text:SOC_registerSysIntListener)
                  007f47e0    00000160                          : soc_xwr68xx.oe674 (.text:SOC_ungateClock)
                  007f4940    00000160     libuart_xwr68xx.ae674 : uartsci.oe674 (.text:UartSci_readPolling)
                  007f4aa0    00000160                           : uartsci.oe674 (.text:UartSci_writePolling)
                  007f4c00    00000160     libmmwavelink_xwr68xx.ae674 : rl_driver.oe674 (.text:rlDriverMsgReadCmdCtx)
                  007f4d60    00000160                                 : rl_driver.oe674 (.text:rlDriverWaitForResponse)
                  007f4ec0    00000160     sysbios.ae674 : BIOS.obj (.text:ti_sysbios_family_c64p_Hwi_Module_startup__E)
                  007f5020    00000160                   : BIOS.obj (.text:ti_sysbios_knl_Task_postInit__I)
                  007f5180    00000160     ti.targets.rts6000.ae674 : Text.oe674 (.text:xdc_runtime_Text_putMod__E)
                  007f52e0    00000140     libedma_xwr68xx.ae674 : edma_low_level.oe674 (.text:EDMA3Init)
                  007f5420    00000140                           : edma.oe674 (.text:EDMA_clearErrors)
                  007f5560    00000140     libmmwave_xwr68xx.ae674 : mmwave_fullcfg.oe674 (.text:MMWave_addChirp)
                  007f56a0    00000140                             : mmwave.oe674 (.text:MMWave_init)
                  007f57e0    00000140     libsoc_xwr68xx.ae674 : soc.oe674 (.text:SOC_init)
                  007f5920    00000140     libuart_xwr68xx.ae674 : uartsci.oe674 (.text:UartSci_read)
                  007f5a60    00000140                           : uartsci.oe674 (.text:UartSci_write)
                  007f5ba0    00000140     libmmwavelink_xwr68xx.ae674 : rl_device.oe674 (.text:rlDevicePowerOn)
                  007f5ce0    00000140                                 : rl_driver.oe674 (.text:rlDriverMsgReadSpawnCtx)
                  007f5e20    00000140     sysbios.ae674 : BIOS.obj (.text:ti_sysbios_family_c64p_Cache_getL1DInitSize__I)
                  007f5f60    00000140                   : BIOS.obj (.text:ti_sysbios_knl_Semaphore_Instance_init__E)
                  007f60a0    00000140                   : BIOS.obj (.text:ti_sysbios_knl_Task_blockI__E)
                  007f61e0    00000140                   : BIOS.obj (.text:ti_sysbios_timers_rti_Timer_initDevice__I)
                  007f6320    00000140     ti.targets.rts6000.ae674 : Core-mem.oe674 (.text:xdc_runtime_Core_deleteObject__I)
                  007f6460    00000140                              : Text.oe674 (.text:xdc_runtime_Text_putLab__E)
                  007f65a0    00000120     libadcbuf_xwr68xx.ae674 : adcbuf_mmwave.oe674 (.text:ADCBUF_MMWave_getChanBufAddr)
                  007f66c0    00000120     libedma_xwr68xx.ae674 : edma.oe674 (.text:EDMA_configParamSet)
                  007f67e0    00000120     libsoc_xwr68xx.ae674 : soc_xwr68xx.oe674 (.text:SOC_gateClock)
                  007f6900    00000120     boot.ae674 : autoinit.oe674 (.text:_auto_init_elf)
                  007f6a20    00000120     rts6740_elf.lib : _printfi.c.obj (.text:_pconv_f)
                  007f6b40    00000120                     : getdevice.c.obj (.text:getdevice)
                  007f6c60    00000120     libmmwavelink_xwr68xx.ae674 : rl_driver.oe674 (.text:rlDriverAsyncEventHandler)
                  007f6d80    00000120                                 : rl_driver.oe674 (.text:rlDriverProcRdMsg)
                  007f6ea0    00000120     sysbios.ae674 : BIOS.obj (.text:ti_sysbios_knl_Task_unblockI__E)
                  007f6fc0    00000100     libmmwave_xwr68xx.ae674 : mmwave_fullcfg.oe674 (.text:MMWave_addBpmChirp)
                  007f70c0    00000100                             : mmwave_fullcfg.oe674 (.text:MMWave_addProfile)
                  007f71c0    00000100                             : mmwave_fullcfg.oe674 (.text:MMWave_getChirpCfg)
                  007f72c0    00000100                             : mmwave_fullcfg.oe674 (.text:MMWave_getProfileHandle)
                  007f73c0    00000100     libmailbox_xwr68xx.ae674 : mailbox.oe674 (.text:Mailbox_readFlush)
                  007f74c0    00000100     libsoc_xwr68xx.ae674 : soc_xwr68xx_dss.oe674 (.text:SOC_deviceInit)
                  007f75c0    00000100                          : soc_xwr68xx.oe674 (.text:SOC_translateAddress)
                  007f76c0    00000100     libuart_xwr68xx.ae674 : uartsci.oe674 (.text:UartSci_control)
                  007f77c0    00000100                           : uartsci.oe674 (.text:UartSci_readChar)
                  007f78c0    00000100     rts6740_elf.lib : fclose.c.obj (.text:__TI_closefile)
                  007f79c0    00000100                     : _printfi.c.obj (.text:_mcpy)
                  007f7ac0    00000100                     : atoi.c.obj (.text:atoi)
                  007f7bc0    00000100                     : fflush.c.obj (.text:fflush)
                  007f7cc0    00000100                     : fseek.c.obj (.text:fseek)
                  007f7dc0    00000100     radarOsal_malloc.oe674 (.text:radarOsal_memInit)
                  007f7ec0    00000100     libmmwavelink_xwr68xx.ae674 : rl_device.oe674 (.text:rlDeviceGetVersion)
                  007f7fc0    00000100                                 : rl_device.oe674 (.text:rlDevicePowerOff)
                  007f80c0    00000100                                 : rl_driver.oe674 (.text:rlDriverClientCbCheck)
                  007f81c0    00000100                                 : rl_driver.oe674 (.text:rlDriverOsiCbCheck)
                  007f82c0    00000100     ti.targets.rts6000.ae674 : Error.oe674 (.text:xdc_runtime_Error_print__E)
                  007f83c0    00000100                              : Memory.oe674 (.text:xdc_runtime_Memory_alloc__E)
                  007f84c0    00000100                              : Startup.oe674 (.text:xdc_runtime_Startup_exec__E)
                  007f85c0    000000e0     libcrc_xwr68xx.ae674 : crc.oe674 (.text:CRC_getTransactionId)
                  007f86a0    000000e0     libedma_xwr68xx.ae674 : edma.oe674 (.text:EDMA_isTransferComplete)
                  007f8780    000000e0     dss_config_edma_util.oe674 (.text:EDMA_setup_shadow_link)
                  007f8860    000000e0     libedma_xwr68xx.ae674 : edma.oe674 (.text:EDMA_transferController_error_isr)
                  007f8940    000000e0     rts6740_elf.lib : hostlseek.c.obj (.text:HOSTlseek)
                  007f8a20    000000e0                     : hostopen.c.obj (.text:HOSTopen)
                  007f8b00    000000e0                     : hostwrite.c.obj (.text:HOSTwrite)
                  007f8be0    000000e0     libmmwave_xwr68xx.ae674 : mmwave_dualcore.oe674 (.text:MMWave_deviceStartFxn)
                  007f8cc0    000000e0                             : mmwave_fullcfg.oe674 (.text:MMWave_getProfileCfg)
                  007f8da0    000000e0     libmailbox_xwr68xx.ae674 : mailbox.oe674 (.text:Mailbox_boxFullISRMssDss)
                  007f8e80    000000e0                              : mailbox.oe674 (.text:Mailbox_init)
                  007f8f60    000000e0     dss_data_path.oe674 (.text:MmwDemo_printHeapStats)
                  007f9040    000000e0     libuart_xwr68xx.ae674 : uartsci.oe674 (.text:UartSci_writeChar)
                  007f9120    000000e0     rts6740_elf.lib : _ltoa.c.obj (.text:__TI_ltoa)
                  007f9200    000000e0                     : _io_perm.c.obj (.text:__TI_wrt_ok)
                  007f92e0    000000e0                     : close.c.obj (.text:close)
                  007f93c0    000000e0                     : exit.c.obj (.text:exit)
                  007f94a0    000000e0                     : memset.c.obj (.text:memset)
                  007f9580    000000e0                     : printf.c.obj (.text:printf)
                  007f9660    000000e0     libmmwavelink_xwr68xx.ae674 : rl_driver.oe674 (.text:rlDriverHostIrqHandler)
                  007f9740    000000e0                                 : rl_driver.oe674 (.text:rlDriverValidateHdr)
                  007f9820    000000e0     sysbios.ae674 : BIOS.obj (.text:ti_sysbios_heaps_HeapMem_alloc__E)
                  007f9900    000000c0     libcrc_xwr68xx.ae674 : crc.oe674 (.text:CRC_getSignature)
                  007f99c0    000000c0     libedma_xwr68xx.ae674 : edma.oe674 (.text:EDMA_error_isr)
                  007f9a80    000000c0                           : edma.oe674 (.text:EDMA_startDmaTransfer)
                  007f9b40    000000c0     rts6740_elf.lib : hostread.c.obj (.text:HOSTread)
                  007f9c00    000000c0                     : hostunlink.c.obj (.text:HOSTunlink)
                  007f9cc0    000000c0     libmmwave_xwr68xx.ae674 : mmwave_dualcore.oe674 (.text:MMWave_deviceEventFxn)
                  007f9d80    000000c0                             : mmwave_fullcfg.oe674 (.text:MMWave_getNumChirps)
                  007f9e40    000000c0                             : mmwave_link.oe674 (.text:MMWave_initCRC)
                  007f9f00    000000c0                             : mmwave_link.oe674 (.text:MMWave_initLink)
                  007f9fc0    000000c0                             : mmwave_link.oe674 (.text:MMWave_spawn)
                  007fa080    000000c0     libmailbox_xwr68xx.ae674 : mailbox.oe674 (.text:Mailbox_boxFullISRProcessing)
                  007fa140    000000c0     dss_main.oe674 (.text:MmwDemo_dssMmwaveEventCallbackFxn)
                  007fa200    000000c0     libuart_xwr68xx.ae674 : uartsci.oe674 (.text:UartSci_readCancel)
                  007fa2c0    000000c0                           : uartsci.oe674 (.text:UartSci_writeCancel)
                  007fa380    000000c0     rts6740_elf.lib : fflush.c.obj (.text:__TI_doflush)
                  007fa440    000000c0                     : divu.asm.obj (.text:__divu)
                  007fa500    000000c0                     : remi.asm.obj (.text:__remi)
                  007fa5c0    000000c0                     : modf.c.obj (.text:modf)
                  007fa680    000000c0     libmmwavelink_xwr68xx.ae674 : rl_driver.oe674 (.text:rlDriverCalChkSum)
                  007fa740    000000c0                                 : rl_driver.oe674 (.text:rlDriverExecuteGetApi)
                  007fa800    000000c0                                 : rl_driver.oe674 (.text:rlDriverExecuteSetApi)
                  007fa8c0    000000c0                                 : rl_controller.oe674 (.text:rlGetSubBlock)
                  007fa980    000000c0     sysbios.ae674 : BIOS.obj (.text:ti_sysbios_heaps_HeapMem_getStats__E)
                  007faa40    000000c0                   : BIOS.obj (.text:ti_sysbios_knl_Clock_logTick__E)
                  007fab00    000000c0                   : BIOS.obj (.text:ti_sysbios_knl_Task_allBlockedFunction__I)
                  007fabc0    000000c0     dss_mmw_pe674.oe674 (.text:ti_sysbios_knl_Task_create)
                  007fac80    000000c0     rts6740_elf.lib : tls.c.obj (.text:tls:init:__TI_tls_init)
                  007fad40    000000c0     ti.targets.rts6000.ae674 : Assert.oe674 (.text:xdc_runtime_Assert_raise__I)
                  007fae00    000000c0                              : Error.oe674 (.text:xdc_runtime_Error_setX__E)
                  007faec0    000000a0     libedma_xwr68xx.ae674 : edma_low_level.oe674 (.text:EDMA3EnableChInShadowReg)
                  007faf60    000000a0                           : edma.oe674 (.text:EDMA_disableChannel)
                  007fb000    000000a0                           : edma.oe674 (.text:EDMA_enableChannel)
                  007fb0a0    000000a0     rts6740_elf.lib : hostclose.c.obj (.text:HOSTclose)
                  007fb140    000000a0     libmmwave_xwr68xx.ae674 : mmwave.oe674 (.text:MMWave_execute)
                  007fb1e0    000000a0                             : mmwave_link.oe674 (.text:MMWave_executeLink)
                  007fb280    000000a0                             : mmwave_link.oe674 (.text:MMWave_mboxOpen)
                  007fb320    000000a0                             : mmwave.oe674 (.text:MMWave_sync)
                  007fb3c0    000000a0     libmailbox_xwr68xx.ae674 : mailbox.oe674 (.text:Mailbox_boxEmptyISRProcessing)
                  007fb460    000000a0     dss_data_path.oe674 (.text:MmwDemo_dataPathConfigEdma)
                  007fb500    000000a0     dss_data_path.oe674 (.text:MmwDemo_dataPathWait1DInputData)
                  007fb5a0    000000a0     dss_main.oe674 (.text:MmwDemo_dssDataPathOutputLogging)
                  007fb640    000000a0     libsoc_xwr68xx.ae674 : soc.oe674 (.text:SOC_SystemISR)
                  007fb6e0    000000a0     libuart_xwr68xx.ae674 : UART.oe674 (.text:UART_init)
                  007fb780    000000a0                           : uartsci.oe674 (.text:UartSci_close)
                  007fb820    000000a0     rts6740_elf.lib : fopen.c.obj (.text:__TI_cleanup)
                  007fb8c0    000000a0                     : fixfu.c.obj (.text:__c6xabi_fixfu)
                  007fb960    000000a0                     : round.c.obj (.text:__c6xabi_nround)
                  007fba00    000000a0                     : remu.asm.obj (.text:__remu)
                  007fbaa0    000000a0     boot.ae674 : boot.oe674 (.text:_c_int00)
                  007fbb40    000000a0     rts6740_elf.lib : _printfi.c.obj (.text:_ecpy)
                  007fbbe0    000000a0                     : getdevice.c.obj (.text:finddevice)
                  007fbc80    000000a0                     : memcpy64.asm.obj (.text:memcpy)
                  007fbd20    000000a0     libmmwavelink_xwr68xx.ae674 : rl_controller.oe674 (.text:rlAppendSubBlock)
                  007fbdc0    000000a0                                 : rl_driver.oe674 (.text:rlDriverVerifyCRC)
                  007fbe60    000000a0     sysbios.ae674 : BIOS.obj (.text:ti_sysbios_family_c64p_Exception_Module_startup__E)
                  007fbf00    000000a0                   : BIOS.obj (.text:ti_sysbios_family_c64p_Hwi_getStackInfo__E)
                  007fbfa0    000000a0     ti.targets.rts6000.ae674 : Core-params.oe674 (.text:xdc_runtime_Core_assignParams__I)
                  007fc040    000000a0                              : System.oe674 (.text:xdc_runtime_System_formatNum__I)
                  007fc0e0    000000a0                              : System.oe674 (.text:xdc_runtime_System_putchar__I)
                  007fc180    000000a0                              : Text.oe674 (.text:xdc_runtime_Text_printVisFxn__I)
                  007fc220    000000a0                              : Text.oe674 (.text:xdc_runtime_Text_xprintf__I)
                  007fc2c0    00000080     libadcbuf_xwr68xx.ae674 : adcbuf_mmwave.oe674 (.text:ADCBUF_MMWave_close)
                  007fc340    00000080                             : ADCBuf.oe674 (.text:ADCBuf_init)
                  007fc3c0    00000080     libedma_xwr68xx.ae674 : edma_low_level.oe674 (.text:EDMA3MapChToEvtQ)
                  007fc440    00000080                           : edma.oe674 (.text:EDMA_getTransferControllerErrorStatusInfo)
                  007fc4c0    00000080                           : edma.oe674 (.text:EDMA_linkParamSets)
                  007fc540    00000080     libmmwave_xwr68xx.ae674 : mmwave_link.oe674 (.text:MMWave_mboxWrite)
                  007fc5c0    00000080     libmailbox_xwr68xx.ae674 : mailbox.oe674 (.text:Mailbox_writeReset)
                  007fc640    00000080     dss_main.oe674 (.text:MmwDemo_dssChirpIntHandler)
                  007fc6c0    00000080     dss_main.oe674 (.text:MmwDemo_dssFrameStartIntHandler)
                  007fc740    00000080     libosal_xwr68xx.ae674 : SemaphoreP_tirtos.oe674 (.text:SemaphoreP_create)
                  007fc7c0    00000080     rts6740_elf.lib : trgmsg.c.obj (.text:__TI_readmsg)
                  007fc840    00000080                     : fixdu.c.obj (.text:__c6xabi_fixdu)
                  007fc8c0    00000080                     : llshift.c.obj (.text:__c6xabi_llshl)
                  007fc940    00000080     sysbios.ae674 : c62_TaskSupport_asm.obj (.text:_ti_sysbios_family_c62_TaskSupport_swap__E)
                  007fc9c0    00000080     libmmwavelink_xwr68xx.ae674 : rl_driver.oe674 (.text:rlDeviceIdentifyCmdDir)
                  007fca40    00000080                                 : rl_driver.oe674 (.text:rlDriverOsiInit)
                  007fcac0    00000080     dss_mmw_pe674.oe674 (.text:ti_sysbios_BIOS_atExitFunc__I)
                  007fcb40    00000080     dss_mmw_pe674.oe674 (.text:ti_sysbios_BIOS_registerRTSLock__I)
                  007fcbc0    00000080     sysbios.ae674 : BIOS.obj (.text:ti_sysbios_family_c64p_Hwi_dispatchC__I)
                  007fcc40    00000080     dss_mmw_pe674.oe674 (.text:ti_sysbios_gates_GateHwi_Object__create__S)
                  007fccc0    00000080     dss_mmw_pe674.oe674 (.text:ti_sysbios_gates_GateMutex_Object__create__S)
                  007fcd40    00000080     sysbios.ae674 : BIOS.obj (.text:ti_sysbios_hal_Hwi_checkStack)
                  007fcdc0    00000080     dss_mmw_pe674.oe674 (.text:ti_sysbios_heaps_HeapMem_Object__create__S)
                  007fce40    00000080     sysbios.ae674 : BIOS.obj (.text:ti_sysbios_heaps_HeapMem_init__I)
                  007fcec0    00000080     dss_mmw_pe674.oe674 (.text:ti_sysbios_knl_Clock_doTick__I)
                  007fcf40    00000080     dss_mmw_pe674.oe674 (.text:ti_sysbios_knl_Event_create)
                  007fcfc0    00000080     sysbios.ae674 : BIOS.obj (.text:ti_sysbios_knl_Event_pendTimeout__I)
                  007fd040    00000080                   : BIOS.obj (.text:ti_sysbios_knl_Idle_run__E)
                  007fd0c0    00000080     dss_mmw_pe674.oe674 (.text:ti_sysbios_knl_Semaphore_create)
                  007fd140    00000080     sysbios.ae674 : BIOS.obj (.text:ti_sysbios_knl_Semaphore_pendTimeout__I)
                  007fd1c0    00000080     dss_mmw_pe674.oe674 (.text:ti_sysbios_rts_MemAlloc_alloc)
                  007fd240    00000080     sysbios.ae674 : BIOS.obj (.text:ti_sysbios_timers_rti_Timer_stop__E)
                  007fd2c0    00000080     rts6740_elf.lib : unlink.c.obj (.text:unlink)
                  007fd340    00000080     ti.targets.rts6000.ae674 : Core-label.oe674 (.text:xdc_runtime_Core_assignLabel__I)
                  007fd3c0    00000080                              : SysStd.oe674 (.text:xdc_runtime_SysStd_abort__E)
                  007fd440    00000080                              : System.oe674 (.text:xdc_runtime_System_atexit__E)
                  007fd4c0    00000080                              : System.oe674 (.text:xdc_runtime_System_avprintf__E)
                  007fd540    00000080                              : System.oe674 (.text:xdc_runtime_System_processAtExit__E)
                  007fd5c0    00000080                              : System.oe674 (.text:xdc_runtime_System_vprintf__E)
                  007fd640    00000060     libadcbuf_xwr68xx.ae674 : ADCBuf.oe674 (.text:ADCBuf_open)
                  007fd6a0    00000060     libcrc_xwr68xx.ae674 : crc.oe674 (.text:CRC_getCRCDataSelectBitValue)
                  007fd700    00000060                          : crc.oe674 (.text:CRC_getCRCTypeBitValue)
                  007fd760    00000060                          : crc.oe674 (.text:CRC_isTransactionIdValid)
                  007fd7c0    00000060                          : crc.oe674 (.text:CRC_resetSignature)
                  007fd820    00000060     libedma_xwr68xx.ae674 : edma_low_level.oe674 (.text:EDMA3ClrEvt)
                  007fd880    00000060                           : edma_low_level.oe674 (.text:EDMA3ClrIntr)
                  007fd8e0    00000060                           : edma_low_level.oe674 (.text:EDMA3ClrMissEvt)
                  007fd940    00000060                           : edma_low_level.oe674 (.text:EDMA3DisableDmaEvt)
                  007fd9a0    00000060                           : edma_low_level.oe674 (.text:EDMA3DisableEvtIntr)
                  007fda00    00000060                           : edma_low_level.oe674 (.text:EDMA3EnableDmaEvt)
                  007fda60    00000060                           : edma_low_level.oe674 (.text:EDMA3EnableEvtIntr)
                  007fdac0    00000060                           : edma_low_level.oe674 (.text:EDMA3SetEvt)
                  007fdb20    00000060                           : edma.oe674 (.text:EDMA_configTransferControllerError)
                  007fdb80    00000060                           : edma.oe674 (.text:EDMA_isError)
                  007fdbe0    00000060                           : edma.oe674 (.text:EDMA_validate_channelIdchannelType)
                  007fdc40    00000060     libmmwave_xwr68xx.ae674 : mmwave_listlib.oe674 (.text:MMWave_listCat)
                  007fdca0    00000060                             : mmwave_listlib.oe674 (.text:MMWave_listRemoveNode)
                  007fdd00    00000060                             : mmwave_osal.oe674 (.text:MMWave_osalMutexCreate)
                  007fdd60    00000060                             : mmwave_osal.oe674 (.text:MMWave_osalSemCreate)
                  007fddc0    00000060     libmailbox_xwr68xx.ae674 : mailbox.oe674 (.text:Mailbox_Config_init)
                  007fde20    00000060     dss_main.oe674 (.text:MmwDemo_dssMMWaveCtrlTask)
                  007fde80    00000060     dss_main.oe674 (.text:MmwDemo_dssMmwaveOpenCallbackFxn)
                  007fdee0    00000060     libsoc_xwr68xx.ae674 : soc_xwr68xx.oe674 (.text:SOC_setMMWaveDSSLinkState)
                  007fdf40    00000060                          : soc_xwr68xx.oe674 (.text:SOC_setMMWaveMSSLinkState)
                  007fdfa0    00000060                          : soc.oe674 (.text:SOC_unhaltBSS)
                  007fe000    00000060                          : soc_xwr68xx_dss.oe674 (.text:SOC_waitBSSPowerUp)
                  007fe060    00000060     libuart_xwr68xx.ae674 : UART.oe674 (.text:UART_open)
                  007fe0c0    00000060                           : uartsci_edma.oe674 (.text:UartSci_TxEDMACallbackFxn)
                  007fe120    00000060                           : uartsci_edma.oe674 (.text:UartSci_closeEDMA)
                  007fe180    00000060     rts6740_elf.lib : trgmsg.c.obj (.text:__TI_writemsg)
                  007fe1e0    00000060                     : llshift.c.obj (.text:__c6xabi_llshru)
                  007fe240    00000060                     : imath64.c.obj (.text:_subcull)
                  007fe2a0    00000060     sysbios.ae674 : c64p_Hwi_asm_switch.obj (.text:_ti_sysbios_family_c64p_Hwi_switchAndDispatch__I)
                  007fe300    00000060     cycle_measure.oe674 (.text:cache_setMar)
                  007fe360    00000060     rts6740_elf.lib : lseek.c.obj (.text:lseek)
                  007fe3c0    00000060                     : memccpy.c.obj (.text:memccpy)
                  007fe420    00000060     libmmwavelink_xwr68xx.ae674 : rl_device.oe674 (.text:rlDeviceGetMssVersion)
                  007fe480    00000060                                 : rl_sensor.oe674 (.text:rlEnableContMode)
                  007fe4e0    00000060                                 : rl_sensor.oe674 (.text:rlRfRunTimeCalibConfig)
                  007fe540    00000060                                 : rl_sensor.oe674 (.text:rlSensorStart)
                  007fe5a0    00000060     dss_mmw_pe674.oe674 (.text:ti_sysbios_BIOS_errorRaiseHook__I)
                  007fe600    00000060     dss_mmw_pe674.oe674 (.text:ti_sysbios_BIOS_removeRTSLock__I)
                  007fe660    00000060     dss_mmw_pe674.oe674 (.text:ti_sysbios_BIOS_startFunc__I)
                  007fe6c0    00000060     sysbios.ae674 : BIOS.obj (.text:ti_sysbios_family_c62_TaskSupport_start__E)
                  007fe720    00000060                   : BIOS.obj (.text:ti_sysbios_family_c64p_Cache_setMar__E)
                  007fe780    00000060                   : BIOS.obj (.text:ti_sysbios_family_c64p_EventCombiner_Module_startup__E)
                  007fe7e0    00000060                   : BIOS.obj (.text:ti_sysbios_family_c64p_EventCombiner_unused__E)
                  007fe840    00000060     dss_mmw_pe674.oe674 (.text:ti_sysbios_gates_GateMutex_Object__delete__S)
                  007fe8a0    00000060     sysbios.ae674 : BIOS.obj (.text:ti_sysbios_hal_Hwi_initStack)
                  007fe900    00000060                   : BIOS.obj (.text:ti_sysbios_heaps_HeapMem_free__E)
                  007fe960    00000060                   : BIOS.obj (.text:ti_sysbios_knl_Clock_Module_startup__E)
                  007fe9c0    00000060     dss_mmw_pe674.oe674 (.text:ti_sysbios_knl_Queue_construct)
                  007fea20    00000060     dss_mmw_pe674.oe674 (.text:ti_sysbios_knl_Semaphore_Object__delete__S)
                  007fea80    00000060     dss_mmw_pe674.oe674 (.text:ti_sysbios_knl_Semaphore_construct)
                  007feae0    00000060     sysbios.ae674 : BIOS.obj (.text:ti_sysbios_knl_Task_enter__I)
                  007feb40    00000060     rts6740_elf.lib : write.c.obj (.text:write)
                  007feba0    00000060     ti.targets.rts6000.ae674 : Memory.oe674 (.text:xdc_runtime_Memory_valloc__E)
                  007fec00    00000060                              : Text.oe674 (.text:xdc_runtime_Text_cordText__E)
                  007fec60    00000040     libadcbuf_xwr68xx.ae674 : adcbuf_mmwave.oe674 (.text:ADCBUFContinuousModeCtrl)
                  007feca0    00000040                             : adcbuf_mmwave.oe674 (.text:ADCBUFSetPingNumChirpThreshhold)
                  007fece0    00000040                             : adcbuf_mmwave.oe674 (.text:ADCBUFSetPongNumChirpThreshhold)
                  007fed20    00000040                             : adcbuf_mmwave.oe674 (.text:ADCBUFSrcSelect)
                  007fed60    00000040     libcrc_xwr68xx.ae674 : crc.oe674 (.text:CRC_getSignatureRegister)
                  007feda0    00000040                          : crc.oe674 (.text:CRC_releaseTransactionId)
                  007fede0    00000040     libadcbuf_xwr68xx.ae674 : adcbuf_mmwave.oe674 (.text:CSL_FEXTR)
                  007fee20    00000040     libmmwave_xwr68xx.ae674 : mmwave.oe674 (.text:CSL_FEXTR)
                  007fee60    00000040     libsoc_xwr68xx.ae674 : soc.oe674 (.text:CSL_FEXTR)
                  007feea0    00000040                          : soc_xwr68xx.oe674 (.text:CSL_FEXTR)
                  007feee0    00000040     libuart_xwr68xx.ae674 : uartsci.oe674 (.text:CSL_FEXTR)
                  007fef20    00000040     libadcbuf_xwr68xx.ae674 : adcbuf_mmwave.oe674 (.text:CSL_FINSR)
                  007fef60    00000040     libcrc_xwr68xx.ae674 : crc.oe674 (.text:CSL_FINSR)
                  007fefa0    00000040     libmailbox_xwr68xx.ae674 : mailbox.oe674 (.text:CSL_FINSR)
                  007fefe0    00000040     libsoc_xwr68xx.ae674 : soc.oe674 (.text:CSL_FINSR)
                  007ff020    00000040                          : soc_xwr68xx.oe674 (.text:CSL_FINSR)
                  007ff060    00000040                          : soc_xwr68xx_dss.oe674 (.text:CSL_FINSR)
                  007ff0a0    00000040     libuart_xwr68xx.ae674 : uartsci.oe674 (.text:CSL_FINSR)
                  007ff0e0    00000040     libedma_xwr68xx.ae674 : edma_low_level.oe674 (.text:EDMA3MapQdmaChToPaRAM)
                  007ff120    00000040                           : edma_low_level.oe674 (.text:EDMA3SetPaRAM)
                  007ff160    00000040                           : edma_low_level.oe674 (.text:EDMA3SetQdmaTrigWord)
                  007ff1a0    00000040     libosal_xwr68xx.ae674 : HwiP_tirtos.oe674 (.text:HwiP_create)
                  007ff1e0    00000040                           : HwiP_tirtos.oe674 (.text:HwiP_delete)
                  007ff220    00000040     libmmwave_xwr68xx.ae674 : mmwave_dualcore.oe674 (.text:MMWave_deviceSyncFxn)
                  007ff260    00000040                             : mmwave.oe674 (.text:MMWave_encodeError)
                  007ff2a0    00000040                             : mmwave_listlib.oe674 (.text:MMWave_listAdd)
                  007ff2e0    00000040                             : mmwave_listlib.oe674 (.text:MMWave_listRemove)
                  007ff320    00000040                             : mmwave_osal.oe674 (.text:MMWave_osalMutexLock)
                  007ff360    00000040                             : mmwave_osal.oe674 (.text:MMWave_osalSemWait)
                  007ff3a0    00000040     libmailbox_xwr68xx.ae674 : mailbox.oe674 (.text:Mailbox_boxEmptyISRBss)
                  007ff3e0    00000040                              : mailbox.oe674 (.text:Mailbox_boxEmptyISRMssDss)
                  007ff420    00000040                              : mailbox.oe674 (.text:Mailbox_boxFullISRBss)
                  007ff460    00000040     dss_main.oe674 (.text:MmwDemo_dssMmwaveConfigCallbackFxn)
                  007ff4a0    00000040     dss_main.oe674 (.text:MmwDemo_dssMmwaveStartCallbackFxn)
                  007ff4e0    00000040     dss_main.oe674 (.text:MmwDemo_dssMmwaveStopCallbackFxn)
                  007ff520    00000040     libsoc_xwr68xx.ae674 : soc_xwr68xx_dss.oe674 (.text:SOC_getInAddr_LUTType)
                  007ff560    00000040                          : soc_xwr68xx_dss.oe674 (.text:SOC_getOutAddr_LUTType)
                  007ff5a0    00000040                          : soc_xwr68xx.oe674 (.text:SOC_isMMWaveDSSOperational)
                  007ff5e0    00000040                          : soc_xwr68xx.oe674 (.text:SOC_isMMWaveMSSOperational)
                  007ff620    00000040     rts6740_elf.lib : frcmpyd_div.c.obj (.text:__TI_frcmpyd_div)
                  007ff660    00000040                     : isinf.c.obj (.text:__c6xabi_isinf)
                  007ff6a0    00000040                     : _printfi.c.obj (.text:__c6xabi_isnan)
                  007ff6e0    00000040                     : strasg.asm.obj (.text:__strasgi_64plus)
                  007ff720    00000040                     : args_main.c.obj (.text:_args_main)
                  007ff760    00000040     sysbios.ae674 : c62_TaskSupport_asm.obj (.text:_ti_sysbios_family_c62_TaskSupport_buildTaskStack)
                  007ff7a0    00000040     dss_mmw_pe674.oe674 (.text:free)
                  007ff7e0    00000040     libmmwavelink_xwr68xx.ae674 : rl_controller.oe674 (.text:rlAppendDummy)
                  007ff820    00000040                                 : rl_device.oe674 (.text:rlDeviceGetRfVersion)
                  007ff860    00000040     dss_mmw_pe674.oe674 (.text:ti_sysbios_BIOS_exitFunc__I)
                  007ff8a0    00000040     dss_mmw_pe674.oe674 (.text:ti_sysbios_BIOS_rtsLock__I)
                  007ff8e0    00000040     dss_mmw_pe674.oe674 (.text:ti_sysbios_BIOS_rtsUnlock__I)
                  007ff920    00000040     sysbios.ae674 : BIOS.obj (.text:ti_sysbios_family_c64p_Hwi_disableInterrupt__E)
                  007ff960    00000040                   : BIOS.obj (.text:ti_sysbios_family_c64p_Hwi_enableInterrupt__E)
                  007ff9a0    00000040     dss_mmw_pe674.oe674 (.text:ti_sysbios_gates_GateHwi_Handle__label__S)
                  007ff9e0    00000040     dss_mmw_pe674.oe674 (.text:ti_sysbios_gates_GateHwi_Object__delete__S)
                  007ffa20    00000040     dss_mmw_pe674.oe674 (.text:ti_sysbios_gates_GateMutex_Handle__label__S)
                  007ffa60    00000040     sysbios.ae674 : BIOS.obj (.text:ti_sysbios_gates_GateMutex_Instance_init__E)
                  007ffaa0    00000040                   : BIOS.obj (.text:ti_sysbios_gates_GateMutex_leave__E)
                  007ffae0    00000040     dss_mmw_pe674.oe674 (.text:ti_sysbios_heaps_HeapMem_Handle__label__S)
                  007ffb20    00000040     dss_mmw_pe674.oe674 (.text:ti_sysbios_heaps_HeapMem_Object__delete__S)
                  007ffb60    00000040     dss_mmw_pe674.oe674 (.text:ti_sysbios_heaps_HeapMem_Object__get__S)
                  007ffba0    00000040     dss_mmw_pe674.oe674 (.text:ti_sysbios_knl_Semaphore_destruct)
                  007ffbe0    00000040     dss_mmw_pe674.oe674 (.text:ti_sysbios_knl_Task_Object__get__S)
                  007ffc20    00000040     sysbios.ae674 : BIOS.obj (.text:ti_sysbios_knl_Task_sleepTimeout__I)
                  007ffc60    00000040                   : BIOS.obj (.text:ti_sysbios_timers_rti_Timer_periodicStub__E)
                  007ffca0    00000040     rts6740_elf.lib : wcslen.c.obj (.text:wcslen)
                  007ffce0    00000040     ti.targets.rts6000.ae674 : Error.oe674 (.text:xdc_runtime_Error_check__E)
                  007ffd20    00000040                              : Error.oe674 (.text:xdc_runtime_Error_init__E)
                  007ffd60    00000040                              : Registry.oe674 (.text:xdc_runtime_Registry_findById__E)
                  007ffda0    00000040                              : System.oe674 (.text:xdc_runtime_System_abort__E)
                  007ffde0    00000040     dss_mmw_pe674.oe674 (.text:xdc_runtime_System_aprintf__E)
                  007ffe20    00000040     ti.targets.rts6000.ae674 : System.oe674 (.text:xdc_runtime_System_exit__E)
                  007ffe60    00000040     dss_mmw_pe674.oe674 (.text:xdc_runtime_System_printf__E)
                  007ffea0    00000020     libadcbuf_xwr68xx.ae674 : adcbuf_mmwave.oe674 (.text:ADCBUF_MMWave_init)
                  007ffec0    00000020                             : ADCBuf.oe674 (.text:ADCBuf_Params_init)
                  007ffee0    00000020                             : ADCBuf.oe674 (.text:ADCBuf_control)
                  007fff00    00000020     libcrc_xwr68xx.ae674 : crc.oe674 (.text:CRC_initConfigParams)
                  007fff20    00000020     libsoc_xwr68xx.ae674 : soc_xwr68xx_dss.oe674 (.text:CSL_FEXTR)
                  007fff40    00000020     libedma_xwr68xx.ae674 : edma_low_level.oe674 (.text:EDMA3ChannelToParamMap)
                  007fff60    00000020                           : edma_low_level.oe674 (.text:EDMA3ClrCCErr)
                  007fff80    00000020                           : edma_low_level.oe674 (.text:EDMA3DisableQdmaEvt)
                  007fffa0    00000020                           : edma_low_level.oe674 (.text:EDMA3EnableQdmaEvt)
                  007fffc0    00000010     RADARDEMO_highAccuRangeProc.oe674 ($Tramp$S$$RADARDEMO_highAccuRangeProc_create)
                  007fffd0    00000010     dss_data_path.oe674 ($Tramp$S$$MmwDemo_dataPathInitEdma)
                  007fffe0    00000010     dss_data_path.oe674 ($Tramp$S$$MmwDemo_interFrameProcessing)
                  007ffff0    00000010     dss_data_path.oe674 ($Tramp$S$$MmwDemo_processChirp)

.text.2    0    00800000    00001060     
                  00800000    00000020     libedma_xwr68xx.ae674 : edma_low_level.oe674 (.text:EDMA3ErrIntrHighStatusGet)
                  00800020    00000020                           : edma_low_level.oe674 (.text:EDMA3GetCCErrStatus)
                  00800040    00000020                           : edma_low_level.oe674 (.text:EDMA3GetErrIntrStatus)
                  00800060    00000020                           : edma_low_level.oe674 (.text:EDMA3GetIntrStatus)
                  00800080    00000020                           : edma_low_level.oe674 (.text:EDMA3IntrStatusHighGet)
                  008000a0    00000020                           : edma_low_level.oe674 (.text:EDMA3QdmaClrMissEvt)
                  008000c0    00000020                           : edma_low_level.oe674 (.text:EDMA3QdmaGetErrIntrStatus)
                  008000e0    00000020                           : edma.oe674 (.text:EDMA_getNumInstances)
                  00800100    00000020                           : edma_low_level.oe674 (.text:EDMAsetRegion)
                  00800120    00000020     libosal_xwr68xx.ae674 : HwiP_tirtos.oe674 (.text:HwiP_Params_init)
                  00800140    00000020                           : HwiP_tirtos.oe674 (.text:HwiP_disable)
                  00800160    00000020                           : HwiP_tirtos.oe674 (.text:HwiP_disableInterrupt)
                  00800180    00000020                           : HwiP_tirtos.oe674 (.text:HwiP_enableInterrupt)
                  008001a0    00000020                           : HwiP_tirtos.oe674 (.text:HwiP_restore)
                  008001c0    00000020     libmmwave_xwr68xx.ae674 : mmwave.oe674 (.text:MMWave_decodeErrorLevel)
                  008001e0    00000020                             : mmwave_dualcore.oe674 (.text:MMWave_deviceGetDeviceInfo)
                  00800200    00000020                             : mmwave_dualcore.oe674 (.text:MMWave_deviceMailboxCallbackFxn)
                  00800220    00000020                             : mmwave_link.oe674 (.text:MMWave_disableDevice)
                  00800240    00000020                             : mmwave_link.oe674 (.text:MMWave_enableDevice)
                  00800260    00000020                             : mmwave_listlib.oe674 (.text:MMWave_listGetHead)
                  00800280    00000020                             : mmwave_listlib.oe674 (.text:MMWave_listGetNext)
                  008002a0    00000020                             : mmwave_link.oe674 (.text:MMWave_maskHostIRQ)
                  008002c0    00000020                             : mmwave_link.oe674 (.text:MMWave_mboxCallbackFxn)
                  008002e0    00000020                             : mmwave_link.oe674 (.text:MMWave_mboxClose)
                  00800300    00000020                             : mmwave_link.oe674 (.text:MMWave_mboxRead)
                  00800320    00000020                             : mmwave_osal.oe674 (.text:MMWave_osalMutexDelete)
                  00800340    00000020                             : mmwave_osal.oe674 (.text:MMWave_osalMutexUnlock)
                  00800360    00000020                             : mmwave_osal.oe674 (.text:MMWave_osalSemDelete)
                  00800380    00000020                             : mmwave_osal.oe674 (.text:MMWave_osalSemSignal)
                  008003a0    00000020                             : mmwave_link.oe674 (.text:MMWave_registerInterruptHandler)
                  008003c0    00000020                             : mmwave_link.oe674 (.text:MMWave_unmaskHostIRQ)
                  008003e0    00000020                             : mmwave_link.oe674 (.text:MMWave_waitIRQStatus)
                  00800400    00000020     libosal_xwr68xx.ae674 : MemoryP_tirtos.oe674 (.text:MemoryP_ctrlAlloc)
                  00800420    00000020                           : MemoryP_tirtos.oe674 (.text:MemoryP_ctrlFree)
                  00800440    00000020     dss_data_path.oe674 (.text:MmwDemo_dataPathInit1Dstate)
                  00800460    00000020     dss_main.oe674 (.text:MmwDemo_dssMmwaveCloseCallbackFxn)
                  00800480    00000020     dss_data_path.oe674 (.text:MmwDemo_edmaErrorCallbackFxn)
                  008004a0    00000020     dss_data_path.oe674 (.text:MmwDemo_edmaTransferControllerErrorCallbackFxn)
                  008004c0    00000020     dss_main.oe674 (.text:MmwDemo_mboxCallback)
                  008004e0    00000020     libosal_xwr68xx.ae674 : SemaphoreP_tirtos.oe674 (.text:SemaphoreP_Params_init)
                  00800500    00000020                           : SemaphoreP_tirtos.oe674 (.text:SemaphoreP_delete)
                  00800520    00000020                           : SemaphoreP_tirtos.oe674 (.text:SemaphoreP_pend)
                  00800540    00000020                           : SemaphoreP_tirtos.oe674 (.text:SemaphoreP_post)
                  00800560    00000020     libuart_xwr68xx.ae674 : UART.oe674 (.text:UART_Params_init)
                  00800580    00000020                           : uartsci.oe674 (.text:UartSci_disableTxDMA)
                  008005a0    00000020                           : uartsci.oe674 (.text:UartSci_enableTxDMA)
                  008005c0    00000020                           : uartsci.oe674 (.text:UartSci_init)
                  008005e0    00000020                           : uartsci_edma.oe674 (.text:UartSci_initiateRxEDMA)
                  00800600    00000020                           : uartsci_edma.oe674 (.text:UartSci_isEDMAEnabled)
                  00800620    00000020     libosal_xwr68xx.ae674 : DebugP_tirtos.oe674 (.text:_DebugP_assert)
                  00800640    00000020     rts6740_elf.lib : errno.c.obj (.text:__c6xabi_errno_addr)
                  00800660    00000020                     : trunc.c.obj (.text:__c6xabi_trunc)
                  00800680    00000020                     : push.asm.obj (.text:__pop_rts)
                  008006a0    00000020                     : push.asm.obj (.text:__push_rts)
                  008006c0    00000020                     : _lock.c.obj (.text:_nop)
                  008006e0    00000020                     : printf.c.obj (.text:_outc)
                  00800700    00000020                     : printf.c.obj (.text:_outs)
                  00800720    00000020                     : _lock.c.obj (.text:_register_lock)
                  00800740    00000020                     : _lock.c.obj (.text:_register_unlock)
                  00800760    00000020                     : signbit.c.obj (.text:_signbit)
                  00800780    00000020     sysbios.ae674 : c62_TaskSupport_asm.obj (.text:_ti_sysbios_family_c62_TaskSupport_glue)
                  008007a0    00000020     rts6740_elf.lib : exit.c.obj (.text:abort)
                  008007c0    00000020     cycle_measure.oe674 (.text:cache_setL2Size)
                  008007e0    00000020     cycle_measure.oe674 (.text:cache_wbInvAllL2Wait)
                  00800800    00000020     rts6740_elf.lib : fputc.c.obj (.text:putchar)
                  00800820    00000020     radarOsal_malloc.oe674 (.text:radarOsal_memDeInit)
                  00800840    00000020     libmmwavelink_xwr68xx.ae674 : rl_driver.oe674 (.text:rlDriverGetHandle)
                  00800860    00000020                                 : rl_driver.oe674 (.text:rlDriverGetPlatformId)
                  00800880    00000020                                 : rl_driver.oe674 (.text:rlDriverIsDeviceMapValid)
                  008008a0    00000020                                 : rl_controller.oe674 (.text:rlGetSubBlockId)
                  008008c0    00000020                                 : rl_controller.oe674 (.text:rlGetSubBlockLen)
                  008008e0    00000020     cycle_measure.oe674 (.text:startClock)
                  00800900    00000020     dss_mmw_pe674.oe674 (.text:ti_sysbios_BIOS_RtsGateProxy_enter__E)
                  00800920    00000020     dss_mmw_pe674.oe674 (.text:ti_sysbios_BIOS_RtsGateProxy_leave__E)
                  00800940    00000020     sysbios.ae674 : BIOS.obj (.text:ti_sysbios_BIOS_linkedWithIncorrectBootLibrary__E)
                  00800960    00000020     dss_mmw_pe674.oe674 (.text:ti_sysbios_BIOS_nullFunc__I)
                  00800980    00000020     sysbios.ae674 : BIOS.obj (.text:ti_sysbios_BIOS_setThreadType__E)
                  008009a0    00000020                   : BIOS.obj (.text:ti_sysbios_BIOS_start__E)
                  008009c0    00000020     dss_mmw_pe674.oe674 (.text:ti_sysbios_family_c62_TaskSupport_Module__startupDone__S)
                  008009e0    00000020     sysbios.ae674 : BIOS.obj (.text:ti_sysbios_family_c62_TaskSupport_checkStack__E)
                  00800a00    00000020                   : BIOS.obj (.text:ti_sysbios_family_c62_TaskSupport_getStackAlignment__E)
                  00800a20    00000020     dss_mmw_pe674.oe674 (.text:ti_sysbios_family_c64p_Hwi_Module__startupDone__F)
                  00800a40    00000020     sysbios.ae674 : BIOS.obj (.text:ti_sysbios_family_c64p_Hwi_clearInterrupt__E)
                  00800a60    00000020                   : BIOS.obj (.text:ti_sysbios_family_c64p_Hwi_startup__E)
                  00800a80    00000020                   : BIOS.obj (.text:ti_sysbios_family_c64p_Hwi_switchFromBootStack__E)
                  00800aa0    00000020                   : BIOS.obj (.text:ti_sysbios_gates_GateHwi_Instance_init__E)
                  00800ac0    00000020                   : BIOS.obj (.text:ti_sysbios_gates_GateHwi_enter__E)
                  00800ae0    00000020                   : BIOS.obj (.text:ti_sysbios_gates_GateHwi_leave__E)
                  00800b00    00000020                   : BIOS.obj (.text:ti_sysbios_gates_GateHwi_query__E)
                  00800b20    00000020                   : BIOS.obj (.text:ti_sysbios_gates_GateMutex_Instance_finalize__E)
                  00800b40    00000020                   : BIOS.obj (.text:ti_sysbios_gates_GateMutex_query__E)
                  00800b60    00000020                   : BIOS.obj (.text:ti_sysbios_hal_Hwi_Module_startup__E)
                  00800b80    00000020     dss_mmw_pe674.oe674 (.text:ti_sysbios_heaps_HeapMem_Module_GateProxy_enter__E)
                  00800ba0    00000020     dss_mmw_pe674.oe674 (.text:ti_sysbios_heaps_HeapMem_Module_GateProxy_leave__E)
                  00800bc0    00000020     sysbios.ae674 : BIOS.obj (.text:ti_sysbios_heaps_HeapMem_isBlocking__E)
                  00800be0    00000020     dss_mmw_pe674.oe674 (.text:ti_sysbios_knl_Clock_TimerProxy_getMaxTicks__E)
                  00800c00    00000020     sysbios.ae674 : BIOS.obj (.text:ti_sysbios_knl_Event_Instance_init__E)
                  00800c20    00000020                   : BIOS.obj (.text:ti_sysbios_knl_Idle_loop__E)
                  00800c40    00000020                   : BIOS.obj (.text:ti_sysbios_knl_Queue_Instance_init__E)
                  00800c60    00000020     dss_mmw_pe674.oe674 (.text:ti_sysbios_knl_Queue_Object__get__S)
                  00800c80    00000020     dss_mmw_pe674.oe674 (.text:ti_sysbios_knl_Queue_destruct)
                  00800ca0    00000020     sysbios.ae674 : BIOS.obj (.text:ti_sysbios_knl_Queue_empty__E)
                  00800cc0    00000020                   : BIOS.obj (.text:ti_sysbios_knl_Semaphore_Instance_finalize__E)
                  00800ce0    00000020     dss_mmw_pe674.oe674 (.text:ti_sysbios_knl_Semaphore_Params__init__S)
                  00800d00    00000020     dss_mmw_pe674.oe674 (.text:ti_sysbios_knl_Semaphore_delete)
                  00800d20    00000020     dss_mmw_pe674.oe674 (.text:ti_sysbios_knl_Task_Params__init__S)
                  00800d40    00000020     sysbios.ae674 : BIOS.obj (.text:ti_sysbios_knl_Task_disable__E)
                  00800d60    00000020                   : BIOS.obj (.text:ti_sysbios_knl_Task_startup__E)
                  00800d80    00000020     dss_mmw_pe674.oe674 (.text:ti_sysbios_timers_rti_Timer_Module__startupDone__F)
                  00800da0    00000020     sysbios.ae674 : BIOS.obj (.text:ti_sysbios_timers_rti_Timer_getMaxTicks__E)
                  00800dc0    00000020     ti.targets.rts6000.ae674 : Error.oe674 (.text:xdc_runtime_Error_getSite__E)
                  00800de0    00000020                              : Error.oe674 (.text:xdc_runtime_Error_raiseX__E)
                  00800e00    00000020                              : Gate.oe674 (.text:xdc_runtime_Gate_enterSystem__E)
                  00800e20    00000020                              : Gate.oe674 (.text:xdc_runtime_Gate_leaveSystem__E)
                  00800e40    00000020     dss_mmw_pe674.oe674 (.text:xdc_runtime_IHeap_alloc)
                  00800e60    00000020     dss_mmw_pe674.oe674 (.text:xdc_runtime_IHeap_free)
                  00800e80    00000020     ti.targets.rts6000.ae674 : Memory.oe674 (.text:xdc_runtime_Memory_calloc__E)
                  00800ea0    00000020                              : Memory.oe674 (.text:xdc_runtime_Memory_free__E)
                  00800ec0    00000020                              : Memory.oe674 (.text:xdc_runtime_Memory_getMaxDefaultTypeAlign__E)
                  00800ee0    00000020     dss_mmw_pe674.oe674 (.text:xdc_runtime_Startup_exec__I)
                  00800f00    00000020     dss_mmw_pe674.oe674 (.text:xdc_runtime_Startup_reset__I)
                  00800f20    00000020     ti.targets.rts6000.ae674 : Startup.oe674 (.text:xdc_runtime_Startup_rtsDone__E)
                  00800f40    00000020                              : SysStd.oe674 (.text:xdc_runtime_SysStd_exit__E)
                  00800f60    00000020                              : SysStd.oe674 (.text:xdc_runtime_SysStd_putch__E)
                  00800f80    00000020                              : SysStd.oe674 (.text:xdc_runtime_SysStd_ready__E)
                  00800fa0    00000020     dss_mmw_pe674.oe674 (.text:xdc_runtime_System_Module_GateProxy_enter__E)
                  00800fc0    00000020     dss_mmw_pe674.oe674 (.text:xdc_runtime_System_Module_GateProxy_leave__E)
                  00800fe0    00000020     ti.targets.rts6000.ae674 : System.oe674 (.text:xdc_runtime_System_Module_startup__E)
                  00801000    00000020                              : System.oe674 (.text:xdc_runtime_System_vsnprintf__E)
                  00801020    00000020                              : Text.oe674 (.text:xdc_runtime_Text_ropeText__E)
                  00801040    00000020     dss_mmw_pe674.oe674 (.text:xdc_runtime_Text_visitRope__I)

.l2data    0    00801060    00005000     UNINITIALIZED
                  00801060    00005000     dss_data_path.oe674 (.l2data)

systemHeap 
*          0    00806060    00004000     UNINITIALIZED
                  00806060    00004000     dss_mmw_pe674.oe674 (systemHeap)

.stack     0    0080fc58    00000418     UNINITIALIZED
                  0080fc58    00000008     boot.ae674 : boot.oe674 (.stack)
                  0080fc60    00000410     --HOLE--

.neardata 
*          0    00810368    00000010     
                  00810368    00000004     libadcbuf_xwr68xx.ae674 : ADCBuf.oe674 (.neardata)
                  0081036c    00000004     libcrc_xwr68xx.ae674 : crc_xwr68xx.oe674 (.neardata)
                  00810370    00000004     libedma_xwr68xx.ae674 : edma_low_level.oe674 (.neardata)
                  00810374    00000004     libuart_xwr68xx.ae674 : UART.oe674 (.neardata)

.cinit     0    00800000    00000000     UNINITIALIZED

.far       0    0080a060    00002e00     UNINITIALIZED
                  0080a060    00002000     (.common:gMmwL2Scratch)
                  0080c060    000004d8     libedma_xwr68xx.ae674 : edma.oe674 (.far:EDMA_object)
                  0080c538    00000338     (.common:gMmwDssMCB)
                  0080c870    00000320     dss_mmw_pe674.oe674 (.far:taskStackSection)
                  0080cb90    00000140     (.common:__TI_tmpnams)
                  0080ccd0    00000100     (.common:gMMWave_MCB)
                  0080cdd0    00000070     (.common:gRadarOsal_heapObj)
                  0080ce40    00000010     (.common:edmaDbg)
                  0080ce50    00000008     (.common:gMMWave_DualcoreMCB)
                  0080ce58    00000008     (.common:parmbuf)

.const     0    0080ce60    00001d29     
                  0080ce60    00000740     dss_main.oe674 (.const:.string)
                  0080d5a0    00000518     sysbios.ae674 : BIOS.obj (.const:.string)
                  0080dab8    000002c8     dss_data_path.oe674 (.const:.string)
                  0080dd80    00000164     dss_config_edma_util.oe674 (.const:.string)
                  0080dee4    00000004     ti.targets.rts6000.ae674 : Assert.oe674 (.const:.string)
                  0080dee8    00000101     rts6740_elf.lib : ctype.c.obj (.const:.string:_ctypes_)
                  0080dfe9    00000001     --HOLE-- [fill = 0]
                  0080dfea    00000002     dss_mmw_pe674.oe674 (.const:ti_sysbios_family_c64p_Cache_Module__id__C)
                  0080dfec    000000dc     radarOsal_malloc.oe674 (.const:.string)
                  0080e0c8    0000007c     RADARDEMO_highAccuRangeProc.oe674 (.const:.string)
                  0080e144    00000074     dss_mmw_pe674.oe674 (.const:.string)
                  0080e1b8    0000006c     libmmwavelink_xwr68xx.ae674 : rl_driver.oe674 (.const:.string)
                  0080e224    00000058     libedma_xwr68xx.ae674 : edma.oe674 (.const:.string)
                  0080e27c    00000058     ti.targets.rts6000.ae674 : Error.oe674 (.const:.string)
                  0080e2d4    0000004c     libmailbox_xwr68xx.ae674 : mailbox.oe674 (.const:.string)
                  0080e320    00000044     dss_mmw_pe674.oe674 (.const:ti_sysbios_knl_Task_Object__PARAMS__C)
                  0080e364    00000040     ti.targets.rts6000.ae674 : Text.oe674 (.const:.string)
                  0080e3a4    0000003c     libsoc_xwr68xx.ae674 : soc_xwr68xx_dss.oe674 (.const:.string)
                  0080e3e0    00000038     libuart_xwr68xx.ae674 : UART.oe674 (.const:UART_defaultParams)
                  0080e418    00000038     libedma_xwr68xx.ae674 : edma_xwr1xxx.oe674 (.const:gEdmaHwAttrs)
                  0080e450    00000034     libmmwave_xwr68xx.ae674 : mmwave_dualcore.oe674 (.const:.string)
                  0080e484    0000002c     ti.targets.rts6000.ae674 : Startup.oe674 (.const:.string)
                  0080e4b0    00000028     libmmwave_xwr68xx.ae674 : mmwave.oe674 (.const:.string)
                  0080e4d8    00000028     dss_mmw_pe674.oe674 (.const:ti_sysbios_heaps_HeapMem_Module__FXNS__C)
                  0080e500    00000024     rts6740_elf.lib : _printfi.c.obj (.const:.string)
                  0080e524    00000024     libmailbox_xwr68xx.ae674 : mailbox.oe674 (.const:Mailbox_defaultCfg)
                  0080e548    00000024     dss_mmw_pe674.oe674 (.const:ti_sysbios_gates_GateHwi_Module__FXNS__C)
                  0080e56c    00000024     dss_mmw_pe674.oe674 (.const:ti_sysbios_gates_GateMutex_Module__FXNS__C)
                  0080e590    00000024     dss_mmw_pe674.oe674 (.const:ti_sysbios_heaps_HeapMem_Object__PARAMS__C)
                  0080e5b4    00000024     dss_mmw_pe674.oe674 (.const:ti_sysbios_knl_Semaphore_Object__PARAMS__C)
                  0080e5d8    00000024     dss_mmw_pe674.oe674 (.const:xdc_runtime_Startup_sfxnTab__A)
                  0080e5fc    00000020     libosal_xwr68xx.ae674 : SemaphoreP_tirtos.oe674 (.const:.string)
                  0080e61c    00000020     dss_mmw_pe674.oe674 (.const:ti_sysbios_gates_GateHwi_Object__DESC__C)
                  0080e63c    00000020     dss_mmw_pe674.oe674 (.const:ti_sysbios_gates_GateMutex_Object__DESC__C)
                  0080e65c    00000020     dss_mmw_pe674.oe674 (.const:ti_sysbios_heaps_HeapMem_Object__DESC__C)
                  0080e67c    00000020     dss_mmw_pe674.oe674 (.const:ti_sysbios_knl_Event_Object__DESC__C)
                  0080e69c    00000020     dss_mmw_pe674.oe674 (.const:ti_sysbios_knl_Queue_Object__DESC__C)
                  0080e6bc    00000020     dss_mmw_pe674.oe674 (.const:ti_sysbios_knl_Semaphore_Object__DESC__C)
                  0080e6dc    00000020     dss_mmw_pe674.oe674 (.const:ti_sysbios_knl_Task_Object__DESC__C)
                  0080e6fc    0000001c     libosal_xwr68xx.ae674 : HwiP_tirtos.oe674 (.const:.string)
                  0080e718    00000018     libmmwave_xwr68xx.ae674 : mmwave_fullcfg.oe674 (.const:.string)
                  0080e730    00000018     ti.targets.rts6000.ae674 : System.oe674 (.const:.string)
                  0080e748    00000018     dss_mmw_pe674.oe674 (.const:ti_sysbios_gates_GateHwi_Object__PARAMS__C)
                  0080e760    00000018     dss_mmw_pe674.oe674 (.const:ti_sysbios_gates_GateMutex_Object__PARAMS__C)
                  0080e778    00000018     dss_mmw_pe674.oe674 (.const:ti_sysbios_knl_Event_Object__PARAMS__C)
                  0080e790    00000018     dss_mmw_pe674.oe674 (.const:ti_sysbios_knl_Queue_Object__PARAMS__C)
                  0080e7a8    00000014     libadcbuf_xwr68xx.ae674 : adcbuf_mmwave.oe674 (.const:.string)
                  0080e7bc    00000014     libmmwave_xwr68xx.ae674 : mmwave_link.oe674 (.const:.string)
                  0080e7d0    00000014     libuart_xwr68xx.ae674 : uartsci.oe674 (.const:.string)
                  0080e7e4    00000014                           : uartsci_edma.oe674 (.const:.string)
                  0080e7f8    00000014     libadcbuf_xwr68xx.ae674 : adcbuf_mmwave.oe674 (.const:gADCBufFxnTable)
                  0080e80c    00000004     dss_mmw_pe674.oe674 (.const:ti_sysbios_family_c62_TaskSupport_stackAlignment__C)
                  0080e810    00000012     dss_mmw_pe674.oe674 (.const:xdc_runtime_Startup_sfxnRts__A)
                  0080e822    00000010     libmmwavelink_xwr68xx.ae674 : rl_driver.oe674 (.const:$P$T0$1)
                  0080e832    00000002     dss_mmw_pe674.oe674 (.const:ti_sysbios_family_c64p_EventCombiner_Module__id__C)
                  0080e834    00000004     dss_mmw_pe674.oe674 (.const:ti_sysbios_family_c64p_Cache_E_invalidL1CacheSize__C)
                  0080e838    00000010     libmmwavelink_xwr68xx.ae674 : rl_driver.oe674 (.const:$P$T1$2)
                  0080e848    00000010                                 : rl_driver.oe674 (.const:$P$T10$11)
                  0080e858    00000010                                 : rl_driver.oe674 (.const:$P$T3$4)
                  0080e868    00000010                                 : rl_driver.oe674 (.const:$P$T5$6)
                  0080e878    00000010                                 : rl_driver.oe674 (.const:$P$T6$7)
                  0080e888    00000010                                 : rl_driver.oe674 (.const:$P$T9$10)
                  0080e898    00000010     libadcbuf_xwr68xx.ae674 : ADCBuf.oe674 (.const:ADCBuf_defaultParams)
                  0080e8a8    00000010     libedma_xwr68xx.ae674 : edma.oe674 (.const:EDMA_config$1)
                  0080e8b8    00000010     libadcbuf_xwr68xx.ae674 : adcbuf_xwr1xxx.oe674 (.const:gADCBufHwCfg)
                  0080e8c8    00000010     dss_mmw_pe674.oe674 (.const:ti_sysbios_family_c64p_EventCombiner_EVTMASK__C)
                  0080e8d8    0000000c     libcrc_xwr68xx.ae674 : crc.oe674 (.const:.string)
                  0080e8e4    00000008     dss_mmw_pe674.oe674 (.const:ti_sysbios_knl_Idle_funcList__C)
                  0080e8ec    00000004     dss_mmw_pe674.oe674 (.const:ti_sysbios_family_c64p_Cache_E_invalidL2CacheSize__C)
                  0080e8f0    00000008     dss_mmw_pe674.oe674 (.const:xdc_runtime_Startup_firstFxns__A)
                  0080e8f8    00000008     dss_mmw_pe674.oe674 (.const:xdc_runtime_Startup_firstFxns__C)
                  0080e900    00000008     dss_mmw_pe674.oe674 (.const:xdc_runtime_Startup_lastFxns__C)
                  0080e908    00000004     dss_mmw_pe674.oe674 (.const:ti_sysbios_family_c64p_Cache_MAR0_31__C)
                  0080e90c    00000004     dss_mmw_pe674.oe674 (.const:ti_sysbios_family_c64p_Cache_MAR128_159__C)
                  0080e910    00000004     dss_mmw_pe674.oe674 (.const:ti_sysbios_family_c64p_Cache_MAR160_191__C)
                  0080e914    00000004     dss_mmw_pe674.oe674 (.const:ti_sysbios_family_c64p_Cache_MAR192_223__C)
                  0080e918    00000004     dss_mmw_pe674.oe674 (.const:ti_sysbios_family_c64p_Cache_MAR224_255__C)
                  0080e91c    00000004     dss_mmw_pe674.oe674 (.const:ti_sysbios_family_c64p_Cache_MAR32_63__C)
                  0080e920    00000004     dss_mmw_pe674.oe674 (.const:ti_sysbios_family_c64p_Cache_MAR64_95__C)
                  0080e924    00000004     dss_mmw_pe674.oe674 (.const:ti_sysbios_family_c64p_Cache_MAR96_127__C)
                  0080e928    00000004     dss_mmw_pe674.oe674 (.const:ti_sysbios_family_c64p_EventCombiner_A_invalidEventId__C)
                  0080e92c    00000004     dss_mmw_pe674.oe674 (.const:ti_sysbios_family_c64p_EventCombiner_EVTRegs__C)
                  0080e930    00000004     dss_mmw_pe674.oe674 (.const:ti_sysbios_family_c64p_EventCombiner_E_unpluggedEvent__C)
                  0080e934    00000004     dss_mmw_pe674.oe674 (.const:ti_sysbios_family_c64p_EventCombiner_Module__diagsEnabled__C)
                  0080e938    00000004     dss_mmw_pe674.oe674 (.const:ti_sysbios_family_c64p_EventCombiner_Module__diagsIncluded__C)
                  0080e93c    00000004     dss_mmw_pe674.oe674 (.const:ti_sysbios_family_c64p_EventCombiner_Module__diagsMask__C)
                  0080e940    00000004     dss_mmw_pe674.oe674 (.const:ti_sysbios_family_c64p_Exception_E_exceptionMax__C)
                  0080e944    00000004     dss_mmw_pe674.oe674 (.const:ti_sysbios_family_c64p_Exception_exceptionHook__C)
                  0080e948    00000004     dss_mmw_pe674.oe674 (.const:ti_sysbios_family_c64p_Exception_externalHook__C)
                  0080e94c    00000004     dss_mmw_pe674.oe674 (.const:ti_sysbios_family_c64p_Exception_internalHook__C)
                  0080e950    00000004     dss_mmw_pe674.oe674 (.const:ti_sysbios_family_c64p_Exception_nmiHook__C)
                  0080e954    00000004     dss_mmw_pe674.oe674 (.const:ti_sysbios_family_c64p_Hwi_INTRMUX1Address__C)
                  0080e958    00000004     dss_mmw_pe674.oe674 (.const:ti_sysbios_family_c64p_Hwi_LD_end__C)
                  0080e95c    00000004     dss_mmw_pe674.oe674 (.const:ti_sysbios_family_c64p_Hwi_LM_begin__C)
                  0080e960    00000004     dss_mmw_pe674.oe674 (.const:ti_sysbios_family_c64p_Hwi_Module__diagsEnabled__C)
                  0080e964    00000004     dss_mmw_pe674.oe674 (.const:ti_sysbios_family_c64p_Hwi_Module__diagsIncluded__C)
                  0080e968    00000004     dss_mmw_pe674.oe674 (.const:ti_sysbios_family_c64p_Hwi_Module__diagsMask__C)
                  0080e96c    00000004     dss_mmw_pe674.oe674 (.const:ti_sysbios_family_c64p_Hwi_Module__loggerFxn1__C)
                  0080e970    00000004     dss_mmw_pe674.oe674 (.const:ti_sysbios_family_c64p_Hwi_Module__loggerFxn8__C)
                  0080e974    00000004     dss_mmw_pe674.oe674 (.const:ti_sysbios_family_c64p_Hwi_Module__loggerObj__C)
                  0080e978    00000004     dss_mmw_pe674.oe674 (.const:ti_sysbios_gates_GateMutex_A_badContext__C)
                  0080e97c    00000004     dss_mmw_pe674.oe674 (.const:ti_sysbios_gates_GateMutex_Instance_State_sem__O)
                  0080e980    00000004     dss_mmw_pe674.oe674 (.const:ti_sysbios_gates_GateMutex_Module__diagsEnabled__C)
                  0080e984    00000004     dss_mmw_pe674.oe674 (.const:ti_sysbios_gates_GateMutex_Module__diagsIncluded__C)
                  0080e988    00000004     dss_mmw_pe674.oe674 (.const:ti_sysbios_gates_GateMutex_Module__diagsMask__C)
                  0080e98c    00000004     dss_mmw_pe674.oe674 (.const:ti_sysbios_hal_Hwi_E_stackOverflow__C)
                  0080e990    00000004     dss_mmw_pe674.oe674 (.const:ti_sysbios_heaps_HeapMem_A_align__C)
                  0080e994    00000004     dss_mmw_pe674.oe674 (.const:ti_sysbios_heaps_HeapMem_A_heapSize__C)
                  0080e998    00000004     dss_mmw_pe674.oe674 (.const:ti_sysbios_heaps_HeapMem_A_invalidFree__C)
                  0080e99c    00000004     dss_mmw_pe674.oe674 (.const:ti_sysbios_heaps_HeapMem_A_zeroBlock__C)
                  0080e9a0    00000004     dss_mmw_pe674.oe674 (.const:ti_sysbios_heaps_HeapMem_E_memory__C)
                  0080e9a4    00000004     dss_mmw_pe674.oe674 (.const:ti_sysbios_heaps_HeapMem_Module__diagsEnabled__C)
                  0080e9a8    00000004     dss_mmw_pe674.oe674 (.const:ti_sysbios_heaps_HeapMem_Module__diagsIncluded__C)
                  0080e9ac    00000004     dss_mmw_pe674.oe674 (.const:ti_sysbios_heaps_HeapMem_Module__diagsMask__C)
                  0080e9b0    00000004     dss_mmw_pe674.oe674 (.const:ti_sysbios_heaps_HeapMem_Module__gateObj__C)
                  0080e9b4    00000004     dss_mmw_pe674.oe674 (.const:ti_sysbios_heaps_HeapMem_Object__count__C)
                  0080e9b8    00000004     dss_mmw_pe674.oe674 (.const:ti_sysbios_heaps_HeapMem_reqAlign__C)
[...]
0080e834  ti_sysbios_family_c64p_Cache_E_invalidL1CacheSize__C         
0080e898  ADCBuf_defaultParams                                         
0080e8b8  gADCBufHwCfg                                                 
0080e8c8  ti_sysbios_family_c64p_EventCombiner_EVTMASK__C              
0080e8e4  ti_sysbios_knl_Idle_funcList__C                              
0080e8ec  ti_sysbios_family_c64p_Cache_E_invalidL2CacheSize__C         
0080e8f0  xdc_runtime_Startup_firstFxns__A                             
0080e8f8  xdc_runtime_Startup_firstFxns__C                             
0080e900  xdc_runtime_Startup_lastFxns__C                              
0080e908  ti_sysbios_family_c64p_Cache_MAR0_31__C                      
0080e90c  ti_sysbios_family_c64p_Cache_MAR128_159__C                   
0080e910  ti_sysbios_family_c64p_Cache_MAR160_191__C                   
0080e914  ti_sysbios_family_c64p_Cache_MAR192_223__C                   
0080e918  ti_sysbios_family_c64p_Cache_MAR224_255__C                   
0080e91c  ti_sysbios_family_c64p_Cache_MAR32_63__C                     
0080e920  ti_sysbios_family_c64p_Cache_MAR64_95__C                     
0080e924  ti_sysbios_family_c64p_Cache_MAR96_127__C                    
0080e928  ti_sysbios_family_c64p_EventCombiner_A_invalidEventId__C     
0080e92c  ti_sysbios_family_c64p_EventCombiner_EVTRegs__C              
0080e930  ti_sysbios_family_c64p_EventCombiner_E_unpluggedEvent__C     
0080e934  ti_sysbios_family_c64p_EventCombiner_Module__diagsEnabled__C 
0080e938  ti_sysbios_family_c64p_EventCombiner_Module__diagsIncluded__C
0080e93c  ti_sysbios_family_c64p_EventCombiner_Module__diagsMask__C    
0080e940  ti_sysbios_family_c64p_Exception_E_exceptionMax__C           
0080e944  ti_sysbios_family_c64p_Exception_exceptionHook__C            
0080e948  ti_sysbios_family_c64p_Exception_externalHook__C             
0080e94c  ti_sysbios_family_c64p_Exception_internalHook__C             
0080e950  ti_sysbios_family_c64p_Exception_nmiHook__C                  
0080e954  ti_sysbios_family_c64p_Hwi_INTRMUX1Address__C                
0080e958  ti_sysbios_family_c64p_Hwi_LD_end__C                         
0080e95c  ti_sysbios_family_c64p_Hwi_LM_begin__C                       
0080e960  ti_sysbios_family_c64p_Hwi_Module__diagsEnabled__C           
0080e964  ti_sysbios_family_c64p_Hwi_Module__diagsIncluded__C          
0080e968  ti_sysbios_family_c64p_Hwi_Module__diagsMask__C              
0080e96c  ti_sysbios_family_c64p_Hwi_Module__loggerFxn1__C             
0080e970  ti_sysbios_family_c64p_Hwi_Module__loggerFxn8__C             
0080e974  ti_sysbios_family_c64p_Hwi_Module__loggerObj__C              
0080e978  ti_sysbios_gates_GateMutex_A_badContext__C                   
0080e97c  ti_sysbios_gates_GateMutex_Instance_State_sem__O             
0080e980  ti_sysbios_gates_GateMutex_Module__diagsEnabled__C           
0080e984  ti_sysbios_gates_GateMutex_Module__diagsIncluded__C          
0080e988  ti_sysbios_gates_GateMutex_Module__diagsMask__C              
0080e98c  ti_sysbios_hal_Hwi_E_stackOverflow__C                        
0080e990  ti_sysbios_heaps_HeapMem_A_align__C                          
0080e994  ti_sysbios_heaps_HeapMem_A_heapSize__C                       
0080e998  ti_sysbios_heaps_HeapMem_A_invalidFree__C                    
0080e99c  ti_sysbios_heaps_HeapMem_A_zeroBlock__C                      
0080e9a0  ti_sysbios_heaps_HeapMem_E_memory__C                         
0080e9a4  ti_sysbios_heaps_HeapMem_Module__diagsEnabled__C             
0080e9a8  ti_sysbios_heaps_HeapMem_Module__diagsIncluded__C            
0080e9ac  ti_sysbios_heaps_HeapMem_Module__diagsMask__C                
0080e9b0  ti_sysbios_heaps_HeapMem_Module__gateObj__C                  
0080e9b4  ti_sysbios_heaps_HeapMem_Object__count__C                    
0080e9b8  ti_sysbios_heaps_HeapMem_reqAlign__C                         
0080e9bc  ti_sysbios_knl_Clock_LM_begin__C                             
0080e9c0  ti_sysbios_knl_Clock_LM_tick__C                              
0080e9c4  ti_sysbios_knl_Clock_LW_delayed__C                           
0080e9c8  ti_sysbios_knl_Clock_Module_State_clockQ__O                  
0080e9cc  ti_sysbios_knl_Clock_Module__diagsEnabled__C                 
0080e9d0  ti_sysbios_knl_Clock_Module__diagsIncluded__C                
0080e9d4  ti_sysbios_knl_Clock_Module__diagsMask__C                    
0080e9d8  ti_sysbios_knl_Clock_Module__loggerFxn1__C                   
0080e9dc  ti_sysbios_knl_Clock_Module__loggerFxn2__C                   
0080e9e0  ti_sysbios_knl_Clock_Module__loggerObj__C                    
0080e9e4  ti_sysbios_knl_Event_A_badContext__C                         
0080e9e8  ti_sysbios_knl_Event_A_eventInUse__C                         
0080e9ec  ti_sysbios_knl_Event_A_nullEventId__C                        
0080e9f0  ti_sysbios_knl_Event_A_nullEventMasks__C                     
0080e9f4  ti_sysbios_knl_Event_A_pendTaskDisabled__C                   
0080e9f8  ti_sysbios_knl_Event_Instance_State_pendQ__O                 
0080e9fc  ti_sysbios_knl_Event_LM_pend__C                              
0080ea00  ti_sysbios_knl_Event_LM_post__C                              
0080ea04  ti_sysbios_knl_Event_Module__diagsEnabled__C                 
0080ea08  ti_sysbios_knl_Event_Module__diagsIncluded__C                
0080ea0c  ti_sysbios_knl_Event_Module__diagsMask__C                    
0080ea10  ti_sysbios_knl_Event_Module__loggerFxn4__C                   
0080ea14  ti_sysbios_knl_Event_Module__loggerFxn8__C                   
0080ea18  ti_sysbios_knl_Event_Module__loggerObj__C                    
0080ea1c  ti_sysbios_knl_Semaphore_A_badContext__C                     
0080ea20  ti_sysbios_knl_Idle_funcList__A                              
0080ea24  ti_sysbios_knl_Semaphore_A_noEvents__C                       
0080ea28  ti_sysbios_knl_Semaphore_A_overflow__C                       
0080ea2c  ti_sysbios_knl_Semaphore_A_pendTaskDisabled__C               
0080ea30  ti_sysbios_knl_Semaphore_Instance_State_pendQ__O             
0080ea34  ti_sysbios_knl_Semaphore_LM_pend__C                          
0080ea38  ti_sysbios_knl_Semaphore_LM_post__C                          
0080ea3c  ti_sysbios_knl_Semaphore_Module__diagsEnabled__C             
0080ea40  ti_sysbios_knl_Semaphore_Module__diagsIncluded__C            
0080ea44  ti_sysbios_knl_Semaphore_Module__diagsMask__C                
0080ea48  ti_sysbios_knl_Semaphore_Module__loggerFxn2__C               
0080ea4c  ti_sysbios_knl_Semaphore_Module__loggerFxn4__C               
0080ea50  ti_sysbios_knl_Semaphore_Module__loggerObj__C                
0080ea54  ti_sysbios_knl_Task_A_badPriority__C                         
0080ea58  ti_sysbios_knl_Task_A_badTaskState__C                        
0080ea5c  ti_sysbios_knl_Task_A_badThreadType__C                       
0080ea60  ti_sysbios_knl_Task_A_badTimeout__C                          
0080ea64  ti_sysbios_knl_Task_A_noPendElem__C                          
0080ea68  ti_sysbios_knl_Task_A_sleepTaskDisabled__C                   
0080ea6c  ti_sysbios_knl_Task_E_spOutOfBounds__C                       
0080ea70  ti_sysbios_knl_Task_E_stackOverflow__C                       
0080ea74  ti_sysbios_knl_Task_LD_block__C                              
0080ea78  ti_sysbios_knl_Task_LD_exit__C                               
0080ea7c  ti_sysbios_knl_Task_LD_ready__C                              
0080ea80  ti_sysbios_knl_Task_LM_sleep__C                              
0080ea84  ti_sysbios_knl_Task_LM_switch__C                             
0080ea88  ti_sysbios_knl_Task_Module_State_inactiveQ__O                
0080ea8c  ti_sysbios_knl_Task_Module__diagsEnabled__C                  
0080ea90  ti_sysbios_knl_Task_Module__diagsIncluded__C                 
0080ea94  ti_sysbios_knl_Task_Module__diagsMask__C                     
0080ea98  ti_sysbios_knl_Task_Module__loggerFxn2__C                    
0080ea9c  ti_sysbios_knl_Task_Module__loggerFxn4__C                    
0080eaa0  ti_sysbios_knl_Task_Module__loggerObj__C                     
0080eaa4  ti_sysbios_knl_Task_Object__count__C                         
0080eaa8  ti_sysbios_knl_Task_allBlockedFunc__C                        
0080eaac  ti_sysbios_knl_Task_defaultStackHeap__C                      
0080eab0  ti_sysbios_knl_Task_defaultStackSize__C                      
0080eab4  ti_sysbios_knl_Task_numConstructedTasks__C                   
0080eab8  ti_sysbios_timers_rti_Timer_E_cannotSupport__C               
0080eabc  ti_sysbios_timers_rti_Timer_Module__diagsEnabled__C          
0080eac0  ti_sysbios_timers_rti_Timer_Module__diagsIncluded__C         
0080eac4  ti_sysbios_timers_rti_Timer_Module__diagsMask__C             
0080eac8  ti_sysbios_timers_rti_Timer_numTimerDevices__C               
0080eacc  ti_sysbios_timers_rti_Timer_startupNeeded__C                 
0080ead0  xdc_runtime_Assert_E_assertFailed__C                         
0080ead4  xdc_runtime_Core_A_initializedParams__C                      
0080ead8  xdc_runtime_Core_Module__diagsEnabled__C                     
0080eadc  xdc_runtime_Core_Module__diagsIncluded__C                    
0080eae0  xdc_runtime_Core_Module__diagsMask__C                        
0080eae4  xdc_runtime_Error_E_memory__C                                
0080eae8  xdc_runtime_Error_Module__diagsEnabled__C                    
0080eaec  xdc_runtime_Error_Module__diagsIncluded__C                   
0080eaf0  xdc_runtime_Error_Module__diagsMask__C                       
0080eaf4  xdc_runtime_Error_Module__loggerFxn8__C                      
0080eaf8  xdc_runtime_Error_Module__loggerObj__C                       
0080eafc  xdc_runtime_Error_policyFxn__C                               
0080eb00  xdc_runtime_Error_policy__C                                  
0080eb04  xdc_runtime_Error_raiseHook__C                               
0080eb08  xdc_runtime_IGateProvider_Interface__BASE__C                 
0080eb0c  xdc_runtime_IHeap_Interface__BASE__C                         
0080eb10  xdc_runtime_IModule_Interface__BASE__C                       
0080eb14  xdc_runtime_Log_L_error__C                                   
0080eb18  xdc_runtime_Memory_defaultHeapInstance__C                    
0080eb1c  xdc_runtime_Startup_execImpl__C                              
0080eb20  xdc_runtime_Startup_maxPasses__C                             
0080eb24  xdc_runtime_Startup_sfxnRts__C                               
0080eb28  xdc_runtime_Startup_sfxnTab__C                               
0080eb2c  xdc_runtime_System_Module__gateObj__C                        
0080eb30  xdc_runtime_System_abortFxn__C                               
0080eb34  xdc_runtime_System_exitFxn__C                                
0080eb38  xdc_runtime_System_extendFxn__C                              
0080eb3c  xdc_runtime_System_maxAtexitHandlers__C                      
0080eb40  xdc_runtime_Text_charTab__C                                  
0080eb44  xdc_runtime_Text_nameEmpty__C                                
0080eb48  xdc_runtime_Text_nameStatic__C                               
0080eb4c  xdc_runtime_Text_nameUnknown__C                              
0080eb50  xdc_runtime_Text_visitRopeFxn__C                             
0080eb54  ti_sysbios_family_c64p_Exception_Module__id__C               
0080eb56  ti_sysbios_family_c64p_Exception_useInternalBuffer__C        
0080eb58  ti_sysbios_family_c64p_Hwi_Module__id__C                     
0080eb5a  ti_sysbios_family_c64p_Hwi_Module__loggerDefined__C          
0080eb5c  ti_sysbios_gates_GateMutex_Module__id__C                     
0080eb5e  ti_sysbios_hal_Hwi_Module__id__C                             
0080eb60  ti_sysbios_heaps_HeapMem_Module__id__C                       
0080eb62  ti_sysbios_knl_Clock_Module__id__C                           
0080eb64  ti_sysbios_knl_Clock_Module__loggerDefined__C                
0080eb66  ti_sysbios_knl_Event_Module__id__C                           
0080eb68  ti_sysbios_knl_Event_Module__loggerDefined__C                
0080eb6a  ti_sysbios_knl_Semaphore_Module__id__C                       
0080eb6c  ti_sysbios_knl_Semaphore_Module__loggerDefined__C            
0080eb6e  ti_sysbios_knl_Task_Module__id__C                            
0080eb70  ti_sysbios_knl_Task_Module__loggerDefined__C                 
0080eb72  ti_sysbios_timers_rti_Timer_Module__id__C                    
0080eb74  ti_sysbios_timers_rti_Timer_continueOnSuspend__C             
0080eb76  xdc_runtime_Core_Module__id__C                               
0080eb78  xdc_runtime_Error_Module__loggerDefined__C                   
0080eb7a  xdc_runtime_Error_maxDepth__C                                
0080eb7c  xdc_runtime_Main_Module__id__C                               
0080eb7e  xdc_runtime_Memory_Module__id__C                             
0080eb80  xdc_runtime_Text_charCnt__C                                  
0080eb82  xdc_runtime_Text_isLoaded__C                                 
0080eb84  xdc_runtime_Text_registryModsLastId__C                       
0080eb86  xdc_runtime_Text_unnamedModsLastId__C                        
0080eb88  xdc_runtime_Text_charTab__A                                  
0080eb90  ti_sysbios_family_c64p_EventCombiner_Module__state__V        
0080f178  _ftable                                                      
0080f358  rl_rxMsg                                                     
0080f458  rl_txMsg                                                     
0080f558  _stream                                                      
0080f5f8  ti_sysbios_knl_Task_Module_State_0_readyQ__A                 
0080f678  _device                                                      
0080f6f0  ti_sysbios_family_c64p_Hwi_Object__table__V                  
0080f768  ti_sysbios_family_c64p_Hwi_Module__state__V                  
0080f7d4  _lock                                                        
0080f7d8  ti_sysbios_knl_Task_Object__table__V                         
0080f834  gMailboxMCB                                                  
0080f884  ti_sysbios_knl_Task_Module__state__V                         
0080f8cc  _unlock                                                      
0080f950  SOC_TranslateAddr_LUT                                        
0080f990  ti_sysbios_gates_GateMutex_Object__table__V                  
0080f9d0  ti_sysbios_timers_rti_Timer_Object__table__V                 
0080fa0c  ti_sysbios_family_c64p_Exception_Module__state__V            
0080fa3c  __TI_ft_end                                                  
0080fa40  gUartSciHwCfg                                                
0080fa6c  ti_sysbios_knl_Clock_Module__state__V                        
0080fa98  gUartSciFxnTable                                             
0080fac0  ti_sysbios_BIOS_Module__state__V                             
0080fae4  __errno                                                      
0080fae4  errno                                                        
0080fae8  gSOCHwAttrib                                                 
0080fb08  xdc_runtime_Error_IgnoreBlock                                
0080fb28  ADCBuf_config                                                
0080fb40  UART_config                                                  
0080fb58  gMailboxDssBssHwCfg                                          
0080fb70  gMailboxDssMssHwCfg                                          
0080fb88  ti_sysbios_heaps_HeapMem_Object__table__V                    
0080fba0  ti_sysbios_timers_rti_Timer_Module_State_0_device__A         
0080fbb8  ti_sysbios_timers_rti_Timer_Module_State_0_intFreqs__A       
0080fbc8  ti_sysbios_timers_rti_Timer_Module__state__V                 
0080fbd8  __TI_cleanup_ptr                                             
0080fbdc  __TI_dtors_ptr                                               
0080fbe0  __TI_enable_exit_profile_output                              
0080fbe4  ti_sysbios_gates_GateHwi_Module__root__V                     
0080fbec  ti_sysbios_gates_GateMutex_Module__root__V                   
0080fbf4  ti_sysbios_family_c64p_Cache_Module__state__V                
0080fbf8  ti_sysbios_hal_Hwi_Object__table__V                          
0080fc00  ti_sysbios_heaps_HeapMem_Module__root__V                     
0080fc08  ti_sysbios_knl_Event_Module__root__V                         
0080fc10  ti_sysbios_knl_Queue_Module__root__V                         
0080fc18  ti_sysbios_knl_Semaphore_Module__root__V                     
0080fc20  ti_sysbios_knl_Task_Module__root__V                          
0080fc28  ti_sysbios_timers_rti_Timer_Module_State_0_handles__A        
0080fc30  xdc_runtime_Registry_Module__state__V                        
0080fc38  xdc_runtime_Startup_Module__state__V                         
0080fc40  xdc_runtime_System_Module__state__V                          
0080fc48  ti_sysbios_gates_GateHwi_Object__table__V                    
0080fc4c  xdc_runtime_Memory_Module__state__V                          
0080fc50  ti_sysbios_knl_Task_Module_State_0_idleTask__A               
0080fc54  xdc_runtime_Error_Module__state__V                           
0080fc58  _stack                                                       
00810070  __TI_STACK_END                                               
00810248  __CIOBUF_                                                    
00810368  __TI_STATIC_BASE                                             
0081036c  gCRCRegister                                                 
00810370  regionId                                                     
00810378  _MmwDemo_fastCode_L1PSRAM_copy_table                         
00810378  __TI_table__MmwDemo_fastCode_L1PSRAM_copy_table              
00e00000  RADARDEMO_highAccuRangeProc_rangeEst                         
00e01800  RADARDEMO_highAccuRangeProc_create                           
00e01da0  RADARDEMO_highAccuRangeProc_accumulateInput                  
00e01fc0  RADARDEMO_highAccuRangeProc_run                              
00e02060  MmwDemo_interFrameProcessing                                 
00e02120  MmwDemo_processChirp                                         
00f00000  gMmwL1                                                       
20000000  _L3data_start                                                
20000000  gMmwL3                                                       
200026a0  main                                                         
200027c0  MmwDemo_dataPathInitEdma                                     
21080000  detOutputHdr                                                 
21080020  gMmwHSRAM                                                    
ffffffff  __TI_pprof_out_hndl                                          
ffffffff  __TI_prof_data_size                                          
ffffffff  __TI_prof_data_start                                         
ffffffff  __binit__                                                    
ffffffff  __c_args__                                                   
ffffffff  binit                                                        
UNDEFED   __TI_CINIT_Base                                              
UNDEFED   __TI_CINIT_Limit                                             
UNDEFED   __TI_Handler_Table_Base                                      
UNDEFED   __TI_Handler_Table_Limit                                     
UNDEFED   __TI_INITARRAY_Base                                          
UNDEFED   __TI_INITARRAY_Limit                                         
UNDEFED   __TI_TLS_INIT_Base                                           
UNDEFED   __TI_TLS_INIT_Limit                                          

[860 symbols]
