******************************************************************************
                  TI ARM Linker PC v16.9.6                     
******************************************************************************
>> Linked Mon Apr 12 23:54:46 2021

OUTPUT FILE NAME:   <high_accuracy_68xx_mss.xer4f>
ENTRY POINT SYMBOL: "_c_int00"  address: 0000d940


MEMORY CONFIGURATION

         name            origin    length      used     unused   attr    fill
----------------------  --------  ---------  --------  --------  ----  --------
PAGE 0:
  VECTORS               00000000   00000100  0000003c  000000c4     X
  PROG_RAM              00000100   0007ff00  00014580  0006b980  R  X
  DATA_RAM              08000000   00030000  0002b168  00004e98  RW  
  L3_RAM                51000000   000c0000  00000000  000c0000  RW  
  HWA_RAM               52030000   00010000  00000000  00010000  RW  
  HS_RAM                52080000   00008000  00000000  00008000  RW  

PAGE 1:
  L3_RAM                51000000   000c0000  00000000  000c0000  RW  


SEGMENT ALLOCATION MAP

run origin  load origin   length   init length attrs members
----------  ----------- ---------- ----------- ----- -------
00000000    00000000    0000003c   0000003c    r--
  00000000    00000000    0000003c   0000003c    r-- .vecs
00000100    00000100    00014588   00014588    r-x
  00000100    00000100    00011832   00011832    r-x .text
  00011938    00011938    0000290e   0000290e    r-- .const
  00014248    00014248    00000440   00000440    r-- .cinit
08000000    08000000    0002b168   00000000    rw-
  08000000    08000000    00014100   00000000    rw- .l2data
  08014100    08014100    00010000   00000000    rw- systemHeap
  08024100    08024100    00003f38   00000000    rw- .bss
  08028038    08028038    00001130   00000000    rw- .data
  08029168    08029168    00001000   00000000    rw- .myFiqStack
  0802a168    0802a168    00001000   00000000    rw- .stack


SECTION ALLOCATION MAP

 output                                  attributes/
section   page    origin      length       input sections
--------  ----  ----------  ----------   ----------------
.vecs      0    00000000    0000003c     
                  00000000    0000003c     mss_mmw_per4ft.oer4ft (.vecs)

.text      0    00000100    00011832     
                  00000100    0000107a     rtsv7R4_T_le_v3D16_eabi.lib : _printfi.obj (.text)
                  0000117a    00000006     libosal_xwr68xx.aer4f : CycleprofilerP_tirtos.oer4f (.text:CycleprofilerP_getTimeStamp)
                  00001180    000004e1     sysbios.aer4ft : BIOS.obj (.text:xdc_runtime_System_doPrint__I)
                  00001661    00000001     --HOLE-- [fill = 0]
                  00001662    00000002     libmmwave_xwr68xx.aer4f : mmwave_link.oer4f (.text:MMWave_maskHostIRQ)
                  00001664    00000418     mss_main.oer4f (.text:MmwDemo_mssInitTask)
                  00001a7c    00000410     libcli_xwr68xx.aer4f : cli_mmwave.oer4f (.text:CLI_MMWaveVersion)
                  00001e8c    00000004     libosal_xwr68xx.aer4f : HwiP_tirtos.oer4f (.text:HwiP_disableInterrupt)
                  00001e90    00000394     sysbios.aer4ft : BIOS.obj (.text:ti_sysbios_knl_Event_pend__E)
                  00002224    00000370     cli.oer4f (.text:MmwDemo_CLIInit)
                  00002594    00000314     libsoc_xwr68xx.aer4f : soc_xwr68xx_mss.oer4f (.text:SOC_deviceInit)
                  000028a8    00000008     libosal_xwr68xx.aer4f : HwiP_tirtos.oer4f (.text:HwiP_disable)
                  000028b0    00000310     sysbios.aer4ft : BIOS.obj (.text:ti_sysbios_knl_Semaphore_pend__E)
                  00002bc0    000002b8     rtsv7R4_T_le_v3D16_eabi.lib : ull_div32.obj (.text)
                  00002e78    00000008     libmmwave_xwr68xx.aer4f : mmwave.oer4f (.text:MMWave_decodeErrorLevel)
                  00002e80    000002a4     sysbios.aer4ft : BIOS.obj (.text:ti_sysbios_heaps_HeapMem_freeUnprotected__E)
                  00003124    00000284     libmmwave_xwr68xx.aer4f : mmwave_dualcore.oer4f (.text:MMWave_deviceExecuteFxn)
                  000033a8    00000008                             : mmwave_link.oer4f (.text:MMWave_mboxCallbackFxn)
                  000033b0    00000280     sysbios.aer4ft : BIOS.obj (.text:ti_sysbios_family_arm_exc_Exception_excDumpContext__I)
                  00003630    00000268                    : BIOS.obj (.text:ti_sysbios_knl_Task_Instance_finalize__E)
                  00003898    00000260     libmailbox_xwr68xx.aer4f : mailbox.oer4f (.text:Mailbox_open)
                  00003af8    00000254     libcli_xwr68xx.aer4f : cli_mmwave.oer4f (.text:CLI_MMWaveProfileCfg)
                  00003d4c    00000004     libmmwave_xwr68xx.aer4f : mmwave_link.oer4f (.text:MMWave_disableDevice)
                  00003d50    00000228     sysbios.aer4ft : BIOS.obj (.text:ti_sysbios_heaps_HeapMem_allocUnprotected__E)
                  00003f78    00000008     libosal_xwr68xx.aer4f : SemaphoreP_tirtos.oer4f (.text:SemaphoreP_Params_init)
                  00003f80    00000220     sysbios.aer4ft : BIOS.obj (.text:ti_sysbios_knl_Task_sleep__E)
                  000041a0    00000214     libuart_xwr68xx.aer4f : uartsci.oer4f (.text:UartSci_open)
                  000043b4    00000204     libcli_xwr68xx.aer4f : cli_mmwave.oer4f (.text:CLI_MMWaveChirpCfg)
                  000045b8    00000200     libcrc_xwr68xx.aer4f : crc.oer4f (.text:CRC_open)
                  000047b8    000001f0     libdma_xwr68xx.aer4f : dma.oer4f (.text:DMA_setChannelParams)
                  000049a8    000001e4     rtsv7R4_T_le_v3D16_eabi.lib : strtod.obj (.text)
                  00004b8c    00000004     libmmwave_xwr68xx.aer4f : mmwave_link.oer4f (.text:MMWave_enableDevice)
                  00004b90    000001e4     sysbios.aer4ft : BIOS.obj (.text:ti_sysbios_family_arm_v7r_vim_Hwi_dispatchIRQC__I)
                  00004d74    0000000c     libmmwave_xwr68xx.aer4f : mmwave_dualcore.oer4f (.text:MMWave_deviceMailboxCallbackFxn)
                  00004d80    000001dc     sysbios.aer4ft : BIOS.obj (.text:ti_sysbios_knl_Task_Module_startup__E)
                  00004f5c    000001cc     mss_main.oer4f (.text:MmwDemo_mssDataPathConfig)
                  00005128    000001c8     libmmwavelink_xwr68xx.aer4f : rl_driver.oer4f (.text:rlDriverRxHdrRead)
                  000052f0    000001c8     rtsv7R4_T_le_v3D16_eabi.lib : fopen.obj (.text)
                  000054b8    00000008     libmmwavelink_xwr68xx.aer4f : rl_driver.oer4f (.text:rlDriverConstructOutMsg)
                  000054c0    000001c8     sysbios.aer4ft : BIOS.obj (.text:ti_sysbios_knl_Task_Instance_init__E)
                  00005688    000001b4     mss_main.oer4f (.text:MmwDemo_transmitProcessedOutput)
                  0000583c    000001b0     libmmwavelink_xwr68xx.aer4f : rl_driver.oer4f (.text:rlDriverMsgRead)
                  000059ec    000001a4     libcli_xwr68xx.aer4f : cli_mmwave.oer4f (.text:CLI_MMWaveSubFrameCfg)
                  00005b90    000001a4     libmmwave_xwr68xx.aer4f : mmwave_dualcore.oer4f (.text:MMWave_serializeCfg)
                  00005d34    0000000c                             : mmwave_osal.oer4f (.text:MMWave_osalMutexUnlock)
                  00005d40    0000019c     sysbios.aer4ft : BIOS.obj (.text:xdc_runtime_Error_policyDefault__E)
                  00005edc    00000194     libmmwave_xwr68xx.aer4f : mmwave_link.oer4f (.text:MMWave_openLink)
                  00006070    00000190     libmmwavelink_xwr68xx.aer4f : rl_driver.oer4f (.text:rlDriverCmdInvoke)
                  00006200    00000184     sysbios.aer4ft : BIOS.obj (.text:ti_sysbios_timers_rti_Timer_Module_startup__E)
                  00006384    0000000c     libmmwave_xwr68xx.aer4f : mmwave_osal.oer4f (.text:MMWave_osalSemSignal)
                  00006390    0000017c     sysbios.aer4ft : BIOS.obj (.text:ti_sysbios_family_arm_exc_Exception_excHandler__I)
                  0000650c    00000004     libmmwave_xwr68xx.aer4f : mmwave_listlib.oer4f (.text:MMWave_listGetHead)
                  00006510    0000017c     sysbios.aer4ft : BIOS.obj (.text:ti_sysbios_knl_Semaphore_post__E)
                  0000668c    00000004     libmmwave_xwr68xx.aer4f : mmwave_listlib.oer4f (.text:MMWave_listGetNext)
                  00006690    00000174     sysbios.aer4ft : BIOS.obj (.text:ti_sysbios_knl_Event_post__E)
                  00006804    0000000c     mss_main.oer4f (.text:MmwDemo_mboxCallback)
                  00006810    00000160     sysbios.aer4ft : BIOS.obj (.text:ti_sysbios_family_arm_v7r_vim_Hwi_reconfig__E)
                  00006970    0000015c     cli.oer4f (.text:MmwDemo_CLIRangeLimitCfg)
                  00006acc    00000150     mss_main.oer4f (.text:MmwDemo_mboxReadTask)
                  00006c1c    0000014c     libcli_xwr68xx.aer4f : cli_mmwave.oer4f (.text:CLI_MMWaveFrameCfg)
                  00006d68    0000014c                          : cli.oer4f (.text:CLI_task)
                  00006eb4    0000014c     libmmwave_xwr68xx.aer4f : mmwave_link.oer4f (.text:MMWave_initMMWaveLink)
                  00007000    0000014a     libuart_xwr68xx.aer4f : uartsci.oer4f (.text:UartSci_ISR)
                  0000714a    00000002     mss_main.oer4f (.text:MmwDemo_mssMmwaveCloseCallbackFxn)
                  0000714c    00000148     libmmwavelink_xwr68xx.aer4f : rl_driver.oer4f (.text:rlDriverCmdSendRetry)
                  00007294    0000000c     libuart_xwr68xx.aer4f : UART.oer4f (.text:UART_Params_init)
                  000072a0    00000140     sysbios.aer4ft : BIOS.obj (.text:ti_sysbios_heaps_HeapMem_Instance_init__E)
                  000073e0    00000140                    : BIOS.obj (.text:xdc_runtime_Core_createObject__I)
                  00007520    0000013c                    : BIOS.obj (.text:ti_sysbios_knl_Clock_workFunc__E)
                  0000765c    00000138     mss_main.oer4f (.text:main)
                  00007794    00000138     rtsv7R4_T_le_v3D16_eabi.lib : fputs.obj (.text)
                  000078cc    00000004     libmmwave_xwr68xx.aer4f : mmwave_link.oer4f (.text:MMWave_mboxClose)
                  000078d0    00000134     sysbios.aer4ft : BIOS.obj (.text:xdc_runtime_Startup_startMods__I)
                  00007a04    00000124     libcli_xwr68xx.aer4f : cli_mmwave.oer4f (.text:CLI_MMWaveAdvFrameCfg)
                  00007b28    00000124                          : cli_mmwave.oer4f (.text:CLI_MMWaveContModeCfg)
                  00007c4c    00000004     libmmwave_xwr68xx.aer4f : mmwave_link.oer4f (.text:MMWave_mboxRead)
                  00007c50    00000118     sysbios.aer4ft : BIOS.obj (.text:ti_sysbios_family_arm_v7r_vim_Hwi_Instance_init__E)
                  00007d68    00000008     libmmwavelink_xwr68xx.aer4f : rl_driver.oer4f (.text:rlDriverGetHandle)
                  00007d70    00000118     sysbios.aer4ft : BIOS.obj (.text:ti_sysbios_knl_Swi_run__I)
                  00007e88    0000010c     libmmwave_xwr68xx.aer4f : mmwave_link.oer4f (.text:MMWave_asyncEventHandler)
                  00007f94    0000010c                             : mmwave_dualcore.oer4f (.text:MMWave_deviceInitFxn)
                  000080a0    0000010c     sysbios.aer4ft : BIOS.obj (.text:xdc_runtime_Core_constructObject__I)
                  000081ac    00000108     libdma_xwr68xx.aer4f : dma.oer4f (.text:DMA_disableInterrupt)
                  000082b4    00000108     libmailbox_xwr68xx.aer4f : mailbox.oer4f (.text:Mailbox_write)
                  000083bc    00000104     libmmwave_xwr68xx.aer4f : mmwave_link.oer4f (.text:MMWave_startLink)
                  000084c0    00000104     sysbios.aer4ft : BIOS.obj (.text:ti_sysbios_timers_rti_Timer_getFreq__E)
                  000085c4    00000100     libcli_xwr68xx.aer4f : cli_mmwave.oer4f (.text:CLI_MMWaveBPMCfgAdvanced)
                  000086c4    00000100     libdma_xwr68xx.aer4f : dma.oer4f (.text:DMA_clearChannelInterruptFlag)
                  000087c4    00000100     mss_main.oer4f (.text:MmwDemo_mssMmwaveEventCallbackFxn)
                  000088c4    00000100     libmmwavelink_xwr68xx.aer4f : rl_driver.oer4f (.text:rlDriverInit)
                  000089c4    000000fc     libcrc_xwr68xx.aer4f : crc.oer4f (.text:CRC_computeSignature)
                  00008ac0    000000f8     radarOsal_malloc.oer4f (.text:radarOsal_memInit)
                  00008bb8    000000f8     libmmwavelink_xwr68xx.aer4f : rl_driver.oer4f (.text:rlDriverRdVerifyMsg)
                  00008cb0    000000f8     mss_mmw_per4ft.oer4ft (.text:xdc_runtime_System_printfExtend__I)
                  00008da8    00000008     sysbios.aer4ft : BIOS.obj (.text:ti_sysbios_family_arm_v7a_Pmu_getEnabled__E)
                  00008db0    000000f0                    : BIOS.obj (.text:ti_sysbios_family_arm_v7r_vim_Hwi_Module_startup__E)
                  00008ea0    000000ec     rtsv7R4_T_le_v3D16_eabi.lib : s_scalbn.obj (.text)
                  00008f8c    00000004     libmmwave_xwr68xx.aer4f : mmwave_link.oer4f (.text:MMWave_registerInterruptHandler)
                  00008f90    000000ec     sysbios.aer4ft : BIOS.obj (.text:ti_sysbios_heaps_HeapBuf_Module_startup__E)
                  0000907c    000000e4     libmmwavelink_xwr68xx.aer4f : rl_sensor.oer4f (.text:rlRfPhShiftCalibDataRestore)
                  00009160    000000e0     libcli_xwr68xx.aer4f : cli.oer4f (.text:CLI_open)
                  00009240    000000e0     libdma_xwr68xx.aer4f : dma.oer4f (.text:DMA_enableInterrupt)
                  00009320    000000dc     libmmwave_xwr68xx.aer4f : mmwave.oer4f (.text:MMWave_init)
                  000093fc    000000dc     libmmwavelink_xwr68xx.aer4f : rl_driver.oer4f (.text:rlDriverMsgCmdReply)
                  000094d8    000000dc     rtsv7R4_T_le_v3D16_eabi.lib : setvbuf.obj (.text)
                  000095b4    000000d4     libmailbox_xwr68xx.aer4f : mailbox.oer4f (.text:Mailbox_read)
                  00009688    000000d4     libmmwavelink_xwr68xx.aer4f : rl_sensor.oer4f (.text:rlSetMultiBpmChirpConfig)
                  0000975c    00000004     libmmwave_xwr68xx.aer4f : mmwave_link.oer4f (.text:MMWave_unmaskHostIRQ)
                  00009760    000000d4     sysbios.aer4ft : BIOS.obj (.text:ti_sysbios_knl_Task_exit__E)
                  00009834    0000000c     libuart_xwr68xx.aer4f : uartsci_dma.oer4f (.text:UartSci_isDMAEnabled)
                  00009840    000000d4     sysbios.aer4ft : BIOS.obj (.text:ti_sysbios_knl_Task_schedule__I)
                  00009914    000000d0     mss_main.oer4f (.text:MmwDemo_mssCtrlPathTask)
                  000099e4    000000d0     sysbios.aer4ft : exc_Exception_asm.obj (.text:ti_sysbios_family_arm_exc_Exception_excHandlerAsm__I)
                  00009ab4    000000cc     libmmwavelink_xwr68xx.aer4f : rl_sensor.oer4f (.text:rlRfCalibDataRestore)
                  00009b80    000000cc                                 : rl_sensor.oer4f (.text:rlSetChirpConfig)
                  00009c4c    000000cc     rtsv7R4_T_le_v3D16_eabi.lib : fflush.obj (.text)
                  00009d18    00000006     libosal_xwr68xx.aer4f : HwiP_tirtos.oer4f (.text:HwiP_restore)
                  00009d1e    00000002     mss_main.oer4f (.text:MmwDemo_mssMmwaveOpenCallbackFxn)
                  00009d20    000000cc     sysbios.aer4ft : BIOS.obj (.text:ti_sysbios_knl_Task_checkStacks__E)
                  00009dec    000000c8     libmmwave_xwr68xx.aer4f : mmwave_fullcfg.oer4f (.text:MMWave_addChirp)
                  00009eb4    000000c8                             : mmwave_link.oer4f (.text:MMWave_configBPM)
                  00009f7c    000000c8                             : mmwave_fullcfg.oer4f (.text:MMWave_flushCfg)
                  0000a044    000000c8                             : mmwave_fullcfg.oer4f (.text:MMWave_getChirpHandle)
                  0000a10c    000000c8     cli.oer4f (.text:MmwDemo_CLIGuiMonSel)
                  0000a1d4    000000c8     cli.oer4f (.text:MmwDemo_CLIHighAccuCfg)
                  0000a29c    000000c8     libsoc_xwr68xx.aer4f : soc_xwr68xx.oer4f (.text:SOC_ungateClock)
                  0000a364    000000c8     libmmwavelink_xwr68xx.aer4f : rl_sensor.oer4f (.text:rlSetFrameConfig)
                  0000a42c    00000004     libmmwave_xwr68xx.aer4f : mmwave_link.oer4f (.text:MMWave_waitIRQStatus)
                  0000a430    000000c8     sysbios.aer4ft : BIOS.obj (.text:ti_sysbios_knl_Task_postInit__I)
                  0000a4f8    00000006     libmmwavelink_xwr68xx.aer4f : rl_controller.oer4f (.text:rlGetSubBlockId)
                  0000a4fe    00000002     libuart_xwr68xx.aer4f : uartsci.oer4f (.text:UartSci_init)
                  0000a500    000000c4     sysbios.aer4ft : BIOS.obj (.text:ti_sysbios_family_arm_v7a_Pmu_configureCounter__E)
                  0000a5c4    000000c0     libmmwavelink_xwr68xx.aer4f : rl_driver.oer4f (.text:rlDriverMsgWrite)
                  0000a684    0000000c     sysbios.aer4ft : arm_IntrinsicsSupport_asm.obj (.text:_ti_sysbios_family_arm_IntrinsicsSupport_maxbitA)
                  0000a690    000000c0                    : BIOS.obj (.text:ti_sysbios_timers_rti_Timer_startup__E)
                  0000a750    000000bc     libcli_xwr68xx.aer4f : cli.oer4f (.text:CLI_help)
                  0000a80c    000000bc     libmmwave_xwr68xx.aer4f : mmwave_link.oer4f (.text:MMWave_computeCRC)
                  0000a8c8    000000bc     rtsv7R4_T_le_v3D16_eabi.lib : open.obj (.text)
                  0000a984    000000b8     libdma_xwr68xx.aer4f : dma.oer4f (.text:DMA_getChannelInterruptFlag)
                  0000aa3c    000000b6     libsoc_xwr68xx.aer4f : soc_mpu.o (.text)
                  0000aaf2    00000002     rtsv7R4_T_le_v3D16_eabi.lib : i_div0.obj (.text)
                  0000aaf4    000000b4     cli.oer4f (.text:MmwDemo_CLIADCBufCfg)
                  0000aba8    000000b4     mss_main.oer4f (.text:MmwDemo_mssDataPathStart)
                  0000ac5c    00000004     mss_mmw_per4ft.oer4ft (.text:ti_sysbios_BIOS_RtsGateProxy_enter__E)
                  0000ac60    000000b4     sysbios.aer4ft : BIOS.obj (.text:ti_sysbios_gates_GateMutex_enter__E)
                  0000ad14    0000000c     rtsv7R4_T_le_v3D16_eabi.lib : copy_zero_init.obj (.text:decompress:ZI)
                  0000ad20    000000b4     sysbios.aer4ft : BIOS.obj (.text:ti_sysbios_knl_Task_startCore__E)
                  0000add4    000000b2     libuart_xwr68xx.aer4f : uartsci_dma.oer4f (.text:UartSci_openDMA)
                  0000ae86    00000002     mss_mmw_per4ft.oer4ft (.text:ti_sysbios_BIOS_nullFunc__I)
                  0000ae88    000000b0     libmmwave_xwr68xx.aer4f : mmwave_fullcfg.oer4f (.text:MMWave_addProfile)
                  0000af38    000000b0     libmmwavelink_xwr68xx.aer4f : rl_sensor.oer4f (.text:rlSetProfileConfig)
                  0000afe8    00000006                                 : rl_controller.oer4f (.text:rlGetSubBlockLen)
                  0000afee    00000002     mss_mmw_per4ft.oer4ft (.text:xdc_runtime_Startup_reset__I)
                  0000aff0    000000b0     sysbios.aer4ft : BIOS.obj (.text:xdc_runtime_Text_putMod__E)
                  0000b0a0    000000ae     rtsv7R4_T_le_v3D16_eabi.lib : _io_perm.obj (.text)
                  0000b14e    00000002     --HOLE-- [fill = 0]
                  0000b150    000000ac     libesm_xwr68xx.aer4f : esm.oer4f (.text:ESM_processInterrupt)
                  0000b1fc    000000ac     cli.oer4f (.text:MmwDemo_CLISetDataLogger)
                  0000b2a8    000000a8     libcli_xwr68xx.aer4f : cli_mmwave.oer4f (.text:CLI_MMWaveExtensionHelp)
                  0000b350    000000a8     libmmwave_xwr68xx.aer4f : mmwave_link.oer4f (.text:MMWave_configureProfileChirp)
                  0000b3f8    000000a8                             : mmwave_fullcfg.oer4f (.text:MMWave_getBpmChirpHandle)
                  0000b4a0    000000a8     libpinmux_xwr68xx.aer4f : pinmux.oer4f (.text:Pinmux_Set_OverrideCtrl)
                  0000b548    000000a8     libmmwavelink_xwr68xx.aer4f : rl_driver.oer4f (.text:rlDriverWaitForResponse)
                  0000b5f0    000000a8                                 : rl_sensor.oer4f (.text:rlSetAdvFrameConfig)
                  0000b698    00000004     mss_mmw_per4ft.oer4ft (.text:ti_sysbios_BIOS_RtsGateProxy_leave__E)
                  0000b69c    00000004     mss_mmw_per4ft.oer4ft (.text:ti_sysbios_family_arm_TaskSupport_Module__startupDone__S)
                  0000b6a0    000000a8     sysbios.aer4ft : BIOS.obj (.text:ti_sysbios_knl_Swi_post__E)
                  0000b748    000000a4     libdma_xwr68xx.aer4f : dma.oer4f (.text:DMA_assignChannel)
                  0000b7ec    000000a4     libesm_xwr68xx.aer4f : esm.oer4f (.text:ESM_init)
                  0000b890    000000a4     libmmwave_xwr68xx.aer4f : mmwave_fullcfg.oer4f (.text:MMWave_addBpmChirp)
                  0000b934    000000a4                             : mmwave.oer4f (.text:MMWave_start)
                  0000b9d8    000000a4     libsoc_xwr68xx.aer4f : soc_xwr68xx_mss.oer4f (.text:SOC_unhaltDSS)
                  0000ba7c    00000004     mss_mmw_per4ft.oer4ft (.text:ti_sysbios_family_arm_v7r_vim_Hwi_delete)
                  0000ba80    000000a2     sysbios.aer4ft : BIOS.obj (.text:xdc_runtime_Text_putSite__E)
                  0000bb22    00000002     --HOLE-- [fill = 0]
                  0000bb24    000000a0     auto_init.aer4ft : auto_init.oer4ft (.text)
                  0000bbc4    0000000c     libmmwavelink_xwr68xx.aer4f : rl_driver.oer4f (.text:rlDriverGetPlatformId)
                  0000bbd0    000000a0     sysbios.aer4ft : BIOS.obj (.text:ti_sysbios_knl_Task_blockI__E)
                  0000bc70    0000009c     libmmwave_xwr68xx.aer4f : mmwave_link.oer4f (.text:MMWave_configLink)
                  0000bd0c    0000009c                             : mmwave_fullcfg.oer4f (.text:MMWave_getProfileHandle)
                  0000bda8    0000009c     libuart_xwr68xx.aer4f : uartsci.oer4f (.text:UartSci_write)
                  0000be44    0000009c     rtsv7R4_T_le_v3D16_eabi.lib : memcpy_t2.obj (.text)
                  0000bee0    0000009c     sysbios.aer4ft : BIOS.obj (.text:ti_sysbios_family_arm_v7r_vim_Hwi_initIntController__I)
                  0000bf7c    00000004     mss_mmw_per4ft.oer4ft (.text:ti_sysbios_heaps_HeapMem_Module_GateProxy_enter__E)
                  0000bf80    0000009c     sysbios.aer4ft : BIOS.obj (.text:ti_sysbios_family_arm_v7r_vim_Hwi_mapChannel__I)
                  0000c01c    00000004     mss_mmw_per4ft.oer4ft (.text:ti_sysbios_heaps_HeapMem_Module_GateProxy_leave__E)
                  0000c020    0000009c     sysbios.aer4ft : BIOS.obj (.text:ti_sysbios_knl_Semaphore_Instance_init__E)
                  0000c0bc    00000098     libmmwave_xwr68xx.aer4f : mmwave_fullcfg.oer4f (.text:MMWave_getChirpCfg)
                  0000c154    00000098     rtsv7R4_T_le_v3D16_eabi.lib : fclose.obj (.text)
                  0000c1ec    00000098                                 : fputc.obj (.text)
                  0000c284    00000098     sysbios.aer4ft : vim_Hwi_asm_switch.obj (.text)
                  0000c31c    00000096     libuart_xwr68xx.aer4f : uartsci.oer4f (.text:UartSci_readChar)
                  0000c3b2    00000002     --HOLE-- [fill = 0]
                  0000c3b4    00000094     libmmwavelink_xwr68xx.aer4f : rl_driver.oer4f (.text:rlDriverDeInit)
                  0000c448    00000094                                 : rl_driver.oer4f (.text:rlDriverMsgReadCmdCtx)
                  0000c4dc    00000094                                 : rl_driver.oer4f (.text:rlDriverProcRdMsg)
                  0000c570    00000094     sysbios.aer4ft : vim_Hwi_asm.obj (.text:ti_sysbios_family_arm_v7r_vim_Hwi_dispatchIRQ__I)
                  0000c604    00000090     libmailbox_xwr68xx.aer4f : mailbox.oer4f (.text:Mailbox_close)
                  0000c694    00000090     libuart_xwr68xx.aer4f : uartsci_dma.oer4f (.text:UartSci_initiateTxDMA)
                  0000c724    00000090                           : uartsci.oer4f (.text:UartSci_read)
                  0000c7b4    0000000c     sysbios.aer4ft : BIOS.obj (.text:ti_sysbios_family_arm_v7a_Pmu_configureCounterI__I)
                  0000c7c0    00000090                    : BIOS.obj (.text:ti_sysbios_family_arm_v7a_Pmu_startCounter__E)
                  0000c850    00000090                    : BIOS.obj (.text:ti_sysbios_knl_Task_unblockI__E)
                  0000c8e0    0000008c     libcli_xwr68xx.aer4f : cli_mmwave.oer4f (.text:CLI_MMWaveDataOutputMode)
                  0000c96c    0000008c     libsoc_xwr68xx.aer4f : soc.oer4f (.text:SOC_init)
                  0000c9f8    0000008c                          : soc_xwr68xx.oer4f (.text:SOC_translateAddress)
                  0000ca84    0000008c     libuart_xwr68xx.aer4f : uartsci_dma.oer4f (.text:UartSci_initiateRxDMA)
                  0000cb10    0000008c     libmmwavelink_xwr68xx.aer4f : rl_device.oer4f (.text:rlDevicePowerOn)
                  0000cb9c    0000008c                                 : rl_driver.oer4f (.text:rlDriverMsgReadSpawnCtx)
                  0000cc28    00000004     mss_mmw_per4ft.oer4ft (.text:ti_sysbios_knl_Clock_TimerProxy_getMaxTicks__E)
                  0000cc2c    00000004     mss_mmw_per4ft.oer4ft (.text:ti_sysbios_knl_Semaphore_delete)
                  0000cc30    0000008c     sysbios.aer4ft : BIOS.obj (.text:ti_sysbios_family_arm_v7a_Pmu_getCount__E)
                  0000ccbc    00000004     mss_mmw_per4ft.oer4ft (.text:xdc_runtime_System_Module_GateProxy_enter__E)
                  0000ccc0    0000008c     sysbios.aer4ft : BIOS.obj (.text:ti_sysbios_family_arm_v7r_vim_Hwi_Instance_finalize__E)
                  0000cd4c    00000004     mss_mmw_per4ft.oer4ft (.text:xdc_runtime_System_Module_GateProxy_leave__E)
                  0000cd50    0000008c     sysbios.aer4ft : BIOS.obj (.text:xdc_runtime_Memory_alloc__E)
                  0000cddc    00000088     libmmwave_xwr68xx.aer4f : mmwave_fullcfg.oer4f (.text:MMWave_getProfileCfg)
                  0000ce64    00000088     rtsv7R4_T_le_v3D16_eabi.lib : vsnprintf.obj (.text)
                  0000ceec    00000084     libmmwave_xwr68xx.aer4f : mmwave_dualcore.oer4f (.text:MMWave_deviceCfgAsyncEvent)
                  0000cf70    00000084                             : mmwave_dualcore.oer4f (.text:MMWave_deviceEventFxn)
                  0000cff4    00000084                             : mmwave_fullcfg.oer4f (.text:MMWave_getNumBpmChirp)
                  0000d078    00000084                             : mmwave.oer4f (.text:MMWave_open)
                  0000d0fc    00000080     libcli_xwr68xx.aer4f : cli_mmwave.oer4f (.text:CLI_MMWaveChannelCfg)
                  0000d17c    00000080     libmmwave_xwr68xx.aer4f : mmwave_fullcfg.oer4f (.text:MMWave_getBpmChirpCfg)
                  0000d1fc    00000080     libsoc_xwr68xx.aer4f : soc.oer4f (.text:SOC_getDeviceRFFreqScaleFactor)
                  0000d27c    00000080     libuart_xwr68xx.aer4f : uartsci.oer4f (.text:UartSci_writePolling)
                  0000d2fc    00000080     libmmwavelink_xwr68xx.aer4f : rl_driver.oer4f (.text:rlDriverExecuteGetApi)
                  0000d37c    00000004     --HOLE-- [fill = 0]
                  0000d380    00000080     sysbios.aer4ft : BIOS.obj (.text:ti_sysbios_timers_rti_Timer_initDevice__I)
                  0000d400    0000007e     libosal_xwr68xx.aer4f : HwiP_tirtos.oer4f (.text:HwiP_create)
                  0000d47e    00000002     --HOLE-- [fill = 0]
                  0000d480    0000007c     libmmwave_xwr68xx.aer4f : mmwave_dualcore.oer4f (.text:MMWave_deviceOpenFxn)
                  0000d4fc    0000007c     libmailbox_xwr68xx.aer4f : mailbox.oer4f (.text:Mailbox_init)
                  0000d578    0000007c     libuart_xwr68xx.aer4f : uartsci.oer4f (.text:UartSci_readPolling)
                  0000d5f4    0000007c     sysbios.aer4ft : arm_TaskSupport_asm.obj (.text:_ti_sysbios_family_arm_TaskSupport_buildTaskStack)
                  0000d670    0000007c                    : BIOS.obj (.text:xdc_runtime_Core_deleteObject__I)
                  0000d6ec    0000007a     rtsv7R4_T_le_v3D16_eabi.lib : memset_t2.obj (.text)
                  0000d766    00000002     --HOLE-- [fill = 0]
                  0000d768    00000078     libcli_xwr68xx.aer4f : cli_mmwave.oer4f (.text:CLI_MMWaveADCCfg)
                  0000d7e0    00000078     libmmwave_xwr68xx.aer4f : mmwave_fullcfg.oer4f (.text:MMWave_getNumChirps)
                  0000d858    00000074                             : mmwave.oer4f (.text:MMWave_config)
                  0000d8cc    00000074                             : mmwave_dualcore.oer4f (.text:MMWave_deviceStartFxn)
                  0000d940    00000074     boot.aer4ft : boot.oer4ft (.text)
                  0000d9b4    00000074     libmmwavelink_xwr68xx.aer4f : rl_driver.oer4f (.text:rlDriverAsyncEventHandler)
                  0000da28    00000074     rtsv7R4_T_le_v3D16_eabi.lib : getdevice.obj (.text)
                  0000da9c    00000074                                 : s_frexp.obj (.text)
                  0000db10    00000072     libmmwavelink_xwr68xx.aer4f : rl_driver.oer4f (.text:rlDriverClientCbCheck)
                  0000db82    00000002     --HOLE-- [fill = 0]
                  0000db84    00000070     libmmwave_xwr68xx.aer4f : mmwave_dualcore.oer4f (.text:MMWave_deviceCfgFxn)
                  0000dbf4    00000070     rtsv7R4_T_le_v3D16_eabi.lib : printf.obj (.text)
                  0000dc64    0000000c     sysbios.aer4ft : BIOS.obj (.text:ti_sysbios_family_arm_v7a_Pmu_getCountI__E)
                  0000dc70    00000070                    : BIOS.obj (.text:xdc_runtime_Error_print__E)
                  0000dce0    00000070                    : BIOS.obj (.text:xdc_runtime_Text_visitRope2__I)
                  0000dd50    0000006c     libdma_xwr68xx.aer4f : dma.oer4f (.text:DMA_disableChannel)
                  0000ddbc    0000006c                          : dma.oer4f (.text:DMA_enableChannel)
                  0000de28    0000006c     libmmwave_xwr68xx.aer4f : mmwave_link.oer4f (.text:MMWave_spawn)
                  0000de94    0000006c                             : mmwave_link.oer4f (.text:MMWave_stopLink)
                  0000df00    0000006c     libpinmux_xwr68xx.aer4f : pinmux.oer4f (.text:Pinmux_Set_FuncSel)
                  0000df6c    0000006c     rtsv7R4_T_le_v3D16_eabi.lib : copy_decompress_lzss.obj (.text:decompress:lzss)
                  0000dfd8    0000006c                                 : trgmsg.obj (.text)
                  0000e044    0000006a     libuart_xwr68xx.aer4f : uartsci.oer4f (.text:UartSci_control)
                  0000e0ae    00000002     --HOLE-- [fill = 0]
                  0000e0b0    00000068     libmmwave_xwr68xx.aer4f : mmwave_dualcore.oer4f (.text:MMWave_deviceStopFxn)
                  0000e118    00000068     libmailbox_xwr68xx.aer4f : mailbox.oer4f (.text:Mailbox_readFlush)
                  0000e180    00000068     libmmwavelink_xwr68xx.aer4f : rl_driver.oer4f (.text:rlDriverExecuteSetApi)
                  0000e1e8    00000068                                 : rl_driver.oer4f (.text:rlDriverHostIrqHandler)
                  0000e250    00000068     rtsv7R4_T_le_v3D16_eabi.lib : hostlseek.obj (.text)
                  0000e2b8    00000068                                 : hostrename.obj (.text)
                  0000e320    00000068     sysbios.aer4ft : BIOS.obj (.text:ti_sysbios_knl_Swi_schedule__I)
                  0000e388    00000066     libmmwavelink_xwr68xx.aer4f : rl_device.oer4f (.text:rlDevicePowerOff)
                  0000e3ee    00000002     --HOLE-- [fill = 0]
                  0000e3f0    00000064     libcli_xwr68xx.aer4f : cli_mmwave.oer4f (.text:CLI_MMWaveLowPowerCfg)
                  0000e454    00000064     libosal_xwr68xx.aer4f : SemaphoreP_tirtos.oer4f (.text:SemaphoreP_create)
                  0000e4b8    00000064     rtsv7R4_T_le_v3D16_eabi.lib : fseek.obj (.text)
                  0000e51c    00000064                                 : sprintf.obj (.text)
                  0000e580    00000064     sysbios.aer4ft : exc_Exception_asm.obj (.text:ti_sysbios_family_arm_exc_Exception_initCore0__I)
                  0000e5e4    0000000c     mss_mmw_per4ft.oer4ft (.text:ti_sysbios_knl_Queue_Object__get__S)
                  0000e5f0    00000064     sysbios.aer4ft : BIOS.obj (.text:ti_sysbios_family_arm_v7r_vim_Hwi_phantomIntHandler__I)
                  0000e654    0000000a     libosal_xwr68xx.aer4f : MemoryP_tirtos.oer4f (.text:MemoryP_ctrlFree)
                  0000e65e    00000002     --HOLE-- [fill = 0]
                  0000e660    00000064     sysbios.aer4ft : BIOS.obj (.text:ti_sysbios_knl_Clock_logTick__E)
                  0000e6c4    0000000a     libosal_xwr68xx.aer4f : SemaphoreP_tirtos.oer4f (.text:SemaphoreP_post)
                  0000e6ce    00000002     --HOLE-- [fill = 0]
                  0000e6d0    00000064     sysbios.aer4ft : BIOS.obj (.text:xdc_runtime_Startup_exec__E)
                  0000e734    00000060     libcli_xwr68xx.aer4f : cli_mmwave.oer4f (.text:CLI_MMWaveExtensionHandler)
                  0000e794    00000060     mss_main.oer4f (.text:MmwDemo_mssDataPathStop)
                  0000e7f4    00000060     mss_main.oer4f (.text:MmwDemo_printHeapStats)
                  0000e854    0000000a     libuart_xwr68xx.aer4f : UART.oer4f (.text:UART_read)
                  0000e85e    00000002     --HOLE-- [fill = 0]
                  0000e860    00000060     sysbios.aer4ft : BIOS.obj (.text:ti_sysbios_heaps_HeapMem_alloc__E)
                  0000e8c0    00000060                    : BIOS.obj (.text:xdc_runtime_Assert_raise__I)
                  0000e920    0000005f                    : BIOS.obj (.text:xdc_runtime_Text_putLab__E)
                  0000e97f    00000001     --HOLE-- [fill = 0]
                  0000e980    0000005e     libuart_xwr68xx.aer4f : uartsci.oer4f (.text:UartSci_writeChar)
                  0000e9de    00000002     --HOLE-- [fill = 0]
                  0000e9e0    0000005c     libmmwave_xwr68xx.aer4f : mmwave_link.oer4f (.text:MMWave_mboxOpen)
                  0000ea3c    0000005c                             : mmwave.oer4f (.text:MMWave_stop)
                  0000ea98    0000005c     mss_main.oer4f (.text:MmwDemo_mmWaveCtrlTask)
                  0000eaf4    0000005c     rtsv7R4_T_le_v3D16_eabi.lib : hostopen.obj (.text)
                  0000eb50    0000005c                                 : hostread.obj (.text)
                  0000ebac    0000005a     libuart_xwr68xx.aer4f : uartsci.oer4f (.text:UartSci_readCancel)
                  0000ec06    0000005a     libmmwavelink_xwr68xx.aer4f : rl_driver.oer4f (.text:rlDriverCalChkSum)
                  0000ec60    00000058     libesm_xwr68xx.aer4f : esm.oer4f (.text:ESM_highpriority_FIQ)
                  0000ecb8    00000058     libmmwave_xwr68xx.aer4f : mmwave.oer4f (.text:MMWave_execute)
                  0000ed10    00000058                             : mmwave_link.oer4f (.text:MMWave_initCRC)
                  0000ed68    00000058     libuart_xwr68xx.aer4f : uartsci_dma.oer4f (.text:UartSci_closeDMA)
                  0000edc0    00000058     rtsv7R4_T_le_v3D16_eabi.lib : close.obj (.text)
                  0000ee18    00000058                                 : hostwrite.obj (.text)
                  0000ee70    00000058     sysbios.aer4ft : BIOS.obj (.text:ti_sysbios_knl_Swi_restoreHwi__E)
                  0000eec8    00000056     libmmwavelink_xwr68xx.aer4f : rl_driver.oer4f (.text:rlDriverOsiCbCheck)
                  0000ef1e    00000002     --HOLE-- [fill = 0]
                  0000ef20    00000054     libcrc_xwr68xx.aer4f : crc.oer4f (.text:CRC_getTransactionId)
                  0000ef74    00000054     libdma_xwr68xx.aer4f : dma.oer4f (.text:DMA_freeChannel)
                  0000efc8    00000054     libmmwave_xwr68xx.aer4f : mmwave_link.oer4f (.text:MMWave_initLink)
                  0000f01c    00000054     rtsv7R4_T_le_v3D16_eabi.lib : ltoa.obj (.text)
                  0000f070    00000054     mss_mmw_per4ft.oer4ft (.text:ti_sysbios_family_arm_v7r_vim_Hwi_create)
                  0000f0c4    0000000a     libuart_xwr68xx.aer4f : UART.oer4f (.text:UART_write)
                  0000f0ce    00000002     --HOLE-- [fill = 0]
                  0000f0d0    00000054     sysbios.aer4ft : BIOS.obj (.text:ti_sysbios_heaps_HeapMem_getStats__E)
                  0000f124    0000000a     libuart_xwr68xx.aer4f : UART.oer4f (.text:UART_writePolling)
                  0000f12e    00000002     --HOLE-- [fill = 0]
                  0000f130    00000054     sysbios.aer4ft : BIOS.obj (.text:ti_sysbios_knl_Swi_runLoop__I)
                  0000f184    0000000a                    : tms570_Core_asm.obj (.text:ti_sysbios_family_arm_v7r_tms570_Core_getId__E)
                  0000f18e    00000002     --HOLE-- [fill = 0]
                  0000f190    00000054                    : BIOS.obj (.text:ti_sysbios_knl_Swi_startup__E)
                  0000f1e4    0000000a     mss_mmw_per4ft.oer4ft (.text:xdc_runtime_IHeap_alloc)
                  0000f1ee    00000002     --HOLE-- [fill = 0]
                  0000f1f0    00000054     sysbios.aer4ft : BIOS.obj (.text:xdc_runtime_Core_assignLabel__I)
                  0000f244    00000050     libcrc_xwr68xx.aer4f : crc.oer4f (.text:CRC_getSignature)
                  0000f294    00000050     libmmwave_xwr68xx.aer4f : mmwave.oer4f (.text:MMWave_sync)
                  0000f2e4    00000050     libmmwavelink_xwr68xx.aer4f : rl_driver.oer4f (.text:rlDeviceIdentifyCmdDir)
                  0000f334    00000050                                 : rl_driver.oer4f (.text:rlDriverVerifyCRC)
                  0000f384    00000050     rtsv7R4_T_le_v3D16_eabi.lib : atoi.obj (.text)
                  0000f3d4    00000050                                 : exit.obj (.text)
                  0000f424    00000050                                 : u_div32.obj (.text)
                  0000f474    0000000a     mss_mmw_per4ft.oer4ft (.text:xdc_runtime_IHeap_free)
                  0000f47e    00000002     --HOLE-- [fill = 0]
                  0000f480    00000050     sysbios.aer4ft : BIOS.obj (.text:xdc_runtime_System_exit__E)
                  0000f4d0    0000004c     libcli_xwr68xx.aer4f : cli.oer4f (.text:CLI_write)
                  0000f51c    0000004c     libmailbox_xwr68xx.aer4f : mailbox.oer4f (.text:Mailbox_boxEmptyISRProcessing)
                  0000f568    0000004c     libuart_xwr68xx.aer4f : uartsci.oer4f (.text:UartSci_writeCancel)
                  0000f5b4    0000004c     rtsv7R4_T_le_v3D16_eabi.lib : cpy_tbl.obj (.text)
                  0000f600    0000004c     sysbios.aer4ft : BIOS.obj (.text:ti_sysbios_family_arm_v7r_vim_Hwi_getStackInfo__E)
                  0000f64c    0000004c     mss_mmw_per4ft.oer4ft (.text:ti_sysbios_knl_Task_create)
                  0000f698    0000004a     libmailbox_xwr68xx.aer4f : mailbox.oer4f (.text:Mailbox_boxFullISRProcessing)
                  0000f6e2    0000000e     libosal_xwr68xx.aer4f : SemaphoreP_tirtos.oer4f (.text:SemaphoreP_delete)
                  0000f6f0    0000004a     sysbios.aer4ft : BIOS.obj (.text:xdc_runtime_Core_assignParams__I)
                  0000f73a    00000006     --HOLE-- [fill = 0]
                  0000f740    0000004a                    : BIOS.obj (.text:xdc_runtime_Text_xprintf__I)
                  0000f78a    00000048     libmmwavelink_xwr68xx.aer4f : rl_device.oer4f (.text:rlDeviceGetVersion)
                  0000f7d2    00000002     --HOLE-- [fill = 0]
                  0000f7d4    00000048                                 : rl_driver.oer4f (.text:rlDriverOsiInit)
                  0000f81c    00000046     libmailbox_xwr68xx.aer4f : mailbox.oer4f (.text:CSL_FINSR)
                  0000f862    00000044     libcrc_xwr68xx.aer4f : crc.oer4f (.text:CRC_resetSignature)
                  0000f8a6    00000002     --HOLE-- [fill = 0]
                  0000f8a8    00000044     libmailbox_xwr68xx.aer4f : mailbox.oer4f (.text:Mailbox_boxFullISRMssDss)
                  0000f8ec    00000044     libsoc_xwr68xx.aer4f : soc_xwr68xx_mss.oer4f (.text:SOC_resetDMA)
                  0000f930    00000044     rtsv7R4_T_le_v3D16_eabi.lib : hostclose.obj (.text)
                  0000f974    00000044                                 : hostunlink.obj (.text)
                  0000f9b8    00000008     --HOLE-- [fill = 0]
                  0000f9c0    00000044     sysbios.aer4ft : BIOS.obj (.text:ti_sysbios_family_arm_v7r_tms570_Core_Module_startup__E)
                  0000fa04    0000000c     --HOLE-- [fill = 0]
                  0000fa10    00000044                    : BIOS.obj (.text:ti_sysbios_knl_Task_allBlockedFunction__I)
                  0000fa54    0000000c     --HOLE-- [fill = 0]
                  0000fa60    00000044                    : BIOS.obj (.text:xdc_runtime_System_atexit__E)
                  0000faa4    00000042     libmmwave_xwr68xx.aer4f : mmwave_link.oer4f (.text:MMWave_executeLink)
                  0000fae6    00000042     libmmwavelink_xwr68xx.aer4f : rl_controller.oer4f (.text:rlGetSubBlock)
                  0000fb28    00000040                                 : rl_driver.oer4f (.text:rlDriverValidateHdr)
                  0000fb68    00000040     rtsv7R4_T_le_v3D16_eabi.lib : strtok.obj (.text)
                  0000fba8    00000008     --HOLE-- [fill = 0]
                  0000fbb0    00000040     sysbios.aer4ft : BIOS.obj (.text:ti_sysbios_timers_rti_Timer_stop__E)
                  0000fbf0    0000003e     libcrc_xwr68xx.aer4f : crc.oer4f (.text:CSL_FINSR)
                  0000fc2e    0000003e     libdma_xwr68xx.aer4f : dma.oer4f (.text:CSL_FINSR)
                  0000fc6c    0000003e     libpinmux_xwr68xx.aer4f : pinmux.oer4f (.text:CSL_FINSR)
                  0000fcaa    0000003e     libsoc_xwr68xx.aer4f : soc.oer4f (.text:CSL_FINSR)
                  0000fce8    0000003e                          : soc_xwr68xx.oer4f (.text:CSL_FINSR)
                  0000fd26    0000003e                          : soc_xwr68xx_mss.oer4f (.text:CSL_FINSR)
                  0000fd64    0000003e     libuart_xwr68xx.aer4f : uartsci.oer4f (.text:CSL_FINSR)
                  0000fda2    0000003e                           : uartsci.oer4f (.text:UartSci_close)
                  0000fde0    0000003c     libcli_xwr68xx.aer4f : cli_mmwave.oer4f (.text:CLI_MMWaveFlushCfg)
                  0000fe1c    0000003c     libmailbox_xwr68xx.aer4f : mailbox.oer4f (.text:Mailbox_writeReset)
                  0000fe58    0000003c     libsoc_xwr68xx.aer4f : soc.oer4f (.text:SOC_unhaltBSS)
                  0000fe94    0000003c     sysbios.aer4ft : vim_Hwi_asm.obj (.text:ti_sysbios_family_arm_v7r_vim_Hwi_init__I)
                  0000fed0    0000003c                    : BIOS.obj (.text:ti_sysbios_hal_Hwi_checkStack)
                  0000ff0c    00000004     --HOLE-- [fill = 0]
                  0000ff10    0000003c                    : BIOS.obj (.text:ti_sysbios_heaps_HeapMem_init__I)
                  0000ff4c    00000004     --HOLE-- [fill = 0]
                  0000ff50    0000003c                    : BIOS.obj (.text:ti_sysbios_timers_rti_Timer_setPeriod__E)
                  0000ff8c    0000003a     libosal_xwr68xx.aer4f : HwiP_tirtos.oer4f (.text:HwiP_delete)
                  0000ffc6    00000002     --HOLE-- [fill = 0]
                  0000ffc8    00000038     libcli_xwr68xx.aer4f : cli_mmwave.oer4f (.text:CLI_MMWaveExtensionInit)
                  00010000    00000038     libuart_xwr68xx.aer4f : UART.oer4f (.text:UART_init)
                  00010038    00000036     libmmwavelink_xwr68xx.aer4f : rl_controller.oer4f (.text:rlAppendSubBlock)
                  0001006e    00000036     rtsv7R4_T_le_v3D16_eabi.lib : strncpy.obj (.text)
                  000100a4    00000034     libmmwave_xwr68xx.aer4f : mmwave_link.oer4f (.text:MMWave_mboxWrite)
                  000100d8    00000034     cli.oer4f (.text:MmwDemo_CLISensorStart)
                  0001010c    00000034     libsoc_xwr68xx.aer4f : soc_xwr68xx_mss.oer4f (.text:SOC_hasDSPCore)
                  00010140    00000034                          : soc_xwr68xx.oer4f (.text:SOC_setMMWaveDSSLinkState)
                  00010174    00000034                          : soc_xwr68xx.oer4f (.text:SOC_setMMWaveMSSLinkState)
                  000101a8    00000034     libuart_xwr68xx.aer4f : UART.oer4f (.text:UART_open)
                  000101dc    00000034     mss_mmw_per4ft.oer4ft (.text:ti_sysbios_knl_Semaphore_create)
                  00010210    00000032     libcrc_xwr68xx.aer4f : crc.oer4f (.text:CRC_getCRCDataSelectBitValue)
                  00010242    00000002     --HOLE-- [fill = 0]
                  00010244    00000032                          : crc.oer4f (.text:CRC_getCRCTypeBitValue)
                  00010276    0000000a     --HOLE-- [fill = 0]
                  00010280    00000032     sysbios.aer4ft : BIOS.obj (.text:ti_sysbios_hal_Hwi_initStack)
                  000102b2    00000030     libmmwave_xwr68xx.aer4f : mmwave_listlib.oer4f (.text:MMWave_listRemoveNode)
                  000102e2    00000002     --HOLE-- [fill = 0]
                  000102e4    00000030     libsoc_xwr68xx.aer4f : soc.oer4f (.text:SOC_getDevicePartNumber)
                  00010314    00000030     libmmwavelink_xwr68xx.aer4f : rl_sensor.oer4f (.text:rlSensorStart)
                  00010344    00000030     mss_mmw_per4ft.oer4ft (.text:ti_sysbios_BIOS_atExitFunc__I)
                  00010374    00000030     mss_mmw_per4ft.oer4ft (.text:ti_sysbios_BIOS_startFunc__I)
                  000103a4    0000000c     --HOLE-- [fill = 0]
                  000103b0    00000030     sysbios.aer4ft : BIOS.obj (.text:ti_sysbios_family_arm_TaskSupport_start__E)
                  000103e0    00000030     mss_mmw_per4ft.oer4ft (.text:ti_sysbios_gates_GateHwi_Object__create__S)
                  00010410    00000030     mss_mmw_per4ft.oer4ft (.text:ti_sysbios_gates_GateMutex_Object__create__S)
                  00010440    00000030     mss_mmw_per4ft.oer4ft (.text:ti_sysbios_heaps_HeapMem_Object__create__S)
                  00010470    00000030     sysbios.aer4ft : BIOS.obj (.text:ti_sysbios_heaps_HeapMem_free__E)
                  000104a0    00000030     mss_mmw_per4ft.oer4ft (.text:ti_sysbios_knl_Event_create)
                  000104d0    00000030     mss_mmw_per4ft.oer4ft (.text:ti_sysbios_knl_Semaphore_construct)
                  00010500    0000002f     sysbios.aer4ft : BIOS.obj (.text:xdc_runtime_Text_printVisFxn__I)
                  0001052f    00000001     --HOLE-- [fill = 0]
                  00010530    0000002e                    : BIOS.obj (.text:ti_sysbios_knl_Event_pendTimeout__I)
                  0001055e    00000002     --HOLE-- [fill = 0]
                  00010560    0000002e                    : BIOS.obj (.text:ti_sysbios_knl_Semaphore_pendTimeout__I)
                  0001058e    0000002e     mss_mmw_per4ft.oer4ft (.text:ti_sysbios_rts_MemAlloc_alloc)
                  000105bc    0000002c     libmmwave_xwr68xx.aer4f : mmwave_osal.oer4f (.text:MMWave_osalMutexCreate)
                  000105e8    0000002c                             : mmwave_osal.oer4f (.text:MMWave_osalSemCreate)
                  00010614    0000002c     libsoc_xwr68xx.aer4f : soc_xwr68xx_mss.oer4f (.text:SOC_waitBSSPowerUp)
                  00010640    0000002c     libmmwavelink_xwr68xx.aer4f : rl_device.oer4f (.text:rlDeviceGetMssVersion)
                  0001066c    0000002c                                 : rl_sensor.oer4f (.text:rlSensorStop)
                  00010698    0000002c     rtsv7R4_T_le_v3D16_eabi.lib : unlink.obj (.text)
                  000106c4    0000002c     mss_mmw_per4ft.oer4ft (.text:ti_sysbios_knl_Clock_doTick__I)
                  000106f0    0000002c     mss_mmw_per4ft.oer4ft (.text:ti_sysbios_knl_Queue_construct)
                  0001071c    00000004     --HOLE-- [fill = 0]
                  00010720    0000002c     sysbios.aer4ft : BIOS.obj (.text:ti_sysbios_knl_Swi_Module_startup__E)
                  0001074c    00000004     --HOLE-- [fill = 0]
                  00010750    0000002c                    : BIOS.obj (.text:ti_sysbios_timers_rti_Timer_periodicStub__E)
                  0001077c    0000002a     libsoc_xwr68xx.aer4f : soc.oer4f (.text:SOC_SystemISR)
                  000107a6    0000002a     libmmwavelink_xwr68xx.aer4f : rl_device.oer4f (.text:rlDeviceGetMmWaveLinkVersion)
                  000107d0    0000002a     rtsv7R4_T_le_v3D16_eabi.lib : strspn.obj (.text)
                  000107fa    00000002     --HOLE-- [fill = 0]
                  000107fc    00000028     libmailbox_xwr68xx.aer4f : mailbox.oer4f (.text:Mailbox_Config_init)
                  00010824    00000028     libuart_xwr68xx.aer4f : uartsci_dma.oer4f (.text:UartSci_RxDMACallbackFxn)
                  0001084c    00000028                           : uartsci_dma.oer4f (.text:UartSci_TxDMACallbackFxn)
                  00010874    00000028     libmmwavelink_xwr68xx.aer4f : rl_driver.oer4f (.text:rlDriverConstructInMsg)
                  0001089c    00000028     rtsv7R4_T_le_v3D16_eabi.lib : lseek.obj (.text)
                  000108c4    00000028                                 : write.obj (.text)
                  000108ec    00000004     --HOLE-- [fill = 0]
                  000108f0    00000028     sysbios.aer4ft : BIOS.obj (.text:ti_sysbios_knl_Idle_run__E)
                  00010918    00000008     --HOLE-- [fill = 0]
                  00010920    00000028                    : BIOS.obj (.text:xdc_runtime_SysStd_abort__E)
                  00010948    00000008     --HOLE-- [fill = 0]
                  00010950    00000028                    : BIOS.obj (.text:xdc_runtime_System_aprintf_va__F)
                  00010978    00000026     libmmwavelink_xwr68xx.aer4f : rl_sensor.oer4f (.text:rlRfInitCalibConfig)
                  0001099e    00000026                                 : rl_sensor.oer4f (.text:rlRfRunTimeCalibConfig)
                  000109c4    00000026                                 : rl_sensor.oer4f (.text:rlRfSetCalMonFreqLimitConfig)
                  000109ea    00000026                                 : rl_sensor.oer4f (.text:rlRfSetDeviceCfg)
                  00010a10    00000026                                 : rl_sensor.oer4f (.text:rlSetAdcOutConfig)
                  00010a36    00000026                                 : rl_sensor.oer4f (.text:rlSetBpmCommonConfig)
                  00010a5c    00000026                                 : rl_sensor.oer4f (.text:rlSetChannelConfig)
                  00010a82    00000026                                 : rl_sensor.oer4f (.text:rlSetContModeConfig)
                  00010aa8    00000008     --HOLE-- [fill = 0]
                  00010ab0    00000026     sysbios.aer4ft : BIOS.obj (.text:xdc_runtime_System_printf_va__F)
                  00010ad6    00000024     libcrc_xwr68xx.aer4f : crc.oer4f (.text:CRC_isTransactionIdValid)
                  00010afa    00000002     --HOLE-- [fill = 0]
                  00010afc    00000024     cli.oer4f (.text:MmwDemo_CLIFrameStart)
                  00010b20    00000024     cli.oer4f (.text:MmwDemo_CLISensorStop)
                  00010b44    00000024     libsoc_xwr68xx.aer4f : soc_xwr68xx.oer4f (.text:SOC_isMMWaveDSSOperational)
                  00010b68    00000024                          : soc_xwr68xx.oer4f (.text:SOC_isMMWaveMSSOperational)
                  00010b8c    00000024     libmmwavelink_xwr68xx.aer4f : rl_sensor.oer4f (.text:rlEnableContMode)
                  00010bb0    00000024                                 : rl_sensor.oer4f (.text:rlRfSetCalMonTimeUnitConfig)
                  00010bd4    00000024                                 : rl_sensor.oer4f (.text:rlSetLowPowerModeConfig)
                  00010bf8    00000024     mss_mmw_per4ft.oer4ft (.text:ti_sysbios_BIOS_errorRaiseHook__I)
                  00010c1c    00000024     mss_mmw_per4ft.oer4ft (.text:ti_sysbios_BIOS_registerRTSLock__I)
                  00010c40    00000024     mss_mmw_per4ft.oer4ft (.text:ti_sysbios_BIOS_removeRTSLock__I)
                  00010c64    00000024     mss_mmw_per4ft.oer4ft (.text:ti_sysbios_gates_GateMutex_Object__delete__S)
                  00010c88    00000008     --HOLE-- [fill = 0]
                  00010c90    00000024     sysbios.aer4ft : BIOS.obj (.text:ti_sysbios_knl_Clock_Module_startup__E)
                  00010cb4    00000024     mss_mmw_per4ft.oer4ft (.text:ti_sysbios_knl_Semaphore_Object__delete__S)
                  00010cd8    00000008     --HOLE-- [fill = 0]
                  00010ce0    00000024     sysbios.aer4ft : BIOS.obj (.text:ti_sysbios_knl_Task_restoreHwi__E)
                  00010d04    00000022     libuart_xwr68xx.aer4f : uartsci.oer4f (.text:UartSci_disableRxDMA)
                  00010d26    00000022                           : uartsci.oer4f (.text:UartSci_enableRxDMA)
                  00010d48    00000022     rtsv7R4_T_le_v3D16_eabi.lib : strcspn.obj (.text)
                  00010d6a    00000002     --HOLE-- [fill = 0]
                  00010d6c    00000020     libesm_xwr68xx.aer4f : esm.oer4f (.text:ESM_lowpriority_IRQ)
                  00010d8c    00000020     libmmwave_xwr68xx.aer4f : mmwave_listlib.oer4f (.text:MMWave_listCat)
                  00010dac    00000020     mss_main.oer4f (.text:MmwDemo_mboxWrite)
                  00010dcc    00000020     libpinmux_xwr68xx.aer4f : pinmux.oer4f (.text:Pinmux_Unlock)
                  00010dec    00000020     libmmwavelink_xwr68xx.aer4f : rl_sensor.oer4f (.text:rlRfInit)
                  00010e0c    00000020     rtsv7R4_T_le_v3D16_eabi.lib : memchr.obj (.text)
                  00010e2c    00000004     --HOLE-- [fill = 0]
                  00010e30    00000020     sysbios.aer4ft : BIOS.obj (.text:ti_sysbios_family_arm_v7a_Pmu_Module_startup__E)
                  00010e50    00000020     mss_mmw_per4ft.oer4ft (.text:ti_sysbios_family_arm_v7r_vim_Hwi_Object__delete__S)
                  00010e70    00000020     sysbios.aer4ft : BIOS.obj (.text:ti_sysbios_family_arm_v7r_vim_Hwi_disableInterrupt__E)
                  00010e90    00000020                    : BIOS.obj (.text:ti_sysbios_family_arm_v7r_vim_Hwi_enableInterrupt__E)
                  00010eb0    00000020     mss_mmw_per4ft.oer4ft (.text:ti_sysbios_gates_GateHwi_Object__delete__S)
                  00010ed0    00000020     mss_mmw_per4ft.oer4ft (.text:ti_sysbios_heaps_HeapMem_Object__delete__S)
                  00010ef0    00000020     mss_mmw_per4ft.oer4ft (.text:ti_sysbios_knl_Semaphore_destruct)
                  00010f10    0000001e     libmmwave_xwr68xx.aer4f : mmwave_fullcfg.oer4f (.text:MMWave_internalDelChirp)
                  00010f2e    0000001e     libsoc_xwr68xx.aer4f : soc_xwr68xx_mss.oer4f (.text:SOC_getOutAddr_LUTType)
                  00010f4c    0000001c     libcrc_xwr68xx.aer4f : crc.oer4f (.text:CRC_releaseTransactionId)
                  00010f68    0000001c     libdma_xwr68xx.aer4f : dma.oer4f (.text:CSL_FEXTR)
                  00010f84    0000001c     libmmwave_xwr68xx.aer4f : mmwave.oer4f (.text:CSL_FEXTR)
                  00010fa0    0000001c     libsoc_xwr68xx.aer4f : soc.oer4f (.text:CSL_FEXTR)
                  00010fbc    0000001c                          : soc_xwr68xx.oer4f (.text:CSL_FEXTR)
                  00010fd8    0000001c                          : soc_xwr68xx_mss.oer4f (.text:CSL_FEXTR)
                  00010ff4    0000001c     libuart_xwr68xx.aer4f : uartsci.oer4f (.text:CSL_FEXTR)
                  00011010    0000001c     libmmwave_xwr68xx.aer4f : mmwave_listlib.oer4f (.text:MMWave_listRemove)
                  0001102c    0000001c     libsoc_xwr68xx.aer4f : soc_xwr68xx_mss.oer4f (.text:SOC_getInAddr_LUTType)
                  00011048    0000001c     sysbios.aer4ft : arm_TaskSupport_asm.obj (.text:_ti_sysbios_family_arm_TaskSupport_glue)
                  00011064    0000001c                    : arm_TaskSupport_asm.obj (.text:_ti_sysbios_family_arm_TaskSupport_swap__E)
                  00011080    0000001c     rtsv7R4_T_le_v3D16_eabi.lib : memccpy.obj (.text)
                  0001109c    0000001c     mss_mmw_per4ft.oer4ft (.text:ti_sysbios_BIOS_rtsLock__I)
                  000110b8    00000008     --HOLE-- [fill = 0]
                  000110c0    0000001c     sysbios.aer4ft : BIOS.obj (.text:ti_sysbios_family_arm_v7r_vim_Hwi_clearInterrupt__E)
                  000110dc    00000004     --HOLE-- [fill = 0]
                  000110e0    0000001c                    : BIOS.obj (.text:ti_sysbios_gates_GateMutex_Instance_init__E)
                  000110fc    00000004     --HOLE-- [fill = 0]
                  00011100    0000001c                    : BIOS.obj (.text:ti_sysbios_gates_GateMutex_leave__E)
                  0001111c    0000001c     mss_mmw_per4ft.oer4ft (.text:ti_sysbios_knl_Queue_destruct)
                  00011138    0000001a     libmmwave_xwr68xx.aer4f : mmwave_dualcore.oer4f (.text:MMWave_deviceSyncFxn)
                  00011152    0000001a                             : mmwave.oer4f (.text:MMWave_encodeError)
                  0001116c    0000001a                             : mmwave_listlib.oer4f (.text:MMWave_listAdd)
                  00011186    0000001a     mss_mmw_per4ft.oer4ft (.text:free)
                  000111a0    0000001a     libmmwavelink_xwr68xx.aer4f : rl_sensor.oer4f (.text:rlGetRfDieId)
                  000111ba    0000001a     rtsv7R4_T_le_v3D16_eabi.lib : s_copysign.obj (.text)
                  000111d4    0000001a     mss_mmw_per4ft.oer4ft (.text:ti_sysbios_gates_GateHwi_Handle__label__S)
                  000111ee    0000001a     mss_mmw_per4ft.oer4ft (.text:ti_sysbios_gates_GateMutex_Handle__label__S)
                  00011208    0000001a     mss_mmw_per4ft.oer4ft (.text:ti_sysbios_heaps_HeapMem_Handle__label__S)
                  00011222    0000001a     mss_mmw_per4ft.oer4ft (.text:xdc_runtime_System_aprintf__E)
                  0001123c    0000001a     mss_mmw_per4ft.oer4ft (.text:xdc_runtime_System_printf__E)
                  00011256    00000002     --HOLE-- [fill = 0]
                  00011258    00000018     libcli_xwr68xx.aer4f : cli_mmwave.oer4f (.text:CLI_getMMWaveExtensionOpenConfig)
                  00011270    00000018     libmmwave_xwr68xx.aer4f : mmwave_osal.oer4f (.text:MMWave_osalMutexLock)
                  00011288    00000018                             : mmwave_osal.oer4f (.text:MMWave_osalSemWait)
                  000112a0    00000018     libmailbox_xwr68xx.aer4f : mailbox.oer4f (.text:Mailbox_boxEmptyISRBss)
                  000112b8    00000018                              : mailbox.oer4f (.text:Mailbox_boxEmptyISRMssDss)
                  000112d0    00000018                              : mailbox.oer4f (.text:Mailbox_boxFullISRBss)
                  000112e8    00000018     libmmwavelink_xwr68xx.aer4f : rl_device.oer4f (.text:rlDeviceGetRfVersion)
                  00011300    00000018                                 : rl_driver.oer4f (.text:rlDriverCalCRC)
                  00011318    00000018                                 : rl_driver.oer4f (.text:rlDriverFillPayload)
                  00011330    00000018     rtsv7R4_T_le_v3D16_eabi.lib : args_main.obj (.text)
                  00011348    00000018                                 : strcmp.obj (.text)
                  00011360    00000018     mss_mmw_per4ft.oer4ft (.text:ti_sysbios_BIOS_rtsUnlock__I)
                  00011378    00000018     sysbios.aer4ft : BIOS.obj (.text:ti_sysbios_family_arm_v7a_Pmu_initCounters__I)
                  00011390    00000018     mss_mmw_per4ft.oer4ft (.text:ti_sysbios_family_arm_v7r_vim_Hwi_Module__startupDone__F)
                  000113a8    00000018     mss_mmw_per4ft.oer4ft (.text:ti_sysbios_family_arm_v7r_vim_Hwi_Params__init__S)
                  000113c0    00000018     mss_mmw_per4ft.oer4ft (.text:ti_sysbios_knl_Semaphore_Params__init__S)
                  000113d8    00000018     mss_mmw_per4ft.oer4ft (.text:ti_sysbios_knl_Task_Params__init__S)
                  000113f0    00000018     sysbios.aer4ft : BIOS.obj (.text:ti_sysbios_knl_Task_enter__I)
                  00011408    00000018     mss_mmw_per4ft.oer4ft (.text:ti_sysbios_timers_rti_Timer_Module__startupDone__F)
                  00011420    00000018     sysbios.aer4ft : BIOS.obj (.text:xdc_runtime_Error_init__E)
                  00011438    00000016     rtsv7R4_T_le_v3D16_eabi.lib : strchr.obj (.text)
                  0001144e    00000016                                 : strlen.obj (.text)
                  00011464    00000016     mss_mmw_per4ft.oer4ft (.text:ti_sysbios_BIOS_exitFunc__I)
                  0001147a    00000006     --HOLE-- [fill = 0]
                  00011480    00000016     sysbios.aer4ft : BIOS.obj (.text:ti_sysbios_knl_Idle_loop__E)
                  00011496    0000000a     --HOLE-- [fill = 0]
                  000114a0    00000016                    : BIOS.obj (.text:ti_sysbios_knl_Task_sleepTimeout__I)
                  000114b6    00000014     libosal_xwr68xx.aer4f : CycleprofilerP_tirtos.oer4f (.text:CycleprofilerP_init)
                  000114ca    00000014                           : HwiP_tirtos.oer4f (.text:HwiP_Params_init)
                  000114de    00000014     libmmwave_xwr68xx.aer4f : mmwave_fullcfg.oer4f (.text:MMWave_internalDelBpmChirp)
                  000114f2    00000014                             : mmwave_fullcfg.oer4f (.text:MMWave_internalDelProfile)
                  00011506    00000014                             : mmwave_osal.oer4f (.text:MMWave_osalMutexDelete)
                  0001151a    00000014                             : mmwave_osal.oer4f (.text:MMWave_osalSemDelete)
                  0001152e    00000002     --HOLE-- [fill = 0]
                  00011530    00000014     libpinmux_xwr68xx.aer4f : pinmux.oer4f (.text:Pinmux_Lock)
                  00011544    00000014     libuart_xwr68xx.aer4f : uartsci.oer4f (.text:UartSci_disableTxDMA)
                  00011558    00000014                           : uartsci.oer4f (.text:UartSci_enableTxDMA)
                  0001156c    00000014     libosal_xwr68xx.aer4f : DebugP_tirtos.oer4f (.text:_DebugP_assert)
                  00011580    00000014     radarOsal_malloc.oer4f (.text:radarOsal_memDeInit)
                  00011594    00000014     libmmwavelink_xwr68xx.aer4f : rl_controller.oer4f (.text:rlAppendDummy)
                  000115a8    00000014                                 : rl_driver.oer4f (.text:rlDriverIsDeviceMapValid)
                  000115bc    00000014     rtsv7R4_T_le_v3D16_eabi.lib : _lock.obj (.text)
                  000115d0    00000014                                 : strcpy.obj (.text)
                  000115e4    00000014     mss_mmw_per4ft.oer4ft (.text:ti_sysbios_heaps_HeapMem_Object__get__S)
                  000115f8    00000008     --HOLE-- [fill = 0]
                  00011600    00000014     sysbios.aer4ft : BIOS.obj (.text:ti_sysbios_knl_Event_Instance_init__E)
                  00011614    00000014     mss_mmw_per4ft.oer4ft (.text:ti_sysbios_knl_Swi_Object__get__S)
                  00011628    00000012     libcrc_xwr68xx.aer4f : crc.oer4f (.text:CRC_initConfigParams)
                  0001163a    00000012     libmmwave_xwr68xx.aer4f : mmwave_dualcore.oer4f (.text:MMWave_deviceGetDeviceInfo)
                  0001164c    00000012     libosal_xwr68xx.aer4f : MemoryP_tirtos.oer4f (.text:MemoryP_ctrlAlloc)
                  0001165e    00000012                           : SemaphoreP_tirtos.oer4f (.text:SemaphoreP_pend)
                  00011670    00000012     sysbios.aer4ft : BIOS.obj (.text:ti_sysbios_hal_Hwi_Module_startup__E)
                  00011682    00000012     mss_mmw_per4ft.oer4ft (.text:xdc_runtime_Startup_exec__I)
                  00011694    00000010     libcli_xwr68xx.aer4f : cli_mmwave.oer4f (.text:CLI_getMMWaveExtensionConfig)
                  000116a4    00000010     libcrc_xwr68xx.aer4f : crc.oer4f (.text:CRC_getSignatureRegister)
                  000116b4    00000010     mss_main.oer4f (.text:MmwDemo_mssMmwaveConfigCallbackFxn)
                  000116c4    00000010     mss_main.oer4f (.text:MmwDemo_mssMmwaveStartCallbackFxn)
                  000116d4    00000010     mss_main.oer4f (.text:MmwDemo_mssMmwaveStopCallbackFxn)
                  000116e4    0000000c     --HOLE-- [fill = 0]
                  000116f0    00000010     sysbios.aer4ft : BIOS.obj (.text:ti_sysbios_BIOS_setThreadType__E)
                  00011700    00000010                    : BIOS.obj (.text:ti_sysbios_BIOS_start__E)
                  00011710    00000010                    : BIOS.obj (.text:ti_sysbios_family_arm_v7a_Pmu_disableInterruptI__E)
                  00011720    00000010                    : BIOS.obj (.text:ti_sysbios_family_arm_v7a_Pmu_enableInterruptI__E)
                  00011730    00000010                    : BIOS.obj (.text:ti_sysbios_family_arm_v7a_Pmu_getNumCounters__E)
                  00011740    00000010                    : BIOS.obj (.text:ti_sysbios_family_arm_v7a_Pmu_startCounterI__E)
                  00011750    00000010                    : BIOS.obj (.text:ti_sysbios_family_arm_v7a_Pmu_stopCounterI__E)
                  00011760    00000010                    : BIOS.obj (.text:ti_sysbios_gates_GateMutex_Instance_finalize__E)
                  00011770    00000010     mss_mmw_per4ft.oer4ft (.text:ti_sysbios_heaps_HeapBuf_Object__get__S)
                  00011780    00000010     sysbios.aer4ft : BIOS.obj (.text:ti_sysbios_knl_Semaphore_Instance_finalize__E)
                  00011790    00000010                    : BIOS.obj (.text:ti_sysbios_knl_Swi_disable__E)
                  000117a0    00000010     mss_mmw_per4ft.oer4ft (.text:ti_sysbios_knl_Task_Object__get__S)
                  000117b0    00000010     sysbios.aer4ft : BIOS.obj (.text:ti_sysbios_knl_Task_disable__E)
                  000117c0    00000010                    : BIOS.obj (.text:xdc_runtime_Memory_free__E)
                  000117d0    00000010     mss_mmw_per4ft.oer4ft (.text:xdc_runtime_Text_visitRope__I)
                  000117e0    0000000e     rtsv7R4_T_le_v3D16_eabi.lib : copy_decompress_none.obj (.text:decompress:none)
                  000117ee    00000002     --HOLE-- [fill = 0]
                  000117f0    0000000e     sysbios.aer4ft : BIOS.obj (.text:ti_sysbios_knl_Queue_empty__E)
                  000117fe    00000002     --HOLE-- [fill = 0]
                  00011800    0000000c                    : BIOS.obj (.text:ti_sysbios_family_arm_TaskSupport_checkStack__E)
                  0001180c    00000004     --HOLE-- [fill = 0]
                  00011810    0000000c                    : BIOS.obj (.text:ti_sysbios_family_arm_TaskSupport_getStackAlignment__E)
                  0001181c    00000004     --HOLE-- [fill = 0]
                  00011820    0000000c                    : BIOS.obj (.text:ti_sysbios_family_arm_exc_Exception_Module_startup__E)
                  0001182c    00000004     --HOLE-- [fill = 0]
                  00011830    0000000c                    : BIOS.obj (.text:ti_sysbios_family_arm_v7r_vim_Hwi_switchFromBootStack__E)
                  0001183c    00000004     --HOLE-- [fill = 0]
                  00011840    0000000c                    : BIOS.obj (.text:xdc_runtime_Startup_rtsDone__E)
                  0001184c    00000004     --HOLE-- [fill = 0]
                  00011850    0000000c                    : BIOS.obj (.text:xdc_runtime_SysStd_exit__E)
                  0001185c    00000004     --HOLE-- [fill = 0]
                  00011860    00000008                    : BIOS.obj (.text:ti_sysbios_gates_GateHwi_enter__E)
                  00011868    00000008     --HOLE-- [fill = 0]
                  00011870    00000006                    : BIOS.obj (.text:ti_sysbios_family_arm_v7r_vim_Hwi_startup__E)
                  00011876    0000000a     --HOLE-- [fill = 0]
                  00011880    00000006                    : BIOS.obj (.text:ti_sysbios_gates_GateHwi_leave__E)
                  00011886    0000000a     --HOLE-- [fill = 0]
                  00011890    00000006                    : BIOS.obj (.text:ti_sysbios_heaps_HeapMem_isBlocking__E)
                  00011896    0000000a     --HOLE-- [fill = 0]
                  000118a0    00000006                    : BIOS.obj (.text:ti_sysbios_knl_Queue_Instance_init__E)
                  000118a6    0000000a     --HOLE-- [fill = 0]
                  000118b0    00000006                    : BIOS.obj (.text:xdc_runtime_System_Module_startup__E)
                  000118b6    0000000a     --HOLE-- [fill = 0]
                  000118c0    00000004                    : BIOS.obj (.text:ti_sysbios_gates_GateHwi_query__E)
                  000118c4    0000000c     --HOLE-- [fill = 0]
                  000118d0    00000004                    : BIOS.obj (.text:ti_sysbios_gates_GateMutex_query__E)
                  000118d4    0000000c     --HOLE-- [fill = 0]
                  000118e0    00000004                    : BIOS.obj (.text:ti_sysbios_knl_Task_startup__E)
                  000118e4    0000000c     --HOLE-- [fill = 0]
                  000118f0    00000004                    : BIOS.obj (.text:ti_sysbios_timers_rti_Timer_getMaxTicks__E)
                  000118f4    0000000c     --HOLE-- [fill = 0]
                  00011900    00000004                    : BIOS.obj (.text:xdc_runtime_SysStd_putch__E)
                  00011904    0000000c     --HOLE-- [fill = 0]
                  00011910    00000004                    : BIOS.obj (.text:xdc_runtime_SysStd_ready__E)
                  00011914    0000000c     --HOLE-- [fill = 0]
                  00011920    00000002                    : BIOS.obj (.text:ti_sysbios_BIOS_linkedWithIncorrectBootLibrary__E)
                  00011922    0000000e     --HOLE-- [fill = 0]
                  00011930    00000002                    : BIOS.obj (.text:ti_sysbios_gates_GateHwi_Instance_init__E)

.const     0    00011938    0000290e     
                  00011938    00001b6f     mss_mmw_per4ft.oer4ft (.const:xdc_runtime_Text_charTab__A)
                  000134a7    00000001     --HOLE-- [fill = 0]
                  000134a8    000002b8     libmmwavelink_xwr68xx.aer4f : rl_sensor.oer4f (.const:$O1$$)
                  00013760    00000101     rtsv7R4_T_le_v3D16_eabi.lib : ctype.obj (.const:.string:_ctypes_)
                  00013861    00000001     --HOLE-- [fill = 0]
                  00013862    000000d8     mss_mmw_per4ft.oer4ft (.const:xdc_runtime_Text_nodeTab__A)
                  0001393a    00000002     mss_mmw_per4ft.oer4ft (.const:ti_sysbios_family_arm_exc_Exception_Module__id__C)
                  0001393c    000000a0     libcli_xwr68xx.aer4f : cli_mmwave.oer4f (.const:.string)
                  000139dc    00000004                          : cli.oer4f (.const:.string:$P$T0$1)
                  000139e0    00000098     rtsv7R4_T_le_v3D16_eabi.lib : strtod.obj (.const:$O1$$)
                  00013a78    00000088     libmmwavelink_xwr68xx.aer4f : rl_driver.oer4f (.const:$O2$$)
                  00013b00    00000080     mss_mmw_per4ft.oer4ft (.const:ti_sysbios_family_arm_v7r_vim_Hwi_channelMap__A)
                  00013b80    00000058     mss_mmw_per4ft.oer4ft (.const:.string)
                  00013bd8    00000044     mss_mmw_per4ft.oer4ft (.const:ti_sysbios_knl_Task_Object__PARAMS__C)
                  00013c1c    0000003c     libuart_xwr68xx.aer4f : UART.oer4f (.const:UART_defaultParams)
                  00013c58    00000030     mss_mmw_per4ft.oer4ft (.const:ti_sysbios_family_arm_v7r_vim_Hwi_Object__PARAMS__C)
                  00013c88    0000002c     mss_mmw_per4ft.oer4ft (.const:xdc_runtime_Startup_sfxnTab__A)
                  00013cb4    00000028     mss_mmw_per4ft.oer4ft (.const:ti_sysbios_heaps_HeapMem_Module__FXNS__C)
                  00013cdc    00000024     libmailbox_xwr68xx.aer4f : mailbox.oer4f (.const:Mailbox_defaultCfg)
                  00013d00    00000024     mss_mmw_per4ft.oer4ft (.const:ti_sysbios_gates_GateHwi_Module__FXNS__C)
                  00013d24    00000024     mss_mmw_per4ft.oer4ft (.const:ti_sysbios_gates_GateMutex_Module__FXNS__C)
                  00013d48    00000024     mss_mmw_per4ft.oer4ft (.const:ti_sysbios_heaps_HeapMem_Object__PARAMS__C)
                  00013d6c    00000024     mss_mmw_per4ft.oer4ft (.const:ti_sysbios_knl_Semaphore_Object__PARAMS__C)
                  00013d90    00000020     libcli_xwr68xx.aer4f : cli_mmwave.oer4f (.const:$P$T0$1)
                  00013db0    00000020     mss_mmw_per4ft.oer4ft (.const:ti_sysbios_family_arm_v7r_vim_Hwi_Object__DESC__C)
                  00013dd0    00000020     mss_mmw_per4ft.oer4ft (.const:ti_sysbios_gates_GateHwi_Object__DESC__C)
                  00013df0    00000020     mss_mmw_per4ft.oer4ft (.const:ti_sysbios_gates_GateMutex_Object__DESC__C)
                  00013e10    00000020     mss_mmw_per4ft.oer4ft (.const:ti_sysbios_heaps_HeapMem_Object__DESC__C)
                  00013e30    00000020     mss_mmw_per4ft.oer4ft (.const:ti_sysbios_knl_Event_Object__DESC__C)
                  00013e50    00000020     mss_mmw_per4ft.oer4ft (.const:ti_sysbios_knl_Queue_Object__DESC__C)
                  00013e70    00000020     mss_mmw_per4ft.oer4ft (.const:ti_sysbios_knl_Semaphore_Object__DESC__C)
                  00013e90    00000020     mss_mmw_per4ft.oer4ft (.const:ti_sysbios_knl_Task_Object__DESC__C)
                  00013eb0    00000018     mss_mmw_per4ft.oer4ft (.const:ti_sysbios_gates_GateHwi_Object__PARAMS__C)
                  00013ec8    00000018     mss_mmw_per4ft.oer4ft (.const:ti_sysbios_gates_GateMutex_Object__PARAMS__C)
                  00013ee0    00000018     mss_mmw_per4ft.oer4ft (.const:ti_sysbios_knl_Event_Object__PARAMS__C)
                  00013ef8    00000018     mss_mmw_per4ft.oer4ft (.const:ti_sysbios_knl_Queue_Object__PARAMS__C)
                  00013f10    00000016     mss_mmw_per4ft.oer4ft (.const:xdc_runtime_Startup_sfxnRts__A)
                  00013f26    00000002     mss_mmw_per4ft.oer4ft (.const:ti_sysbios_family_arm_v7a_Pmu_Module__id__C)
                  00013f28    00000010     mss_mmw_per4ft.oer4ft (.const:ti_sysbios_family_arm_v7r_vim_Hwi_intReqEnaSet__A)
                  00013f38    00000010     mss_mmw_per4ft.oer4ft (.const:ti_sysbios_family_arm_v7r_vim_Hwi_wakeEnaSet__A)
                  00013f48    00000008     mss_mmw_per4ft.oer4ft (.const:ti_sysbios_knl_Idle_funcList__C)
                  00013f50    00000008     mss_mmw_per4ft.oer4ft (.const:xdc_runtime_Startup_firstFxns__A)
                  00013f58    00000008     mss_mmw_per4ft.oer4ft (.const:xdc_runtime_Startup_firstFxns__C)
                  00013f60    00000008     mss_mmw_per4ft.oer4ft (.const:xdc_runtime_Startup_lastFxns__C)
                  00013f68    00000004     mss_mmw_per4ft.oer4ft (.const)
                  00013f6c    00000004     mss_mmw_per4ft.oer4ft (.const:ti_sysbios_family_arm_TaskSupport_stackAlignment__C)
                  00013f70    00000004     mss_mmw_per4ft.oer4ft (.const:ti_sysbios_family_arm_exc_Exception_E_dataAbort__C)
                  00013f74    00000004     mss_mmw_per4ft.oer4ft (.const:ti_sysbios_family_arm_exc_Exception_E_prefetchAbort__C)
                  00013f78    00000004     mss_mmw_per4ft.oer4ft (.const:ti_sysbios_family_arm_exc_Exception_E_swi__C)
                  00013f7c    00000004     mss_mmw_per4ft.oer4ft (.const:ti_sysbios_family_arm_exc_Exception_E_undefinedInstruction__C)
                  00013f80    00000004     mss_mmw_per4ft.oer4ft (.const:ti_sysbios_family_arm_exc_Exception_excHookFuncs__A)
                  00013f84    00000004     mss_mmw_per4ft.oer4ft (.const:ti_sysbios_family_arm_exc_Exception_excHookFuncs__C)
                  00013f88    00000004     mss_mmw_per4ft.oer4ft (.const:ti_sysbios_family_arm_v7a_Pmu_A_invalidCounterId__C)
                  00013f8c    00000004     mss_mmw_per4ft.oer4ft (.const:ti_sysbios_family_arm_v7a_Pmu_Module__diagsEnabled__C)
                  00013f90    00000004     mss_mmw_per4ft.oer4ft (.const:ti_sysbios_family_arm_v7a_Pmu_Module__diagsIncluded__C)
                  00013f94    00000004     mss_mmw_per4ft.oer4ft (.const:ti_sysbios_family_arm_v7a_Pmu_Module__diagsMask__C)
                  00013f98    00000004     mss_mmw_per4ft.oer4ft (.const:ti_sysbios_family_arm_v7r_tms570_Core_E_mismatchedIds__C)
                  00013f9c    00000004     mss_mmw_per4ft.oer4ft (.const:ti_sysbios_family_arm_v7r_tms570_Core_id__C)
                  00013fa0    00000004     mss_mmw_per4ft.oer4ft (.const:ti_sysbios_family_arm_v7r_vim_Hwi_A_badChannelId__C)
                  00013fa4    00000004     mss_mmw_per4ft.oer4ft (.const:ti_sysbios_family_arm_v7r_vim_Hwi_E_alreadyDefined__C)
                  00013fa8    00000004     mss_mmw_per4ft.oer4ft (.const:ti_sysbios_family_arm_v7r_vim_Hwi_E_badIntNum__C)
                  00013fac    00000004     mss_mmw_per4ft.oer4ft (.const:ti_sysbios_family_arm_v7r_vim_Hwi_E_phantomInterrupt__C)
                  00013fb0    00000004     mss_mmw_per4ft.oer4ft (.const:ti_sysbios_family_arm_v7r_vim_Hwi_E_undefined__C)
                  00013fb4    00000004     mss_mmw_per4ft.oer4ft (.const:ti_sysbios_family_arm_v7r_vim_Hwi_E_unsupportedMaskingOption__C)
                  00013fb8    00000004     mss_mmw_per4ft.oer4ft (.const:ti_sysbios_family_arm_v7r_vim_Hwi_LD_end__C)
                  00013fbc    00000004     mss_mmw_per4ft.oer4ft (.const:ti_sysbios_family_arm_v7r_vim_Hwi_LM_begin__C)
                  00013fc0    00000004     mss_mmw_per4ft.oer4ft (.const:ti_sysbios_family_arm_v7r_vim_Hwi_Module__diagsEnabled__C)
                  00013fc4    00000004     mss_mmw_per4ft.oer4ft (.const:ti_sysbios_family_arm_v7r_vim_Hwi_Module__diagsIncluded__C)
                  00013fc8    00000004     mss_mmw_per4ft.oer4ft (.const:ti_sysbios_family_arm_v7r_vim_Hwi_Module__diagsMask__C)
                  00013fcc    00000004     mss_mmw_per4ft.oer4ft (.const:ti_sysbios_family_arm_v7r_vim_Hwi_Module__loggerFxn1__C)
                  00013fd0    00000004     mss_mmw_per4ft.oer4ft (.const:ti_sysbios_family_arm_v7r_vim_Hwi_Module__loggerFxn8__C)
                  00013fd4    00000004     mss_mmw_per4ft.oer4ft (.const:ti_sysbios_family_arm_v7r_vim_Hwi_Module__loggerObj__C)
                  00013fd8    00000004     mss_mmw_per4ft.oer4ft (.const:ti_sysbios_family_arm_v7r_vim_Hwi_NUM_INTERRUPTS__C)
                  00013fdc    00000004     mss_mmw_per4ft.oer4ft (.const:ti_sysbios_family_arm_v7r_vim_Hwi_channelMap__C)
                  00013fe0    00000004     mss_mmw_per4ft.oer4ft (.const:ti_sysbios_family_arm_v7r_vim_Hwi_intReqEnaSet__C)
                  00013fe4    00000004     mss_mmw_per4ft.oer4ft (.const:ti_sysbios_family_arm_v7r_vim_Hwi_phantomFunc__C)
                  00013fe8    00000004     mss_mmw_per4ft.oer4ft (.const:ti_sysbios_family_arm_v7r_vim_Hwi_swiDisable__C)
[...]
0001404c  ti_sysbios_knl_Clock_LM_begin__C                                     
00014050  ti_sysbios_knl_Clock_LM_tick__C                                      
00014054  ti_sysbios_knl_Clock_LW_delayed__C                                   
00014058  ti_sysbios_knl_Clock_Module_State_clockQ__O                          
0001405c  ti_sysbios_knl_Clock_Module__diagsEnabled__C                         
00014060  ti_sysbios_knl_Clock_Module__diagsIncluded__C                        
00014064  ti_sysbios_knl_Clock_Module__diagsMask__C                            
00014068  ti_sysbios_knl_Clock_Module__loggerFxn1__C                           
0001406c  ti_sysbios_knl_Clock_Module__loggerFxn2__C                           
00014070  ti_sysbios_knl_Clock_Module__loggerObj__C                            
00014074  ti_sysbios_knl_Event_A_badContext__C                                 
00014078  ti_sysbios_knl_Event_A_eventInUse__C                                 
0001407c  ti_sysbios_knl_Event_A_nullEventId__C                                
00014080  ti_sysbios_knl_Event_A_nullEventMasks__C                             
00014084  ti_sysbios_knl_Event_A_pendTaskDisabled__C                           
00014088  ti_sysbios_knl_Event_Instance_State_pendQ__O                         
0001408c  ti_sysbios_knl_Event_LM_pend__C                                      
00014090  ti_sysbios_knl_Event_LM_post__C                                      
00014094  ti_sysbios_knl_Event_Module__diagsEnabled__C                         
00014098  ti_sysbios_knl_Event_Module__diagsIncluded__C                        
0001409c  ti_sysbios_knl_Event_Module__diagsMask__C                            
000140a0  ti_sysbios_knl_Event_Module__loggerFxn4__C                           
000140a4  ti_sysbios_knl_Event_Module__loggerFxn8__C                           
000140a8  ti_sysbios_knl_Event_Module__loggerObj__C                            
000140ac  ti_sysbios_knl_Idle_funcList__A                                      
000140b0  ti_sysbios_knl_Semaphore_A_badContext__C                             
000140b4  ti_sysbios_knl_Semaphore_A_noEvents__C                               
000140b8  ti_sysbios_knl_Semaphore_A_overflow__C                               
000140bc  ti_sysbios_knl_Semaphore_A_pendTaskDisabled__C                       
000140c0  ti_sysbios_knl_Semaphore_Instance_State_pendQ__O                     
000140c4  ti_sysbios_knl_Semaphore_LM_pend__C                                  
000140c8  ti_sysbios_knl_Semaphore_LM_post__C                                  
000140cc  ti_sysbios_knl_Semaphore_Module__diagsEnabled__C                     
000140d0  ti_sysbios_knl_Semaphore_Module__diagsIncluded__C                    
000140d4  ti_sysbios_knl_Semaphore_Module__diagsMask__C                        
000140d8  ti_sysbios_knl_Semaphore_Module__loggerFxn2__C                       
000140dc  ti_sysbios_knl_Semaphore_Module__loggerFxn4__C                       
000140e0  ti_sysbios_knl_Semaphore_Module__loggerObj__C                        
000140e4  ti_sysbios_knl_Swi_LD_end__C                                         
000140e8  ti_sysbios_knl_Swi_LM_begin__C                                       
000140ec  ti_sysbios_knl_Swi_LM_post__C                                        
000140f0  ti_sysbios_knl_Swi_Module__diagsEnabled__C                           
000140f4  ti_sysbios_knl_Swi_Module__diagsIncluded__C                          
000140f8  ti_sysbios_knl_Swi_Module__diagsMask__C                              
000140fc  ti_sysbios_knl_Swi_Module__loggerFxn1__C                             
00014100  ti_sysbios_knl_Swi_Module__loggerFxn4__C                             
00014104  ti_sysbios_knl_Swi_Module__loggerObj__C                              
00014108  ti_sysbios_knl_Swi_Object__count__C                                  
0001410c  ti_sysbios_knl_Task_A_badPriority__C                                 
00014110  ti_sysbios_knl_Task_A_badTaskState__C                                
00014114  ti_sysbios_knl_Task_A_badThreadType__C                               
00014118  ti_sysbios_knl_Task_A_badTimeout__C                                  
0001411c  ti_sysbios_knl_Task_A_noPendElem__C                                  
00014120  ti_sysbios_knl_Task_A_sleepTaskDisabled__C                           
00014124  ti_sysbios_knl_Task_E_spOutOfBounds__C                               
00014128  ti_sysbios_knl_Task_E_stackOverflow__C                               
0001412c  ti_sysbios_knl_Task_LD_block__C                                      
00014130  ti_sysbios_knl_Task_LD_exit__C                                       
00014134  ti_sysbios_knl_Task_LD_ready__C                                      
00014138  ti_sysbios_knl_Task_LM_sleep__C                                      
0001413c  ti_sysbios_knl_Task_LM_switch__C                                     
00014140  ti_sysbios_knl_Task_Module_State_inactiveQ__O                        
00014144  ti_sysbios_knl_Task_Module__diagsEnabled__C                          
00014148  ti_sysbios_knl_Task_Module__diagsIncluded__C                         
0001414c  ti_sysbios_knl_Task_Module__diagsMask__C                             
00014150  ti_sysbios_knl_Task_Module__loggerFxn2__C                            
00014154  ti_sysbios_knl_Task_Module__loggerFxn4__C                            
00014158  ti_sysbios_knl_Task_Module__loggerObj__C                             
0001415c  ti_sysbios_knl_Task_Object__count__C                                 
00014160  ti_sysbios_knl_Task_allBlockedFunc__C                                
00014164  ti_sysbios_knl_Task_defaultStackHeap__C                              
00014168  ti_sysbios_knl_Task_defaultStackSize__C                              
0001416c  ti_sysbios_knl_Task_numConstructedTasks__C                           
00014170  ti_sysbios_timers_rti_Timer_E_cannotSupport__C                       
00014174  ti_sysbios_timers_rti_Timer_Module__diagsEnabled__C                  
00014178  ti_sysbios_timers_rti_Timer_Module__diagsIncluded__C                 
0001417c  ti_sysbios_timers_rti_Timer_Module__diagsMask__C                     
00014180  ti_sysbios_timers_rti_Timer_numTimerDevices__C                       
00014184  ti_sysbios_timers_rti_Timer_startupNeeded__C                         
00014188  xdc_runtime_Assert_E_assertFailed__C                                 
0001418c  xdc_runtime_Core_A_initializedParams__C                              
00014190  xdc_runtime_Core_Module__diagsEnabled__C                             
00014194  xdc_runtime_Core_Module__diagsIncluded__C                            
00014198  xdc_runtime_Core_Module__diagsMask__C                                
0001419c  xdc_runtime_Error_E_memory__C                                        
000141a0  xdc_runtime_Error_Module__diagsEnabled__C                            
000141a4  xdc_runtime_Error_Module__diagsIncluded__C                           
000141a8  xdc_runtime_Error_Module__diagsMask__C                               
000141ac  xdc_runtime_Error_Module__loggerFxn8__C                              
000141b0  xdc_runtime_Error_Module__loggerObj__C                               
000141b4  xdc_runtime_Error_policyFxn__C                                       
000141b8  xdc_runtime_Error_policy__C                                          
000141bc  xdc_runtime_Error_raiseHook__C                                       
000141c0  xdc_runtime_IGateProvider_Interface__BASE__C                         
000141c4  xdc_runtime_IHeap_Interface__BASE__C                                 
000141c8  xdc_runtime_IModule_Interface__BASE__C                               
000141cc  xdc_runtime_Log_L_error__C                                           
000141d0  xdc_runtime_Memory_defaultHeapInstance__C                            
000141d4  xdc_runtime_Startup_execImpl__C                                      
000141d8  xdc_runtime_Startup_maxPasses__C                                     
000141dc  xdc_runtime_Startup_sfxnRts__C                                       
000141e0  xdc_runtime_Startup_sfxnTab__C                                       
000141e4  xdc_runtime_System_Module__gateObj__C                                
000141e8  xdc_runtime_System_abortFxn__C                                       
000141ec  xdc_runtime_System_exitFxn__C                                        
000141f0  xdc_runtime_System_extendFxn__C                                      
000141f4  xdc_runtime_System_maxAtexitHandlers__C                              
000141f8  xdc_runtime_Text_charTab__C                                          
000141fc  xdc_runtime_Text_nameEmpty__C                                        
00014200  xdc_runtime_Text_nameStatic__C                                       
00014204  xdc_runtime_Text_nameUnknown__C                                      
00014208  xdc_runtime_Text_nodeTab__C                                          
0001420c  xdc_runtime_Text_visitRopeFxn__C                                     
00014210  ti_sysbios_family_arm_v7r_tms570_Core_Module__id__C                  
00014212  ti_sysbios_family_arm_v7r_vim_Hwi_Module__id__C                      
00014214  ti_sysbios_family_arm_v7r_vim_Hwi_Module__loggerDefined__C           
00014216  ti_sysbios_gates_GateMutex_Module__id__C                             
00014218  ti_sysbios_hal_Hwi_Module__id__C                                     
0001421a  ti_sysbios_heaps_HeapMem_Module__id__C                               
0001421c  ti_sysbios_knl_Clock_Module__id__C                                   
0001421e  ti_sysbios_knl_Clock_Module__loggerDefined__C                        
00014220  ti_sysbios_knl_Event_Module__id__C                                   
00014222  ti_sysbios_knl_Event_Module__loggerDefined__C                        
00014224  ti_sysbios_knl_Semaphore_Module__id__C                               
00014226  ti_sysbios_knl_Semaphore_Module__loggerDefined__C                    
00014228  ti_sysbios_knl_Swi_Module__id__C                                     
0001422a  ti_sysbios_knl_Swi_Module__loggerDefined__C                          
0001422c  ti_sysbios_knl_Task_Module__id__C                                    
0001422e  ti_sysbios_knl_Task_Module__loggerDefined__C                         
00014230  ti_sysbios_timers_rti_Timer_Module__id__C                            
00014232  ti_sysbios_timers_rti_Timer_continueOnSuspend__C                     
00014234  xdc_runtime_Core_Module__id__C                                       
00014236  xdc_runtime_Error_Module__loggerDefined__C                           
00014238  xdc_runtime_Error_maxDepth__C                                        
0001423a  xdc_runtime_Main_Module__id__C                                       
0001423c  xdc_runtime_Memory_Module__id__C                                     
0001423e  xdc_runtime_Text_charCnt__C                                          
00014240  xdc_runtime_Text_isLoaded__C                                         
00014242  xdc_runtime_Text_registryModsLastId__C                               
00014244  xdc_runtime_Text_unnamedModsLastId__C                                
00014248  __TI_static_base__                                                   
00014634  __TI_Handler_Table_Base                                              
00014640  __TI_Handler_Table_Limit                                             
00014660  __TI_CINIT_Base                                                      
00014688  __TI_CINIT_Limit                                                     
08000000  gMmwL2                                                               
08012000  gMmwL1Scratch                                                        
08014100  ti_sysbios_heaps_HeapMem_Instance_State_0_buf__A                     
08024100  gMmwMssMCB                                                           
080262e0  ti_sysbios_family_arm_exc_Exception_Module_State_0_excStack_0__A     
080272e0  ti_sysbios_knl_Task_Instance_State_0_stack__A                        
08027ae0  gCLI                                                                 
08027c88  __CIOBUF_                                                            
08027da8  gMMWave_MCB                                                          
08027ea8  __TI_tmpnams                                                         
08027f48  gEsmMCB                                                              
08027fb8  gRadarOsal_heapObj                                                   
08028028  gMMWave_DualcoreMCB                                                  
08028030  parmbuf                                                              
08028038  rl_txMsg                                                             
08028138  rl_rxMsg                                                             
08028420  gCLI_mmwave_freq_scale_factor                                        
08028428  gCLIMMWaveOpenCfg                                                    
08028450  gCLIMMWaveExtensionTable                                             
080284f8  gCLIMMWaveControlCfg                                                 
080285c4  partInfoStringArray                                                  
08028788  ti_sysbios_family_arm_v7r_vim_Hwi_Module_State_0_dispatchTable__A    
08028988  _ftable                                                              
08028a78  ti_sysbios_knl_Swi_Module_State_0_readyQ__A                          
08028af8  ti_sysbios_knl_Task_Module_State_0_readyQ__A                         
08028b78  _device                                                              
08028bf0  ti_sysbios_knl_Task_Object__table__V                                 
08028c4c  gUartSciHwCfg                                                        
08028ca4  _stream                                                              
08028cf4  gMailboxMCB                                                          
08028d44  ti_sysbios_knl_Task_Module__state__V                                 
08028d8c  SOC_TranslateAddr_LUT                                                
08028dcc  ti_sysbios_gates_GateMutex_Object__table__V                          
08028e0c  ti_sysbios_timers_rti_Timer_Object__table__V                         
08028e48  ti_sysbios_family_arm_v7r_vim_Hwi_Module__state__V                   
08028e7c  ti_sysbios_knl_Swi_Object__table__V                                  
08028eac  ti_sysbios_family_arm_v7r_vim_Hwi_Object__table__V                   
08028ed8  ti_sysbios_knl_Clock_Module__state__V                                
08028f04  gUartSciFxnTable                                                     
08028f2c  UART_config                                                          
08028f50  ti_sysbios_BIOS_Module__state__V                                     
08028f74  gCRCRegister                                                         
08028f78  gSOCHwAttrib                                                         
08028f98  xdc_runtime_Error_IgnoreBlock                                        
08028fb8  xdc_runtime_System_Module_State_0_atexitHandlers__A                  
08028fd8  ti_sysbios_knl_Swi_Module__state__V                                  
08028ff4  gMailboxMssBssHwCfg                                                  
0802900c  gMailboxMssDssHwCfg                                                  
08029024  ti_sysbios_heaps_HeapMem_Object__table__V                            
0802903c  ti_sysbios_timers_rti_Timer_Module_State_0_device__A                 
08029054  ti_sysbios_family_arm_exc_Exception_Module__state__V                 
08029068  __TI_ft_end                                                          
0802906c  __aeabi_stdin                                                        
08029070  __aeabi_stdout                                                       
08029074  __aeabi_stderr                                                       
08029078  ti_sysbios_timers_rti_Timer_Module_State_0_intFreqs__A               
08029088  ti_sysbios_timers_rti_Timer_Module__state__V                         
08029098  __TI_cleanup_ptr                                                     
0802909c  __TI_dtors_ptr                                                       
080290a0  __TI_enable_exit_profile_output                                      
080290a4  gESMHwCfgAttrs                                                       
080290b0  ti_sysbios_family_arm_v7a_Pmu_Module__state__V                       
080290bc  _lock                                                                
080290c0  _unlock                                                              
080290c4  ti_sysbios_family_arm_v7r_vim_Hwi_Module__root__V                    
080290cc  ti_sysbios_gates_GateHwi_Module__root__V                             
080290d4  ti_sysbios_gates_GateMutex_Module__root__V                           
080290dc  ti_sysbios_hal_Hwi_Object__table__V                                  
080290e4  ti_sysbios_heaps_HeapMem_Module__root__V                             
080290ec  ti_sysbios_knl_Event_Module__root__V                                 
080290f4  ti_sysbios_knl_Queue_Module__root__V                                 
080290fc  ti_sysbios_knl_Semaphore_Module__root__V                             
08029104  ti_sysbios_knl_Task_Module__root__V                                  
0802910c  ti_sysbios_timers_rti_Timer_Module_State_0_handles__A                
08029114  xdc_runtime_Registry_Module__state__V                                
0802911c  xdc_runtime_Startup_Module__state__V                                 
08029124  xdc_runtime_System_Module__state__V                                  
0802912c  gPinmuxRegs                                                          
08029134  errno                                                                
08029140  main_func_sp                                                         
08029148  ti_sysbios_family_arm_exc_Exception_Module_State_0_excContext__A     
0802914c  ti_sysbios_family_arm_exc_Exception_Module_State_0_excStackBuffers__A
08029150  ti_sysbios_family_arm_exc_Exception_Module_State_0_excStack__A       
08029154  ti_sysbios_gates_GateHwi_Object__table__V                            
08029158  ti_sysbios_heaps_HeapBuf_Module__state__V                            
0802915c  ti_sysbios_knl_Task_Module_State_0_idleTask__A                       
08029160  xdc_runtime_Memory_Module__state__V                                  
08029164  ti_sysbios_family_arm_exc_Exception_Module_State_0_excActive__A      
08029166  xdc_runtime_Error_Module__state__V                                   
08029168  ti_sysbios_family_arm_v7r_vim_Hwi_Module_State_0_fiqStack__A         
0802a168  __stack                                                              
0802b168  __STACK_END                                                          
fffffdec  ti_sysbios_family_arm_v7r_vim_Hwi_vim                                
ffffffff  __TI_pprof_out_hndl                                                  
ffffffff  __TI_prof_data_size                                                  
ffffffff  __TI_prof_data_start                                                 
ffffffff  __binit__                                                            
ffffffff  __c_args__                                                           
ffffffff  binit                                                                
UNDEFED   SHT$$INIT_ARRAY$$Base                                                
UNDEFED   SHT$$INIT_ARRAY$$Limit                                               

[916 symbols]
