******************************************************************************
                  TI ARM Linker PC v18.1.4                     
******************************************************************************
>> Linked Mon Nov  4 11:13:02 2019

OUTPUT FILE NAME:   <xwr16xx_high_accuracy_mss.xer4f>
ENTRY POINT SYMBOL: "_c_int00"  address: 0000fdb4


MEMORY CONFIGURATION

         name            origin    length      used     unused   attr    fill
----------------------  --------  ---------  --------  --------  ----  --------
  VECTORS               00000000   00000100  0000003c  000000c4     X
  PROG_RAM              00000100   0003ff00  00016ab2  0002944e  R  X
  DATA_RAM              08000000   00030000  0002affc  00005004  RW  
  L3_RAM                51000000   000a0000  00000000  000a0000  RW  
  HS_RAM                52080000   00008000  00000000  00008000  RW  


SEGMENT ALLOCATION MAP

run origin  load origin   length   init length attrs members
----------  ----------- ---------- ----------- ----- -------
00000000    00000000    0000003c   0000003c    r--
  00000000    00000000    0000003c   0000003c    r-- .vecs
00000100    00000100    00016ab8   00016ab8    r-x
  00000100    00000100    00013e84   00013e84    r-x .text
  00013f88    00013f88    0000283e   0000283e    r-- .const
  000167c8    000167c8    000003f0   000003f0    r-- .cinit
08000000    08000000    00029028   00000000    rw-
  08000000    08000000    00014100   00000000    rw- .l2data
  08014100    08014100    00010000   00000000    rw- systemHeap
  08024100    08024100    00003f28   00000000    rw- .bss
  08028028    08028028    00001000   00000000    rw- .myFiqStack
08029040    08029040    00001fd4   00000000    rw-
  08029040    08029040    00001000   00000000    rw- .stack
  0802a040    0802a040    00000fd4   00000000    rw- .data


SECTION ALLOCATION MAP

 output                                  attributes/
section   page    origin      length       input sections
--------  ----  ----------  ----------   ----------------
.l2data    0    08000000    00014100     UNINITIALIZED
                  08000000    00014100     mss_main.obj (.l2data)

systemHeap 
*          0    08014100    00010000     UNINITIALIZED
                  08014100    00010000     mss_mmw_per4f.oer4f (systemHeap)

.text      0    00000100    00013e84     
                  00000100    00000a36     rtsv7R4_T_le_v3D16_eabi.lib : _printfi.c.obj (.text:__TI_printfi)
                  00000b36    0000000a     libosal_xwr16xx.aer4f : MemoryP_tirtos.oer4f (.text:MemoryP_ctrlFree)
                  00000b40    00000760     sysbios.aer4f : BIOS.obj (.text:xdc_runtime_System_doPrint__I)
                  000012a0    000005b4                   : BIOS.obj (.text:ti_sysbios_knl_Event_pend__E)
                  00001854    0000000c     libcli_xwr16xx.aer4f : cli_mmwave.oer4f (.text:CLI_getMMWaveExtensionConfig)
                  00001860    00000510     sysbios.aer4f : BIOS.obj (.text:ti_sysbios_knl_Semaphore_pend__E)
                  00001d70    00000414     mss_main.obj (.text:MmwDemo_mssInitTask)
                  00002184    0000000c     libmmwave_xwr16xx.aer4f : mmwave_xwr16xx.oer4f (.text:MMWave_deviceMailboxCallbackFxn)
                  00002190    00000404     sysbios.aer4f : BIOS.obj (.text:ti_sysbios_knl_Task_Instance_finalize__E)
                  00002594    0000000c     libmmwave_xwr16xx.aer4f : mmwave_osal.oer4f (.text:MMWave_osalMutexUnlock)
                  000025a0    000003f0     sysbios.aer4f : BIOS.obj (.text:ti_sysbios_heaps_HeapMem_freeUnprotected__E)
                  00002990    000003e8     rtsv7R4_T_le_v3D16_eabi.lib : strtod.c.obj (.text:strtod)
                  00002d78    000003cc     libcli_xwr16xx.aer4f : cli_mmwave.oer4f (.text:CLI_MMWaveVersion)
                  00003144    0000000c     libmmwave_xwr16xx.aer4f : mmwave_osal.oer4f (.text:MMWave_osalSemSignal)
                  00003150    00000354     sysbios.aer4f : BIOS.obj (.text:ti_sysbios_heaps_HeapMem_allocUnprotected__E)
                  000034a4    0000000c     mss_main.obj (.text:MmwDemo_mboxCallback)
                  000034b0    00000350     sysbios.aer4f : BIOS.obj (.text:ti_sysbios_knl_Task_sleep__E)
                  00003800    0000034c     cli.obj (.text:MmwDemo_CLIInit)
                  00003b4c    00000004     libosal_xwr16xx.aer4f : HwiP_tirtos.oer4f (.text:HwiP_disableInterrupt)
                  00003b50    000002fc     sysbios.aer4f : BIOS.obj (.text:ti_sysbios_family_arm_exc_Exception_excDumpContext__I)
                  00003e4c    000002f0     libsoc_xwr16xx.aer4f : soc_xwr16xx_mss.oer4f (.text:SOC_deviceInit)
                  0000413c    00000004     libmmwave_xwr16xx.aer4f : mmwave_link.oer4f (.text:MMWave_disableDevice)
                  00004140    000002d4     sysbios.aer4f : BIOS.obj (.text:ti_sysbios_family_arm_v7r_vim_Hwi_dispatchIRQC__I)
                  00004414    000002b8     rtsv7R4_T_le_v3D16_eabi.lib : ull_div32.asm.obj (.text)
                  000046cc    00000004     libmmwave_xwr16xx.aer4f : mmwave_link.oer4f (.text:MMWave_enableDevice)
                  000046d0    000002b4     sysbios.aer4f : BIOS.obj (.text:ti_sysbios_knl_Task_Instance_init__E)
                  00004984    0000000c     libuart_xwr16xx.aer4f : UART.oer4f (.text:UART_Params_init)
                  00004990    000002b4     sysbios.aer4f : BIOS.obj (.text:ti_sysbios_knl_Task_Module_startup__E)
                  00004c44    0000000c     libuart_xwr16xx.aer4f : uartsci_dma.oer4f (.text:UartSci_isDMAEnabled)
                  00004c50    0000029c     sysbios.aer4f : BIOS.obj (.text:ti_sysbios_family_arm_exc_Exception_excHandler__I)
                  00004eec    00000004     libmmwave_xwr16xx.aer4f : mmwave_listlib.oer4f (.text:MMWave_listGetHead)
                  00004ef0    00000298     sysbios.aer4f : BIOS.obj (.text:ti_sysbios_timers_rti_Timer_Module_startup__E)
                  00005188    00000284     libmmwave_xwr16xx.aer4f : mmwave_xwr16xx.oer4f (.text:MMWave_deviceExecuteFxn)
                  0000540c    00000004                             : mmwave_listlib.oer4f (.text:MMWave_listGetNext)
                  00005410    00000268     sysbios.aer4f : BIOS.obj (.text:xdc_runtime_Error_policyDefault__E)
                  00005678    00000260     libmailbox_xwr16xx.aer4f : mailbox.oer4f (.text:Mailbox_open)
                  000058d8    00000248     rtsv7R4_T_le_v3D16_eabi.lib : _printfi.c.obj (.text:_pconv_a)
                  00005b20    00000248     sysbios.aer4f : BIOS.obj (.text:ti_sysbios_knl_Event_post__E)
                  00005d68    00000244     libcli_xwr16xx.aer4f : cli_mmwave.oer4f (.text:CLI_MMWaveProfileCfg)
                  00005fac    00000004     libmmwave_xwr16xx.aer4f : mmwave_link.oer4f (.text:MMWave_mboxClose)
                  00005fb0    00000218     sysbios.aer4f : BIOS.obj (.text:ti_sysbios_knl_Semaphore_post__E)
                  000061c8    00000214     libuart_xwr16xx.aer4f : uartsci.oer4f (.text:UartSci_open)
                  000063dc    00000200     libcrc_xwr16xx.aer4f : crc.oer4f (.text:CRC_open)
                  000065dc    00000004     libmmwave_xwr16xx.aer4f : mmwave_link.oer4f (.text:MMWave_mboxRead)
                  000065e0    000001f8     sysbios.aer4f : BIOS.obj (.text:ti_sysbios_family_arm_v7r_vim_Hwi_reconfig__E)
                  000067d8    00000008     libosal_xwr16xx.aer4f : HwiP_tirtos.oer4f (.text:HwiP_disable)
                  000067e0    000001f8     sysbios.aer4f : BIOS.obj (.text:ti_sysbios_heaps_HeapMem_Instance_init__E)
                  000069d8    000001f0     libDMA_xwr16xx.aer4f : dma.oer4f (.text:DMA_setChannelParams)
                  00006bc8    00000008     libmmwave_xwr16xx.aer4f : mmwave.oer4f (.text:MMWave_decodeErrorLevel)
                  00006bd0    000001e8     sysbios.aer4f : BIOS.obj (.text:xdc_runtime_Core_createObject__I)
                  00006db8    000001d8     libcli_xwr16xx.aer4f : cli_mmwave.oer4f (.text:CLI_MMWaveChirpCfg)
                  00006f90    000001c4     sysbios.aer4f : BIOS.obj (.text:ti_sysbios_knl_Clock_workFunc__E)
                  00007154    000001bc     mss_main.obj (.text:MmwDemo_mssDataPathConfig)
                  00007310    000001a8     libcli_xwr16xx.aer4f : cli_mmwave.oer4f (.text:CLI_MMWaveSubFrameCfg)
                  000074b8    000001a4     libmmwave_xwr16xx.aer4f : mmwave_xwr16xx.oer4f (.text:MMWave_serializeCfg)
                  0000765c    000001a0     rtsv7R4_T_le_v3D16_eabi.lib : _printfi.c.obj (.text:_pconv_g)
                  000077fc    00000004     libmmwave_xwr16xx.aer4f : mmwave_link.oer4f (.text:MMWave_registerInterruptHandler)
                  00007800    000001a0     sysbios.aer4f : BIOS.obj (.text:ti_sysbios_knl_Swi_run__I)
                  000079a0    00000190     mss_main.obj (.text:MmwDemo_transmitProcessedOutput)
                  00007b30    00000190     sysbios.aer4f : BIOS.obj (.text:ti_sysbios_family_arm_v7r_vim_Hwi_Instance_init__E)
                  00007cc0    0000018c                   : BIOS.obj (.text:xdc_runtime_Core_constructObject__I)
                  00007e4c    00000188     mss_mmw_per4f.oer4f (.text:xdc_runtime_System_printfExtend__I)
                  00007fd4    00000184     libmmwavelink_xwr16xx.aer4f : rl_driver.oer4f (.text:rlDriverCmdInvoke)
                  00008158    00000008     libmmwave_xwr16xx.aer4f : mmwave_link.oer4f (.text:MMWave_mboxCallbackFxn)
                  00008160    00000184     sysbios.aer4f : BIOS.obj (.text:xdc_runtime_Startup_startMods__I)
                  000082e4    00000180     libmmwavelink_xwr16xx.aer4f : rl_driver.oer4f (.text:rlDriverRxHdrRead)
                  00008464    0000000c     rtsv7R4_T_le_v3D16_eabi.lib : _lock.c.obj (.text:_register_lock)
                  00008470    00000174     sysbios.aer4f : BIOS.obj (.text:ti_sysbios_family_arm_v7r_vim_Hwi_Module_startup__E)
                  000085e4    0000000c     rtsv7R4_T_le_v3D16_eabi.lib : _lock.c.obj (.text:_register_unlock)
                  000085f0    00000174     sysbios.aer4f : BIOS.obj (.text:ti_sysbios_timers_rti_Timer_getFreq__E)
                  00008764    0000000c     rtsv7R4_T_le_v3D16_eabi.lib : copy_zero_init.c.obj (.text:decompress:ZI:__TI_zero_init)
                  00008770    00000170     sysbios.aer4f : BIOS.obj (.text:ti_sysbios_heaps_HeapBuf_Module_startup__E)
                  000088e0    0000015c     cli.obj (.text:MmwDemo_CLIRangeLimitCfg)
                  00008a3c    00000154     mss_main.obj (.text:MmwDemo_mboxReadTask)
                  00008b90    00000154     sysbios.aer4f : BIOS.obj (.text:ti_sysbios_knl_Task_exit__E)
                  00008ce4    0000014c     libcli_xwr16xx.aer4f : cli_mmwave.oer4f (.text:CLI_MMWaveFrameCfg)
                  00008e30    0000014c                          : cli.oer4f (.text:CLI_task)
                  00008f7c    0000014c     libmmwave_xwr16xx.aer4f : mmwave_link.oer4f (.text:MMWave_initMMWaveLink)
                  000090c8    0000014a     libuart_xwr16xx.aer4f : uartsci.oer4f (.text:UartSci_ISR)
                  00009212    00000002     libmmwave_xwr16xx.aer4f : mmwave_link.oer4f (.text:MMWave_maskHostIRQ)
                  00009214    00000148                             : mmwave_link.oer4f (.text:MMWave_openLink)
                  0000935c    00000004                             : mmwave_link.oer4f (.text:MMWave_unmaskHostIRQ)
                  00009360    00000148     sysbios.aer4f : BIOS.obj (.text:ti_sysbios_knl_Task_checkStacks__E)
                  000094a8    00000144     mss_main.obj (.text:main)
                  000095ec    00000004     libmmwave_xwr16xx.aer4f : mmwave_link.oer4f (.text:MMWave_waitIRQStatus)
                  000095f0    00000138     sysbios.aer4f : BIOS.obj (.text:ti_sysbios_family_arm_v7a_Pmu_configureCounter__E)
                  00009728    00000008     libosal_xwr16xx.aer4f : SemaphoreP_tirtos.oer4f (.text:SemaphoreP_Params_init)
                  00009730    00000138     sysbios.aer4f : BIOS.obj (.text:ti_sysbios_knl_Task_schedule__I)
                  00009868    00000008     rtsv7R4_T_le_v3D16_eabi.lib : errno.c.obj (.text:__aeabi_errno_addr)
                  00009870    00000130     sysbios.aer4f : BIOS.obj (.text:ti_sysbios_knl_Task_postInit__I)
                  000099a0    00000130                   : BIOS.obj (.text:ti_sysbios_knl_Task_startCore__E)
                  00009ad0    0000012c     libcli_xwr16xx.aer4f : cli_mmwave.oer4f (.text:CLI_MMWaveContModeCfg)
                  00009bfc    00000128     libmmwavelink_xwr16xx.aer4f : rl_driver.oer4f (.text:rlDriverMsgRead)
                  00009d24    00000124     libcli_xwr16xx.aer4f : cli_mmwave.oer4f (.text:CLI_MMWaveAdvFrameCfg)
                  00009e48    00000008     libmmwavelink_xwr16xx.aer4f : rl_driver.oer4f (.text:rlDriverConstructOutMsg)
                  00009e50    00000124     sysbios.aer4f : BIOS.obj (.text:ti_sysbios_gates_GateMutex_enter__E)
                  00009f74    0000000c     rtsv7R4_T_le_v3D16_eabi.lib : fputc.c.obj (.text:putchar)
                  00009f80    00000120     sysbios.aer4f : BIOS.obj (.text:ti_sysbios_knl_Swi_post__E)
                  0000a0a0    00000118     rtsv7R4_T_le_v3D16_eabi.lib : fputs.c.obj (.text:fputs)
                  0000a1b8    00000008     libmmwavelink_xwr16xx.aer4f : rl_driver.oer4f (.text:rlDriverGetHandle)
                  0000a1c0    00000118     sysbios.aer4f : BIOS.obj (.text:ti_sysbios_timers_rti_Timer_startup__E)
                  0000a2d8    00000114     libmmwavelink_xwr16xx.aer4f : rl_driver.oer4f (.text:rlDriverCmdSendRetry)
                  0000a3ec    0000010c     libmmwave_xwr16xx.aer4f : mmwave_xwr16xx.oer4f (.text:MMWave_deviceInitFxn)
                  0000a4f8    00000108     libmailbox_xwr16xx.aer4f : mailbox.oer4f (.text:Mailbox_write)
                  0000a600    00000108     sysbios.aer4f : BIOS.obj (.text:ti_sysbios_knl_Semaphore_Instance_init__E)
                  0000a708    00000104     libmmwave_xwr16xx.aer4f : mmwave_link.oer4f (.text:MMWave_startLink)
                  0000a80c    00000104     rtsv7R4_T_le_v3D16_eabi.lib : _printfi.c.obj (.text:_pconv_e)
                  0000a910    00000100     libcli_xwr16xx.aer4f : cli_mmwave.oer4f (.text:CLI_MMWaveBPMCfgAdvanced)
                  0000aa10    00000100     mss_main.obj (.text:MmwDemo_mssMmwaveEventCallbackFxn)
                  0000ab10    00000100     sysbios.aer4f : BIOS.obj (.text:xdc_runtime_Text_putMod__E)
                  0000ac10    000000fc     libcrc_xwr16xx.aer4f : crc.oer4f (.text:CRC_computeSignature)
                  0000ad0c    000000fc     libDMA_xwr16xx.aer4f : dma.oer4f (.text:DMA_disableInterrupt)
                  0000ae08    000000fc     rtsv7R4_T_le_v3D16_eabi.lib : _printfi.c.obj (.text:fcvt)
                  0000af04    000000fc     libmmwavelink_xwr16xx.aer4f : rl_driver.oer4f (.text:rlDriverInit)
                  0000b000    000000fc     sysbios.aer4f : BIOS.obj (.text:ti_sysbios_knl_Task_blockI__E)
                  0000b0fc    000000f8     radarOsal_malloc.obj (.text:radarOsal_memInit)
                  0000b1f4    000000f8     libmmwavelink_xwr16xx.aer4f : rl_driver.oer4f (.text:rlDriverRdVerifyMsg)
                  0000b2ec    00000004     rtsv7R4_T_le_v3D16_eabi.lib : printf.c.obj (.text:_outc)
                  0000b2f0    000000f6     sysbios.aer4f : BIOS.obj (.text:xdc_runtime_Text_putSite__E)
                  0000b3e6    0000000a     libosal_xwr16xx.aer4f : SemaphoreP_tirtos.oer4f (.text:SemaphoreP_post)
                  0000b3f0    000000f4     sysbios.aer4f : BIOS.obj (.text:ti_sysbios_family_arm_v7r_vim_Hwi_mapChannel__I)
                  0000b4e4    0000000c     libmmwavelink_xwr16xx.aer4f : rl_driver.oer4f (.text:rlDriverGetPlatformId)
                  0000b4f0    000000f4     sysbios.aer4f : BIOS.obj (.text:ti_sysbios_knl_Task_unblockI__E)
                  0000b5e4    000000f0     rtsv7R4_T_le_v3D16_eabi.lib : s_scalbn.c.obj (.text:scalbn)
                  0000b6d4    000000ec     auto_init.aer4f : auto_init.oer4f (.text)
                  0000b7c0    000000e4     libDMA_xwr16xx.aer4f : dma.oer4f (.text:DMA_clearChannelInterruptFlag)
                  0000b8a4    000000e4     libmmwave_xwr16xx.aer4f : mmwave_link.oer4f (.text:MMWave_asyncEventHandler)
                  0000b988    000000e0     libcli_xwr16xx.aer4f : cli.oer4f (.text:CLI_open)
                  0000ba68    00000008     mss_mmw_per4f.oer4f (.text:ti_sysbios_family_arm_TaskSupport_Module__startupDone__S)
                  0000ba70    000000e0     sysbios.aer4f : BIOS.obj (.text:ti_sysbios_family_arm_v7a_Pmu_getCount__E)
                  0000bb50    000000e0                   : BIOS.obj (.text:ti_sysbios_family_arm_v7a_Pmu_startCounter__E)
                  0000bc30    000000dc     rtsv7R4_T_le_v3D16_eabi.lib : setvbuf.c.obj (.text:setvbuf)
                  0000bd0c    00000004                                 : printf.c.obj (.text:_outs)
                  0000bd10    000000dc     sysbios.aer4f : BIOS.obj (.text:ti_sysbios_family_arm_v7r_vim_Hwi_initIntController__I)
                  0000bdec    00000004     rtsv7R4_T_le_v3D16_eabi.lib : exit.c.obj (.text:abort:abort)
                  0000bdf0    000000dc     sysbios.aer4f : BIOS.obj (.text:xdc_runtime_Memory_alloc__E)
                  0000becc    000000d8     libDMA_xwr16xx.aer4f : dma.oer4f (.text:DMA_enableInterrupt)
                  0000bfa4    000000d8     libmmwave_xwr16xx.aer4f : mmwave.oer4f (.text:MMWave_init)
                  0000c07c    000000d4     libmailbox_xwr16xx.aer4f : mailbox.oer4f (.text:Mailbox_read)
                  0000c150    000000d4     libmmwavelink_xwr16xx.aer4f : rl_sensor.oer4f (.text:rlSetMultiBpmChirpConfig)
                  0000c224    000000d0     sysbios.aer4f : exc_Exception_asm.obj (.text:ti_sysbios_family_arm_exc_Exception_excHandlerAsm__I)
                  0000c2f4    000000cc     mss_main.obj (.text:MmwDemo_mssCtrlPathTask)
                  0000c3c0    000000cc     libmmwavelink_xwr16xx.aer4f : rl_sensor.oer4f (.text:rlRfCalibDataRestore)
                  0000c48c    000000cc                                 : rl_sensor.oer4f (.text:rlSetChirpConfig)
                  0000c558    00000008     sysbios.aer4f : BIOS.obj (.text:ti_sysbios_family_arm_v7a_Pmu_getEnabled__E)
                  0000c560    000000cc                   : BIOS.obj (.text:ti_sysbios_timers_rti_Timer_initDevice__I)
                  0000c62c    000000c8     libmmwave_xwr16xx.aer4f : mmwave_fullcfg.oer4f (.text:MMWave_addChirp)
                  0000c6f4    000000c8                             : mmwave_link.oer4f (.text:MMWave_configBPM)
                  0000c7bc    000000c8                             : mmwave_fullcfg.oer4f (.text:MMWave_flushCfg)
                  0000c884    000000c8                             : mmwave_fullcfg.oer4f (.text:MMWave_getChirpHandle)
                  0000c94c    000000c8     cli.obj (.text:MmwDemo_CLIGuiMonSel)
                  0000ca14    000000c8     cli.obj (.text:MmwDemo_CLIHighAccuCfg)
                  0000cadc    00000004     mss_mmw_per4f.oer4f (.text:ti_sysbios_BIOS_RtsGateProxy_enter__E)
                  0000cae0    000000c4     sysbios.aer4f : BIOS.obj (.text:ti_sysbios_family_arm_v7r_vim_Hwi_Instance_finalize__E)
                  0000cba4    000000c0     libmmwavelink_xwr16xx.aer4f : rl_driver.oer4f (.text:rlDriverMsgWrite)
                  0000cc64    000000c0                                 : rl_sensor.oer4f (.text:rlSetFrameConfig)
                  0000cd24    000000bc     libcli_xwr16xx.aer4f : cli.oer4f (.text:CLI_help)
                  0000cde0    000000bc     libmmwave_xwr16xx.aer4f : mmwave_link.oer4f (.text:MMWave_computeCRC)
                  0000ce9c    00000004     mss_mmw_per4f.oer4f (.text:ti_sysbios_BIOS_RtsGateProxy_leave__E)
                  0000cea0    000000bc     sysbios.aer4f : BIOS.obj (.text:xdc_runtime_Core_deleteObject__I)
                  0000cf5c    000000b6     libsoc_xwr16xx.aer4f : soc_mpu.o (.text)
                  0000d012    00000002     mss_main.obj (.text:MmwDemo_mssMmwaveCloseCallbackFxn)
                  0000d014    000000b4     cli.obj (.text:MmwDemo_CLIADCBufCfg)
                  0000d0c8    000000b4     mss_main.obj (.text:MmwDemo_mssDataPathStart)
                  0000d17c    00000004     mss_mmw_per4f.oer4f (.text:ti_sysbios_BIOS_nullFunc__I)
                  0000d180    000000b4     sysbios.aer4f : BIOS.obj (.text:ti_sysbios_knl_Swi_restoreHwi__E)
                  0000d234    000000b2     libuart_xwr16xx.aer4f : uartsci_dma.oer4f (.text:UartSci_openDMA)
                  0000d2e6    00000002     mss_main.obj (.text:MmwDemo_mssMmwaveOpenCallbackFxn)
                  0000d2e8    000000b0     libmmwave_xwr16xx.aer4f : mmwave_fullcfg.oer4f (.text:MMWave_addProfile)
                  0000d398    000000b0     libmmwavelink_xwr16xx.aer4f : rl_sensor.oer4f (.text:rlSetProfileConfig)
                  0000d448    000000ad     rtsv7R4_T_le_v3D16_eabi.lib : _printfi.c.obj (.text:_ltostr)
                  0000d4f5    00000001     --HOLE-- [fill = 0]
                  0000d4f6    00000002     libuart_xwr16xx.aer4f : uartsci.oer4f (.text:UartSci_init)
                  0000d4f8    000000ac     libesm_xwr16xx.aer4f : esm.oer4f (.text:ESM_processInterrupt)
                  0000d5a4    000000ac     cli.obj (.text:MmwDemo_CLISetDataLogger)
                  0000d650    000000ac     sysbios.aer4f : BIOS.obj (.text:xdc_runtime_Text_visitRope2__I)
                  0000d6fc    000000a8     libcli_xwr16xx.aer4f : cli_mmwave.oer4f (.text:CLI_MMWaveExtensionHelp)
                  0000d7a4    000000a8     libmmwave_xwr16xx.aer4f : mmwave_link.oer4f (.text:MMWave_configureProfileChirp)
                  0000d84c    000000a8                             : mmwave_fullcfg.oer4f (.text:MMWave_getBpmChirpHandle)
                  0000d8f4    000000a8     libpinmux_xwr16xx.aer4f : pinmux.oer4f (.text:Pinmux_Set_OverrideCtrl)
                  0000d99c    000000a8     libmmwavelink_xwr16xx.aer4f : rl_sensor.oer4f (.text:rlSetAdvFrameConfig)
                  0000da44    0000000c     sysbios.aer4f : BIOS.obj (.text:ti_sysbios_family_arm_v7a_Pmu_configureCounterI__I)
                  0000da50    000000a8                   : BIOS.obj (.text:ti_sysbios_knl_Swi_schedule__I)
                  0000daf8    00000006     libosal_xwr16xx.aer4f : HwiP_tirtos.oer4f (.text:HwiP_restore)
                  0000dafe    00000002     rtsv7R4_T_le_v3D16_eabi.lib : _lock.c.obj (.text:_nop)
                  0000db00    000000a8     sysbios.aer4f : BIOS.obj (.text:xdc_runtime_Error_print__E)
                  0000dba8    000000a4     libDMA_xwr16xx.aer4f : dma.oer4f (.text:DMA_assignChannel)
                  0000dc4c    000000a4                          : dma.oer4f (.text:DMA_getChannelInterruptFlag)
                  0000dcf0    000000a4     libesm_xwr16xx.aer4f : esm.oer4f (.text:ESM_init)
                  0000dd94    000000a4     libmmwave_xwr16xx.aer4f : mmwave_fullcfg.oer4f (.text:MMWave_addBpmChirp)
                  0000de38    000000a4                             : mmwave.oer4f (.text:MMWave_start)
                  0000dedc    000000a4     libsoc_xwr16xx.aer4f : soc_xwr16xx_mss.oer4f (.text:SOC_unhaltDSS)
                  0000df80    000000a0     libmmwavelink_xwr16xx.aer4f : rl_driver.oer4f (.text:rlDriverWaitForResponse)
                  0000e020    000000a0     sysbios.aer4f : BIOS.obj (.text:xdc_runtime_Startup_exec__E)
                  0000e0c0    0000009f                   : BIOS.obj (.text:xdc_runtime_Text_putLab__E)
                  0000e15f    00000001     --HOLE-- [fill = 0]
                  0000e160    0000009c     libmmwave_xwr16xx.aer4f : mmwave_link.oer4f (.text:MMWave_configLink)
                  0000e1fc    0000009c                             : mmwave_fullcfg.oer4f (.text:MMWave_getProfileHandle)
                  0000e298    0000009c     libuart_xwr16xx.aer4f : uartsci.oer4f (.text:UartSci_write)
                  0000e334    0000009c     rtsv7R4_T_le_v3D16_eabi.lib : memcpy_t2.asm.obj (.text)
                  0000e3d0    0000009c     sysbios.aer4f : BIOS.obj (.text:ti_sysbios_heaps_HeapMem_alloc__E)
                  0000e46c    00000004     mss_mmw_per4f.oer4f (.text:ti_sysbios_family_arm_v7r_vim_Hwi_delete)
                  0000e470    0000009c     sysbios.aer4f : BIOS.obj (.text:ti_sysbios_knl_Clock_logTick__E)
                  0000e50c    00000098     libmmwave_xwr16xx.aer4f : mmwave_fullcfg.oer4f (.text:MMWave_getChirpCfg)
                  0000e5a4    00000098     sysbios.aer4f : vim_Hwi_asm_switch.obj (.text)
                  0000e63c    00000004     mss_mmw_per4f.oer4f (.text:ti_sysbios_heaps_HeapMem_Module_GateProxy_enter__E)
                  0000e640    00000098     sysbios.aer4f : BIOS.obj (.text:xdc_runtime_Assert_raise__I)
                  0000e6d8    00000096     libuart_xwr16xx.aer4f : uartsci.oer4f (.text:UartSci_readChar)
                  0000e76e    00000002     rtsv7R4_T_le_v3D16_eabi.lib : div0.asm.obj (.text)
                  0000e770    00000094     libmmwavelink_xwr16xx.aer4f : rl_driver.oer4f (.text:rlDriverDeInit)
                  0000e804    00000094                                 : rl_driver.oer4f (.text:rlDriverMsgReadCmdCtx)
                  0000e898    00000094     sysbios.aer4f : vim_Hwi_asm.obj (.text:ti_sysbios_family_arm_v7r_vim_Hwi_dispatchIRQ__I)
                  0000e92c    00000090     libmailbox_xwr16xx.aer4f : mailbox.oer4f (.text:Mailbox_close)
                  0000e9bc    00000090     libuart_xwr16xx.aer4f : uartsci_dma.oer4f (.text:UartSci_initiateTxDMA)
                  0000ea4c    00000090                           : uartsci.oer4f (.text:UartSci_read)
                  0000eadc    00000090     rtsv7R4_T_le_v3D16_eabi.lib : fputc.c.obj (.text:fputc)
                  0000eb6c    00000004     mss_mmw_per4f.oer4f (.text:ti_sysbios_heaps_HeapMem_Module_GateProxy_leave__E)
                  0000eb70    00000090     sysbios.aer4f : BIOS.obj (.text:xdc_runtime_Core_assignLabel__I)
                  0000ec00    0000008c     libcli_xwr16xx.aer4f : cli_mmwave.oer4f (.text:CLI_MMWaveDataOutputMode)
                  0000ec8c    0000008c     libsoc_xwr16xx.aer4f : soc_xwr16xx.oer4f (.text:SOC_translateAddress)
                  0000ed18    0000008c     libuart_xwr16xx.aer4f : uartsci_dma.oer4f (.text:UartSci_initiateRxDMA)
                  0000eda4    0000008c     libmmwavelink_xwr16xx.aer4f : rl_device.oer4f (.text:rlDevicePowerOn)
                  0000ee30    0000008c                                 : rl_driver.oer4f (.text:rlDriverMsgCmdReply)
                  0000eebc    00000004     mss_mmw_per4f.oer4f (.text:ti_sysbios_knl_Clock_TimerProxy_getMaxTicks__E)
                  0000eec0    0000008c     sysbios.aer4f : BIOS.obj (.text:ti_sysbios_knl_Swi_runLoop__I)
                  0000ef4c    00000088     libmmwave_xwr16xx.aer4f : mmwave_fullcfg.oer4f (.text:MMWave_getProfileCfg)
                  0000efd4    00000088     mss_mmw_per4f.oer4f (.text:ti_sysbios_family_arm_v7r_vim_Hwi_create)
                  0000f05c    00000084     libmmwave_xwr16xx.aer4f : mmwave_xwr16xx.oer4f (.text:MMWave_deviceCfgAsyncEvent)
                  0000f0e0    00000084                             : mmwave_xwr16xx.oer4f (.text:MMWave_deviceEventFxn)
                  0000f164    00000084                             : mmwave_fullcfg.oer4f (.text:MMWave_getNumBpmChirp)
                  0000f1e8    00000084                             : mmwave.oer4f (.text:MMWave_open)
                  0000f26c    00000084     libsoc_xwr16xx.aer4f : soc.oer4f (.text:SOC_init)
                  0000f2f0    00000084     sysbios.aer4f : BIOS.obj (.text:ti_sysbios_heaps_HeapMem_getStats__E)
                  0000f374    0000000c                   : BIOS.obj (.text:ti_sysbios_family_arm_v7a_Pmu_getCountI__E)
                  0000f380    00000084                   : BIOS.obj (.text:ti_sysbios_knl_Swi_startup__E)
                  0000f404    00000080     libcli_xwr16xx.aer4f : cli_mmwave.oer4f (.text:CLI_MMWaveChannelCfg)
                  0000f484    00000080     libmmwave_xwr16xx.aer4f : mmwave_fullcfg.oer4f (.text:MMWave_getBpmChirpCfg)
                  0000f504    00000080     libuart_xwr16xx.aer4f : uartsci.oer4f (.text:UartSci_writePolling)
                  0000f584    00000080     rtsv7R4_T_le_v3D16_eabi.lib : fflush.c.obj (.text:fflush)
                  0000f604    00000080     libmmwavelink_xwr16xx.aer4f : rl_driver.oer4f (.text:rlDriverExecuteGetApi)
                  0000f684    00000080     mss_mmw_per4f.oer4f (.text:ti_sysbios_knl_Task_create)
                  0000f704    0000007e     libosal_xwr16xx.aer4f : HwiP_tirtos.oer4f (.text:HwiP_create)
                  0000f782    00000002     --HOLE-- [fill = 0]
                  0000f784    0000007c     libmmwave_xwr16xx.aer4f : mmwave_xwr16xx.oer4f (.text:MMWave_deviceOpenFxn)
                  0000f800    0000007c     libmailbox_xwr16xx.aer4f : mailbox.oer4f (.text:Mailbox_init)
                  0000f87c    0000007c     libuart_xwr16xx.aer4f : uartsci.oer4f (.text:UartSci_readPolling)
                  0000f8f8    0000007c     sysbios.aer4f : arm_TaskSupport_asm.obj (.text:_ti_sysbios_family_arm_TaskSupport_buildTaskStack)
                  0000f974    0000000c                   : tms570_Core_asm.obj (.text:ti_sysbios_family_arm_v7r_tms570_Core_getId__E)
                  0000f980    0000007c                   : BIOS.obj (.text:ti_sysbios_family_arm_v7r_vim_Hwi_phantomIntHandler__I)
                  0000f9fc    0000007a     rtsv7R4_T_le_v3D16_eabi.lib : _printfi.c.obj (.text:_mcpy)
                  0000fa76    0000007a                                 : memset_t2.asm.obj (.text)
                  0000faf0    00000078     libcli_xwr16xx.aer4f : cli_mmwave.oer4f (.text:CLI_MMWaveADCCfg)
                  0000fb68    00000078     libmmwave_xwr16xx.aer4f : mmwave_fullcfg.oer4f (.text:MMWave_getNumChirps)
                  0000fbe0    00000078     sysbios.aer4f : BIOS.obj (.text:xdc_runtime_System_exit__E)
                  0000fc58    00000074     libmmwave_xwr16xx.aer4f : mmwave.oer4f (.text:MMWave_config)
                  0000fccc    00000074                             : mmwave_xwr16xx.oer4f (.text:MMWave_deviceStartFxn)
                  0000fd40    00000074     rtsv7R4_T_le_v3D16_eabi.lib : fclose.c.obj (.text:__TI_closefile)
                  0000fdb4    00000074     boot.aer4f : boot.oer4f (.text)
                  0000fe28    00000074     rtsv7R4_T_le_v3D16_eabi.lib : s_frexp.c.obj (.text:frexp)
                  0000fe9c    00000074     libmmwavelink_xwr16xx.aer4f : rl_driver.oer4f (.text:rlDriverAsyncEventHandler)
                  0000ff10    00000074                                 : rl_driver.oer4f (.text:rlDriverProcRdMsg)
                  0000ff84    00000072                                 : rl_driver.oer4f (.text:rlDriverClientCbCheck)
                  0000fff6    00000002     --HOLE-- [fill = 0]
                  0000fff8    00000070     libmmwave_xwr16xx.aer4f : mmwave_xwr16xx.oer4f (.text:MMWave_deviceCfgFxn)
                  00010068    00000006     libmmwavelink_xwr16xx.aer4f : rl_controller.oer4f (.text:rlGetSubBlockId)
                  0001006e    00000002     --HOLE-- [fill = 0]
                  00010070    00000070     sysbios.aer4f : BIOS.obj (.text:ti_sysbios_family_arm_v7r_vim_Hwi_getStackInfo__E)
                  000100e0    00000070                   : BIOS.obj (.text:xdc_runtime_Text_xprintf__I)
                  00010150    0000006c     libDMA_xwr16xx.aer4f : dma.oer4f (.text:DMA_disableChannel)
                  000101bc    0000006c     libmmwave_xwr16xx.aer4f : mmwave_link.oer4f (.text:MMWave_spawn)
                  00010228    0000006c                             : mmwave_link.oer4f (.text:MMWave_stopLink)
                  00010294    0000006c     libpinmux_xwr16xx.aer4f : pinmux.oer4f (.text:Pinmux_Set_FuncSel)
                  00010300    0000006c     rtsv7R4_T_le_v3D16_eabi.lib : copy_decompress_lzss.c.obj (.text:decompress:lzss:__TI_decompress_lzss)
                  0001036c    00000004     mss_mmw_per4f.oer4f (.text:ti_sysbios_knl_Semaphore_delete)
                  00010370    0000006c     sysbios.aer4f : BIOS.obj (.text:ti_sysbios_heaps_HeapMem_init__I)
                  000103dc    00000004     mss_mmw_per4f.oer4f (.text:xdc_runtime_Startup_reset__I)
                  000103e0    0000006c     sysbios.aer4f : BIOS.obj (.text:ti_sysbios_knl_Task_allBlockedFunction__I)
                  0001044c    00000004     mss_mmw_per4f.oer4f (.text:xdc_runtime_System_Module_GateProxy_enter__E)
                  00010450    0000006c     sysbios.aer4f : BIOS.obj (.text:xdc_runtime_System_atexit__E)
                  000104bc    0000006a     libuart_xwr16xx.aer4f : uartsci.oer4f (.text:UartSci_control)
                  00010526    00000002     --HOLE-- [fill = 0]
                  00010528    00000068     libDMA_xwr16xx.aer4f : dma.oer4f (.text:DMA_enableChannel)
                  00010590    00000068     rtsv7R4_T_le_v3D16_eabi.lib : hostlseek.c.obj (.text:HOSTlseek)
                  000105f8    00000068                                 : hostrename.c.obj (.text:HOSTrename)
                  00010660    00000068     libmmwave_xwr16xx.aer4f : mmwave_xwr16xx.oer4f (.text:MMWave_deviceStopFxn)
                  000106c8    00000068     libmailbox_xwr16xx.aer4f : mailbox.oer4f (.text:Mailbox_readFlush)
                  00010730    00000068     rtsv7R4_T_le_v3D16_eabi.lib : printf.c.obj (.text:printf)
                  00010798    00000068     libmmwavelink_xwr16xx.aer4f : rl_driver.oer4f (.text:rlDriverExecuteSetApi)
                  00010800    00000068                                 : rl_driver.oer4f (.text:rlDriverHostIrqHandler)
                  00010868    00000006                                 : rl_controller.oer4f (.text:rlGetSubBlockLen)
                  0001086e    00000002     --HOLE-- [fill = 0]
                  00010870    00000068     sysbios.aer4f : BIOS.obj (.text:ti_sysbios_family_arm_v7r_tms570_Core_Module_startup__E)
                  000108d8    00000066     libmmwavelink_xwr16xx.aer4f : rl_device.oer4f (.text:rlDevicePowerOff)
                  0001093e    00000002     --HOLE-- [fill = 0]
                  00010940    00000064     libcli_xwr16xx.aer4f : cli_mmwave.oer4f (.text:CLI_MMWaveLowPowerCfg)
                  000109a4    00000064     libosal_xwr16xx.aer4f : SemaphoreP_tirtos.oer4f (.text:SemaphoreP_create)
                  00010a08    00000064     rtsv7R4_T_le_v3D16_eabi.lib : _io_perm.c.obj (.text:__TI_wrt_ok)
                  00010a6c    00000064                                 : fseek.c.obj (.text:fseek)
                  00010ad0    00000064     sysbios.aer4f : exc_Exception_asm.obj (.text:ti_sysbios_family_arm_exc_Exception_initCore0__I)
                  00010b34    0000000a     libuart_xwr16xx.aer4f : UART.oer4f (.text:UART_read)
                  00010b3e    00000002     --HOLE-- [fill = 0]
                  00010b40    00000064     sysbios.aer4f : BIOS.obj (.text:ti_sysbios_hal_Hwi_checkStack)
                  00010ba4    0000000a     libuart_xwr16xx.aer4f : UART.oer4f (.text:UART_write)
                  00010bae    00000002     --HOLE-- [fill = 0]
                  00010bb0    00000064     sysbios.aer4f : BIOS.obj (.text:xdc_runtime_Core_assignParams__I)
                  00010c14    00000060     libcli_xwr16xx.aer4f : cli_mmwave.oer4f (.text:CLI_MMWaveExtensionHandler)
                  00010c74    00000060     mss_main.obj (.text:MmwDemo_mssDataPathStop)
                  00010cd4    00000060     mss_main.obj (.text:MmwDemo_printHeapStats)
                  00010d34    0000000a     libuart_xwr16xx.aer4f : UART.oer4f (.text:UART_writePolling)
                  00010d3e    00000002     --HOLE-- [fill = 0]
                  00010d40    00000060     sysbios.aer4f : BIOS.obj (.text:ti_sysbios_timers_rti_Timer_stop__E)
                  00010da0    0000005e     libuart_xwr16xx.aer4f : uartsci.oer4f (.text:UartSci_writeChar)
                  00010dfe    00000002     --HOLE-- [fill = 0]
                  00010e00    0000005c     rtsv7R4_T_le_v3D16_eabi.lib : hostopen.c.obj (.text:HOSTopen)
                  00010e5c    0000005c                                 : hostread.c.obj (.text:HOSTread)
                  00010eb8    0000005c     libmmwave_xwr16xx.aer4f : mmwave_link.oer4f (.text:MMWave_mboxOpen)
                  00010f14    0000005c                             : mmwave.oer4f (.text:MMWave_stop)
                  00010f70    0000005c     mss_main.obj (.text:MmwDemo_mmWaveCtrlTask)
                  00010fcc    0000005a     libuart_xwr16xx.aer4f : uartsci.oer4f (.text:UartSci_readCancel)
                  00011026    0000005a     libmmwavelink_xwr16xx.aer4f : rl_driver.oer4f (.text:rlDriverCalChkSum)
                  00011080    00000058     libesm_xwr16xx.aer4f : esm.oer4f (.text:ESM_highpriority_FIQ)
                  000110d8    00000058     rtsv7R4_T_le_v3D16_eabi.lib : hostwrite.c.obj (.text:HOSTwrite)
                  00011130    00000058     libmmwave_xwr16xx.aer4f : mmwave.oer4f (.text:MMWave_execute)
                  00011188    00000058                             : mmwave_link.oer4f (.text:MMWave_initCRC)
                  000111e0    00000058     libuart_xwr16xx.aer4f : uartsci_dma.oer4f (.text:UartSci_closeDMA)
                  00011238    00000058     rtsv7R4_T_le_v3D16_eabi.lib : close.c.obj (.text:close)
                  00011290    00000058     libmmwavelink_xwr16xx.aer4f : rl_driver.oer4f (.text:rlDriverMsgReadSpawnCtx)
                  000112e8    00000004     mss_mmw_per4f.oer4f (.text:xdc_runtime_System_Module_GateProxy_leave__E)
                  000112ec    00000004     --HOLE-- [fill = 0]
                  000112f0    00000058     sysbios.aer4f : BIOS.obj (.text:ti_sysbios_family_arm_TaskSupport_start__E)
                  00011348    00000058     mss_mmw_per4f.oer4f (.text:ti_sysbios_rts_gnu_MemAlloc_alloc)
                  000113a0    00000056     libmmwavelink_xwr16xx.aer4f : rl_driver.oer4f (.text:rlDriverOsiCbCheck)
                  000113f6    00000002     --HOLE-- [fill = 0]
                  000113f8    00000054     libcrc_xwr16xx.aer4f : crc.oer4f (.text:CRC_getTransactionId)
                  0001144c    00000054     libDMA_xwr16xx.aer4f : dma.oer4f (.text:DMA_freeChannel)
                  000114a0    00000054     libmmwave_xwr16xx.aer4f : mmwave_link.oer4f (.text:MMWave_initLink)
                  000114f4    00000054     rtsv7R4_T_le_v3D16_eabi.lib : ltoa.c.obj (.text:ltoa)
                  00011548    00000008     sysbios.aer4f : BIOS.obj (.tramp.ti_sysbios_family_arm_v7r_vim_Hwi_disableInterrupt__E.1)
                  00011550    00000054                   : BIOS.obj (.text:ti_sysbios_hal_Hwi_initStack)
                  000115a4    00000054     mss_mmw_per4f.oer4f (.text:ti_sysbios_knl_Semaphore_create)
                  000115f8    00000008     sysbios.aer4f : BIOS.obj (.tramp.xdc_runtime_Memory_free__E.1)
                  00011600    00000053                   : BIOS.obj (.text:xdc_runtime_Text_printVisFxn__I)
                  00011653    00000001     --HOLE-- [fill = 0]
                  00011654    00000052     rtsv7R4_T_le_v3D16_eabi.lib : _printfi.c.obj (.text:_ecpy)
                  000116a6    00000002     --HOLE-- [fill = 0]
                  000116a8    00000050     libcrc_xwr16xx.aer4f : crc.oer4f (.text:CRC_getSignature)
                  000116f8    00000050     libmmwave_xwr16xx.aer4f : mmwave.oer4f (.text:MMWave_sync)
                  00011748    00000050     rtsv7R4_T_le_v3D16_eabi.lib : _printfi.c.obj (.text:_pconv_f)
                  00011798    00000050                                 : atoi.c.obj (.text:atoi)
                  000117e8    00000050     libmmwavelink_xwr16xx.aer4f : rl_driver.oer4f (.text:rlDeviceIdentifyCmdDir)
                  00011838    00000050                                 : rl_driver.oer4f (.text:rlDriverVerifyCRC)
                  00011888    00000050     rtsv7R4_T_le_v3D16_eabi.lib : u_div32.asm.obj (.text)
                  000118d8    00000008     sysbios.aer4f : BIOS.obj (.tramp.ti_sysbios_knl_Semaphore_post__E.1)
                  000118e0    00000050                   : BIOS.obj (.text:ti_sysbios_knl_Event_pendTimeout__I)
                  00011930    00000050                   : BIOS.obj (.text:ti_sysbios_knl_Semaphore_pendTimeout__I)
                  00011980    0000004c     libmailbox_xwr16xx.aer4f : mailbox.oer4f (.text:Mailbox_boxEmptyISRProcessing)
                  000119cc    0000004c     libuart_xwr16xx.aer4f : uartsci.oer4f (.text:UartSci_writeCancel)
                  00011a18    0000004c     rtsv7R4_T_le_v3D16_eabi.lib : fflush.c.obj (.text:__TI_doflush)
                  00011a64    0000004c                                 : cpy_tbl.c.obj (.text:copy_in)
                  00011ab0    0000004c     mss_mmw_per4f.oer4f (.text:ti_sysbios_gates_GateHwi_Object__create__S)
                  00011afc    0000004c     mss_mmw_per4f.oer4f (.text:ti_sysbios_gates_GateMutex_Object__create__S)
                  00011b48    0000004c     mss_mmw_per4f.oer4f (.text:ti_sysbios_heaps_HeapMem_Object__create__S)
                  00011b94    0000004c     mss_mmw_per4f.oer4f (.text:ti_sysbios_knl_Event_create)
                  00011be0    0000004c     mss_mmw_per4f.oer4f (.text:ti_sysbios_knl_Semaphore_construct)
                  00011c2c    0000004a     libmailbox_xwr16xx.aer4f : mailbox.oer4f (.text:Mailbox_boxFullISRProcessing)
                  00011c76    00000002     --HOLE-- [fill = 0]
                  00011c78    00000048     libcli_xwr16xx.aer4f : cli.oer4f (.text:CLI_write)
                  00011cc0    00000048     libmmwavelink_xwr16xx.aer4f : rl_device.oer4f (.text:rlDeviceGetVersion)
                  00011d08    00000048                                 : rl_driver.oer4f (.text:rlDriverOsiInit)
                  00011d50    00000046     libmailbox_xwr16xx.aer4f : mailbox.oer4f (.text:CSL_FINSR)
                  00011d96    00000044     libcrc_xwr16xx.aer4f : crc.oer4f (.text:CRC_resetSignature)
                  00011dda    00000002     --HOLE-- [fill = 0]
                  00011ddc    00000044     rtsv7R4_T_le_v3D16_eabi.lib : hostclose.c.obj (.text:HOSTclose)
                  00011e20    00000044                                 : hostunlink.c.obj (.text:HOSTunlink)
                  00011e64    00000044     libmailbox_xwr16xx.aer4f : mailbox.oer4f (.text:Mailbox_boxFullISRMssDss)
                  00011ea8    00000044     rtsv7R4_T_le_v3D16_eabi.lib : exit.c.obj (.text:exit)
                  00011eec    00000044                                 : getdevice.c.obj (.text:getdevice)
                  00011f30    00000044     mss_mmw_per4f.oer4f (.text:ti_sysbios_BIOS_atExitFunc__I)
                  00011f74    0000000a     rtsv7R4_T_le_v3D16_eabi.lib : sprintf.c.obj (.text:_outc)
                  00011f7e    00000002     --HOLE-- [fill = 0]
                  00011f80    00000044     sysbios.aer4f : BIOS.obj (.text:ti_sysbios_heaps_HeapMem_free__E)
                  00011fc4    00000044     mss_mmw_per4f.oer4f (.text:ti_sysbios_knl_Clock_doTick__I)
                  00012008    00000044     mss_mmw_per4f.oer4f (.text:ti_sysbios_knl_Queue_construct)
                  0001204c    00000004     --HOLE-- [fill = 0]
                  00012050    00000044     sysbios.aer4f : BIOS.obj (.text:ti_sysbios_knl_Swi_Module_startup__E)
                  00012094    0000000c     rtsv7R4_T_le_v3D16_eabi.lib : fputc.c.obj (.tramp.putchar.1)
                  000120a0    00000044     sysbios.aer4f : BIOS.obj (.text:ti_sysbios_knl_Task_restoreHwi__E)
                  000120e4    0000000c     rtsv7R4_T_le_v3D16_eabi.lib : fflush.c.obj (.tramp.fflush.1)
                  000120f0    00000044     sysbios.aer4f : BIOS.obj (.text:ti_sysbios_timers_rti_Timer_periodicStub__E)
                  00012134    00000042     libmmwave_xwr16xx.aer4f : mmwave_link.oer4f (.text:MMWave_executeLink)
                  00012176    00000040     rtsv7R4_T_le_v3D16_eabi.lib : _printfi.c.obj (.text:_fcpy)
                  000121b6    00000040     libmmwavelink_xwr16xx.aer4f : rl_driver.oer4f (.text:rlDriverValidateHdr)
                  000121f6    00000002     --HOLE-- [fill = 0]
                  000121f8    00000040     rtsv7R4_T_le_v3D16_eabi.lib : sprintf.c.obj (.text:sprintf)
                  00012238    00000040                                 : strtok.c.obj (.text:strtok)
                  00012278    00000040                                 : vsnprintf.c.obj (.text:vsnprintf)
                  000122b8    0000003e     libDMA_xwr16xx.aer4f : dma.oer4f (.text:CSL_FINSR)
                  000122f6    0000003e     libcrc_xwr16xx.aer4f : crc.oer4f (.text:CSL_FINSR)
                  00012334    0000003e     libpinmux_xwr16xx.aer4f : pinmux.oer4f (.text:CSL_FINSR)
                  00012372    0000003e     libsoc_xwr16xx.aer4f : soc.oer4f (.text:CSL_FINSR)
                  000123b0    0000003e                          : soc_xwr16xx.oer4f (.text:CSL_FINSR)
                  000123ee    0000003e                          : soc_xwr16xx_mss.oer4f (.text:CSL_FINSR)
                  0001242c    0000003e     libuart_xwr16xx.aer4f : uartsci.oer4f (.text:CSL_FINSR)
                  0001246a    0000003e                           : uartsci.oer4f (.text:UartSci_close)
                  000124a8    0000003c     libcli_xwr16xx.aer4f : cli_mmwave.oer4f (.text:CLI_MMWaveFlushCfg)
                  000124e4    0000003c     libmailbox_xwr16xx.aer4f : mailbox.oer4f (.text:Mailbox_writeReset)
                  00012520    0000003c     libsoc_xwr16xx.aer4f : soc.oer4f (.text:SOC_unhaltBSS)
                  0001255c    0000003c     rtsv7R4_T_le_v3D16_eabi.lib : trgmsg.c.obj (.text:__TI_writemsg)
                  00012598    0000003c     libmmwavelink_xwr16xx.aer4f : rl_controller.oer4f (.text:rlGetSubBlock)
                  000125d4    0000003c     sysbios.aer4f : vim_Hwi_asm.obj (.text:ti_sysbios_family_arm_v7r_vim_Hwi_init__I)
                  00012610    0000003c                   : BIOS.obj (.text:xdc_runtime_System_aprintf_va__F)
                  0001264c    0000003a     libosal_xwr16xx.aer4f : HwiP_tirtos.oer4f (.text:HwiP_delete)
                  00012686    00000002     --HOLE-- [fill = 0]
                  00012688    00000038     libuart_xwr16xx.aer4f : UART.oer4f (.text:UART_init)
                  000126c0    00000038     mss_mmw_per4f.oer4f (.text:ti_sysbios_BIOS_startFunc__I)
                  000126f8    00000008     sysbios.aer4f : BIOS.obj (.tramp.xdc_runtime_Assert_raise__I.1)
                  00012700    00000038                   : BIOS.obj (.text:xdc_runtime_System_printf_va__F)
                  00012738    00000036     libmmwavelink_xwr16xx.aer4f : rl_controller.oer4f (.text:rlAppendSubBlock)
                  0001276e    00000036     rtsv7R4_T_le_v3D16_eabi.lib : strncpy.c.obj (.text:strncpy)
                  000127a4    00000034     libmmwave_xwr16xx.aer4f : mmwave_link.oer4f (.text:MMWave_mboxWrite)
                  000127d8    00000034     cli.obj (.text:MmwDemo_CLISensorStart)
                  0001280c    00000034     libsoc_xwr16xx.aer4f : soc_xwr16xx.oer4f (.text:SOC_setMMWaveDSSLinkState)
                  00012840    00000034                          : soc_xwr16xx.oer4f (.text:SOC_setMMWaveMSSLinkState)
                  00012874    00000034     libuart_xwr16xx.aer4f : UART.oer4f (.text:UART_open)
                  000128a8    00000034     rtsv7R4_T_le_v3D16_eabi.lib : fopen.c.obj (.text:__TI_cleanup)
                  000128dc    00000034                                 : trgmsg.c.obj (.text:__TI_readmsg)
                  00012910    00000034                                 : getdevice.c.obj (.text:finddevice)
                  00012944    00000034     mss_mmw_per4f.oer4f (.text:ti_sysbios_BIOS_errorRaiseHook__I)
                  00012978    00000034     mss_mmw_per4f.oer4f (.text:ti_sysbios_BIOS_registerRTSLock__I)
                  000129ac    00000034     mss_mmw_per4f.oer4f (.text:ti_sysbios_BIOS_removeRTSLock__I)
                  000129e0    00000034     mss_mmw_per4f.oer4f (.text:ti_sysbios_family_arm_v7r_vim_Hwi_Object__delete__S)
                  00012a14    00000034     mss_mmw_per4f.oer4f (.text:ti_sysbios_gates_GateMutex_Object__delete__S)
                  00012a48    00000008     --HOLE-- [fill = 0]
                  00012a50    00000034     sysbios.aer4f : BIOS.obj (.text:ti_sysbios_knl_Clock_Module_startup__E)
                  00012a84    0000000c     rtsv7R4_T_le_v3D16_eabi.lib : memset_t2.asm.obj (.tramp.memset.1)
                  00012a90    00000034     sysbios.aer4f : BIOS.obj (.text:ti_sysbios_knl_Idle_run__E)
                  00012ac4    00000034     mss_mmw_per4f.oer4f (.text:ti_sysbios_knl_Semaphore_Object__delete__S)
                  00012af8    00000008     --HOLE-- [fill = 0]
                  00012b00    00000034     sysbios.aer4f : BIOS.obj (.text:xdc_runtime_SysStd_abort__E)
                  00012b34    00000032     libcrc_xwr16xx.aer4f : crc.oer4f (.text:CRC_getCRCDataSelectBitValue)
                  00012b66    00000002     --HOLE-- [fill = 0]
                  00012b68    00000032                          : crc.oer4f (.text:CRC_getCRCTypeBitValue)
                  00012b9a    00000030     libmmwave_xwr16xx.aer4f : mmwave_listlib.oer4f (.text:MMWave_listRemoveNode)
                  00012bca    00000002     --HOLE-- [fill = 0]
                  00012bcc    00000030     libsoc_xwr16xx.aer4f : soc.oer4f (.text:SOC_getDevicePartNumber)
                  00012bfc    00000030     rtsv7R4_T_le_v3D16_eabi.lib : vsnprintf.c.obj (.text:_outs)
                  00012c2c    00000030     libmmwavelink_xwr16xx.aer4f : rl_sensor.oer4f (.text:rlSensorStart)
                  00012c5c    00000030     mss_mmw_per4f.oer4f (.text:ti_sysbios_BIOS_rtsLock__I)
                  00012c8c    00000004     --HOLE-- [fill = 0]
                  00012c90    00000030     sysbios.aer4f : BIOS.obj (.text:ti_sysbios_family_arm_v7r_vim_Hwi_disableInterrupt__E)
                  00012cc0    00000030                   : BIOS.obj (.text:ti_sysbios_family_arm_v7r_vim_Hwi_enableInterrupt__E)
                  00012cf0    00000030     mss_mmw_per4f.oer4f (.text:ti_sysbios_gates_GateHwi_Object__delete__S)
                  00012d20    00000030     sysbios.aer4f : BIOS.obj (.text:ti_sysbios_gates_GateMutex_Instance_init__E)
                  00012d50    00000030     mss_mmw_per4f.oer4f (.text:ti_sysbios_heaps_HeapMem_Object__delete__S)
                  00012d80    0000002c     libmmwave_xwr16xx.aer4f : mmwave_osal.oer4f (.text:MMWave_osalMutexCreate)
                  00012dac    0000002c                             : mmwave_osal.oer4f (.text:MMWave_osalSemCreate)
                  00012dd8    0000002c     libsoc_xwr16xx.aer4f : soc_xwr16xx_mss.oer4f (.text:SOC_waitBSSPowerUp)
                  00012e04    0000002c     libmmwavelink_xwr16xx.aer4f : rl_device.oer4f (.text:rlDeviceGetMssVersion)
                  00012e30    0000002c                                 : rl_sensor.oer4f (.text:rlSensorStop)
                  00012e5c    0000002c     mss_mmw_per4f.oer4f (.text:ti_sysbios_gates_GateHwi_Handle__label__S)
                  00012e88    0000002c     mss_mmw_per4f.oer4f (.text:ti_sysbios_gates_GateMutex_Handle__label__S)
                  00012eb4    0000002c     mss_mmw_per4f.oer4f (.text:ti_sysbios_heaps_HeapMem_Handle__label__S)
                  00012ee0    0000002c     mss_mmw_per4f.oer4f (.text:ti_sysbios_knl_Semaphore_destruct)
                  00012f0c    00000004     --HOLE-- [fill = 0]
                  00012f10    0000002c     sysbios.aer4f : BIOS.obj (.text:ti_sysbios_knl_Task_enter__I)
                  00012f3c    0000002c     rtsv7R4_T_le_v3D16_eabi.lib : unlink.c.obj (.text:unlink)
                  00012f68    0000002a     libsoc_xwr16xx.aer4f : soc.oer4f (.text:SOC_SystemISR)
                  00012f92    0000002a     libmmwavelink_xwr16xx.aer4f : rl_device.oer4f (.text:rlDeviceGetMmWaveLinkVersion)
                  00012fbc    0000002a     rtsv7R4_T_le_v3D16_eabi.lib : strspn.c.obj (.text:strspn)
                  00012fe6    00000002     --HOLE-- [fill = 0]
                  00012fe8    00000028     libmailbox_xwr16xx.aer4f : mailbox.oer4f (.text:Mailbox_Config_init)
                  00013010    00000028     libuart_xwr16xx.aer4f : uartsci_dma.oer4f (.text:UartSci_RxDMACallbackFxn)
                  00013038    00000028                           : uartsci_dma.oer4f (.text:UartSci_TxDMACallbackFxn)
                  00013060    00000028     mss_mmw_per4f.oer4f (.text:free)
                  00013088    00000028     rtsv7R4_T_le_v3D16_eabi.lib : lseek.c.obj (.text:lseek)
                  000130b0    00000028     libmmwavelink_xwr16xx.aer4f : rl_driver.oer4f (.text:rlDriverConstructInMsg)
                  000130d8    00000028     mss_mmw_per4f.oer4f (.text:ti_sysbios_BIOS_rtsUnlock__I)
                  00013100    00000028     sysbios.aer4f : BIOS.obj (.text:ti_sysbios_family_arm_v7a_Pmu_Module_startup__E)
                  00013128    00000028     mss_mmw_per4f.oer4f (.text:ti_sysbios_family_arm_v7r_vim_Hwi_Module__startupDone__F)
                  00013150    00000028     sysbios.aer4f : BIOS.obj (.text:ti_sysbios_gates_GateMutex_leave__E)
                  00013178    00000028     mss_mmw_per4f.oer4f (.text:ti_sysbios_knl_Queue_destruct)
                  000131a0    00000028     mss_mmw_per4f.oer4f (.text:ti_sysbios_timers_rti_Timer_Module__startupDone__F)
                  000131c8    00000028     rtsv7R4_T_le_v3D16_eabi.lib : write.c.obj (.text:write)
                  000131f0    00000028     sysbios.aer4f : BIOS.obj (.text:xdc_runtime_Error_init__E)
                  00013218    00000028     mss_mmw_per4f.oer4f (.text:xdc_runtime_System_aprintf__E)
                  00013240    00000028     mss_mmw_per4f.oer4f (.text:xdc_runtime_System_printf__E)
                  00013268    00000026     libmmwavelink_xwr16xx.aer4f : rl_sensor.oer4f (.text:rlRfInitCalibConfig)
                  0001328e    00000026                                 : rl_sensor.oer4f (.text:rlRfRunTimeCalibConfig)
                  000132b4    00000026                                 : rl_sensor.oer4f (.text:rlRfSetCalMonFreqLimitConfig)
                  000132da    00000026                                 : rl_sensor.oer4f (.text:rlRfSetDeviceCfg)
                  00013300    00000026                                 : rl_sensor.oer4f (.text:rlSetAdcOutConfig)
                  00013326    00000026                                 : rl_sensor.oer4f (.text:rlSetBpmCommonConfig)
                  0001334c    00000026                                 : rl_sensor.oer4f (.text:rlSetChannelConfig)
                  00013372    00000026                                 : rl_sensor.oer4f (.text:rlSetContModeConfig)
                  00013398    00000024     libcrc_xwr16xx.aer4f : crc.oer4f (.text:CRC_isTransactionIdValid)
                  000133bc    00000024     cli.obj (.text:MmwDemo_CLIFrameStart)
                  000133e0    00000024     cli.obj (.text:MmwDemo_CLISensorStop)
                  00013404    00000024     libsoc_xwr16xx.aer4f : soc_xwr16xx.oer4f (.text:SOC_isMMWaveDSSOperational)
                  00013428    00000024                          : soc_xwr16xx.oer4f (.text:SOC_isMMWaveMSSOperational)
                  0001344c    00000024     libmmwavelink_xwr16xx.aer4f : rl_sensor.oer4f (.text:rlEnableContMode)
                  00013470    00000024                                 : rl_sensor.oer4f (.text:rlRfSetCalMonTimeUnitConfig)
                  00013494    00000024                                 : rl_sensor.oer4f (.text:rlSetLowPowerModeConfig)
                  000134b8    00000022     libuart_xwr16xx.aer4f : uartsci.oer4f (.text:UartSci_disableRxDMA)
                  000134da    00000022                           : uartsci.oer4f (.text:UartSci_enableRxDMA)
                  000134fc    00000022     rtsv7R4_T_le_v3D16_eabi.lib : strcspn.c.obj (.text:strcspn)
                  0001351e    00000002     --HOLE-- [fill = 0]
                  00013520    00000020     libcli_xwr16xx.aer4f : cli_mmwave.oer4f (.text:CLI_MMWaveExtensionInit)
                  00013540    00000020     libesm_xwr16xx.aer4f : esm.oer4f (.text:ESM_lowpriority_IRQ)
                  00013560    00000020     libmmwave_xwr16xx.aer4f : mmwave_listlib.oer4f (.text:MMWave_listCat)
                  00013580    00000020     mss_main.obj (.text:MmwDemo_mboxWrite)
                  000135a0    00000020     libpinmux_xwr16xx.aer4f : pinmux.oer4f (.text:Pinmux_Unlock)
                  000135c0    00000020     rtsv7R4_T_le_v3D16_eabi.lib : memchr.c.obj (.text:memchr)
                  000135e0    00000020     libmmwavelink_xwr16xx.aer4f : rl_sensor.oer4f (.text:rlRfInit)
                  00013600    00000020     mss_mmw_per4f.oer4f (.text:ti_sysbios_BIOS_exitFunc__I)
                  00013620    00000020     sysbios.aer4f : BIOS.obj (.text:ti_sysbios_family_arm_v7r_vim_Hwi_clearInterrupt__E)
                  00013640    00000020                   : BIOS.obj (.text:ti_sysbios_knl_Task_sleepTimeout__I)
                  00013660    0000001e     libmmwave_xwr16xx.aer4f : mmwave_fullcfg.oer4f (.text:MMWave_internalDelChirp)
                  0001367e    0000001e     libsoc_xwr16xx.aer4f : soc_xwr16xx_mss.oer4f (.text:SOC_getOutAddr_LUTType)
                  0001369c    0000001c     libcrc_xwr16xx.aer4f : crc.oer4f (.text:CRC_releaseTransactionId)
                  000136b8    0000001c     libDMA_xwr16xx.aer4f : dma.oer4f (.text:CSL_FEXTR)
                  000136d4    0000001c     libmmwave_xwr16xx.aer4f : mmwave.oer4f (.text:CSL_FEXTR)
                  000136f0    0000001c     libsoc_xwr16xx.aer4f : soc.oer4f (.text:CSL_FEXTR)
                  0001370c    0000001c                          : soc_xwr16xx.oer4f (.text:CSL_FEXTR)
                  00013728    0000001c                          : soc_xwr16xx_mss.oer4f (.text:CSL_FEXTR)
                  00013744    0000001c     libuart_xwr16xx.aer4f : uartsci.oer4f (.text:CSL_FEXTR)
                  00013760    0000001c     libmmwave_xwr16xx.aer4f : mmwave_listlib.oer4f (.text:MMWave_listRemove)
                  0001377c    0000001c     libsoc_xwr16xx.aer4f : soc_xwr16xx_mss.oer4f (.text:SOC_getInAddr_LUTType)
                  00013798    0000001c     sysbios.aer4f : arm_TaskSupport_asm.obj (.text:_ti_sysbios_family_arm_TaskSupport_glue)
                  000137b4    0000001c     rtsv7R4_T_le_v3D16_eabi.lib : memccpy.c.obj (.text:memccpy)
                  000137d0    0000001c     mss_mmw_per4f.oer4f (.text:ti_sysbios_heaps_HeapMem_Object__get__S)
                  000137ec    00000004     --HOLE-- [fill = 0]
                  000137f0    0000001c     sysbios.aer4f : BIOS.obj (.text:ti_sysbios_knl_Event_Instance_init__E)
                  0001380c    0000001c     mss_mmw_per4f.oer4f (.text:ti_sysbios_knl_Swi_Object__get__S)
                  00013828    0000001c     mss_mmw_per4f.oer4f (.text:xdc_runtime_Startup_exec__I)
                  00013844    0000001a     libmmwave_xwr16xx.aer4f : mmwave_xwr16xx.oer4f (.text:MMWave_deviceSyncFxn)
                  0001385e    0000001a                             : mmwave.oer4f (.text:MMWave_encodeError)
                  00013878    0000001a                             : mmwave_listlib.oer4f (.text:MMWave_listAdd)
                  00013892    0000001a     rtsv7R4_T_le_v3D16_eabi.lib : sprintf.c.obj (.text:_outs)
                  000138ac    0000001a                                 : s_copysign.c.obj (.text:copysign)
                  000138c6    0000001a     libmmwavelink_xwr16xx.aer4f : rl_sensor.oer4f (.text:rlGetRfDieId)
                  000138e0    00000018     libcli_xwr16xx.aer4f : cli_mmwave.oer4f (.text:CLI_getMMWaveExtensionOpenConfig)
                  000138f8    00000018     libmmwave_xwr16xx.aer4f : mmwave_osal.oer4f (.text:MMWave_osalMutexLock)
                  00013910    00000018                             : mmwave_osal.oer4f (.text:MMWave_osalSemWait)
                  00013928    00000018     libmailbox_xwr16xx.aer4f : mailbox.oer4f (.text:Mailbox_boxEmptyISRBss)
                  00013940    00000018                              : mailbox.oer4f (.text:Mailbox_boxEmptyISRMssDss)
                  00013958    00000018                              : mailbox.oer4f (.text:Mailbox_boxFullISRBss)
                  00013970    00000018     rtsv7R4_T_le_v3D16_eabi.lib : args_main.c.obj (.text:_args_main)
                  00013988    00000018                                 : vsnprintf.c.obj (.text:_outc)
                  000139a0    00000018     sysbios.aer4f : arm_TaskSupport_asm.obj (.text:_ti_sysbios_family_arm_TaskSupport_swap__E)
                  000139b8    00000018     libmmwavelink_xwr16xx.aer4f : rl_device.oer4f (.text:rlDeviceGetRfVersion)
                  000139d0    00000018                                 : rl_driver.oer4f (.text:rlDriverCalCRC)
                  000139e8    00000018                                 : rl_driver.oer4f (.text:rlDriverFillPayload)
                  00013a00    00000018                                 : rl_driver.oer4f (.text:rlDriverIsDeviceMapValid)
                  00013a18    00000018     rtsv7R4_T_le_v3D16_eabi.lib : strcmp.c.obj (.text:strcmp)
                  00013a30    00000018     sysbios.aer4f : BIOS.obj (.text:ti_sysbios_BIOS_setThreadType__E)
                  00013a48    00000008     --HOLE-- [fill = 0]
                  00013a50    00000018                   : BIOS.obj (.text:ti_sysbios_BIOS_start__E)
                  00013a68    00000018                   : BIOS.obj (.text:ti_sysbios_family_arm_v7a_Pmu_initCounters__I)
                  00013a80    00000018                   : BIOS.obj (.text:ti_sysbios_hal_Hwi_Module_startup__E)
                  00013a98    00000018     mss_mmw_per4f.oer4f (.text:ti_sysbios_heaps_HeapBuf_Object__get__S)
                  00013ab0    00000018     sysbios.aer4f : BIOS.obj (.text:ti_sysbios_knl_Idle_loop__E)
                  00013ac8    00000008     --HOLE-- [fill = 0]
                  00013ad0    00000018                   : BIOS.obj (.text:ti_sysbios_knl_Queue_empty__E)
                  00013ae8    00000008     --HOLE-- [fill = 0]
                  00013af0    00000018                   : BIOS.obj (.text:ti_sysbios_knl_Swi_disable__E)
                  00013b08    00000018     mss_mmw_per4f.oer4f (.text:ti_sysbios_knl_Task_Object__get__S)
                  00013b20    00000018     sysbios.aer4f : BIOS.obj (.text:ti_sysbios_knl_Task_disable__E)
                  00013b38    00000018     mss_mmw_per4f.oer4f (.text:xdc_runtime_Text_visitRope__I)
                  00013b50    00000016     rtsv7R4_T_le_v3D16_eabi.lib : strchr.c.obj (.text:strchr)
                  00013b66    00000016                                 : strlen.c.obj (.text:strlen)
                  00013b7c    00000014     libosal_xwr16xx.aer4f : HwiP_tirtos.oer4f (.text:HwiP_Params_init)
                  00013b90    00000014     libmmwave_xwr16xx.aer4f : mmwave_fullcfg.oer4f (.text:MMWave_internalDelBpmChirp)
                  00013ba4    00000014                             : mmwave_fullcfg.oer4f (.text:MMWave_internalDelProfile)
                  00013bb8    00000014                             : mmwave_osal.oer4f (.text:MMWave_osalMutexDelete)
                  00013bcc    00000014                             : mmwave_osal.oer4f (.text:MMWave_osalSemDelete)
                  00013be0    00000014     libpinmux_xwr16xx.aer4f : pinmux.oer4f (.text:Pinmux_Lock)
                  00013bf4    00000014     libuart_xwr16xx.aer4f : uartsci.oer4f (.text:UartSci_disableTxDMA)
                  00013c08    00000014                           : uartsci.oer4f (.text:UartSci_enableTxDMA)
                  00013c1c    00000014     libosal_xwr16xx.aer4f : DebugP_tirtos.oer4f (.text:_DebugP_assert)
                  00013c30    00000014     radarOsal_malloc.obj (.text:radarOsal_memDeInit)
                  00013c44    00000014     libmmwavelink_xwr16xx.aer4f : rl_controller.oer4f (.text:rlAppendDummy)
                  00013c58    00000014     rtsv7R4_T_le_v3D16_eabi.lib : strcpy.c.obj (.text:strcpy)
                  00013c6c    00000004     --HOLE-- [fill = 0]
                  00013c70    00000014     sysbios.aer4f : BIOS.obj (.text:ti_sysbios_family_arm_TaskSupport_checkStack__E)
                  00013c84    0000000c     rtsv7R4_T_le_v3D16_eabi.lib : cpy_tbl.c.obj (.tramp.copy_in.1)
                  00013c90    00000014     sysbios.aer4f : BIOS.obj (.text:ti_sysbios_family_arm_v7r_vim_Hwi_switchFromBootStack__E)
                  00013ca4    0000000c     --HOLE-- [fill = 0]
                  00013cb0    00000014                   : BIOS.obj (.text:ti_sysbios_gates_GateMutex_Instance_finalize__E)
                  00013cc4    0000000c     --HOLE-- [fill = 0]
                  00013cd0    00000014                   : BIOS.obj (.text:ti_sysbios_knl_Semaphore_Instance_finalize__E)
                  00013ce4    00000014     mss_mmw_per4f.oer4f (.text:xdc_runtime_IHeap_alloc)
                  00013cf8    00000014     mss_mmw_per4f.oer4f (.text:xdc_runtime_IHeap_free)
                  00013d0c    00000004     --HOLE-- [fill = 0]
                  00013d10    00000014     sysbios.aer4f : BIOS.obj (.text:xdc_runtime_Memory_free__E)
                  00013d24    00000012     libcrc_xwr16xx.aer4f : crc.oer4f (.text:CRC_initConfigParams)
                  00013d36    00000012     libosal_xwr16xx.aer4f : MemoryP_tirtos.oer4f (.text:MemoryP_ctrlAlloc)
                  00013d48    00000012                           : SemaphoreP_tirtos.oer4f (.text:SemaphoreP_pend)
                  00013d5a    00000012     rtsv7R4_T_le_v3D16_eabi.lib : wcslen.c.obj (.text:wcslen)
                  00013d6c    00000010     libcrc_xwr16xx.aer4f : crc.oer4f (.text:CRC_getSignatureRegister)
                  00013d7c    00000010     libmmwave_xwr16xx.aer4f : mmwave_xwr16xx.oer4f (.text:MMWave_deviceGetDeviceInfo)
                  00013d8c    00000010     mss_main.obj (.text:MmwDemo_mssMmwaveConfigCallbackFxn)
                  00013d9c    00000010     mss_main.obj (.text:MmwDemo_mssMmwaveStartCallbackFxn)
                  00013dac    00000010     mss_main.obj (.text:MmwDemo_mssMmwaveStopCallbackFxn)
                  00013dbc    00000004     --HOLE-- [fill = 0]
                  00013dc0    00000010     sysbios.aer4f : BIOS.obj (.text:ti_sysbios_family_arm_TaskSupport_getStackAlignment__E)
                  00013dd0    00000010                   : BIOS.obj (.text:ti_sysbios_family_arm_exc_Exception_Module_startup__E)
                  00013de0    00000010                   : BIOS.obj (.text:ti_sysbios_family_arm_v7a_Pmu_disableInterruptI__E)
                  00013df0    00000010                   : BIOS.obj (.text:ti_sysbios_family_arm_v7a_Pmu_enableInterruptI__E)
                  00013e00    00000010                   : BIOS.obj (.text:ti_sysbios_family_arm_v7a_Pmu_getNumCounters__E)
                  00013e10    00000010                   : BIOS.obj (.text:ti_sysbios_family_arm_v7a_Pmu_startCounterI__E)
                  00013e20    00000010                   : BIOS.obj (.text:ti_sysbios_family_arm_v7a_Pmu_stopCounterI__E)
                  00013e30    00000010     mss_mmw_per4f.oer4f (.text:ti_sysbios_family_arm_v7r_vim_Hwi_Params__init__S)
                  00013e40    00000010     mss_mmw_per4f.oer4f (.text:ti_sysbios_knl_Queue_Object__get__S)
                  00013e50    00000010     mss_mmw_per4f.oer4f (.text:ti_sysbios_knl_Semaphore_Params__init__S)
                  00013e60    00000010     mss_mmw_per4f.oer4f (.text:ti_sysbios_knl_Task_Params__init__S)
                  00013e70    00000010     sysbios.aer4f : BIOS.obj (.text:xdc_runtime_Startup_rtsDone__E)
                  00013e80    0000000e     libosal_xwr16xx.aer4f : SemaphoreP_tirtos.oer4f (.text:SemaphoreP_delete)
                  00013e8e    0000000e     rtsv7R4_T_le_v3D16_eabi.lib : copy_decompress_none.c.obj (.text:decompress:none:__TI_decompress_none)
                  00013e9c    00000004     --HOLE-- [fill = 0]
                  00013ea0    0000000c     sysbios.aer4f : BIOS.obj (.text:ti_sysbios_family_arm_v7r_vim_Hwi_startup__E)
                  00013eac    00000004     --HOLE-- [fill = 0]
                  00013eb0    0000000c                   : BIOS.obj (.text:ti_sysbios_gates_GateHwi_enter__E)
                  00013ebc    00000004     --HOLE-- [fill = 0]
                  00013ec0    0000000c                   : BIOS.obj (.text:ti_sysbios_knl_Queue_Instance_init__E)
                  00013ecc    00000004     --HOLE-- [fill = 0]
                  00013ed0    0000000c                   : BIOS.obj (.text:xdc_runtime_SysStd_exit__E)
                  00013edc    00000004     --HOLE-- [fill = 0]
                  00013ee0    00000008                   : BIOS.obj (.text:ti_sysbios_gates_GateHwi_leave__E)
                  00013ee8    00000008     --HOLE-- [fill = 0]
                  00013ef0    00000008                   : BIOS.obj (.text:ti_sysbios_gates_GateHwi_query__E)
                  00013ef8    00000008     --HOLE-- [fill = 0]
                  00013f00    00000008                   : BIOS.obj (.text:ti_sysbios_gates_GateMutex_query__E)
                  00013f08    00000008     --HOLE-- [fill = 0]
                  00013f10    00000008                   : BIOS.obj (.text:ti_sysbios_heaps_HeapMem_isBlocking__E)
                  00013f18    00000008     --HOLE-- [fill = 0]
                  00013f20    00000008                   : BIOS.obj (.text:ti_sysbios_timers_rti_Timer_getMaxTicks__E)
                  00013f28    00000008     --HOLE-- [fill = 0]
                  00013f30    00000008                   : BIOS.obj (.text:xdc_runtime_SysStd_ready__E)
                  00013f38    00000008     --HOLE-- [fill = 0]
                  00013f40    00000008                   : BIOS.obj (.text:xdc_runtime_System_Module_startup__E)
                  00013f48    00000008     --HOLE-- [fill = 0]
                  00013f50    00000004                   : BIOS.obj (.text:ti_sysbios_BIOS_linkedWithIncorrectBootLibrary__E)
                  00013f54    0000000c     --HOLE-- [fill = 0]
                  00013f60    00000004                   : BIOS.obj (.text:ti_sysbios_gates_GateHwi_Instance_init__E)
                  00013f64    0000000c     --HOLE-- [fill = 0]
                  00013f70    00000004                   : BIOS.obj (.text:ti_sysbios_knl_Task_startup__E)
                  00013f74    0000000c     --HOLE-- [fill = 0]
                  00013f80    00000004                   : BIOS.obj (.text:xdc_runtime_SysStd_putch__E)

.const     0    00013f88    0000283e     
                  00013f88    00001a98     mss_mmw_per4f.oer4f (.const:xdc_runtime_Text_charTab__A)
                  00015a20    000002b8     libmmwavelink_xwr16xx.aer4f : rl_sensor.oer4f (.const:$O1$$)
                  00015cd8    00000101     rtsv7R4_T_le_v3D16_eabi.lib : ctype.c.obj (.const:.string:_ctypes_)
                  00015dd9    00000001     --HOLE-- [fill = 0]
                  00015dda    000000d8     mss_mmw_per4f.oer4f (.const:xdc_runtime_Text_nodeTab__A)
                  00015eb2    00000004     libcli_xwr16xx.aer4f : cli.oer4f (.const:.string:$P$T0$1)
                  00015eb6    00000002     mss_mmw_per4f.oer4f (.const:ti_sysbios_family_arm_exc_Exception_Module__id__C)
                  00015eb8    000000c8     rtsv7R4_T_le_v3D16_eabi.lib : strtod.c.obj (.const:$O1$$)
                  00015f80    000000a0     libcli_xwr16xx.aer4f : cli_mmwave.oer4f (.const:.string)
                  00016020    00000080     mss_mmw_per4f.oer4f (.const:ti_sysbios_family_arm_v7r_vim_Hwi_channelMap__A)
                  000160a0    00000078     libmmwavelink_xwr16xx.aer4f : rl_driver.oer4f (.const:$O2$$)
                  00016118    00000048     mss_mmw_per4f.oer4f (.const:.string)
                  00016160    0000003c     libuart_xwr16xx.aer4f : UART.oer4f (.const:UART_defaultParams)
                  0001619c    0000003c     mss_mmw_per4f.oer4f (.const:ti_sysbios_knl_Task_Object__PARAMS__C)
                  000161d8    00000030     mss_mmw_per4f.oer4f (.const:ti_sysbios_family_arm_v7r_vim_Hwi_Object__PARAMS__C)
                  00016208    0000002c     mss_mmw_per4f.oer4f (.const:xdc_runtime_Startup_sfxnTab__A)
                  00016234    00000028     mss_mmw_per4f.oer4f (.const:ti_sysbios_heaps_HeapMem_Module__FXNS__C)
                  0001625c    00000024     libmailbox_xwr16xx.aer4f : mailbox.oer4f (.const:Mailbox_defaultCfg)
                  00016280    00000024     mss_mmw_per4f.oer4f (.const:ti_sysbios_gates_GateHwi_Module__FXNS__C)
                  000162a4    00000024     mss_mmw_per4f.oer4f (.const:ti_sysbios_gates_GateMutex_Module__FXNS__C)
                  000162c8    00000024     mss_mmw_per4f.oer4f (.const:ti_sysbios_heaps_HeapMem_Object__PARAMS__C)
                  000162ec    00000024     mss_mmw_per4f.oer4f (.const:ti_sysbios_knl_Semaphore_Object__PARAMS__C)
                  00016310    00000020     libcli_xwr16xx.aer4f : cli_mmwave.oer4f (.const:$P$T0$1)
                  00016330    00000020     mss_mmw_per4f.oer4f (.const:ti_sysbios_family_arm_v7r_vim_Hwi_Object__DESC__C)
                  00016350    00000020     mss_mmw_per4f.oer4f (.const:ti_sysbios_gates_GateHwi_Object__DESC__C)
                  00016370    00000020     mss_mmw_per4f.oer4f (.const:ti_sysbios_gates_GateMutex_Object__DESC__C)
                  00016390    00000020     mss_mmw_per4f.oer4f (.const:ti_sysbios_heaps_HeapMem_Object__DESC__C)
                  000163b0    00000020     mss_mmw_per4f.oer4f (.const:ti_sysbios_knl_Event_Object__DESC__C)
                  000163d0    00000020     mss_mmw_per4f.oer4f (.const:ti_sysbios_knl_Queue_Object__DESC__C)
                  000163f0    00000020     mss_mmw_per4f.oer4f (.const:ti_sysbios_knl_Semaphore_Object__DESC__C)
                  00016410    00000020     mss_mmw_per4f.oer4f (.const:ti_sysbios_knl_Task_Object__DESC__C)
                  00016430    00000018     mss_mmw_per4f.oer4f (.const:ti_sysbios_gates_GateHwi_Object__PARAMS__C)
                  00016448    00000018     mss_mmw_per4f.oer4f (.const:ti_sysbios_gates_GateMutex_Object__PARAMS__C)
                  00016460    00000018     mss_mmw_per4f.oer4f (.const:ti_sysbios_knl_Event_Object__PARAMS__C)
                  00016478    00000018     mss_mmw_per4f.oer4f (.const:ti_sysbios_knl_Queue_Object__PARAMS__C)
                  00016490    00000016     mss_mmw_per4f.oer4f (.const:xdc_runtime_Startup_sfxnRts__A)
                  000164a6    00000002     mss_mmw_per4f.oer4f (.const:ti_sysbios_family_arm_v7a_Pmu_Module__id__C)
                  000164a8    00000010     mss_mmw_per4f.oer4f (.const:ti_sysbios_family_arm_v7r_vim_Hwi_intReqEnaSet__A)
                  000164b8    00000010     mss_mmw_per4f.oer4f (.const:ti_sysbios_family_arm_v7r_vim_Hwi_wakeEnaSet__A)
                  000164c8    00000008     mss_mmw_per4f.oer4f (.const:ti_sysbios_knl_Idle_funcList__C)
                  000164d0    00000008     mss_mmw_per4f.oer4f (.const:xdc_runtime_Startup_firstFxns__A)
                  000164d8    00000008     mss_mmw_per4f.oer4f (.const:xdc_runtime_Startup_firstFxns__C)
                  000164e0    00000008     mss_mmw_per4f.oer4f (.const:xdc_runtime_Startup_lastFxns__C)
                  000164e8    00000004     mss_mmw_per4f.oer4f (.const)
                  000164ec    00000004     mss_mmw_per4f.oer4f (.const:ti_sysbios_family_arm_TaskSupport_stackAlignment__C)
                  000164f0    00000004     mss_mmw_per4f.oer4f (.const:ti_sysbios_family_arm_exc_Exception_E_dataAbort__C)
                  000164f4    00000004     mss_mmw_per4f.oer4f (.const:ti_sysbios_family_arm_exc_Exception_E_prefetchAbort__C)
                  000164f8    00000004     mss_mmw_per4f.oer4f (.const:ti_sysbios_family_arm_exc_Exception_E_swi__C)
                  000164fc    00000004     mss_mmw_per4f.oer4f (.const:ti_sysbios_family_arm_exc_Exception_E_undefinedInstruction__C)
                  00016500    00000004     mss_mmw_per4f.oer4f (.const:ti_sysbios_family_arm_exc_Exception_excHookFuncs__A)
                  00016504    00000004     mss_mmw_per4f.oer4f (.const:ti_sysbios_family_arm_exc_Exception_excHookFuncs__C)
                  00016508    00000004     mss_mmw_per4f.oer4f (.const:ti_sysbios_family_arm_v7a_Pmu_A_invalidCounterId__C)
                  0001650c    00000004     mss_mmw_per4f.oer4f (.const:ti_sysbios_family_arm_v7a_Pmu_Module__diagsEnabled__C)
                  00016510    00000004     mss_mmw_per4f.oer4f (.const:ti_sysbios_family_arm_v7a_Pmu_Module__diagsIncluded__C)
                  00016514    00000004     mss_mmw_per4f.oer4f (.const:ti_sysbios_family_arm_v7a_Pmu_Module__diagsMask__C)
                  00016518    00000004     mss_mmw_per4f.oer4f (.const:ti_sysbios_family_arm_v7r_tms570_Core_E_mismatchedIds__C)
                  0001651c    00000004     mss_mmw_per4f.oer4f (.const:ti_sysbios_family_arm_v7r_tms570_Core_id__C)
                  00016520    00000004     mss_mmw_per4f.oer4f (.const:ti_sysbios_family_arm_v7r_vim_Hwi_A_badChannelId__C)
                  00016524    00000004     mss_mmw_per4f.oer4f (.const:ti_sysbios_family_arm_v7r_vim_Hwi_E_alreadyDefined__C)
                  00016528    00000004     mss_mmw_per4f.oer4f (.const:ti_sysbios_family_arm_v7r_vim_Hwi_E_badIntNum__C)
                  0001652c    00000004     mss_mmw_per4f.oer4f (.const:ti_sysbios_family_arm_v7r_vim_Hwi_E_phantomInterrupt__C)
                  00016530    00000004     mss_mmw_per4f.oer4f (.const:ti_sysbios_family_arm_v7r_vim_Hwi_E_undefined__C)
                  00016534    00000004     mss_mmw_per4f.oer4f (.const:ti_sysbios_family_arm_v7r_vim_Hwi_E_unsupportedMaskingOption__C)
                  00016538    00000004     mss_mmw_per4f.oer4f (.const:ti_sysbios_family_arm_v7r_vim_Hwi_LD_end__C)
                  0001653c    00000004     mss_mmw_per4f.oer4f (.const:ti_sysbios_family_arm_v7r_vim_Hwi_LM_begin__C)
                  00016540    00000004     mss_mmw_per4f.oer4f (.const:ti_sysbios_family_arm_v7r_vim_Hwi_Module__diagsEnabled__C)
                  00016544    00000004     mss_mmw_per4f.oer4f (.const:ti_sysbios_family_arm_v7r_vim_Hwi_Module__diagsIncluded__C)
                  00016548    00000004     mss_mmw_per4f.oer4f (.const:ti_sysbios_family_arm_v7r_vim_Hwi_Module__diagsMask__C)
                  0001654c    00000004     mss_mmw_per4f.oer4f (.const:ti_sysbios_family_arm_v7r_vim_Hwi_Module__loggerFxn1__C)
                  00016550    00000004     mss_mmw_per4f.oer4f (.const:ti_sysbios_family_arm_v7r_vim_Hwi_Module__loggerFxn8__C)
                  00016554    00000004     mss_mmw_per4f.oer4f (.const:ti_sysbios_family_arm_v7r_vim_Hwi_Module__loggerObj__C)
[...]
000165c8  ti_sysbios_heaps_HeapMem_reqAlign__C                                 
000165cc  ti_sysbios_knl_Clock_LM_begin__C                                     
000165d0  ti_sysbios_knl_Clock_LM_tick__C                                      
000165d4  ti_sysbios_knl_Clock_LW_delayed__C                                   
000165d8  ti_sysbios_knl_Clock_Module_State_clockQ__O                          
000165dc  ti_sysbios_knl_Clock_Module__diagsEnabled__C                         
000165e0  ti_sysbios_knl_Clock_Module__diagsIncluded__C                        
000165e4  ti_sysbios_knl_Clock_Module__diagsMask__C                            
000165e8  ti_sysbios_knl_Clock_Module__loggerFxn1__C                           
000165ec  ti_sysbios_knl_Clock_Module__loggerFxn2__C                           
000165f0  ti_sysbios_knl_Clock_Module__loggerObj__C                            
000165f4  ti_sysbios_knl_Event_A_badContext__C                                 
000165f8  ti_sysbios_knl_Event_A_eventInUse__C                                 
000165fc  ti_sysbios_knl_Event_A_nullEventId__C                                
00016600  ti_sysbios_knl_Event_A_nullEventMasks__C                             
00016604  ti_sysbios_knl_Event_A_pendTaskDisabled__C                           
00016608  ti_sysbios_knl_Event_Instance_State_pendQ__O                         
0001660c  ti_sysbios_knl_Event_LM_pend__C                                      
00016610  ti_sysbios_knl_Event_LM_post__C                                      
00016614  ti_sysbios_knl_Event_Module__diagsEnabled__C                         
00016618  ti_sysbios_knl_Event_Module__diagsIncluded__C                        
0001661c  ti_sysbios_knl_Event_Module__diagsMask__C                            
00016620  ti_sysbios_knl_Event_Module__loggerFxn4__C                           
00016624  ti_sysbios_knl_Event_Module__loggerFxn8__C                           
00016628  ti_sysbios_knl_Event_Module__loggerObj__C                            
0001662c  ti_sysbios_knl_Idle_funcList__A                                      
00016630  ti_sysbios_knl_Semaphore_A_badContext__C                             
00016634  ti_sysbios_knl_Semaphore_A_noEvents__C                               
00016638  ti_sysbios_knl_Semaphore_A_overflow__C                               
0001663c  ti_sysbios_knl_Semaphore_A_pendTaskDisabled__C                       
00016640  ti_sysbios_knl_Semaphore_Instance_State_pendQ__O                     
00016644  ti_sysbios_knl_Semaphore_LM_pend__C                                  
00016648  ti_sysbios_knl_Semaphore_LM_post__C                                  
0001664c  ti_sysbios_knl_Semaphore_Module__diagsEnabled__C                     
00016650  ti_sysbios_knl_Semaphore_Module__diagsIncluded__C                    
00016654  ti_sysbios_knl_Semaphore_Module__diagsMask__C                        
00016658  ti_sysbios_knl_Semaphore_Module__loggerFxn2__C                       
0001665c  ti_sysbios_knl_Semaphore_Module__loggerFxn4__C                       
00016660  ti_sysbios_knl_Semaphore_Module__loggerObj__C                        
00016664  ti_sysbios_knl_Swi_LD_end__C                                         
00016668  ti_sysbios_knl_Swi_LM_begin__C                                       
0001666c  ti_sysbios_knl_Swi_LM_post__C                                        
00016670  ti_sysbios_knl_Swi_Module__diagsEnabled__C                           
00016674  ti_sysbios_knl_Swi_Module__diagsIncluded__C                          
00016678  ti_sysbios_knl_Swi_Module__diagsMask__C                              
0001667c  ti_sysbios_knl_Swi_Module__loggerFxn1__C                             
00016680  ti_sysbios_knl_Swi_Module__loggerFxn4__C                             
00016684  ti_sysbios_knl_Swi_Module__loggerObj__C                              
00016688  ti_sysbios_knl_Swi_Object__count__C                                  
0001668c  ti_sysbios_knl_Task_A_badPriority__C                                 
00016690  ti_sysbios_knl_Task_A_badTaskState__C                                
00016694  ti_sysbios_knl_Task_A_badThreadType__C                               
00016698  ti_sysbios_knl_Task_A_badTimeout__C                                  
0001669c  ti_sysbios_knl_Task_A_noPendElem__C                                  
000166a0  ti_sysbios_knl_Task_A_sleepTaskDisabled__C                           
000166a4  ti_sysbios_knl_Task_E_spOutOfBounds__C                               
000166a8  ti_sysbios_knl_Task_E_stackOverflow__C                               
000166ac  ti_sysbios_knl_Task_LD_block__C                                      
000166b0  ti_sysbios_knl_Task_LD_exit__C                                       
000166b4  ti_sysbios_knl_Task_LD_ready__C                                      
000166b8  ti_sysbios_knl_Task_LM_sleep__C                                      
000166bc  ti_sysbios_knl_Task_LM_switch__C                                     
000166c0  ti_sysbios_knl_Task_Module_State_inactiveQ__O                        
000166c4  ti_sysbios_knl_Task_Module__diagsEnabled__C                          
000166c8  ti_sysbios_knl_Task_Module__diagsIncluded__C                         
000166cc  ti_sysbios_knl_Task_Module__diagsMask__C                             
000166d0  ti_sysbios_knl_Task_Module__loggerFxn2__C                            
000166d4  ti_sysbios_knl_Task_Module__loggerFxn4__C                            
000166d8  ti_sysbios_knl_Task_Module__loggerObj__C                             
000166dc  ti_sysbios_knl_Task_Object__count__C                                 
000166e0  ti_sysbios_knl_Task_allBlockedFunc__C                                
000166e4  ti_sysbios_knl_Task_defaultStackHeap__C                              
000166e8  ti_sysbios_knl_Task_defaultStackSize__C                              
000166ec  ti_sysbios_knl_Task_numConstructedTasks__C                           
000166f0  ti_sysbios_timers_rti_Timer_E_cannotSupport__C                       
000166f4  ti_sysbios_timers_rti_Timer_Module__diagsEnabled__C                  
000166f8  ti_sysbios_timers_rti_Timer_Module__diagsIncluded__C                 
000166fc  ti_sysbios_timers_rti_Timer_Module__diagsMask__C                     
00016700  ti_sysbios_timers_rti_Timer_numTimerDevices__C                       
00016704  ti_sysbios_timers_rti_Timer_startupNeeded__C                         
00016708  xdc_runtime_Assert_E_assertFailed__C                                 
0001670c  xdc_runtime_Core_A_initializedParams__C                              
00016710  xdc_runtime_Core_Module__diagsEnabled__C                             
00016714  xdc_runtime_Core_Module__diagsIncluded__C                            
00016718  xdc_runtime_Core_Module__diagsMask__C                                
0001671c  xdc_runtime_Error_E_memory__C                                        
00016720  xdc_runtime_Error_Module__diagsEnabled__C                            
00016724  xdc_runtime_Error_Module__diagsIncluded__C                           
00016728  xdc_runtime_Error_Module__diagsMask__C                               
0001672c  xdc_runtime_Error_Module__loggerFxn8__C                              
00016730  xdc_runtime_Error_Module__loggerObj__C                               
00016734  xdc_runtime_Error_policyFxn__C                                       
00016738  xdc_runtime_Error_policy__C                                          
0001673c  xdc_runtime_Error_raiseHook__C                                       
00016740  xdc_runtime_IGateProvider_Interface__BASE__C                         
00016744  xdc_runtime_IHeap_Interface__BASE__C                                 
00016748  xdc_runtime_IModule_Interface__BASE__C                               
0001674c  xdc_runtime_Log_L_error__C                                           
00016750  xdc_runtime_Memory_defaultHeapInstance__C                            
00016754  xdc_runtime_Startup_execImpl__C                                      
00016758  xdc_runtime_Startup_maxPasses__C                                     
0001675c  xdc_runtime_Startup_sfxnRts__C                                       
00016760  xdc_runtime_Startup_sfxnTab__C                                       
00016764  xdc_runtime_System_Module__gateObj__C                                
00016768  xdc_runtime_System_abortFxn__C                                       
0001676c  xdc_runtime_System_exitFxn__C                                        
00016770  xdc_runtime_System_extendFxn__C                                      
00016774  xdc_runtime_System_maxAtexitHandlers__C                              
00016778  xdc_runtime_Text_charTab__C                                          
0001677c  xdc_runtime_Text_nameEmpty__C                                        
00016780  xdc_runtime_Text_nameStatic__C                                       
00016784  xdc_runtime_Text_nameUnknown__C                                      
00016788  xdc_runtime_Text_nodeTab__C                                          
0001678c  xdc_runtime_Text_visitRopeFxn__C                                     
00016790  ti_sysbios_family_arm_v7r_tms570_Core_Module__id__C                  
00016792  ti_sysbios_family_arm_v7r_vim_Hwi_Module__id__C                      
00016794  ti_sysbios_family_arm_v7r_vim_Hwi_Module__loggerDefined__C           
00016796  ti_sysbios_gates_GateMutex_Module__id__C                             
00016798  ti_sysbios_hal_Hwi_Module__id__C                                     
0001679a  ti_sysbios_heaps_HeapMem_Module__id__C                               
0001679c  ti_sysbios_knl_Clock_Module__id__C                                   
0001679e  ti_sysbios_knl_Clock_Module__loggerDefined__C                        
000167a0  ti_sysbios_knl_Event_Module__id__C                                   
000167a2  ti_sysbios_knl_Event_Module__loggerDefined__C                        
000167a4  ti_sysbios_knl_Semaphore_Module__id__C                               
000167a6  ti_sysbios_knl_Semaphore_Module__loggerDefined__C                    
000167a8  ti_sysbios_knl_Swi_Module__id__C                                     
000167aa  ti_sysbios_knl_Swi_Module__loggerDefined__C                          
000167ac  ti_sysbios_knl_Task_Module__id__C                                    
000167ae  ti_sysbios_knl_Task_Module__loggerDefined__C                         
000167b0  ti_sysbios_timers_rti_Timer_Module__id__C                            
000167b2  ti_sysbios_timers_rti_Timer_continueOnSuspend__C                     
000167b4  xdc_runtime_Core_Module__id__C                                       
000167b6  xdc_runtime_Error_Module__loggerDefined__C                           
000167b8  xdc_runtime_Error_maxDepth__C                                        
000167ba  xdc_runtime_Main_Module__id__C                                       
000167bc  xdc_runtime_Memory_Module__id__C                                     
000167be  xdc_runtime_Text_charCnt__C                                          
000167c0  xdc_runtime_Text_isLoaded__C                                         
000167c2  xdc_runtime_Text_registryModsLastId__C                               
000167c4  xdc_runtime_Text_unnamedModsLastId__C                                
000167c8  __TI_static_base__                                                   
00016b64  __TI_Handler_Table_Base                                              
00016b70  __TI_Handler_Table_Limit                                             
00016b90  __TI_CINIT_Base                                                      
00016bb8  __TI_CINIT_Limit                                                     
08000000  gMmwL2                                                               
08012000  gMmwL1Scratch                                                        
08014100  ti_sysbios_heaps_HeapMem_Instance_State_0_buf__A                     
08024100  gMmwMssMCB                                                           
080262d8  ti_sysbios_family_arm_exc_Exception_Module_State_0_excStack_0__A     
080272d8  ti_sysbios_knl_Task_Instance_State_0_stack__A                        
08027ad8  gCLI                                                                 
08027c7c  __CIOBUF_                                                            
08027d9c  gMMWave_MCB                                                          
08027e98  __TI_tmpnams                                                         
08027f38  gEsmMCB                                                              
08027fa8  gRadarOsal_heapObj                                                   
08028018  gMMWave_XWR16xxMCB                                                   
08028020  parmbuf                                                              
08028028  ti_sysbios_family_arm_v7r_vim_Hwi_Module_State_0_fiqStack__A         
08029040  __stack                                                              
0802a040  __STACK_END                                                          
0802a040  rl_txMsg                                                             
0802a140  rl_rxMsg                                                             
0802a424  gCLIMMWaveOpenCfg                                                    
0802a448  partInfoStringArray                                                  
0802a4e8  gCLIMMWaveExtensionTable                                             
0802a590  gCLIMMWaveControlCfg                                                 
0802a65c  ti_sysbios_family_arm_v7r_vim_Hwi_Module_State_0_dispatchTable__A    
0802a85c  _ftable                                                              
0802a94c  ti_sysbios_knl_Swi_Module_State_0_readyQ__A                          
0802a9cc  ti_sysbios_knl_Task_Module_State_0_readyQ__A                         
0802aa4c  _device                                                              
0802aac4  gUartSciHwCfg                                                        
0802ab1c  _stream                                                              
0802ab6c  gMailboxMCB                                                          
0802abbc  ti_sysbios_knl_Task_Object__table__V                                 
0802ac08  ti_sysbios_knl_Task_Module__state__V                                 
0802ac4c  SOC_TranslateAddr_LUT                                                
0802ac8c  ti_sysbios_gates_GateMutex_Object__table__V                          
0802accc  ti_sysbios_timers_rti_Timer_Object__table__V                         
0802ad08  ti_sysbios_family_arm_v7r_vim_Hwi_Module__state__V                   
0802ad3c  ti_sysbios_knl_Swi_Object__table__V                                  
0802ad6c  ti_sysbios_family_arm_v7r_vim_Hwi_Object__table__V                   
0802ad98  ti_sysbios_knl_Clock_Module__state__V                                
0802adc4  gUartSciFxnTable                                                     
0802adec  UART_config                                                          
0802ae10  ti_sysbios_BIOS_Module__state__V                                     
0802ae34  xdc_runtime_Error_IgnoreBlock                                        
0802ae54  xdc_runtime_System_Module_State_0_atexitHandlers__A                  
0802ae74  ti_sysbios_knl_Swi_Module__state__V                                  
0802ae90  gMailboxMssBssHwCfg                                                  
0802aea8  gMailboxMssDssHwCfg                                                  
0802aec0  ti_sysbios_heaps_HeapMem_Object__table__V                            
0802aed8  ti_sysbios_timers_rti_Timer_Module_State_0_device__A                 
0802aef0  gSOCHwAttrib                                                         
0802af04  ti_sysbios_family_arm_exc_Exception_Module__state__V                 
0802af18  __TI_ft_end                                                          
0802af1c  __aeabi_stdin                                                        
0802af20  __aeabi_stdout                                                       
0802af24  __aeabi_stderr                                                       
0802af28  ti_sysbios_timers_rti_Timer_Module_State_0_intFreqs__A               
0802af38  ti_sysbios_timers_rti_Timer_Module__state__V                         
0802af48  __TI_cleanup_ptr                                                     
0802af4c  __TI_dtors_ptr                                                       
0802af50  __TI_enable_exit_profile_output                                      
0802af54  gESMHwCfgAttrs                                                       
0802af60  ti_sysbios_family_arm_v7a_Pmu_Module__state__V                       
0802af6c  _lock                                                                
0802af70  _unlock                                                              
0802af74  ti_sysbios_family_arm_v7r_vim_Hwi_Module__root__V                    
0802af7c  ti_sysbios_gates_GateHwi_Module__root__V                             
0802af84  ti_sysbios_gates_GateMutex_Module__root__V                           
0802af8c  ti_sysbios_hal_Hwi_Object__table__V                                  
0802af94  ti_sysbios_heaps_HeapMem_Module__root__V                             
0802af9c  ti_sysbios_knl_Event_Module__root__V                                 
0802afa4  ti_sysbios_knl_Queue_Module__root__V                                 
0802afac  ti_sysbios_knl_Semaphore_Module__root__V                             
0802afb4  ti_sysbios_knl_Task_Module__root__V                                  
0802afbc  ti_sysbios_timers_rti_Timer_Module_State_0_handles__A                
0802afc4  xdc_runtime_Registry_Module__state__V                                
0802afcc  xdc_runtime_Startup_Module__state__V                                 
0802afd4  xdc_runtime_System_Module__state__V                                  
0802afdc  gCRCRegister                                                         
0802afe0  gPinmuxRegs                                                          
0802afe8  errno                                                                
0802afec  main_func_sp                                                         
0802aff4  ti_sysbios_family_arm_exc_Exception_Module_State_0_excContext__A     
0802aff8  ti_sysbios_family_arm_exc_Exception_Module_State_0_excStackBuffers__A
0802affc  ti_sysbios_family_arm_exc_Exception_Module_State_0_excStack__A       
0802b000  ti_sysbios_gates_GateHwi_Object__table__V                            
0802b004  ti_sysbios_heaps_HeapBuf_Module__state__V                            
0802b008  ti_sysbios_knl_Task_Module_State_0_idleTask__A                       
0802b00c  xdc_runtime_Memory_Module__state__V                                  
0802b010  ti_sysbios_family_arm_exc_Exception_Module_State_0_excActive__A      
0802b012  xdc_runtime_Error_Module__state__V                                   
fffffdec  ti_sysbios_family_arm_v7r_vim_Hwi_vim                                
ffffffff  __TI_pprof_out_hndl                                                  
ffffffff  __TI_prof_data_size                                                  
ffffffff  __TI_prof_data_start                                                 
ffffffff  __binit__                                                            
ffffffff  __c_args__                                                           
ffffffff  binit                                                                
UNDEFED   SHT$$INIT_ARRAY$$Base                                                
UNDEFED   SHT$$INIT_ARRAY$$Limit                                               

[900 symbols]
