******************************************************************************
                  TI ARM Linker PC v18.1.4                     
******************************************************************************
>> Linked Thu Oct  8 10:11:11 2020

OUTPUT FILE NAME:   <xwr68xx_mmw_demo_hcc_mss.xer4f>
ENTRY POINT SYMBOL: "_c_int00"  address: 00017df8


MEMORY CONFIGURATION

         name            origin    length      used     unused   attr    fill
----------------------  --------  ---------  --------  --------  ----  --------
PAGE 0:
  VECTORS               00000000   00000100  0000003c  000000c4     X
  PROG_RAM              00000100   0007ff00  0001f0ec  00060e14  R  X
  DATA_RAM              08000000   00030000  00010644  0001f9bc  RW  
  L3_RAM                51000000   000c0000  000a0000  00020000  RW  
  HWA_RAM               52030000   00010000  00000000  00010000  RW  
  HS_RAM                52080000   00008000  00000000  00008000  RW  

PAGE 1:
  L3_RAM                51000000   000c0000  00000000  000c0000  RW  


SEGMENT ALLOCATION MAP

run origin  load origin   length   init length attrs members
----------  ----------- ---------- ----------- ----- -------
00000000    00000000    0000003c   0000003c    r--
  00000000    00000000    0000003c   0000003c    r-- .vecs
00000100    00000100    0001f0f8   0001f0f8    r-x
  00000100    00000100    0001dd42   0001dd42    r-x .text
  0001de48    0001de48    00000f12   00000f12    r-- .const
  0001ed60    0001ed60    00000498   00000498    r-- .cinit
08000000    08000000    00010648   00000000    rw-
  08000000    08000000    00009000   00000000    rw- systemHeap
  08009000    08009000    00003844   00000000    rw- .bss
  0800c848    0800c848    00001e00   00000000    rw- .data
  0800e648    0800e648    00001000   00000000    rw- .dpcLocalRam
  0800f648    0800f648    00000800   00000000    rw- .myFiqStack
  0800fe48    0800fe48    00000800   00000000    rw- .stack
51000000    51000000    000a0000   00000000    rw-
  51000000    51000000    000a0000   00000000    rw- .l3ram


SECTION ALLOCATION MAP

 output                                  attributes/
section   page    origin      length       input sections
--------  ----  ----------  ----------   ----------------
systemHeap 
*          0    08000000    00009000     UNINITIALIZED
                  08000000    00009000     mmw_mss_per4ft.oer4ft (systemHeap)

.dpcLocalRam 
*          0    0800e648    00001000     UNINITIALIZED
                  0800e648    00001000     mss_main.oer4f (.dpcLocalRam)

.vecs      0    00000000    0000003c     
                  00000000    0000003c     mmw_mss_per4ft.oer4ft (.vecs)

.text      0    00000100    0001dd42     
                  00000100    00000b58     mmw_cli.oer4f (.text:mmwDemo_sensorConfig_task)
                  00000c58    00000a36     rtsv7R4_T_le_v3D16_eabi.lib : _printfi.c.obj (.text:__TI_printfi)
                  0000168e    00000002     libadcbuf_xwr68xx.aer4f : adcbuf_mmwave.oer4f (.text:ADCBUF_MMWave_init)
                  00001690    0000099c     mss_main.oer4f (.text:MmwDemo_dataPathConfig)
                  0000202c    000006e8     mss_main.oer4f (.text:MmwDemo_initTask)
                  00002714    00000658     libhwa_xwr68xx.aer4f : hwa.oer4f (.text:HWA_configParamSet)
                  00002d6c    00000604     rtsv7R4_T_le_v3D16_eabi.lib : k_rem_pio2.c.obj (.text:__kernel_rem_pio2)
                  00003370    0000059e     mss_main.oer4f (.text:MmwDemo_openSensor)
                  0000390e    00000002     libhwa_xwr68xx.aer4f : hwa.oer4f (.text:HWA_init)
                  00003910    00000564     librangeproc_hwa_xwr68xx.aer4f : rangeprochwa.oer4f (.text:DPU_RangeProcHWA_process)
                  00003e74    0000000c     libedma_xwr68xx.aer4f : edma_low_level.oer4f (.text:EDMA3ChannelToParamMap)
                  00003e80    000004e1     sysbios.aer4ft : BIOS.obj (.text:xdc_runtime_System_doPrint__I)
                  00004361    00000001     --HOLE-- [fill = 0]
                  00004362    00000002     libmmwave_xwr68xx.aer4f : mmwave_link.oer4f (.text:MMWave_maskHostIRQ)
                  00004364    000004d4     mss_main.oer4f (.text:MmwDemo_handleObjectDetResult)
                  00004838    000004a8     libadcbuf_xwr68xx.aer4f : adcbuf_mmwave.oer4f (.text:ADCBUF_MMWave_control)
                  00004ce0    0000043c     librangeproc_hwa_xwr68xx.aer4f : rangeprochwa.oer4f (.text:DPU_RangeProcHWA_config)
                  0000511c    0000043c     mmwdemo_rfparser.oer4f (.text:MmwDemo_RFParser_parseCtrlConfig)
                  00005558    000003f4     rtsv7R4_T_le_v3D16_eabi.lib : s_cos.c.obj (.text:cos)
                  0000594c    000003e8                                 : strtod.c.obj (.text:strtod)
                  00005d34    000003e4     mss_main.oer4f (.text:MmwDemo_transmitProcessedOutput)
                  00006118    00000334     mss_main.oer4f (.text:MmwDemo_DPC_ObjectDetection_reportFxn)
                  0000644c    00000004     libosal_xwr68xx.aer4f : HwiP_tirtos.oer4f (.text:HwiP_disableInterrupt)
                  00006450    0000032c     sysbios.aer4ft : BIOS.obj (.text:ti_sysbios_knl_Semaphore_pend__E)
                  0000677c    00000328     mss_main.oer4f (.text:MmwDemo_processPendingDynamicCfgCommands)
                  00006aa4    00000314     libsoc_xwr68xx.aer4f : soc_xwr68xx_mss.oer4f (.text:SOC_deviceInit)
                  00006db8    00000304     librangeproc_hwa_xwr68xx.aer4f : rangeprochwa.oer4f (.text:rangeProcHWA_ConfigEDMA_DataOut_nonInterleave)
                  000070bc    000002f8     libcbuff_xwr68xx.aer4f : cbuff.oer4f (.text:CBUFF_createSession)
                  000073b4    0000000c     libedma_xwr68xx.aer4f : edma_low_level.oer4f (.text:EDMAsetRegion)
                  000073c0    000002d0     sysbios.aer4ft : BIOS.obj (.text:ti_sysbios_knl_Task_Instance_finalize__E)
                  00007690    000002c4     libhwa_xwr68xx.aer4f : hwa.oer4f (.text:HWA_configCommon)
                  00007954    000002b8     rtsv7R4_T_le_v3D16_eabi.lib : ull_div32.asm.obj (.text)
                  00007c0c    00000004     libosal_xwr68xx.aer4f : HwiP_tirtos.oer4f (.text:HwiP_enableInterrupt)
                  00007c10    000002a4     sysbios.aer4ft : BIOS.obj (.text:ti_sysbios_heaps_HeapMem_freeUnprotected__E)
                  00007eb4    00000284     libmmwave_xwr68xx.aer4f : mmwave_dualcore.oer4f (.text:MMWave_deviceExecuteFxn)
                  00008138    00000280     libhsiheader_xwr68xx.aer4f : hsiheader.oer4f (.text:HSIHeader_createHeader)
                  000083b8    00000008     libosal_xwr68xx.aer4f : HwiP_tirtos.oer4f (.text:HwiP_disable)
                  000083c0    00000280     sysbios.aer4ft : BIOS.obj (.text:ti_sysbios_family_arm_exc_Exception_excDumpContext__I)
                  00008640    0000026c     libqspiflash_xwr68xx.aer4f : qspiflash.oer4f (.text:QSPIFlash_open)
                  000088ac    00000264     libcbuff_xwr68xx.aer4f : cbuff.oer4f (.text:CBUFF_init)
                  00008b10    00000260     libmailbox_xwr68xx.aer4f : mailbox.oer4f (.text:Mailbox_open)
                  00008d70    00000248     rtsv7R4_T_le_v3D16_eabi.lib : _printfi.c.obj (.text:_pconv_a)
                  00008fb8    00000240     objdetrangehwa.oer4f (.text:DPC_ObjDetRangeHwa_rangeConfig)
                  000091f8    0000023c     mmw_lvds_stream.oer4f (.text:MmwDemo_LVDSStreamHwConfig)
                  00009434    0000000c     libmmwave_xwr68xx.aer4f : mmwave_dualcore.oer4f (.text:MMWave_deviceMailboxCallbackFxn)
                  00009440    00000238     sysbios.aer4ft : BIOS.obj (.text:ti_sysbios_heaps_HeapMem_allocUnprotected__E)
                  00009678    0000022c     libcbuff_xwr68xx.aer4f : cbuff_lvds.oer4f (.text:CBUFF_openLVDS)
                  000098a4    0000022c     librangeproc_hwa_xwr68xx.aer4f : rangeprochwa.oer4f (.text:rangeProcHWA_ConfigHWA)
                  00009ad0    00000224     sysbios.aer4ft : BIOS.obj (.text:ti_sysbios_timers_rti_Timer_Module_startup__E)
                  00009cf4    00000214     libuart_xwr68xx.aer4f : uartsci.oer4f (.text:UartSci_open)
                  00009f08    00000210     mss_main.oer4f (.text:MmwDemo_eventCallbackFxn)
                  0000a118    0000020a     libcbuff_xwr68xx.aer4f : cbuff_transfer.oer4f (.text:CBUFF_addLinkedList)
                  0000a322    0000000e     libsoc_xwr68xx.aer4f : soc_xwr68xx_mss.oer4f (.text:SOC_microDelay)
                  0000a330    00000208     sysbios.aer4ft : BIOS.obj (.text:ti_sysbios_knl_Task_sleep__E)
                  0000a538    00000200     libcrc_xwr68xx.aer4f : crc.oer4f (.text:CRC_open)
                  0000a738    00000008     libmmwave_xwr68xx.aer4f : mmwave.oer4f (.text:MMWave_decodeErrorLevel)
                  0000a740    00000200     sysbios.aer4ft : BIOS.obj (.text:ti_sysbios_knl_Task_Instance_init__E)
                  0000a940    000001f8     objdetrangehwa.oer4f (.text:DPC_ObjectDetection_ioctl)
                  0000ab38    000001f0     libdma_xwr68xx.aer4f : dma.oer4f (.text:DMA_setChannelParams)
                  0000ad28    000001d4     libcbuff_xwr68xx.aer4f : cbuff_edma.oer4f (.text:CBUFF_configEDMA)
                  0000aefc    00000004     libmmwave_xwr68xx.aer4f : mmwave_link.oer4f (.text:MMWave_disableDevice)
                  0000af00    000001cc     sysbios.aer4ft : BIOS.obj (.text:ti_sysbios_family_arm_v7r_vim_Hwi_dispatchIRQC__I)
                  0000b0cc    000001c8     libcbuff_xwr68xx.aer4f : cbuff_lvds.oer4f (.text:CBUFF_initLVDS)
                  0000b294    000001c8     libmmwavelink_xwr68xx.aer4f : rl_driver.oer4f (.text:rlDriverRxHdrRead)
                  0000b45c    000001c0     libedma_xwr68xx.aer4f : edma.oer4f (.text:EDMA_open)
                  0000b61c    000001b0     mss_main.oer4f (.text:MmwDemo_startSensor)
                  0000b7cc    000001b0     libmmwavelink_xwr68xx.aer4f : rl_driver.oer4f (.text:rlDriverMsgRead)
                  0000b97c    000001a8     mss_main.oer4f (.text:MmwDemo_bpmConfig)
                  0000bb24    000001a4     libcbuff_xwr68xx.aer4f : cbuff.oer4f (.text:CBUFF_activateSession)
                  0000bcc8    000001a4     libmmwave_xwr68xx.aer4f : mmwave_dualcore.oer4f (.text:MMWave_serializeCfg)
                  0000be6c    000001a0     rtsv7R4_T_le_v3D16_eabi.lib : _printfi.c.obj (.text:_pconv_g)
                  0000c00c    00000004     libmmwave_xwr68xx.aer4f : mmwave_link.oer4f (.text:MMWave_enableDevice)
                  0000c010    0000019c     sysbios.aer4ft : BIOS.obj (.text:xdc_runtime_Error_policyDefault__E)
                  0000c1ac    00000198     mss_main.oer4f (.text:MmwDemo_transferLVDSUserData)
                  0000c344    00000194     libmmwave_xwr68xx.aer4f : mmwave_link.oer4f (.text:MMWave_openLink)
                  0000c4d8    00000190     mmwdemo_rfparser.oer4f (.text:MmwDemo_RFParser_setAoAParams)
                  0000c668    00000190     libmmwavelink_xwr68xx.aer4f : rl_driver.oer4f (.text:rlDriverCmdInvoke)
                  0000c7f8    00000188     libedma_xwr68xx.aer4f : edma.oer4f (.text:EDMA_configChannel)
                  0000c980    00000188     libhwa_xwr68xx.aer4f : hwa.oer4f (.text:HWA_open)
                  0000cb08    00000008     libmmwave_xwr68xx.aer4f : mmwave_link.oer4f (.text:MMWave_mboxCallbackFxn)
                  0000cb10    00000184     sysbios.aer4ft : BIOS.obj (.text:xdc_runtime_LoggerBuf_write8__E)
                  0000cc94    00000180     libdpm_xwr68xx.aer4f : dpm_core.oer4f (.text:DPM_init)
                  0000ce14    00000180                          : dpm_msg.oer4f (.text:DPM_msgRecv)
                  0000cf94    0000017c     mss_main.oer4f (.text:main)
                  0000d110    00000170     libgpio_xwr68xx.aer4f : gpio.oer4f (.text:GPIO_setConfig)
                  0000d280    0000016c     sysbios.aer4ft : BIOS.obj (.text:ti_sysbios_knl_Semaphore_post__E)
                  0000d3ec    00000004     libmmwave_xwr68xx.aer4f : mmwave_listlib.oer4f (.text:MMWave_listGetHead)
                  0000d3f0    00000168     sysbios.aer4ft : BIOS.obj (.text:ti_sysbios_family_arm_exc_Exception_excHandler__I)
                  0000d558    00000164     mmw_lvds_stream.oer4f (.text:MmwDemo_LVDSStreamInit)
                  0000d6bc    00000164     mmw_lvds_stream.oer4f (.text:MmwDemo_LVDSStreamSwConfig)
                  0000d820    00000160     libqspi_xwr68xx.aer4f : qspi.oer4f (.text:QSPI_open)
                  0000d980    00000160     sysbios.aer4ft : BIOS.obj (.text:ti_sysbios_family_arm_v7r_vim_Hwi_reconfig__E)
                  0000dae0    0000015c     objdetrangehwa.oer4f (.text:DPC_ObjectDetection_execute)
                  0000dc3c    00000004     libmmwave_xwr68xx.aer4f : mmwave_listlib.oer4f (.text:MMWave_listGetNext)
                  0000dc40    00000158     sysbios.aer4ft : BIOS.obj (.text:ti_sysbios_knl_Task_postInit__I)
                  0000dd98    00000154     objdetrangehwa.oer4f (.text:DPC_ObjectDetection_init)
                  0000deec    0000014c     libmmwave_xwr68xx.aer4f : mmwave_link.oer4f (.text:MMWave_initMMWaveLink)
                  0000e038    0000014a     libuart_xwr68xx.aer4f : uartsci.oer4f (.text:UartSci_ISR)
                  0000e182    00000002     libqspiflash_xwr68xx.aer4f : qspiflash.oer4f (.text:QSPIFlash_init)
                  0000e184    00000148     libhsiheader_xwr68xx.aer4f : hsiheader.oer4f (.text:HSIHeader_init)
                  0000e2cc    00000148     libmmwavelink_xwr68xx.aer4f : rl_driver.oer4f (.text:rlDriverCmdSendRetry)
                  0000e414    0000000c     libmmwave_xwr68xx.aer4f : mmwave_osal.oer4f (.text:MMWave_osalMutexUnlock)
                  0000e420    00000140     sysbios.aer4ft : BIOS.obj (.text:ti_sysbios_heaps_HeapMem_Instance_init__E)
                  0000e560    00000140                    : BIOS.obj (.text:xdc_runtime_Core_createObject__I)
                  0000e6a0    0000013c     mmw_lvds_stream.oer4f (.text:MmwDemo_LVDSStreamDeleteHwSession)
                  0000e7dc    00000004     libmmwave_xwr68xx.aer4f : mmwave_link.oer4f (.text:MMWave_mboxClose)
                  0000e7e0    0000013c     sysbios.aer4ft : BIOS.obj (.text:ti_sysbios_knl_Clock_workFunc__E)
                  0000e91c    00000134     libadcbuf_xwr68xx.aer4f : adcbuf_mmwave.oer4f (.text:ADCBUF_MMWave_open)
                  0000ea50    00000134     rtsv7R4_T_le_v3D16_eabi.lib : vla_alloc.c.obj (.text:__vla_alloc)
                  0000eb84    0000000c     libmmwave_xwr68xx.aer4f : mmwave_osal.oer4f (.text:MMWave_osalSemSignal)
                  0000eb90    00000134     sysbios.aer4ft : BIOS.obj (.text:xdc_runtime_Startup_startMods__I)
                  0000ecc4    00000130     mmw_lvds_stream.oer4f (.text:MmwDemo_LVDSStreamDeleteSwSession)
                  0000edf4    0000012c     librangeproc_hwa_xwr68xx.aer4f : rangeprochwa.oer4f (.text:rangeProcHWA_ConfigEDMADummyThreeLinks)
                  0000ef20    00000128     libmathutils.aer4f : mathutils.oer4f (.text:mathUtils_genWindow)
                  0000f048    00000008     libosal_xwr68xx.aer4f : MemoryP_tirtos.oer4f (.text:MemoryP_getStats)
                  0000f050    00000128     sysbios.aer4ft : BIOS.obj (.text:ti_sysbios_utils_Load_updateThreadContexts__E)
                  0000f178    00000124     libedma_xwr68xx.aer4f : edma.oer4f (.text:EDMA_init)
                  0000f29c    00000120     mmw_cli.oer4f (.text:MmwDemo_HCCCompRangeBiasAndRxChanPhaseCfg)
                  0000f3bc    00000004     libmmwave_xwr68xx.aer4f : mmwave_link.oer4f (.text:MMWave_mboxRead)
                  0000f3c0    00000120     sysbios.aer4ft : BIOS.obj (.text:xdc_runtime_LoggerBuf_write4__E)
                  0000f4e0    00000118     rtsv7R4_T_le_v3D16_eabi.lib : fputs.c.obj (.text:fputs)
                  0000f5f8    00000008     libosal_xwr68xx.aer4f : SemaphoreP_tirtos.oer4f (.text:SemaphoreP_Params_init)
                  0000f600    00000118     sysbios.aer4ft : BIOS.obj (.text:ti_sysbios_family_arm_v7r_vim_Hwi_Instance_init__E)
                  0000f718    00000114     libedma_xwr68xx.aer4f : edma.oer4f (.text:EDMA_configErrorMonitoring)
                  0000f82c    00000110                           : edma.oer4f (.text:EDMA_transferComplete_isr)
                  0000f93c    00000110     mss_main.oer4f (.text:MmwDemo_calibInit)
                  0000fa4c    0000010c     libdpedma_hwa_xwr68xx.aer4f : dpedma.oer4f (.text:DPEDMA_configSyncAB)
                  0000fb58    0000010c     libdpm_xwr68xx.aer4f : dpm_msg.oer4f (.text:DPM_msgResultHandler)
                  0000fc64    0000010c     libmmwave_xwr68xx.aer4f : mmwave_link.oer4f (.text:MMWave_asyncEventHandler)
                  0000fd70    0000010c                             : mmwave_dualcore.oer4f (.text:MMWave_deviceInitFxn)
                  0000fe7c    00000004                             : mmwave_link.oer4f (.text:MMWave_registerInterruptHandler)
                  0000fe80    0000010c     sysbios.aer4ft : BIOS.obj (.text:ti_sysbios_knl_Task_schedule__I)
                  0000ff8c    00000004     libmmwave_xwr68xx.aer4f : mmwave_link.oer4f (.text:MMWave_unmaskHostIRQ)
                  0000ff90    0000010c     sysbios.aer4ft : BIOS.obj (.text:xdc_runtime_Core_constructObject__I)
                  0001009c    00000108     libdma_xwr68xx.aer4f : dma.oer4f (.text:DMA_disableInterrupt)
                  000101a4    00000108     libmailbox_xwr68xx.aer4f : mailbox.oer4f (.text:Mailbox_write)
                  000102ac    00000104     libcbuff_xwr68xx.aer4f : cbuff.oer4f (.text:CBUFF_deinit)
                  000103b0    00000104     libdpedma_hwa_xwr68xx.aer4f : dpedma.oer4f (.text:DPEDMA_configSyncA_singleFrame)
                  000104b4    00000104     libmmwave_xwr68xx.aer4f : mmwave_link.oer4f (.text:MMWave_startLink)
                  000105b8    00000104     rtsv7R4_T_le_v3D16_eabi.lib : _printfi.c.obj (.text:_pconv_e)
                  000106bc    00000004     libmmwave_xwr68xx.aer4f : mmwave_link.oer4f (.text:MMWave_waitIRQStatus)
                  000106c0    00000104     sysbios.aer4ft : BIOS.obj (.text:ti_sysbios_timers_rti_Timer_getFreq__E)
                  000107c4    00000100     libdma_xwr68xx.aer4f : dma.oer4f (.text:DMA_clearChannelInterruptFlag)
                  000108c4    00000100     libmmwavelink_xwr68xx.aer4f : rl_driver.oer4f (.text:rlDriverInit)
                  000109c4    000000fc     libcbuff_xwr68xx.aer4f : cbuff.oer4f (.text:CBUFF_deleteSession)
                  00010ac0    000000fc     libcrc_xwr68xx.aer4f : crc.oer4f (.text:CRC_computeSignature)
                  00010bbc    000000fc     rtsv7R4_T_le_v3D16_eabi.lib : _printfi.c.obj (.text:fcvt)
                  00010cb8    00000008                                 : errno.c.obj (.text:__aeabi_errno_addr)
                  00010cc0    000000fc     sysbios.aer4ft : BIOS.obj (.text:ti_sysbios_knl_Task_exit__E)
                  00010dbc    000000fa     mss_main.oer4f (.text:MmwDemo_setSubFramePendingState)
                  00010eb6    00000002     libqspi_xwr68xx.aer4f : qspi.oer4f (.text:QSPI_init)
                  00010eb8    000000f8     mmw_lvds_stream.oer4f (.text:MmwDemo_configLVDSHwData)
                  00010fb0    000000f8     libmmwavelink_xwr68xx.aer4f : rl_driver.oer4f (.text:rlDriverRdVerifyMsg)
                  000110a8    000000f8     mmw_mss_per4ft.oer4ft (.text:xdc_runtime_System_printfExtend__I)
                  000111a0    000000f0     rtsv7R4_T_le_v3D16_eabi.lib : s_scalbn.c.obj (.text:scalbn)
                  00011290    000000f0     sysbios.aer4ft : BIOS.obj (.text:ti_sysbios_family_arm_v7r_vim_Hwi_Module_startup__E)
                  00011380    000000f0                    : BIOS.obj (.text:ti_sysbios_knl_Task_startCore__E)
                  00011470    000000f0                    : BIOS.obj (.text:ti_sysbios_utils_Load_taskCreateHook__E)
                  00011560    000000ec                    : BIOS.obj (.text:ti_sysbios_heaps_HeapBuf_Module_startup__E)
                  0001164c    000000ea     libdpedma_hwa_xwr68xx.aer4f : dpedmahwa.oer4f (.text:DPEDMAHWA_configTwoHotSignature)
                  00011736    00000002     libuart_xwr68xx.aer4f : uartsci.oer4f (.text:UartSci_init)
                  00011738    000000e8     libmmwavelink_xwr68xx.aer4f : rl_sensor.oer4f (.text:rlRfCalibDataStore)
                  00011820    000000e8                                 : rl_sensor.oer4f (.text:rlRfPhShiftCalibDataStore)
                  00011908    000000e4                                 : rl_sensor.oer4f (.text:rlRfPhShiftCalibDataRestore)
                  000119ec    000000e2     libedma_xwr68xx.aer4f : edma.oer4f (.text:EDMA_paramConfig_assist)
                  00011ace    00000002     rtsv7R4_T_le_v3D16_eabi.lib : _lock.c.obj (.text:_nop)
                  00011ad0    000000e0     libdma_xwr68xx.aer4f : dma.oer4f (.text:DMA_enableInterrupt)
                  00011bb0    000000e0     rtsv7R4_T_le_v3D16_eabi.lib : s_floor.c.obj (.text:floor)
                  00011c90    000000dc     libmmwave_xwr68xx.aer4f : mmwave.oer4f (.text:MMWave_init)
                  00011d6c    000000dc     libmmwavelink_xwr68xx.aer4f : rl_driver.oer4f (.text:rlDriverMsgCmdReply)
                  00011e48    000000dc     rtsv7R4_T_le_v3D16_eabi.lib : setvbuf.c.obj (.text:setvbuf)
                  00011f24    000000d4     libmailbox_xwr68xx.aer4f : mailbox.oer4f (.text:Mailbox_read)
                  00011ff8    000000d4     librangeproc_hwa_xwr68xx.aer4f : rangeprochwa.oer4f (.text:rangeProcHWA_ConfigEDMA_DataIn)
                  000120cc    000000d4     libmmwavelink_xwr68xx.aer4f : rl_sensor.oer4f (.text:rlSetMultiBpmChirpConfig)
                  000121a0    000000d4     sysbios.aer4ft : BIOS.obj (.text:ti_sysbios_utils_Load_logLoads__I)
                  00012274    000000d0     librangeproc_hwa_xwr68xx.aer4f : rangeprochwa.oer4f (.text:DPU_RangeProcHWA_control)
                  00012344    000000d0     libsoc_xwr68xx.aer4f : soc_xwr68xx_mss.oer4f (.text:SOC_controlSecureFirewall)
                  00012414    000000d0     sysbios.aer4ft : exc_Exception_asm.obj (.text:ti_sysbios_family_arm_exc_Exception_excHandlerAsm__I)
                  000124e4    0000000c     libuart_xwr68xx.aer4f : UART.oer4f (.text:UART_Params_init)
                  000124f0    000000d0     sysbios.aer4ft : BIOS.obj (.text:ti_sysbios_utils_Load_idleFxn__E)
                  000125c0    000000d0                    : BIOS.obj (.text:xdc_runtime_LoggerBuf_Instance_init__E)
                  00012690    000000cc     libhwa_xwr68xx.aer4f : hwa.oer4f (.text:HWA_enableParamSetInterrupt)
                  0001275c    000000cc     mss_main.oer4f (.text:MmwDemo_configSensor)
                  00012828    000000cc     libmmwavelink_xwr68xx.aer4f : rl_sensor.oer4f (.text:rlRfCalibDataRestore)
                  000128f4    000000cc                                 : rl_sensor.oer4f (.text:rlSetChirpConfig)
                  000129c0    000000cc     sysbios.aer4ft : BIOS.obj (.text:ti_sysbios_knl_Task_checkStacks__E)
                  00012a8c    000000c8     libmmwave_xwr68xx.aer4f : mmwave_fullcfg.oer4f (.text:MMWave_addChirp)
                  00012b54    000000c8                             : mmwave_link.oer4f (.text:MMWave_configBPM)
                  00012c1c    000000c8                             : mmwave_fullcfg.oer4f (.text:MMWave_flushCfg)
                  00012ce4    000000c8                             : mmwave_fullcfg.oer4f (.text:MMWave_getChirpHandle)
                  00012dac    000000c8     libsoc_xwr68xx.aer4f : soc_xwr68xx.oer4f (.text:SOC_ungateClock)
                  00012e74    000000c8     libmmwavelink_xwr68xx.aer4f : rl_sensor.oer4f (.text:rlSetFrameConfig)
                  00012f3c    000000c4     libcbuff_xwr68xx.aer4f : cbuff_transfer.oer4f (.text:CBUFF_setupNonInterleaved_CP_ADC_CQ)
                  00013000    000000c4     libdpm_xwr68xx.aer4f : dpm_core.oer4f (.text:DPM_deinit)
                  000130c4    000000c4                          : dpm_core.oer4f (.text:DPM_ioctl)
                  00013188    00000008     librangeproc_hwa_xwr68xx.aer4f : rangeprochwa.oer4f (.text:rangeProcHWADoneIsrCallback)
                  00013190    000000c4     sysbios.aer4ft : BIOS.obj (.text:ti_sysbios_family_arm_v7a_Pmu_configureCounter__E)
                  00013254    000000c0     librangeproc_hwa_xwr68xx.aer4f : rangeprochwa.oer4f (.text:DPU_RangeProcHWA_init)
                  00013314    000000c0     libmmwavelink_xwr68xx.aer4f : rl_driver.oer4f (.text:rlDriverMsgWrite)
                  000133d4    0000000c     libuart_xwr68xx.aer4f : uartsci_dma.oer4f (.text:UartSci_isDMAEnabled)
                  000133e0    000000c0     sysbios.aer4ft : BIOS.obj (.text:ti_sysbios_timers_rti_Timer_startup__E)
                  000134a0    000000bc     libgpio_xwr68xx.aer4f : gpio.oer4f (.text:GPIO_write)
                  0001355c    000000bc     libmmwave_xwr68xx.aer4f : mmwave_link.oer4f (.text:MMWave_computeCRC)
                  00013618    000000bc     mmw_lvds_stream.oer4f (.text:MmwDemo_LVDSStream_EDMAInit)
                  000136d4    000000b8     libcbuff_xwr68xx.aer4f : cbuff.oer4f (.text:CBUFF_ISR)
                  0001378c    000000b8                            : cbuff_transfer.oer4f (.text:CBUFF_setupTransfer)
                  00013844    000000b8     libdma_xwr68xx.aer4f : dma.oer4f (.text:DMA_getChannelInterruptFlag)
                  000138fc    000000b6     libsoc_xwr68xx.aer4f : soc_mpu.o (.text)
                  000139b2    00000002     rtsv7R4_T_le_v3D16_eabi.lib : div0.asm.obj (.text)
                  000139b4    000000b4                                 : k_cos.c.obj (.text:__kernel_cos)
                  00013a68    00000008     libmmwavelink_xwr68xx.aer4f : rl_driver.oer4f (.text:rlDriverConstructOutMsg)
                  00013a70    000000b4     sysbios.aer4ft : BIOS.obj (.text:ti_sysbios_gates_GateMutex_enter__E)
                  00013b24    0000000c     rtsv7R4_T_le_v3D16_eabi.lib : _lock.c.obj (.text:_register_lock)
                  00013b30    000000b4     sysbios.aer4ft : BIOS.obj (.text:xdc_runtime_LoggerBuf_setFilterLevel__E)
                  00013be4    000000b2     libuart_xwr68xx.aer4f : uartsci_dma.oer4f (.text:UartSci_openDMA)
                  00013c96    00000002     mmw_mss_per4ft.oer4ft (.text:ti_sysbios_BIOS_nullFunc__I)
                  00013c98    000000b0     libcbuff_xwr68xx.aer4f : cbuff.oer4f (.text:CBUFF_deactivateSession)
                  00013d48    000000b0     libmmwave_xwr68xx.aer4f : mmwave_fullcfg.oer4f (.text:MMWave_addProfile)
                  00013df8    000000b0     libmmwavelink_xwr68xx.aer4f : rl_sensor.oer4f (.text:rlSetProfileConfig)
                  00013ea8    00000008                                 : rl_driver.oer4f (.text:rlDriverGetHandle)
                  00013eb0    000000b0     sysbios.aer4ft : BIOS.obj (.text:ti_sysbios_utils_Load_updateLoads__E)
                  00013f60    000000b0                    : BIOS.obj (.text:xdc_runtime_Text_putMod__E)
                  00014010    000000ae     mmwdemo_adcconfig.oer4f (.text:MmwDemo_ADCBufConfig)
                  000140be    00000002     mmw_mss_per4ft.oer4ft (.text:xdc_runtime_Startup_reset__I)
                  000140c0    000000ad     rtsv7R4_T_le_v3D16_eabi.lib : _printfi.c.obj (.text:_ltostr)
                  0001416d    00000003     --HOLE-- [fill = 0]
                  00014170    000000ac     libesm_xwr68xx.aer4f : esm.oer4f (.text:ESM_processInterrupt)
                  0001421c    000000ac     mss_main.oer4f (.text:MmwDemo_edmaOpen)
                  000142c8    00000008     sysbios.aer4ft : BIOS.obj (.text:ti_sysbios_family_arm_v7a_Pmu_getEnabled__E)
                  000142d0    000000ac                    : BIOS.obj (.text:ti_sysbios_knl_Task_Module_startup__E)
                  0001437c    00000004     mss_main.oer4f (.text:MmwDemo_sleep)
                  00014380    000000ac     sysbios.aer4ft : BIOS.obj (.text:ti_sysbios_utils_Load_startup__E)
                  0001442c    000000a8     libadcbuf_xwr68xx.aer4f : adcbuf_mmwave.oer4f (.text:ADCBUF_MMWave_getChanBufAddr)
                  000144d4    000000a8     libedma_xwr68xx.aer4f : edma_low_level.oer4f (.text:EDMA3Init)
                  0001457c    000000a8     libmmwave_xwr68xx.aer4f : mmwave_link.oer4f (.text:MMWave_configureProfileChirp)
                  00014624    000000a8                             : mmwave_fullcfg.oer4f (.text:MMWave_getBpmChirpHandle)
                  000146cc    000000a8     libpinmux_xwr68xx.aer4f : pinmux.oer4f (.text:Pinmux_Set_OverrideCtrl)
                  00014774    000000a8     libsoc_xwr68xx.aer4f : soc.oer4f (.text:SOC_deregisterSysIntListener)
                  0001481c    000000a8     rtsv7R4_T_le_v3D16_eabi.lib : k_sin.c.obj (.text:__kernel_sin)
                  000148c4    000000a8     libmmwavelink_xwr68xx.aer4f : rl_driver.oer4f (.text:rlDriverWaitForResponse)
                  0001496c    000000a8                                 : rl_sensor.oer4f (.text:rlSetAdvFrameConfig)
                  00014a14    000000a4     libdma_xwr68xx.aer4f : dma.oer4f (.text:DMA_assignChannel)
                  00014ab8    000000a4     libesm_xwr68xx.aer4f : esm.oer4f (.text:ESM_init)
                  00014b5c    000000a4     libmmwave_xwr68xx.aer4f : mmwave_fullcfg.oer4f (.text:MMWave_addBpmChirp)
                  00014c00    000000a4                             : mmwave.oer4f (.text:MMWave_start)
                  00014ca4    000000a4     libqspiflash_xwr68xx.aer4f : qspiflash.oer4f (.text:QSPIFlash_mmapWrite)
                  00014d48    000000a4     libsoc_xwr68xx.aer4f : soc_xwr68xx_mss.oer4f (.text:SOC_unhaltDSS)
                  00014dec    00000004     rtsv7R4_T_le_v3D16_eabi.lib : error.c.obj (.text:__abort_execution)
                  00014df0    000000a2     sysbios.aer4ft : BIOS.obj (.text:xdc_runtime_Text_putSite__E)
                  00014e92    00000002     --HOLE-- [fill = 0]
                  00014e94    000000a0     libqspiflash_xwr68xx.aer4f : qspiflash.oer4f (.text:QSPIFlash_configMmapRead)
                  00014f34    000000a0                                : qspiflash_device_macronix.oer4f (.text:QSPIFlash_macronix_progQuadRead)
                  00014fd4    000000a0     libsoc_xwr68xx.aer4f : soc.oer4f (.text:SOC_registerSysIntListener)
                  00015074    000000a0     auto_init.aer4ft : auto_init.oer4ft (.text)
                  00015114    0000000c     rtsv7R4_T_le_v3D16_eabi.lib : _lock.c.obj (.text:_register_unlock)
                  00015120    000000a0     sysbios.aer4ft : BIOS.obj (.text:ti_sysbios_knl_Task_blockI__E)
                  000151c0    0000009c     libmmwave_xwr68xx.aer4f : mmwave_link.oer4f (.text:MMWave_configLink)
                  0001525c    0000009c     libqspiflash_xwr68xx.aer4f : qspiflash_device_spansion.oer4f (.text:QSPIFlash_spansion_progQuadRead)
                  000152f8    0000009c     libuart_xwr68xx.aer4f : uartsci.oer4f (.text:UartSci_write)
                  00015394    0000009c     rtsv7R4_T_le_v3D16_eabi.lib : memcpy_t2.asm.obj (.text)
                  00015430    0000009c     sysbios.aer4ft : BIOS.obj (.text:ti_sysbios_family_arm_v7r_vim_Hwi_initIntController__I)
                  000154cc    00000004     rtsv7R4_T_le_v3D16_eabi.lib : printf.c.obj (.text:_outc)
                  000154d0    0000009c     sysbios.aer4ft : BIOS.obj (.text:ti_sysbios_family_arm_v7r_vim_Hwi_mapChannel__I)
                  0001556c    00000004     rtsv7R4_T_le_v3D16_eabi.lib : printf.c.obj (.text:_outs)
                  00015570    0000009c     sysbios.aer4ft : BIOS.obj (.text:ti_sysbios_knl_Semaphore_Instance_init__E)
                  0001560c    0000009a     libdpm_xwr68xx.aer4f : dpm_msg.oer4f (.text:DPM_msgResponseHandler)
                  000156a6    00000002     --HOLE-- [fill = 0]
                  000156a8    00000098     libmmwave_xwr68xx.aer4f : mmwave_fullcfg.oer4f (.text:MMWave_getChirpCfg)
                  00015740    00000098     mmwdemo_rfparser.oer4f (.text:MmwDemo_RFParser_parseConfig)
                  000157d8    00000098     sysbios.aer4ft : vim_Hwi_asm_switch.obj (.text)
                  00015870    00000098                    : BIOS.obj (.text:ti_sysbios_utils_Load_taskDeleteHook__E)
                  00015908    00000096     libedma_xwr68xx.aer4f : edma.oer4f (.text:EDMA_getErrorStatusInfo)
                  0001599e    00000096     libhwa_xwr68xx.aer4f : hwa.oer4f (.text:HWA_configRam)
                  00015a34    00000096     libuart_xwr68xx.aer4f : uartsci.oer4f (.text:UartSci_readChar)
                  00015aca    00000094     libcbuff_xwr68xx.aer4f : cbuff_transfer.oer4f (.text:CBUFF_setupNonInterleaved_ADC)
                  00015b5e    00000002     --HOLE-- [fill = 0]
                  00015b60    00000094     mmw_lvds_stream.oer4f (.text:MmwDemo_LVDSStream_EDMAAllocateCBUFFHwChannel)
                  00015bf4    00000094     mmw_lvds_stream.oer4f (.text:MmwDemo_LVDSStream_EDMAAllocateCBUFFSwChannel)
                  00015c88    00000094     libsoc_xwr68xx.aer4f : soc_xwr68xx.oer4f (.text:SOC_gateClock)
                  00015d1c    00000094     libmmwavelink_xwr68xx.aer4f : rl_driver.oer4f (.text:rlDriverDeInit)
                  00015db0    00000094                                 : rl_driver.oer4f (.text:rlDriverMsgReadCmdCtx)
                  00015e44    00000094                                 : rl_driver.oer4f (.text:rlDriverProcRdMsg)
                  00015ed8    00000094     sysbios.aer4ft : vim_Hwi_asm.obj (.text:ti_sysbios_family_arm_v7r_vim_Hwi_dispatchIRQ__I)
                  00015f6c    00000090     libgpio_xwr68xx.aer4f : gpio.oer4f (.text:GPIO_init)
                  00015ffc    00000090     libmailbox_xwr68xx.aer4f : mailbox.oer4f (.text:Mailbox_close)
                  0001608c    00000090     libuart_xwr68xx.aer4f : uartsci_dma.oer4f (.text:UartSci_initiateTxDMA)
                  0001611c    00000090                           : uartsci.oer4f (.text:UartSci_read)
                  000161ac    00000090     rtsv7R4_T_le_v3D16_eabi.lib : fputc.c.obj (.text:fputc)
                  0001623c    00000004                                 : exit.c.obj (.text:abort:abort)
                  00016240    00000090     sysbios.aer4ft : BIOS.obj (.text:ti_sysbios_family_arm_v7a_Pmu_startCounter__E)
                  000162d0    00000090                    : BIOS.obj (.text:ti_sysbios_knl_Task_unblockI__E)
                  00016360    00000090                    : BIOS.obj (.text:xdc_runtime_LoggerBuf_getFilterLevel__E)
                  000163f0    0000008c     libsoc_xwr68xx.aer4f : soc.oer4f (.text:SOC_init)
                  0001647c    0000008c                          : soc_xwr68xx.oer4f (.text:SOC_translateAddress)
                  00016508    0000008c     libuart_xwr68xx.aer4f : uartsci_dma.oer4f (.text:UartSci_initiateRxDMA)
                  00016594    0000008c     libmmwavelink_xwr68xx.aer4f : rl_device.oer4f (.text:rlDevicePowerOn)
                  00016620    0000008c                                 : rl_driver.oer4f (.text:rlDriverMsgReadSpawnCtx)
                  000166ac    00000004     mmw_mss_per4ft.oer4ft (.text:ti_sysbios_BIOS_RtsGateProxy_enter__E)
                  000166b0    0000008c     sysbios.aer4ft : BIOS.obj (.text:ti_sysbios_family_arm_v7a_Pmu_getCount__E)
                  0001673c    00000004     mmw_mss_per4ft.oer4ft (.text:ti_sysbios_BIOS_RtsGateProxy_leave__E)
                  00016740    0000008c     sysbios.aer4ft : BIOS.obj (.text:ti_sysbios_family_arm_v7r_vim_Hwi_Instance_finalize__E)
                  000167cc    00000004     mmw_mss_per4ft.oer4ft (.text:ti_sysbios_family_arm_TaskSupport_Module__startupDone__S)
                  000167d0    0000008c     sysbios.aer4ft : BIOS.obj (.text:xdc_runtime_Memory_alloc__E)
                  0001685c    00000088     objdetrangehwa.oer4f (.text:DPC_ObjectDetection_frameStart)
                  000168e4    00000088     libhwa_xwr68xx.aer4f : hwa.oer4f (.text:HWA_disableParamSetInterrupt)
                  0001696c    00000088     libmmwave_xwr68xx.aer4f : mmwave_fullcfg.oer4f (.text:MMWave_getProfileCfg)
                  000169f4    00000086     libcbuff_xwr68xx.aer4f : cbuff_edma.oer4f (.text:CBUFF_closeEDMA)
                  00016a7a    00000002     --HOLE-- [fill = 0]
                  00016a7c    00000084     libmmwave_xwr68xx.aer4f : mmwave_dualcore.oer4f (.text:MMWave_deviceCfgAsyncEvent)
                  00016b00    00000084                             : mmwave_dualcore.oer4f (.text:MMWave_deviceEventFxn)
                  00016b84    00000084                             : mmwave_fullcfg.oer4f (.text:MMWave_getNumBpmChirp)
                  00016c08    00000084                             : mmwave.oer4f (.text:MMWave_open)
                  00016c8c    00000082     libhwa_xwr68xx.aer4f : hwa.oer4f (.text:HWA_paramDoneISR)
                  00016d0e    00000002     --HOLE-- [fill = 0]
                  00016d10    00000081     libcbuff_xwr68xx.aer4f : cbuff_edma.oer4f (.text:CBUFF_setupEDMAShadowLink)
                  00016d91    00000003     --HOLE-- [fill = 0]
                  00016d94    00000080     libdpm_xwr68xx.aer4f : dpm_mailbox.oer4f (.text:DPM_mboxRemoteMailboxCallbackFxn)
                  00016e14    00000080     libmmwave_xwr68xx.aer4f : mmwave_fullcfg.oer4f (.text:MMWave_getBpmChirpCfg)
                  00016e94    00000080     libsoc_xwr68xx.aer4f : soc.oer4f (.text:SOC_getDeviceRFFreqScaleFactor)
                  00016f14    00000080     libuart_xwr68xx.aer4f : uartsci.oer4f (.text:UartSci_writePolling)
                  00016f94    00000080     rtsv7R4_T_le_v3D16_eabi.lib : fflush.c.obj (.text:fflush)
                  00017014    00000080     libmmwavelink_xwr68xx.aer4f : rl_driver.oer4f (.text:rlDriverExecuteGetApi)
                  00017094    0000000c     sysbios.aer4ft : arm_IntrinsicsSupport_asm.obj (.text:_ti_sysbios_family_arm_IntrinsicsSupport_maxbitA)
                  000170a0    00000080                    : BIOS.obj (.text:ti_sysbios_timers_rti_Timer_initDevice__I)
                  00017120    0000007e     libosal_xwr68xx.aer4f : HwiP_tirtos.oer4f (.text:HwiP_create)
                  0001719e    00000002     --HOLE-- [fill = 0]
                  000171a0    0000007d     libcbuff_xwr68xx.aer4f : cbuff_lvds.oer4f (.text:CBUFF_initLVDSLinkListParams)
                  0001721d    00000003     --HOLE-- [fill = 0]
                  00017220    0000007c     libdpm_xwr68xx.aer4f : dpm_pipe.oer4f (.text:DPM_pipeSend)
                  0001729c    0000007c     libedma_xwr68xx.aer4f : edma.oer4f (.text:EDMA_clearErrors)
                  00017318    0000007c     libmmwave_xwr68xx.aer4f : mmwave_dualcore.oer4f (.text:MMWave_deviceOpenFxn)
                  00017394    0000007c     libmailbox_xwr68xx.aer4f : mailbox.oer4f (.text:Mailbox_init)
                  00017410    0000007c     mmw_lvds_stream.oer4f (.text:MmwDemo_LVDSStream_SwTriggerFrameDone)
                  0001748c    0000007c     libuart_xwr68xx.aer4f : uartsci.oer4f (.text:UartSci_readPolling)
                  00017508    0000007c     sysbios.aer4ft : arm_TaskSupport_asm.obj (.text:_ti_sysbios_family_arm_TaskSupport_buildTaskStack)
                  00017584    0000000c     rtsv7R4_T_le_v3D16_eabi.lib : copy_zero_init.c.obj (.text:decompress:ZI:__TI_zero_init)
                  00017590    0000007c     sysbios.aer4ft : BIOS.obj (.text:xdc_runtime_Core_deleteObject__I)
                  0001760c    0000007a     rtsv7R4_T_le_v3D16_eabi.lib : _printfi.c.obj (.text:_mcpy)
                  00017686    0000007a                                 : memset_t2.asm.obj (.text)
                  00017700    00000078     libadcbuf_xwr68xx.aer4f : adcbuf_mmwave.oer4f (.text:ADCBUF_MMWave_getCQBufAddr)
                  00017778    00000078     libcbuff_xwr68xx.aer4f : cbuff_transfer.oer4f (.text:CBUFF_configUserBufferEDMA)
                  000177f0    00000078                            : cbuff.oer4f (.text:CBUFF_setVC)
                  00017868    00000078     libedma_xwr68xx.aer4f : edma.oer4f (.text:EDMA_configParamSet)
                  000178e0    00000078     libmmwave_xwr68xx.aer4f : mmwave_fullcfg.oer4f (.text:MMWave_getNumChirps)
                  00017958    00000078     libqspiflash_xwr68xx.aer4f : qspiflash.oer4f (.text:QSPIFlash_mmapRead)
                  000179d0    00000078                                : qspiflash.oer4f (.text:QSPIFlash_sectorErase)
                  00017a48    00000078     libqspi_xwr68xx.aer4f : qspi.oer4f (.text:QSPI_cfgRead)
                  00017ac0    00000078     rtsv7R4_T_le_v3D16_eabi.lib : vla_alloc.c.obj (.text:_ZN33_INTERNAL_11_vla_alloc_c_be8bd49b21free_dead_allocationsEPv)
                  00017b38    00000078                                 : vla_alloc.c.obj (.text:__vla_dealloc)
                  00017bb0    00000077     libqspi_xwr68xx.aer4f : qspi.oer4f (.text:QSPI_memAccessCfg)
                  00017c27    00000001     --HOLE-- [fill = 0]
                  00017c28    00000074     objdetrangehwa.oer4f (.text:DPC_ObjectDetection_start)
                  00017c9c    00000074     libmmwave_xwr68xx.aer4f : mmwave.oer4f (.text:MMWave_config)
                  00017d10    00000074                             : mmwave_dualcore.oer4f (.text:MMWave_deviceStartFxn)
                  00017d84    00000074     rtsv7R4_T_le_v3D16_eabi.lib : fclose.c.obj (.text:__TI_closefile)
                  00017df8    00000074     boot.aer4ft : boot.oer4ft (.text)
                  00017e6c    00000074     rtsv7R4_T_le_v3D16_eabi.lib : s_frexp.c.obj (.text:frexp)
                  00017ee0    00000074     libmmwavelink_xwr68xx.aer4f : rl_driver.oer4f (.text:rlDriverAsyncEventHandler)
                  00017f54    00000072                                 : rl_driver.oer4f (.text:rlDriverClientCbCheck)
                  00017fc6    00000002     --HOLE-- [fill = 0]
                  00017fc8    00000070     libhsiheader_xwr68xx.aer4f : hsiheader.oer4f (.text:HSIHeader_deleteHeader)
                  00018038    00000070     libhwa_xwr68xx.aer4f : hwa.oer4f (.text:HWA_getDriverAccess)
                  000180a8    00000070     libmmwave_xwr68xx.aer4f : mmwave_dualcore.oer4f (.text:MMWave_deviceCfgFxn)
                  00018118    00000070     mmwdemo_flash.oer4f (.text:mmwDemo_flashInit)
                  00018188    00000008     mmw_mss_per4ft.oer4ft (.text:xdc_runtime_Text_visitRope__I)
                  00018190    00000070     sysbios.aer4ft : BIOS.obj (.text:xdc_runtime_Error_print__E)
                  00018200    0000006c     libdma_xwr68xx.aer4f : dma.oer4f (.text:DMA_disableChannel)
                  0001826c    0000006c                          : dma.oer4f (.text:DMA_enableChannel)
                  000182d8    0000006c     libdpm_xwr68xx.aer4f : dpm_core.oer4f (.text:DPM_relayResult)
                  00018344    0000006c     libmmwave_xwr68xx.aer4f : mmwave_link.oer4f (.text:MMWave_spawn)
                  000183b0    0000006c     mmw_lvds_stream.oer4f (.text:MmwDemo_LVDSStream_EDMAFreeCBUFFHwChannel)
                  0001841c    0000006c     mmw_lvds_stream.oer4f (.text:MmwDemo_LVDSStream_EDMAFreeCBUFFSwChannel)
                  00018488    0000006c     mmw_lvds_stream.oer4f (.text:MmwDemo_LVDSStream_HwTriggerFrameDone)
                  000184f4    0000006c     libpinmux_xwr68xx.aer4f : pinmux.oer4f (.text:Pinmux_Set_FuncSel)
                  00018560    0000006c     libqspiflash_xwr68xx.aer4f : qspiflash.oer4f (.text:QSPIFlashReadSFDP)
                  000185cc    0000006c     libqspi_xwr68xx.aer4f : qspi.oer4f (.text:QSPI_cfgWrite)
                  00018638    0000006c     rtsv7R4_T_le_v3D16_eabi.lib : copy_decompress_lzss.c.obj (.text:decompress:lzss:__TI_decompress_lzss)
                  000186a4    0000006a     libuart_xwr68xx.aer4f : uartsci.oer4f (.text:UartSci_control)
                  0001870e    00000002     --HOLE-- [fill = 0]
                  00018710    00000068     libdpm_xwr68xx.aer4f : dpm_msg.oer4f (.text:DPM_msgDPCCfgHandler)
                  00018778    00000068     rtsv7R4_T_le_v3D16_eabi.lib : hostlseek.c.obj (.text:HOSTlseek)
                  000187e0    00000068                                 : hostrename.c.obj (.text:HOSTrename)
                  00018848    00000068     libmailbox_xwr68xx.aer4f : mailbox.oer4f (.text:Mailbox_readFlush)
                  000188b0    00000068     mss_main.oer4f (.text:MmwDemo_convertCfarToLinear)
                  00018918    00000068     rtsv7R4_T_le_v3D16_eabi.lib : printf.c.obj (.text:printf)
                  00018980    00000068     librangeproc_hwa_xwr68xx.aer4f : rangeprochwa.oer4f (.text:rangeProcHWA_ConfigEDMATranspose)
                  000189e8    00000068                                    : rangeprochwa.oer4f (.text:rangeProcHWA_ConfigHWACommon)
                  00018a50    00000068     libmmwavelink_xwr68xx.aer4f : rl_driver.oer4f (.text:rlDriverExecuteSetApi)
                  00018ab8    00000068                                 : rl_driver.oer4f (.text:rlDriverHostIrqHandler)
                  00018b20    00000066                                 : rl_device.oer4f (.text:rlDevicePowerOff)
                  00018b86    00000064     libedma_xwr68xx.aer4f : edma.oer4f (.text:EDMA_getTransferControllerErrorStatusInfo)
                  00018bea    00000002     --HOLE-- [fill = 0]
                  00018bec    00000064     libhwa_xwr68xx.aer4f : hwa.oer4f (.text:HWA_getDMAChanIndex)
                  00018c50    00000064     libosal_xwr68xx.aer4f : SemaphoreP_tirtos.oer4f (.text:SemaphoreP_create)
                  00018cb4    00000064     rtsv7R4_T_le_v3D16_eabi.lib : _io_perm.c.obj (.text:__TI_wrt_ok)
                  00018d18    00000064                                 : fseek.c.obj (.text:fseek)
                  00018d7c    00000064     sysbios.aer4ft : exc_Exception_asm.obj (.text:ti_sysbios_family_arm_exc_Exception_initCore0__I)
                  00018de0    00000064                    : BIOS.obj (.text:ti_sysbios_family_arm_v7r_vim_Hwi_phantomIntHandler__I)
                  00018e44    0000000c     rtsv7R4_T_le_v3D16_eabi.lib : fputc.c.obj (.text:putchar)
                  00018e50    00000064     sysbios.aer4ft : BIOS.obj (.text:ti_sysbios_knl_Clock_logTick__E)
                  00018eb4    0000000c     libmmwavelink_xwr68xx.aer4f : rl_driver.oer4f (.text:rlDriverGetPlatformId)
                  00018ec0    00000064     sysbios.aer4ft : BIOS.obj (.text:ti_sysbios_utils_Load_logCPULoad__I)
                  00018f24    0000000c                    : BIOS.obj (.text:ti_sysbios_family_arm_v7a_Pmu_configureCounterI__I)
                  00018f30    00000064                    : BIOS.obj (.text:xdc_runtime_Startup_exec__E)
                  00018f94    00000060     libosal_xwr68xx.aer4f : DebugP_tirtos.oer4f (.text:DebugP_log2)
                  00018ff4    00000060                           : DebugP_tirtos.oer4f (.text:DebugP_log3)
                  00019054    0000000c     sysbios.aer4ft : BIOS.obj (.text:ti_sysbios_family_arm_v7a_Pmu_getCountI__E)
                  00019060    00000060                    : BIOS.obj (.text:ti_sysbios_heaps_HeapMem_alloc__E)
                  000190c0    00000060                    : BIOS.obj (.text:xdc_runtime_Assert_raise__I)
                  00019120    0000005f                    : BIOS.obj (.text:xdc_runtime_Text_putLab__E)
                  0001917f    00000001     --HOLE-- [fill = 0]
                  00019180    0000005e     libuart_xwr68xx.aer4f : uartsci.oer4f (.text:UartSci_writeChar)
                  000191de    00000002     --HOLE-- [fill = 0]
                  000191e0    0000005c     rtsv7R4_T_le_v3D16_eabi.lib : hostopen.c.obj (.text:HOSTopen)
                  0001923c    0000005c                                 : hostread.c.obj (.text:HOSTread)
                  00019298    0000005c     libmmwave_xwr68xx.aer4f : mmwave_link.oer4f (.text:MMWave_mboxOpen)
                  000192f4    0000005c     mss_main.oer4f (.text:MmwDemo_mmWaveCtrlTask)
                  00019350    0000005c     libqspiflash_xwr68xx.aer4f : qspiflash.oer4f (.text:QSPIFlashGetDeviceID)
                  000193ac    0000005c     libsoc_xwr68xx.aer4f : soc.oer4f (.text:SOC_enableLVDS)
                  00019408    00000006     libosal_xwr68xx.aer4f : CycleprofilerP_tirtos.oer4f (.text:CycleprofilerP_getTimeStamp)
                  0001940e    00000002     --HOLE-- [fill = 0]
                  00019410    0000005c     sysbios.aer4ft : BIOS.obj (.text:ti_sysbios_utils_Load_updateCurrentThreadTime__E)
                  0001946c    0000005a     libuart_xwr68xx.aer4f : uartsci.oer4f (.text:UartSci_readCancel)
                  000194c6    0000005a     libmmwavelink_xwr68xx.aer4f : rl_driver.oer4f (.text:rlDriverCalChkSum)
                  00019520    00000058     libdpm_xwr68xx.aer4f : dpm_core.oer4f (.text:DPM_execute)
                  00019578    00000058                          : dpm_mailbox.oer4f (.text:DPM_mboxInit)
                  000195d0    00000058     libosal_xwr68xx.aer4f : DebugP_tirtos.oer4f (.text:DebugP_log0)
                  00019628    00000058                           : DebugP_tirtos.oer4f (.text:DebugP_log1)
                  00019680    00000058     libedma_xwr68xx.aer4f : edma_low_level.oer4f (.text:EDMA3EnableChInShadowReg)
                  000196d8    00000058     libesm_xwr68xx.aer4f : esm.oer4f (.text:ESM_highpriority_FIQ)
                  00019730    00000058     rtsv7R4_T_le_v3D16_eabi.lib : hostwrite.c.obj (.text:HOSTwrite)
                  00019788    00000058     libhwa_xwr68xx.aer4f : hwa.oer4f (.text:HWA_getDMAconfig)
                  000197e0    00000058     libmmwave_xwr68xx.aer4f : mmwave.oer4f (.text:MMWave_execute)
                  00019838    00000058                             : mmwave_link.oer4f (.text:MMWave_initCRC)
                  00019890    00000058     mss_main.oer4f (.text:MmwDemo_EDMA_errorCallbackFxn)
                  000198e8    00000058     mss_main.oer4f (.text:MmwDemo_EDMA_transferControllerErrorCallbackFxn)
                  00019940    00000058     libqspiflash_xwr68xx.aer4f : qspiflash.oer4f (.text:QSPIFlash_configMmapWrite)
                  00019998    00000058     libuart_xwr68xx.aer4f : uartsci_dma.oer4f (.text:UartSci_closeDMA)
                  000199f0    00000058     rtsv7R4_T_le_v3D16_eabi.lib : close.c.obj (.text:close)
                  00019a48    00000058     mmwdemo_flash.oer4f (.text:mmwDemo_flashRead)
                  00019aa0    00000056     libmmwavelink_xwr68xx.aer4f : rl_driver.oer4f (.text:rlDriverOsiCbCheck)
                  00019af6    00000002     --HOLE-- [fill = 0]
                  00019af8    00000054     libcrc_xwr68xx.aer4f : crc.oer4f (.text:CRC_getTransactionId)
                  00019b4c    00000054     libdma_xwr68xx.aer4f : dma.oer4f (.text:DMA_freeChannel)
                  00019ba0    00000054     libedma_xwr68xx.aer4f : edma.oer4f (.text:EDMA_error_isr)
                  00019bf4    00000054     libmmwave_xwr68xx.aer4f : mmwave_link.oer4f (.text:MMWave_initLink)
                  00019c48    00000054     mss_main.oer4f (.text:MmwDemo_CfgUpdate)
                  00019c9c    00000054     libqspiflash_xwr68xx.aer4f : qspiflash.oer4f (.text:QSPIFlash_writeEnable)
                  00019cf0    00000054     rtsv7R4_T_le_v3D16_eabi.lib : ltoa.c.obj (.text:ltoa)
                  00019d44    00000054     mmw_mss_per4ft.oer4ft (.text:ti_sysbios_family_arm_v7r_vim_Hwi_create)
                  00019d98    00000006     objdetrangehwa.oer4f (.text:DPC_ObjDetRangeHwa_GetRangeWinGenLen)
                  00019d9e    00000002     --HOLE-- [fill = 0]
                  00019da0    00000054     sysbios.aer4ft : BIOS.obj (.text:ti_sysbios_heaps_HeapMem_getStats__E)
                  00019df4    0000000c     mmw_mss_per4ft.oer4ft (.text:ti_sysbios_knl_Queue_Object__get__S)
                  00019e00    00000054     sysbios.aer4ft : BIOS.obj (.text:xdc_runtime_Core_assignLabel__I)
                  00019e54    00000052     libdpedma_hwa_xwr68xx.aer4f : dpedma.oer4f (.text:DPEDMA_setup_shadow_link)
                  00019ea6    00000052     rtsv7R4_T_le_v3D16_eabi.lib : _printfi.c.obj (.text:_ecpy)
                  00019ef8    00000050     libcrc_xwr68xx.aer4f : crc.oer4f (.text:CRC_getSignature)
                  00019f48    00000050     libdpm_xwr68xx.aer4f : dpm_core.oer4f (.text:DPM_synch)
                  00019f98    00000050     libedma_xwr68xx.aer4f : edma_low_level.oer4f (.text:EDMA3MapChToEvtQ)
                  00019fe8    00000050     libmmwave_xwr68xx.aer4f : mmwave.oer4f (.text:MMWave_sync)
                  0001a038    00000050     rtsv7R4_T_le_v3D16_eabi.lib : _printfi.c.obj (.text:_pconv_f)
                  0001a088    00000050                                 : atoi.c.obj (.text:atoi)
                  0001a0d8    00000050     mss_main.oer4f (.text:mmwDemo_mssDPMTask)
                  0001a128    00000050     libmmwavelink_xwr68xx.aer4f : rl_driver.oer4f (.text:rlDeviceIdentifyCmdDir)
                  0001a178    00000050                                 : rl_driver.oer4f (.text:rlDriverVerifyCRC)
                  0001a1c8    00000050     rtsv7R4_T_le_v3D16_eabi.lib : u_div32.asm.obj (.text)
                  0001a218    00000006     libdpm_xwr68xx.aer4f : dpm_mailbox.oer4f (.text:DPM_mboxSynch)
                  0001a21e    00000002     --HOLE-- [fill = 0]
                  0001a220    00000050     sysbios.aer4ft : BIOS.obj (.text:xdc_runtime_System_exit__E)
                  0001a270    0000004c     libcli_xwr68xx.aer4f : cli.oer4f (.text:CLI_write)
                  0001a2bc    0000004c     libedma_xwr68xx.aer4f : edma.oer4f (.text:EDMA_disableChannel)
                  0001a308    0000004c                           : edma.oer4f (.text:EDMA_enableChannel)
                  0001a354    0000004c     libhwa_xwr68xx.aer4f : hwa.oer4f (.text:HWA_enableDoneInterrupt)
                  0001a3a0    0000004c     libmailbox_xwr68xx.aer4f : mailbox.oer4f (.text:Mailbox_boxEmptyISRProcessing)
                  0001a3ec    0000004c     libqspiflash_xwr68xx.aer4f : qspiflash_device_macronix.oer4f (.text:QSPIFlash_macronix_init)
                  0001a438    0000004c     libuart_xwr68xx.aer4f : uartsci.oer4f (.text:UartSci_writeCancel)
                  0001a484    0000004c     rtsv7R4_T_le_v3D16_eabi.lib : fflush.c.obj (.text:__TI_doflush)
                  0001a4d0    0000004c                                 : cpy_tbl.c.obj (.text:copy_in)
                  0001a51c    00000004     mmw_mss_per4ft.oer4ft (.text:ti_sysbios_family_arm_v7r_vim_Hwi_delete)
                  0001a520    0000004c     sysbios.aer4ft : BIOS.obj (.text:ti_sysbios_family_arm_v7r_vim_Hwi_getStackInfo__E)
                  0001a56c    0000004c     mmw_mss_per4ft.oer4ft (.text:ti_sysbios_knl_Task_create)
                  0001a5b8    00000006     libedma_xwr68xx.aer4f : edma_low_level.oer4f (.text:EDMA3ClrCCErr)
                  0001a5be    00000002     --HOLE-- [fill = 0]
                  0001a5c0    0000004c     sysbios.aer4ft : BIOS.obj (.text:ti_sysbios_utils_Load_taskSwitchHook__E)
                  0001a60c    0000004a     libdpm_xwr68xx.aer4f : dpm_mailbox.oer4f (.text:DPM_mboxSendResult)
                  0001a656    0000004a     libmailbox_xwr68xx.aer4f : mailbox.oer4f (.text:Mailbox_boxFullISRProcessing)
                  0001a6a0    0000004a     sysbios.aer4ft : BIOS.obj (.text:xdc_runtime_Core_assignParams__I)
                  0001a6ea    00000006     libedma_xwr68xx.aer4f : edma_low_level.oer4f (.text:EDMA3ErrIntrHighStatusGet)
                  0001a6f0    0000004a     sysbios.aer4ft : BIOS.obj (.text:xdc_runtime_Text_xprintf__I)
                  0001a73a    00000002     --HOLE-- [fill = 0]
                  0001a73c    00000049     mmw_lvds_stream.oer4f (.text:MmwDemo_LVDSStream_EDMAAllocateCBUFFChannel)
                  0001a785    00000001     --HOLE-- [fill = 0]
                  0001a786    00000048     libcbuff_xwr68xx.aer4f : cbuff_transfer.oer4f (.text:CBUFF_setup_USER)
                  0001a7ce    00000048     libdpm_xwr68xx.aer4f : dpm_pipe.oer4f (.text:DPM_pipeRecv)
                  0001a816    00000002     --HOLE-- [fill = 0]
                  0001a818    00000048     libhwa_xwr68xx.aer4f : hwa.oer4f (.text:HWA_deleteInstance)
                  0001a860    00000048     mmwdemo_flash.oer4f (.text:mmwDemo_flashWrite)
                  0001a8a8    00000048     libmmwavelink_xwr68xx.aer4f : rl_device.oer4f (.text:rlDeviceGetVersion)
                  0001a8f0    00000048                                 : rl_driver.oer4f (.text:rlDriverOsiInit)
                  0001a938    00000048     mmw_mss_per4ft.oer4ft (.text:xdc_runtime_LoggerBuf_Object__create__S)
                  0001a980    00000046     libmailbox_xwr68xx.aer4f : mailbox.oer4f (.text:CSL_FINSR)
                  0001a9c6    00000002     --HOLE-- [fill = 0]
                  0001a9c8    00000044     libadcbuf_xwr68xx.aer4f : adcbuf_mmwave.oer4f (.text:ADCBUF_MMWave_close)
                  0001aa0c    00000044     libcrc_xwr68xx.aer4f : crc.oer4f (.text:CRC_resetSignature)
                  0001aa50    00000044     objdetrangehwa.oer4f (.text:DPC_ObjectDetection_stop)
                  0001aa94    00000044     libdpm_xwr68xx.aer4f : dpm_core.oer4f (.text:DPM_start)
                  0001aad8    00000044                          : dpm_core.oer4f (.text:DPM_stop)
                  0001ab1c    00000044     rtsv7R4_T_le_v3D16_eabi.lib : hostclose.c.obj (.text:HOSTclose)
                  0001ab60    00000044                                 : hostunlink.c.obj (.text:HOSTunlink)
                  0001aba4    00000044     libmailbox_xwr68xx.aer4f : mailbox.oer4f (.text:Mailbox_boxFullISRMssDss)
                  0001abe8    00000044     libsoc_xwr68xx.aer4f : soc_xwr68xx_mss.oer4f (.text:SOC_resetDMA)
                  0001ac2c    00000044     rtsv7R4_T_le_v3D16_eabi.lib : exit.c.obj (.text:exit)
                  0001ac70    00000044                                 : getdevice.c.obj (.text:getdevice)
                  0001acb4    0000000a     libadcbuf_xwr68xx.aer4f : ADCBuf.oer4f (.text:ADCBuf_control)
                  0001acbe    00000002     --HOLE-- [fill = 0]
                  0001acc0    00000044     sysbios.aer4ft : BIOS.obj (.text:ti_sysbios_family_arm_v7r_tms570_Core_Module_startup__E)
                  0001ad04    0000000a     libadcbuf_xwr68xx.aer4f : ADCBuf.oer4f (.text:ADCBuf_getChanBufAddr)
                  0001ad0e    00000002     --HOLE-- [fill = 0]
                  0001ad10    00000044     sysbios.aer4ft : BIOS.obj (.text:ti_sysbios_knl_Task_allBlockedFunction__I)
                  0001ad54    0000000a     libcbuff_xwr68xx.aer4f : cbuff_lvds.oer4f (.text:CBUFF_deinitLVDS)
                  0001ad5e    00000002     --HOLE-- [fill = 0]
                  0001ad60    00000044     sysbios.aer4ft : BIOS.obj (.text:xdc_runtime_LoggerBuf_Module_startup__E)
                  0001ada4    0000000a     libdpm_xwr68xx.aer4f : dpm_core.oer4f (.text:DPM_chirpISR)
                  0001adae    00000002     --HOLE-- [fill = 0]
                  0001adb0    00000044     sysbios.aer4ft : BIOS.obj (.text:xdc_runtime_System_atexit__E)
                  0001adf4    00000042     libcbuff_xwr68xx.aer4f : cbuff_lvds.oer4f (.text:CBUFF_closeLVDS)
                  0001ae36    00000042     libedma_xwr68xx.aer4f : edma.oer4f (.text:EDMA_transferController_error_isr)
                  0001ae78    00000042     libhwa_xwr68xx.aer4f : hwa.oer4f (.text:HWA_reset)
                  0001aeba    00000042     libmmwave_xwr68xx.aer4f : mmwave_link.oer4f (.text:MMWave_executeLink)
                  0001aefc    00000042     libmmwavelink_xwr68xx.aer4f : rl_controller.oer4f (.text:rlGetSubBlock)
                  0001af3e    00000002     --HOLE-- [fill = 0]
                  0001af40    00000040     libedma_xwr68xx.aer4f : edma.oer4f (.text:EDMA_linkParamSets)
                  0001af80    00000040     libhwa_xwr68xx.aer4f : hwa.oer4f (.text:HWA_getHWAMemInfo)
                  0001afc0    00000040     libqspiflash_xwr68xx.aer4f : qspiflash.oer4f (.text:QSPIFlash_progQuadRead)
                  0001b000    00000040                                : qspiflash_device_spansion.oer4f (.text:QSPIFlash_spansion_init)
                  0001b040    00000040     rtsv7R4_T_le_v3D16_eabi.lib : _printfi.c.obj (.text:_fcpy)
                  0001b080    00000040     libmmwavelink_xwr68xx.aer4f : rl_driver.oer4f (.text:rlDriverValidateHdr)
                  0001b0c0    00000040     sysbios.aer4ft : BIOS.obj (.text:ti_sysbios_timers_rti_Timer_stop__E)
                  0001b100    00000040     rtsv7R4_T_le_v3D16_eabi.lib : vsnprintf.c.obj (.text:vsnprintf)
                  0001b140    0000003e     libadcbuf_xwr68xx.aer4f : adcbuf_mmwave.oer4f (.text:CSL_FINSR)
                  0001b17e    0000003e     libcbuff_xwr68xx.aer4f : cbuff.oer4f (.text:CSL_FINSR)
                  0001b1bc    0000003e                            : cbuff_lvds.oer4f (.text:CSL_FINSR)
                  0001b1fa    0000003e     libcrc_xwr68xx.aer4f : crc.oer4f (.text:CSL_FINSR)
                  0001b238    0000003e     libdma_xwr68xx.aer4f : dma.oer4f (.text:CSL_FINSR)
                  0001b276    0000003e     libgpio_xwr68xx.aer4f : gpio.oer4f (.text:CSL_FINSR)
                  0001b2b4    0000003e     libhwa_xwr68xx.aer4f : hwa.oer4f (.text:CSL_FINSR)
                  0001b2f2    0000003e     libpinmux_xwr68xx.aer4f : pinmux.oer4f (.text:CSL_FINSR)
                  0001b330    0000003e     libqspi_xwr68xx.aer4f : qspi.oer4f (.text:CSL_FINSR)
                  0001b36e    0000003e     libsoc_xwr68xx.aer4f : soc.oer4f (.text:CSL_FINSR)
                  0001b3ac    0000003e                          : soc_xwr68xx.oer4f (.text:CSL_FINSR)
                  0001b3ea    0000003e                          : soc_xwr68xx_mss.oer4f (.text:CSL_FINSR)
                  0001b428    0000003e     libuart_xwr68xx.aer4f : uartsci.oer4f (.text:CSL_FINSR)
                  0001b466    0000003e     libdpm_xwr68xx.aer4f : dpm_msg.oer4f (.text:DPM_msgStopHandler)
                  0001b4a4    0000003e     libhwa_xwr68xx.aer4f : hwa.oer4f (.text:HWA_enable)
                  0001b4e2    0000003e     libmmwave_xwr68xx.aer4f : mmwave.oer4f (.text:MMWave_decodeError)
                  0001b520    0000003e     libuart_xwr68xx.aer4f : uartsci.oer4f (.text:UartSci_close)
                  0001b55e    0000003e     mmwdemo_monitor.oer4f (.text:mmwDemo_cfgAnalogMonitor)
                  0001b59c    0000003e     mmw_mss_per4ft.oer4ft (.text:realloc)
                  0001b5da    0000003c     libcbuff_xwr68xx.aer4f : cbuff_transfer.oer4f (.text:CBUFF_configCQEDMA)
                  0001b616    00000002     --HOLE-- [fill = 0]
                  0001b618    0000003c     libedma_xwr68xx.aer4f : edma.oer4f (.text:EDMA_chainChannels)
                  0001b654    0000003c     libmailbox_xwr68xx.aer4f : mailbox.oer4f (.text:Mailbox_writeReset)
                  0001b690    0000003c     libsoc_xwr68xx.aer4f : soc_xwr68xx_mss.oer4f (.text:SOC_isSecureDevice)
                  0001b6cc    0000003c                          : soc.oer4f (.text:SOC_unhaltBSS)
                  0001b708    0000003c     rtsv7R4_T_le_v3D16_eabi.lib : trgmsg.c.obj (.text:__TI_writemsg)
                  0001b744    0000003c     sysbios.aer4ft : vim_Hwi_asm.obj (.text:ti_sysbios_family_arm_v7r_vim_Hwi_init__I)
                  0001b780    0000003c                    : BIOS.obj (.text:ti_sysbios_hal_Hwi_checkStack)
                  0001b7bc    00000004     mmw_mss_per4ft.oer4ft (.text:ti_sysbios_heaps_HeapMem_Module_GateProxy_enter__E)
                  0001b7c0    0000003c     sysbios.aer4ft : BIOS.obj (.text:ti_sysbios_heaps_HeapMem_init__I)
                  0001b7fc    0000003a     libhwa_xwr68xx.aer4f : hwa.oer4f (.text:HWA_setDMA2ACCManualTrig)
                  0001b836    00000002     --HOLE-- [fill = 0]
                  0001b838    0000003a     libosal_xwr68xx.aer4f : HwiP_tirtos.oer4f (.text:HwiP_delete)
                  0001b872    00000038     libcbuff_xwr68xx.aer4f : cbuff_transfer.oer4f (.text:CBUFF_addUserBufferLLEntry)
                  0001b8aa    00000038                            : cbuff_transfer.oer4f (.text:CBUFF_setupHeader)
                  0001b8e2    00000002     --HOLE-- [fill = 0]
                  0001b8e4    00000038     objdetrangehwa.oer4f (.text:DPC_ObjectDetection_deinit)
                  0001b91c    00000038     libdpm_xwr68xx.aer4f : dpm_core.oer4f (.text:DPM_notifyExecute)
                  0001b954    00000038     libedma_xwr68xx.aer4f : edma_low_level.oer4f (.text:EDMA3ClrMissEvt)
                  0001b98c    00000038     libuart_xwr68xx.aer4f : UART.oer4f (.text:UART_init)
                  0001b9c4    00000036     libmmwavelink_xwr68xx.aer4f : rl_controller.oer4f (.text:rlAppendSubBlock)
                  0001b9fa    00000036     rtsv7R4_T_le_v3D16_eabi.lib : strncpy.c.obj (.text:strncpy)
                  0001ba30    00000034     libadcbuf_xwr68xx.aer4f : ADCBuf.oer4f (.text:ADCBuf_open)
                  0001ba64    00000034     libedma_xwr68xx.aer4f : edma.oer4f (.text:EDMA_configTransferControllerError)
                  0001ba98    00000034     libhwa_xwr68xx.aer4f : hwa.oer4f (.text:HWA_disableDoneInterrupt)
                  0001bacc    00000034     libmmwave_xwr68xx.aer4f : mmwave_link.oer4f (.text:MMWave_mboxWrite)
                  0001bb00    00000034     libsoc_xwr68xx.aer4f : soc_xwr68xx.oer4f (.text:SOC_enableHWA)
                  0001bb34    00000034                          : soc_xwr68xx_mss.oer4f (.text:SOC_hasDSPCore)
                  0001bb68    00000034                          : soc_xwr68xx.oer4f (.text:SOC_setMMWaveDSSLinkState)
                  0001bb9c    00000034                          : soc_xwr68xx.oer4f (.text:SOC_setMMWaveMSSLinkState)
                  0001bbd0    00000034                          : soc_xwr68xx.oer4f (.text:SOC_setMSSLinkState)
                  0001bc04    00000034     libuart_xwr68xx.aer4f : UART.oer4f (.text:UART_open)
                  0001bc38    00000034     rtsv7R4_T_le_v3D16_eabi.lib : fopen.c.obj (.text:__TI_cleanup)
                  0001bc6c    00000034                                 : trgmsg.c.obj (.text:__TI_readmsg)
                  0001bca0    00000034                                 : getdevice.c.obj (.text:finddevice)
                  0001bcd4    0000000a     libdpm_xwr68xx.aer4f : dpm_core.oer4f (.text:DPM_frameStartISR)
                  0001bcde    00000002     --HOLE-- [fill = 0]
                  0001bce0    00000034     sysbios.aer4ft : BIOS.obj (.text:ti_sysbios_family_arm_a15_TimestampProvider_get64__E)
                  0001bd14    00000034     mmw_mss_per4ft.oer4ft (.text:ti_sysbios_knl_Semaphore_create)
                  0001bd48    00000032     libcrc_xwr68xx.aer4f : crc.oer4f (.text:CRC_getCRCDataSelectBitValue)
                  0001bd7a    00000002     --HOLE-- [fill = 0]
                  0001bd7c    00000032                          : crc.oer4f (.text:CRC_getCRCTypeBitValue)
                  0001bdae    00000032     libedma_xwr68xx.aer4f : edma.oer4f (.text:EDMA_configQueueThreshold)
                  0001bde0    00000032     libhwa_xwr68xx.aer4f : hwa.oer4f (.text:HWA_allParamDoneISR)
                  0001be12    0000000e     libosal_xwr68xx.aer4f : SemaphoreP_tirtos.oer4f (.text:SemaphoreP_delete)
                  0001be20    00000032     sysbios.aer4ft : BIOS.obj (.text:ti_sysbios_hal_Hwi_initStack)
                  0001be52    00000002     --HOLE-- [fill = 0]
                  0001be54    00000030     libadcbuf_xwr68xx.aer4f : ADCBuf.oer4f (.text:ADCBuf_init)
                  0001be84    00000030     libcbuff_xwr68xx.aer4f : cbuff_transfer.oer4f (.text:CBUFF_addCQLLEntry)
                  0001beb4    00000030     libmmwave_xwr68xx.aer4f : mmwave_listlib.oer4f (.text:MMWave_listRemoveNode)
                  0001bee4    00000030     libsoc_xwr68xx.aer4f : soc.oer4f (.text:SOC_getDevicePartNumber)
                  0001bf14    00000030     rtsv7R4_T_le_v3D16_eabi.lib : vsnprintf.c.obj (.text:_outs)
                  0001bf44    00000030     libmmwavelink_xwr68xx.aer4f : rl_sensor.oer4f (.text:rlSensorStart)
                  0001bf74    00000030     mmw_mss_per4ft.oer4ft (.text:ti_sysbios_BIOS_startFunc__I)
                  0001bfa4    0000000a     libosal_xwr68xx.aer4f : MemoryP_tirtos.oer4f (.text:MemoryP_ctrlFree)
                  0001bfae    00000002     --HOLE-- [fill = 0]
                  0001bfb0    00000030     sysbios.aer4ft : BIOS.obj (.text:ti_sysbios_family_arm_TaskSupport_start__E)
                  0001bfe0    00000030     mmw_mss_per4ft.oer4ft (.text:ti_sysbios_gates_GateHwi_Object__create__S)
                  0001c010    00000030     mmw_mss_per4ft.oer4ft (.text:ti_sysbios_gates_GateMutex_Object__create__S)
                  0001c040    00000030     mmw_mss_per4ft.oer4ft (.text:ti_sysbios_heaps_HeapMem_Object__create__S)
                  0001c070    00000030     sysbios.aer4ft : BIOS.obj (.text:ti_sysbios_heaps_HeapMem_free__E)
                  0001c0a0    00000030     mmw_mss_per4ft.oer4ft (.text:ti_sysbios_knl_Semaphore_construct)
                  0001c0d0    0000002f     sysbios.aer4ft : BIOS.obj (.text:xdc_runtime_Text_printVisFxn__I)
                  0001c0ff    00000001     --HOLE-- [fill = 0]
                  0001c100    0000002e     libdpm_xwr68xx.aer4f : dpm_msg.oer4f (.text:DPM_msgStartHandler)
                  0001c12e    0000002e     objdetrangehwa.oer4f (.text:_DPC_Objdet_Assert)
                  0001c15c    00000004     mmw_mss_per4ft.oer4ft (.text:ti_sysbios_heaps_HeapMem_Module_GateProxy_leave__E)
                  0001c160    0000002e     sysbios.aer4ft : BIOS.obj (.text:ti_sysbios_knl_Semaphore_pendTimeout__I)
                  0001c18e    0000002e     mmw_mss_per4ft.oer4ft (.text:ti_sysbios_rts_MemAlloc_alloc)
                  0001c1bc    0000002c     libdpm_xwr68xx.aer4f : dpm_pipe.oer4f (.text:DPM_pipeInit)
                  0001c1e8    0000002c     libedma_xwr68xx.aer4f : edma.oer4f (.text:EDMA_validate_channelIdchannelType)
                  0001c214    0000002c     libgpio_xwr68xx.aer4f : gpio.oer4f (.text:GPIO_HighPriorityISR)
                  0001c240    0000002c                           : gpio.oer4f (.text:GPIO_LowPriorityISR)
                  0001c26c    0000002c     libmmwave_xwr68xx.aer4f : mmwave_osal.oer4f (.text:MMWave_osalMutexCreate)
                  0001c298    0000002c                             : mmwave_osal.oer4f (.text:MMWave_osalSemCreate)
                  0001c2c4    0000002c     libsoc_xwr68xx.aer4f : soc_xwr68xx_mss.oer4f (.text:SOC_waitBSSPowerUp)
                  0001c2f0    0000002c     libmmwavelink_xwr68xx.aer4f : rl_device.oer4f (.text:rlDeviceGetMssVersion)
                  0001c31c    0000002c     mmw_mss_per4ft.oer4ft (.text:ti_sysbios_BIOS_atExitFunc__I)
                  0001c348    0000002c     mmw_mss_per4ft.oer4ft (.text:ti_sysbios_knl_Clock_doTick__I)
                  0001c374    0000002c     mmw_mss_per4ft.oer4ft (.text:ti_sysbios_knl_Queue_construct)
                  0001c3a0    0000002c     sysbios.aer4ft : BIOS.obj (.text:ti_sysbios_timers_rti_Timer_periodicStub__E)
                  0001c3cc    0000002c     rtsv7R4_T_le_v3D16_eabi.lib : unlink.c.obj (.text:unlink)
                  0001c3f8    0000002a     objdetrangehwa.oer4f (.text:DPC_ObjDetRangeHwa_MemPoolAlloc)
                  0001c422    0000002a     libdpm_xwr68xx.aer4f : dpm_pipe.oer4f (.text:DPM_pipeDeinit)
                  0001c44c    0000002a     libedma_xwr68xx.aer4f : edma.oer4f (.text:EDMA_isError)
                  0001c476    0000002a     mmwdemo_adcconfig.oer4f (.text:MmwDemo_ADCBufOpen)
                  0001c4a0    0000002a     libsoc_xwr68xx.aer4f : soc.oer4f (.text:SOC_SystemISR)
                  0001c4ca    0000002a     libmmwavelink_xwr68xx.aer4f : rl_device.oer4f (.text:rlDeviceGetMmWaveLinkVersion)
                  0001c4f4    00000028     libcbuff_xwr68xx.aer4f : cbuff.oer4f (.text:CBUFF_ErrorISR)
                  0001c51c    00000028                            : cbuff.oer4f (.text:CBUFF_FrameStartISR)
                  0001c544    00000028     objdetrangehwa.oer4f (.text:DPC_ObjDetRangeHwa_reconfigSubFrame)
                  0001c56c    00000028     libdpm_xwr68xx.aer4f : dpm_mailbox.oer4f (.text:DPM_mboxDeinit)
                  0001c594    00000028                          : dpm_msg.oer4f (.text:DPM_msgInitHeader)
                  0001c5bc    00000028     librangeproc_hwa_xwr68xx.aer4f : rangeprochwa.oer4f (.text:DPU_RangeProcHWA_deinit)
                  0001c5e4    00000028     libmailbox_xwr68xx.aer4f : mailbox.oer4f (.text:Mailbox_Config_init)
                  0001c60c    00000028     mmw_cli.oer4f (.text:MmwDemo_CLIInit)
                  0001c634    00000028     libqspiflash_xwr68xx.aer4f : qspiflash.oer4f (.text:QSPIFlash_getExtFlashAddr)
                  0001c65c    00000028     libuart_xwr68xx.aer4f : uartsci_dma.oer4f (.text:UartSci_RxDMACallbackFxn)
                  0001c684    00000028                           : uartsci_dma.oer4f (.text:UartSci_TxDMACallbackFxn)
                  0001c6ac    00000028     rtsv7R4_T_le_v3D16_eabi.lib : lseek.c.obj (.text:lseek)
                  0001c6d4    00000028     mmwdemo_flash.oer4f (.text:mmwDemo_flashEraseOneSector)
                  0001c6fc    00000028     libmmwavelink_xwr68xx.aer4f : rl_driver.oer4f (.text:rlDriverConstructInMsg)
                  0001c724    0000000a     libosal_xwr68xx.aer4f : SemaphoreP_tirtos.oer4f (.text:SemaphoreP_post)
                  0001c72e    00000002     --HOLE-- [fill = 0]
                  0001c730    00000028     sysbios.aer4ft : BIOS.obj (.text:ti_sysbios_knl_Idle_run__E)
                  0001c758    00000028     rtsv7R4_T_le_v3D16_eabi.lib : write.c.obj (.text:write)
                  0001c780    00000028     sysbios.aer4ft : BIOS.obj (.text:xdc_runtime_SysStd_abort__E)
                  0001c7a8    00000006     libedma_xwr68xx.aer4f : edma_low_level.oer4f (.text:EDMA3GetCCErrStatus)
                  0001c7ae    00000002     --HOLE-- [fill = 0]
                  0001c7b0    00000028     sysbios.aer4ft : BIOS.obj (.text:xdc_runtime_System_aprintf_va__F)
                  0001c7d8    00000026     rtsv7R4_T_le_v3D16_eabi.lib : memcmp.c.obj (.text:memcmp)
                  0001c7fe    00000026     mmwdemo_monitor.oer4f (.text:mmwDemo_cfgRxSaturationMonitor)
                  0001c824    00000026     libmmwavelink_xwr68xx.aer4f : rl_monitoring.oer4f (.text:rlRfAnaMonConfig)
                  0001c84a    00000026                                 : rl_sensor.oer4f (.text:rlRfGetTemperatureReport)
                  0001c870    00000026                                 : rl_sensor.oer4f (.text:rlRfInitCalibConfig)
                  0001c896    00000026                                 : rl_sensor.oer4f (.text:rlRfRunTimeCalibConfig)
                  0001c8bc    00000026                                 : rl_monitoring.oer4f (.text:rlRfRxIfSatMonConfig)
                  0001c8e2    00000026                                 : rl_monitoring.oer4f (.text:rlRfRxSigImgMonConfig)
                  0001c908    00000026                                 : rl_sensor.oer4f (.text:rlRfSetCalMonFreqLimitConfig)
                  0001c92e    00000026                                 : rl_sensor.oer4f (.text:rlRfSetDeviceCfg)
                  0001c954    00000026                                 : rl_sensor.oer4f (.text:rlRfSetLdoBypassConfig)
                  0001c97a    00000026                                 : rl_sensor.oer4f (.text:rlSetAdcOutConfig)
                  0001c9a0    00000026                                 : rl_sensor.oer4f (.text:rlSetBpmCommonConfig)
                  0001c9c6    00000026                                 : rl_sensor.oer4f (.text:rlSetChannelConfig)
                  0001c9ec    00000026                                 : rl_sensor.oer4f (.text:rlSetContModeConfig)
                  0001ca12    0000000e     rtsv7R4_T_le_v3D16_eabi.lib : copy_decompress_none.c.obj (.text:decompress:none:__TI_decompress_none)
                  0001ca20    00000026     sysbios.aer4ft : BIOS.obj (.text:xdc_runtime_System_printf_va__F)
                  0001ca46    00000002     --HOLE-- [fill = 0]
                  0001ca48    00000025     mss_main.oer4f (.text:_MmwDemo_debugAssert)
                  0001ca6d    00000001     --HOLE-- [fill = 0]
                  0001ca6e    00000024     libcrc_xwr68xx.aer4f : crc.oer4f (.text:CRC_isTransactionIdValid)
                  0001ca92    00000002     --HOLE-- [fill = 0]
                  0001ca94    00000024     libedma_xwr68xx.aer4f : edma_low_level.oer4f (.text:EDMA3ClrEvt)
                  0001cab8    00000024                           : edma_low_level.oer4f (.text:EDMA3ClrIntr)
                  0001cadc    00000024                           : edma_low_level.oer4f (.text:EDMA3DisableDmaEvt)
                  0001cb00    00000024                           : edma_low_level.oer4f (.text:EDMA3DisableEvtIntr)
                  0001cb24    00000024                           : edma_low_level.oer4f (.text:EDMA3EnableDmaEvt)
                  0001cb48    00000024                           : edma_low_level.oer4f (.text:EDMA3EnableEvtIntr)
                  0001cb6c    00000024                           : edma.oer4f (.text:EDMA_clearTransferControllerErrors)
                  0001cb90    00000024     libgpio_xwr68xx.aer4f : gpio.oer4f (.text:GPIO_processInterrupt)
                  0001cbb4    00000024     libhsiheader_xwr68xx.aer4f : hsiheader.oer4f (.text:HSIHeader_processUserBuffer)
                  0001cbd8    00000024     libsoc_xwr68xx.aer4f : soc_xwr68xx.oer4f (.text:SOC_isDSSOperational)
                  0001cbfc    00000024                          : soc_xwr68xx.oer4f (.text:SOC_isMMWaveDSSOperational)
                  0001cc20    00000024                          : soc_xwr68xx.oer4f (.text:SOC_isMMWaveMSSOperational)
                  0001cc44    00000024     libmmwavelink_xwr68xx.aer4f : rl_device.oer4f (.text:rlDeviceSetHsiClk)
                  0001cc68    00000024                                 : rl_sensor.oer4f (.text:rlEnableContMode)
                  0001cc8c    00000024                                 : rl_sensor.oer4f (.text:rlRfSetCalMonTimeUnitConfig)
                  0001ccb0    00000024                                 : rl_sensor.oer4f (.text:rlSetLowPowerModeConfig)
                  0001ccd4    00000024     mmw_mss_per4ft.oer4ft (.text:ti_sysbios_BIOS_registerRTSLock__I)
                  0001ccf8    00000024     mmw_mss_per4ft.oer4ft (.text:ti_sysbios_BIOS_removeRTSLock__I)
                  0001cd1c    00000024     mmw_mss_per4ft.oer4ft (.text:ti_sysbios_gates_GateMutex_Object__delete__S)
[...]
0001ebe8  ti_sysbios_knl_Task_LM_switch__C                                     
0001ebec  ti_sysbios_knl_Task_Module_State_inactiveQ__O                        
0001ebf0  ti_sysbios_knl_Task_Module__diagsEnabled__C                          
0001ebf4  ti_sysbios_knl_Task_Module__diagsIncluded__C                         
0001ebf8  ti_sysbios_knl_Task_Module__diagsMask__C                             
0001ebfc  ti_sysbios_knl_Task_Module__loggerFxn2__C                            
0001ec00  ti_sysbios_knl_Task_Module__loggerFxn4__C                            
0001ec04  ti_sysbios_knl_Task_Module__loggerObj__C                             
0001ec08  ti_sysbios_knl_Task_Object__count__C                                 
0001ec0c  ti_sysbios_knl_Task_Object__heap__C                                  
0001ec10  ti_sysbios_knl_Task_allBlockedFunc__C                                
0001ec14  ti_sysbios_knl_Task_defaultStackHeap__C                              
0001ec18  ti_sysbios_knl_Task_defaultStackSize__C                              
0001ec1c  ti_sysbios_knl_Task_numConstructedTasks__C                           
0001ec20  ti_sysbios_timers_rti_Timer_E_cannotSupport__C                       
0001ec24  ti_sysbios_timers_rti_Timer_Module__diagsEnabled__C                  
0001ec28  ti_sysbios_timers_rti_Timer_Module__diagsIncluded__C                 
0001ec2c  ti_sysbios_timers_rti_Timer_Module__diagsMask__C                     
0001ec30  ti_sysbios_timers_rti_Timer_numTimerDevices__C                       
0001ec34  ti_sysbios_timers_rti_Timer_startupNeeded__C                         
0001ec38  ti_sysbios_utils_Load_LS_cpuLoad__C                                  
0001ec3c  ti_sysbios_utils_Load_LS_taskLoad__C                                 
0001ec40  ti_sysbios_utils_Load_Module_State_taskList__O                       
0001ec44  ti_sysbios_utils_Load_Module__diagsEnabled__C                        
0001ec48  ti_sysbios_utils_Load_Module__diagsIncluded__C                       
0001ec4c  ti_sysbios_utils_Load_Module__diagsMask__C                           
0001ec50  ti_sysbios_utils_Load_Module__loggerFxn1__C                          
0001ec54  ti_sysbios_utils_Load_Module__loggerFxn4__C                          
0001ec58  ti_sysbios_utils_Load_Module__loggerObj__C                           
0001ec5c  ti_sysbios_utils_Load_postUpdate__C                                  
0001ec60  ti_sysbios_utils_Load_windowInMs__C                                  
0001ec64  xdc_runtime_Assert_E_assertFailed__C                                 
0001ec68  xdc_runtime_Core_A_initializedParams__C                              
0001ec6c  xdc_runtime_Core_Module__diagsEnabled__C                             
0001ec70  xdc_runtime_Core_Module__diagsIncluded__C                            
0001ec74  xdc_runtime_Core_Module__diagsMask__C                                
0001ec78  xdc_runtime_Error_E_memory__C                                        
0001ec7c  xdc_runtime_Error_Module__diagsEnabled__C                            
0001ec80  xdc_runtime_Error_Module__diagsIncluded__C                           
0001ec84  xdc_runtime_Error_Module__diagsMask__C                               
0001ec88  xdc_runtime_Error_Module__loggerFxn8__C                              
0001ec8c  xdc_runtime_Error_Module__loggerObj__C                               
0001ec90  xdc_runtime_Error_policyFxn__C                                       
0001ec94  xdc_runtime_Error_policy__C                                          
0001ec98  xdc_runtime_Error_raiseHook__C                                       
0001ec9c  xdc_runtime_IFilterLogger_Interface__BASE__C                         
0001eca0  xdc_runtime_IGateProvider_Interface__BASE__C                         
0001eca4  xdc_runtime_IHeap_Interface__BASE__C                                 
0001eca8  xdc_runtime_ILogger_Interface__BASE__C                               
0001ecac  xdc_runtime_IModule_Interface__BASE__C                               
0001ecb0  xdc_runtime_Log_L_error__C                                           
0001ecb4  xdc_runtime_LoggerBuf_E_badLevel__C                                  
0001ecb8  xdc_runtime_LoggerBuf_Module__gateObj__C                             
0001ecbc  xdc_runtime_LoggerBuf_Object__count__C                               
0001ecc0  xdc_runtime_LoggerBuf_statusLogger__C                                
0001ecc4  xdc_runtime_Main_Module__diagsEnabled__C                             
0001ecc8  xdc_runtime_Main_Module__diagsIncluded__C                            
0001eccc  xdc_runtime_Main_Module__diagsMask__C                                
0001ecd0  xdc_runtime_Main_Module__loggerFxn1__C                               
0001ecd4  xdc_runtime_Main_Module__loggerFxn2__C                               
0001ecd8  xdc_runtime_Main_Module__loggerFxn4__C                               
0001ecdc  xdc_runtime_Main_Module__loggerObj__C                                
0001ece0  xdc_runtime_Memory_defaultHeapInstance__C                            
0001ece4  xdc_runtime_Startup_execImpl__C                                      
0001ece8  xdc_runtime_Startup_maxPasses__C                                     
0001ecec  xdc_runtime_Startup_sfxnRts__C                                       
0001ecf0  xdc_runtime_Startup_sfxnTab__C                                       
0001ecf4  xdc_runtime_System_Module__gateObj__C                                
0001ecf8  xdc_runtime_System_abortFxn__C                                       
0001ecfc  xdc_runtime_System_exitFxn__C                                        
0001ed00  xdc_runtime_System_extendFxn__C                                      
0001ed04  xdc_runtime_System_maxAtexitHandlers__C                              
0001ed08  xdc_runtime_Text_charTab__C                                          
0001ed0c  xdc_runtime_Text_nameEmpty__C                                        
0001ed10  xdc_runtime_Text_nameStatic__C                                       
0001ed14  xdc_runtime_Text_nameUnknown__C                                      
0001ed18  xdc_runtime_Text_visitRopeFxn__C                                     
0001ed1c  ti_sysbios_family_arm_v7a_Pmu_Module__id__C                          
0001ed1e  ti_sysbios_family_arm_v7r_tms570_Core_Module__id__C                  
0001ed20  ti_sysbios_family_arm_v7r_vim_Hwi_Module__id__C                      
0001ed22  ti_sysbios_family_arm_v7r_vim_Hwi_Module__loggerDefined__C           
0001ed24  ti_sysbios_gates_GateMutex_Module__id__C                             
0001ed26  ti_sysbios_hal_Hwi_Module__id__C                                     
0001ed28  ti_sysbios_heaps_HeapMem_Module__id__C                               
0001ed2a  ti_sysbios_knl_Clock_Module__id__C                                   
0001ed2c  ti_sysbios_knl_Clock_Module__loggerDefined__C                        
0001ed2e  ti_sysbios_knl_Semaphore_Module__id__C                               
0001ed30  ti_sysbios_knl_Semaphore_Module__loggerDefined__C                    
0001ed32  ti_sysbios_knl_Task_Module__id__C                                    
0001ed34  ti_sysbios_knl_Task_Module__loggerDefined__C                         
0001ed36  ti_sysbios_timers_rti_Timer_Module__id__C                            
0001ed38  ti_sysbios_timers_rti_Timer_continueOnSuspend__C                     
0001ed3a  ti_sysbios_utils_Load_Module__id__C                                  
0001ed3c  ti_sysbios_utils_Load_Module__loggerDefined__C                       
0001ed3e  ti_sysbios_utils_Load_autoAddTasks__C                                
0001ed40  ti_sysbios_utils_Load_updateInIdle__C                                
0001ed42  xdc_runtime_Core_Module__id__C                                       
0001ed44  xdc_runtime_Error_Module__loggerDefined__C                           
0001ed46  xdc_runtime_Error_maxDepth__C                                        
0001ed48  xdc_runtime_LoggerBuf_Module__id__C                                  
0001ed4a  xdc_runtime_LoggerBuf_filterByLevel__C                               
0001ed4c  xdc_runtime_Main_Module__id__C                                       
0001ed4e  xdc_runtime_Main_Module__loggerDefined__C                            
0001ed50  xdc_runtime_Memory_Module__id__C                                     
0001ed52  xdc_runtime_Text_charCnt__C                                          
0001ed54  xdc_runtime_Text_isLoaded__C                                         
0001ed56  xdc_runtime_Text_registryModsLastId__C                               
0001ed58  xdc_runtime_Text_unnamedModsLastId__C                                
0001ed60  __TI_static_base__                                                   
0001f194  __TI_Handler_Table_Base                                              
0001f1a0  __TI_Handler_Table_Limit                                             
0001f1c8  __TI_CINIT_Base                                                      
0001f1f8  __TI_CINIT_Limit                                                     
08000000  ti_sysbios_heaps_HeapMem_Instance_State_0_buf__A                     
08009000  xdc_runtime_LoggerBuf_Instance_State_0_entryArr__A                   
0800a900  ti_sysbios_family_arm_exc_Exception_Module_State_0_excStack_0__A     
0800b900  edmaDbg                                                              
0800bde8  ti_sysbios_knl_Task_Instance_State_0_stack__A                        
0800c108  gCLI                                                                 
0800c2b0  gGPIOMCB                                                             
0800c444  __CIOBUF_                                                            
0800c564  gMMWave_MCB                                                          
0800c664  __TI_tmpnams                                                         
0800c704  gObjDetObj                                                           
0800c708  gHSIHeaderMCB                                                        
0800c798  gEsmMCB                                                              
0800c824  gMmwDemoFlash                                                        
0800c830  gMMWave_DualcoreMCB                                                  
0800c838  parmbuf                                                              
0800c840  ti_sysbios_knl_Task_Instance_State_0_hookEnv__A                      
0800c848  gRFLdoBypassCfg                                                      
0800c84c  gtsIdx                                                               
0800c850  gts                                                                  
0800c9e0  gCalibDataStorage                                                    
0800ce40  gMmwMssMCB                                                           
0800d670  rl_txMsg                                                             
0800d770  rl_rxMsg                                                             
0800da58  ti_sysbios_family_arm_v7r_vim_Hwi_Module_State_0_dispatchTable__A    
0800dc58  _ftable                                                              
0800dd48  ti_sysbios_utils_Load_Module__state__V                               
0800dde0  ti_sysbios_knl_Task_Module_State_0_readyQ__A                         
0800de60  _device                                                              
0800ded8  gCBUFFHwAttribute                                                    
0800df50  ti_sysbios_knl_Task_Object__table__V                                 
0800dfac  gUartSciHwCfg                                                        
0800e004  _stream                                                              
0800e054  gMailboxMCB                                                          
0800e0a4  ti_sysbios_knl_Task_Module__state__V                                 
0800e0ec  SOC_TranslateAddr_LUT                                                
0800e12c  ti_sysbios_gates_GateMutex_Object__table__V                          
0800e16c  ti_sysbios_timers_rti_Timer_Object__table__V                         
0800e1a8  gCBUFFInterfaceFxn                                                   
0800e1e0  ti_sysbios_family_arm_v7r_vim_Hwi_Module__state__V                   
0800e214  gHWAHwCfg                                                            
0800e244  ti_sysbios_family_arm_v7r_vim_Hwi_Object__table__V                   
0800e270  ti_sysbios_knl_Clock_Module__state__V                                
0800e29c  gUartSciFxnTable                                                     
0800e2c4  UART_config                                                          
0800e2e8  gDPC_ObjDetRangeHWACfg                                               
0800e30c  ti_sysbios_BIOS_Module__state__V                                     
0800e330  xdc_runtime_LoggerBuf_Object__table__V                               
0800e354  gHWADriverPtr                                                        
0800e358  gSOCHwAttrib                                                         
0800e378  ti_sysbios_knl_Clock_Object__table__V                                
0800e398  xdc_runtime_Error_IgnoreBlock                                        
0800e3b8  xdc_runtime_System_Module_State_0_atexitHandlers__A                  
0800e3d8  ti_sysbios_utils_Load_Module_State_0_taskEnv__A                      
0800e3f4  ADCBuf_config                                                        
0800e40c  gInterleavedTransferFxn                                              
0800e424  gMailboxMssBssHwCfg                                                  
0800e43c  gMailboxMssDssHwCfg                                                  
0800e454  gMultipleChirpNonInterleavedTransferFxn                              
0800e46c  gNonInterleavedTransferFxn                                           
0800e484  ti_sysbios_heaps_HeapMem_Object__table__V                            
0800e49c  ti_sysbios_timers_rti_Timer_Module_State_0_device__A                 
0800e4b4  gDPMRemoteTable                                                      
0800e4c8  ti_sysbios_family_arm_exc_Exception_Module__state__V                 
0800e4dc  gHwaEDMAChanMapping                                                  
0800e4ec  gQSPIHwCfg                                                           
0800e4fc  __TI_ft_end                                                          
0800e500  __aeabi_stdin                                                        
0800e504  __aeabi_stdout                                                       
0800e508  __aeabi_stderr                                                       
0800e50c  ti_sysbios_timers_rti_Timer_Module_State_0_intFreqs__A               
0800e51c  ti_sysbios_timers_rti_Timer_Module__state__V                         
0800e52c  __TI_cleanup_ptr                                                     
0800e530  __TI_dtors_ptr                                                       
0800e534  __TI_enable_exit_profile_output                                      
0800e538  gESMHwCfgAttrs                                                       
0800e544  ti_sysbios_family_arm_v7a_Pmu_Module__state__V                       
0800e550  ti_sysbios_knl_Task_Module__root__V                                  
0800e55c  _lock                                                                
0800e560  _unlock                                                              
0800e564  MmwDemo_RFParserHwCfg                                                
0800e56c  QSPIFlash_deviceFxnTbl_macronix                                      
0800e574  QSPIFlash_deviceFxnTbl_spansion                                      
0800e57c  gDPMHwAttrib                                                         
0800e584  gGPIOHwAtrrib                                                        
0800e58c  ti_sysbios_family_arm_v7r_vim_Hwi_Module__root__V                    
0800e594  ti_sysbios_gates_GateHwi_Module__root__V                             
0800e59c  ti_sysbios_gates_GateMutex_Module__root__V                           
0800e5a4  ti_sysbios_hal_Hwi_Object__table__V                                  
0800e5ac  ti_sysbios_heaps_HeapMem_Module__root__V                             
0800e5b4  ti_sysbios_knl_Queue_Module__root__V                                 
0800e5bc  ti_sysbios_knl_Semaphore_Module__root__V                             
0800e5c4  ti_sysbios_timers_rti_Timer_Module_State_0_handles__A                
0800e5cc  xdc_runtime_LoggerBuf_Module__root__V                                
0800e5d4  xdc_runtime_Registry_Module__state__V                                
0800e5dc  xdc_runtime_Startup_Module__state__V                                 
0800e5e4  xdc_runtime_System_Module__state__V                                  
0800e5ec  xdc_runtime_LoggerBuf_Module__state__V                               
0800e5f2  ti_sysbios_family_arm_exc_Exception_Module_State_0_excActive__A      
0800e5f4  gQSPIFlashHwCfg                                                      
0800e5fc  gCRCRegister                                                         
0800e600  gDPM                                                                 
0800e604  regionId                                                             
0800e608  gPinmuxRegs                                                          
0800e60c  gQSPIDriverPtr                                                       
0800e614  errno                                                                
0800e618  main_func_sp                                                         
0800e61c  ti_sysbios_family_arm_a15_TimestampProvider_Module__state__V         
0800e620  ti_sysbios_family_arm_exc_Exception_Module_State_0_excContext__A     
0800e624  ti_sysbios_family_arm_exc_Exception_Module_State_0_excStackBuffers__A
0800e628  ti_sysbios_family_arm_exc_Exception_Module_State_0_excStack__A       
0800e62c  ti_sysbios_gates_GateHwi_Object__table__V                            
0800e630  ti_sysbios_heaps_HeapBuf_Module__state__V                            
0800e634  ti_sysbios_knl_Task_Module_State_0_idleTask__A                       
0800e638  ti_sysbios_utils_Load_Module_State_0_runningTask__A                  
0800e63c  ti_sysbios_utils_Load_Module_State_0_taskStartTime__A                
0800e640  xdc_runtime_Memory_Module__state__V                                  
0800e644  xdc_runtime_Error_Module__state__V                                   
0800e646  xdc_runtime_Main_Module__root__V                                     
0800e648  gDPCTCM                                                              
0800f648  ti_sysbios_family_arm_v7r_vim_Hwi_Module_State_0_fiqStack__A         
0800fe48  __stack                                                              
08010648  __STACK_END                                                          
51000000  gMmwL3                                                               
fffffdec  ti_sysbios_family_arm_v7r_vim_Hwi_vim                                
ffffffff  __TI_pprof_out_hndl                                                  
ffffffff  __TI_prof_data_size                                                  
ffffffff  __TI_prof_data_start                                                 
ffffffff  __binit__                                                            
ffffffff  __c_args__                                                           
ffffffff  binit                                                                
UNDEFED   SHT$$INIT_ARRAY$$Base                                                
UNDEFED   SHT$$INIT_ARRAY$$Limit                                               

[1156 symbols]
