******************************************************************************
               TMS320C6x Linker PC v8.3.3                      
******************************************************************************
>> Linked Thu Oct  8 10:07:02 2020

OUTPUT FILE NAME:   <xwr68xx_mmw_demo_hcc_dss.xe674>
ENTRY POINT SYMBOL: "_c_int00"  address: 007faa80


MEMORY CONFIGURATION

         name            origin    length      used     unused   attr    fill
----------------------  --------  ---------  --------  --------  ----  --------
PAGE 0:
  L2SRAM_UMAP1          007e0000   00020000  0001f920  000006e0  RWIX
  L2SRAM_UMAP0          00800000   00020000  0001b444  00004bbc  RWIX
  L1PSRAM               00e00000   00004000  00000000  00004000  RWIX
  L1DSRAM               00f00000   00004000  00004000  00000000  RWIX
  L3SRAM                20000000   000c0000  000a0000  00020000  RWIX
  HWA_RAM               21030000   00010000  00000000  00010000  RWIX
  HSRAM                 21080000   00008000  00008000  00000000  RWIX

PAGE 1:
  L3SRAM                20000000   000c0000  00000000  000c0000  RWIX


SEGMENT ALLOCATION MAP

run origin  load origin   length   init length attrs members
----------  ----------- ---------- ----------- ----- -------
007e0000    007e0000    0001f920   0001f920    r-x
  007e0000    007e0000    00000200   00000200    r-x .vecs
  007e0200    007e0200    0001f720   0001f720    r-x .text
00800000    00800000    00016f48   00000000    rw-
  00800000    00800000    0000c400   00000000    rw- .dpc_l2Heap
  0080c400    0080c400    00008000   00000000    rw- systemHeap
  00814400    00814400    00002344   00000000    rw- .far
  00816748    00816748    00000800   00000000    rw- .stack
00816f48    00816f48    00003468   00003468    r--
  00816f48    00816f48    00003468   00003468    r-- .const
0081a3b0    0081a3b0    00000fc8   00000ea4    rw-
  0081a3b0    0081a3b0    00000ea4   00000ea4    rw- .fardata
  0081b258    0081b258    00000120   00000000    rw- .cio
0081b378    0081b378    000000c4   000000c4    r--
  0081b378    0081b378    000000c4   000000c4    r-- .switch
0081b43c    0081b43c    00000004   00000000    rw-
  0081b43c    0081b43c    00000004   00000000    rw- .bss
0081b440    0081b440    0000000c   0000000c    rw-
  0081b440    0081b440    0000000c   0000000c    rw- .neardata
00f00000    00f00000    00004000   00000000    rw-
  00f00000    00f00000    00004000   00000000    rw- .dpc_l1Heap
20000000    20000000    000a0000   00000000    rw-
  20000000    20000000    000a0000   00000000    rw- .l3ram
21080000    21080000    00008000   00000000    rw-
  21080000    21080000    00008000   00000000    rw- .demoSharedMem


SECTION ALLOCATION MAP

 output                                  attributes/
section   page    origin      length       input sections
--------  ----  ----------  ----------   ----------------
.vecs      0    007e0000    00000200     
                  007e0000    00000200     mmw_dss_pe674.oe674 (.vecs)

.stack     0    00816748    00000800     UNINITIALIZED
                  00816748    00000008     boot.ae674 : boot.oe674 (.stack)
                  00816750    000007f8     --HOLE--

.cinit     0    00800000    00000000     UNINITIALIZED

.text      0    007e0200    0001f720     
                  007e0200    00000ba0     sysbios.ae674 : BIOS.obj (.text:xdc_runtime_System_doPrint__I)
                  007e0da0    00000960     libaoaproc_dsp_xwr68xx.ae674 : aoaprocdsp.oe674 (.text:AoAProcDSP_processMultipleVirtualAntennas)
                  007e1700    00000800     objectdetection.oe674 (.text:DPC_ObjectDetection_ioctl)
                  007e1f00    00000780     sysbios.ae674 : BIOS.obj (.text:ti_sysbios_family_c64p_Exception_handler__I)
                  007e2680    00000740     objectdetection.oe674 (.text:DPC_ObjDetDSP_rangeBiasRxChPhaseMeasure)
                  007e2dc0    000006a0     libmmwavealg_xwr68xx.ae674 : mmwavelib_cfarca_sogo.oe674 (.text:mmwavelib_cfarCadB_SOGO_wNoise)
                  007e3460    000006a0     sysbios.ae674 : BIOS.obj (.text:ti_sysbios_knl_Semaphore_pend__E)
                  007e3b00    00000680                   : BIOS.obj (.text:ti_sysbios_heaps_HeapMem_allocUnprotected__E)
                  007e4180    00000660                   : BIOS.obj (.text:ti_sysbios_heaps_HeapMem_freeUnprotected__E)
                  007e47e0    000005e0     rts6740_elf.lib : divd.c.obj (.text:__c6xabi_divd)
                  007e4dc0    000005c0     libdopplerproc_dsp_xwr68xx.ae674 : dopplerprocdsp.oe674 (.text:DPU_DopplerProcDSP_process)
                  007e5380    000005a0     sysbios.ae674 : BIOS.obj (.text:ti_sysbios_knl_Task_Instance_finalize__E)
                  007e5920    00000580     libmmwavealg_xwr68xx.ae674 : mmwavelib_peakpruning.oe674 (.text:mmwavelib_cfarPeakQualifiedInOrderPruning)
                  007e5ea0    00000540     libaoaproc_dsp_xwr68xx.ae674 : aoaprocdsp.oe674 (.text:DPU_AoAProcDSP_config)
                  007e63e0    000004e0     objectdetection.oe674 (.text:DPC_ObjDetDSP_preStartConfig)
                  007e68c0    000004e0     libmmwavealg_xwr68xx.ae674 : mmwavelib_windowcoef_gen.oe674 (.text:mmwavelib_windowCoef_gen)
                  007e6da0    000004a0     libdopplerproc_dsp_xwr68xx.ae674 : dopplerprocdsp.oe674 (.text:DPU_DopplerProcDSP_config)
                  007e7240    00000480     objectdetection.oe674 (.text:DPC_ObjDetDSP_AoAconfig)
                  007e76c0    00000480     dss_main.oe674 (.text:MmwDemo_DPC_ObjectDetection_dpmTask)
                  007e7b40    00000460     libmmwavealg_xwr68xx.ae674 : mmwavelib_cfarca.oe674 (.text:mmwavelib_cfarCadBwrap_wNoise)
                  007e7fa0    00000440     libcfarcaproc_dsp_xwr68xx.ae674 : cfarcaprocdsp.oe674 (.text:CFARCADSP_processRangeDomain)
                  007e83e0    00000440     sysbios.ae674 : BIOS.obj (.text:ti_sysbios_knl_Task_Instance_init__E)
                  007e8820    00000420     libmailbox_xwr68xx.ae674 : mailbox.oe674 (.text:Mailbox_open)
                  007e8c40    00000400     libaoaproc_dsp_xwr68xx.ae674 : aoaprocdsp.oe674 (.text:AoAProcDSP_RangeAzimuthHeatmap)
                  007e9040    000003e0     libmmwavealg_xwr68xx.ae674 : mmwavelib_peakpruning.oe674 (.text:mmwavelib_cfarPeakPruning)
                  007e9420    000003e0     sysbios.ae674 : BIOS.obj (.text:ti_sysbios_knl_Task_sleep__E)
                  007e9800    000003e0                   : BIOS.obj (.text:ti_sysbios_utils_Load_updateThreadContexts__E)
                  007e9be0    000003a0     libcfarcaproc_dsp_xwr68xx.ae674 : cfarcaprocdsp.oe674 (.text:DPU_CFARCAProcDSP_process)
                  007e9f80    00000380     dsplib.ae64P : DSP_fft32x32_sa.oe64P (.text:psa)
                  007ea300    00000360     libdpm_xwr68xx.ae674 : dpm_core.oe674 (.text:DPM_init)
                  007ea660    00000360                          : dpm_msg.oe674 (.text:DPM_msgRecv)
                  007ea9c0    00000340     libcfarcaproc_dsp_xwr68xx.ae674 : cfarcaprocdsp.oe674 (.text:CFARCADSP_processDopplerDomain)
                  007ead00    00000300     sysbios.ae674 : BIOS.obj (.text:xdc_runtime_LoggerBuf_write8__E)
                  007eb000    000002e0     rts6740_elf.lib : sin.c.obj (.text:sin)
                  007eb2e0    000002e0     sysbios.ae674 : BIOS.obj (.text:ti_sysbios_heaps_HeapMem_Instance_init__E)
                  007eb5c0    000002e0                   : BIOS.obj (.text:xdc_runtime_Core_createObject__I)
                  007eb8a0    000002c0     libaoaproc_dsp_xwr68xx.ae674 : aoaprocdsp.oe674 (.text:AoAProcDSP_dopplerCompensation)
                  007ebb60    000002c0     objectdetection.oe674 (.text:DPC_ObjDetDSP_dopplerConfig)
                  007ebe20    000002c0     libedma_xwr68xx.ae674 : edma.oe674 (.text:EDMA_configChannel)
                  007ec0e0    000002c0                           : edma.oe674 (.text:EDMA_configErrorMonitoring)
                  007ec3a0    000002c0     sysbios.ae674 : BIOS.obj (.text:ti_sysbios_knl_Task_postInit__I)
                  007ec660    000002c0                   : BIOS.obj (.text:ti_sysbios_timers_rti_Timer_Module_startup__E)
                  007ec920    000002a0     libaoaproc_dsp_xwr68xx.ae674 : aoaprocdsp.oe674 (.text:AoAProcDSP_XYZestimation)
                  007ecbc0    000002a0                                  : aoaprocdsp.oe674 (.text:DPU_AoAProcDSP_control)
                  007ece60    000002a0     libedma_xwr68xx.ae674 : edma.oe674 (.text:EDMA_open)
                  007ed100    000002a0     sysbios.ae674 : BIOS.obj (.text:ti_sysbios_family_c64p_EventCombiner_dispatch__E)
                  007ed3a0    000002a0                   : BIOS.obj (.text:ti_sysbios_timers_rti_Timer_getFreq__E)
                  007ed640    00000280     libcfarcaproc_dsp_xwr68xx.ae674 : cfarcaprocdsp.oe674 (.text:DPU_CFARCAProcDSP_config)
                  007ed8c0    00000280     rts6740_elf.lib : divf.c.obj (.text:__c6xabi_divf)
                  007edb40    00000280     sysbios.ae674 : BIOS.obj (.text:ti_sysbios_family_c64p_Cache_Module_startup__E)
                  007eddc0    00000280                   : BIOS.obj (.text:xdc_runtime_Startup_startMods__I)
                  007ee040    00000260     dss_main.oe674 (.text:MmwDemo_dssInitTask)
                  007ee2a0    00000260     rts6740_elf.lib : imath64.c.obj (.text:__c6xabi_divull)
                  007ee500    00000260     sysbios.ae674 : BIOS.obj (.text:ti_sysbios_gates_GateMutex_enter__E)
                  007ee760    00000240     objectdetection.oe674 (.text:DPC_ObjectDetection_execute)
                  007ee9a0    00000240     libcfarcaproc_dsp_xwr68xx.ae674 : cfarcaprocdsp.oe674 (.text:DPU_CFARCAProcDSP_control)
                  007eebe0    00000240     sysbios.ae674 : BIOS.obj (.text:ti_sysbios_family_c64p_Exception_internalHandler__I)
                  007eee20    00000240                   : BIOS.obj (.text:xdc_runtime_Error_policyDefault__E)
                  007ef060    00000240     mmw_dss_pe674.oe674 (.text:xdc_runtime_System_printfExtend__I)
                  007ef2a0    00000220     libedma_xwr68xx.ae674 : edma.oe674 (.text:EDMA_transferComplete_isr)
                  007ef4c0    00000220     libmailbox_xwr68xx.ae674 : mailbox.oe674 (.text:Mailbox_write)
                  007ef6e0    00000220     sysbios.ae674 : BIOS.obj (.text:ti_sysbios_family_c64p_EventCombiner_dispatchPlug__E)
                  007ef900    00000220                   : BIOS.obj (.text:ti_sysbios_family_c64p_EventCombiner_enableEvent__E)
                  007efb20    00000220                   : BIOS.obj (.text:xdc_runtime_LoggerBuf_write4__E)
                  007efd40    00000200     objectdetection.oe674 (.text:DPC_ObjDetDSP_CFARCAconfig)
                  007eff40    00000200     libdpm_xwr68xx.ae674 : dpm_msg.oe674 (.text:DPM_msgResultHandler)
                  007f0140    00000200     libaoaproc_dsp_xwr68xx.ae674 : aoaprocdsp.oe674 (.text:DPU_AoAProcDSP_process)
                  007f0340    00000200     sysbios.ae674 : c64p_Hwi_disp_always.obj (.text:_ti_sysbios_family_c64p_Hwi_dispatchAlways)
                  007f0540    00000200     rts6740_elf.lib : atan.c.obj (.text:atan)
                  007f0740    00000200     libmmwavealg_xwr68xx.ae674 : mmwavelib_log2abs.oe674 (.text:mmwavelib_log2Abs32)
                  007f0940    00000200     sysbios.ae674 : BIOS.obj (.text:ti_sysbios_family_c64p_EventCombiner_disableEvent__E)
                  007f0b40    00000200                   : BIOS.obj (.text:ti_sysbios_utils_Load_idleFxn__E)
                  007f0d40    00000200                   : BIOS.obj (.text:xdc_runtime_Core_constructObject__I)
                  007f0f40    000001e0     objectdetection.oe674 (.text:DPC_ObjectDetection_init)
                  007f1120    000001e0     libedma_xwr68xx.ae674 : edma.oe674 (.text:EDMA_init)
                  007f1300    000001e0     libmmwavealg_xwr68xx.ae674 : mmwavelib_ffttwiddle_gen.oe674 (.text:mmwavelib_gen_twiddle_smallfft_32x32)
                  007f14e0    000001e0     sysbios.ae674 : BIOS.obj (.text:ti_sysbios_knl_Semaphore_post__E)
                  007f16c0    000001c0     libdpedma_hwa_xwr68xx.ae674 : dpedma.oe674 (.text:DPEDMA_configSyncAB)
                  007f1880    000001c0                                 : dpedma.oe674 (.text:DPEDMA_configSyncA_singleFrame)
                  007f1a40    000001c0     libmailbox_xwr68xx.ae674 : mailbox.oe674 (.text:Mailbox_read)
                  007f1c00    000001c0     libsoc_xwr68xx.ae674 : soc.oe674 (.text:SOC_deregisterSysIntListener)
                  007f1dc0    000001c0     rts6740_elf.lib : atan2.c.obj (.text:atan2)
                  007f1f80    000001c0                     : fputc.c.obj (.text:fputc)
                  007f2140    000001c0                     : frexp.c.obj (.text:frexp)
                  007f2300    000001c0     libmmwavealg_xwr68xx.ae674 : mmwavelib_secondpeak.oe674 (.text:mmwavelib_secondPeakSearch)
                  007f24c0    000001c0     rts6740_elf.lib : setvbuf.c.obj (.text:setvbuf)
                  007f2680    000001c0     sysbios.ae674 : BIOS.obj (.text:ti_sysbios_knl_Swi_restoreHwi__E)
                  007f2840    000001c0                   : BIOS.obj (.text:ti_sysbios_knl_Task_checkStacks__E)
                  007f2a00    000001c0                   : BIOS.obj (.text:xdc_runtime_Text_putSite__E)
                  007f2bc0    000001a0     libedma_xwr68xx.ae674 : edma.oe674 (.text:EDMA_paramConfig_assist)
                  007f2d60    000001a0     rts6740_elf.lib : hostrename.c.obj (.text:HOSTrename)
                  007f2f00    000001a0     sysbios.ae674 : BIOS.obj (.text:ti_sysbios_family_c64p_Cache_getL2InitSize__I)
                  007f30a0    000001a0                   : BIOS.obj (.text:ti_sysbios_heaps_HeapBuf_Module_startup__E)
                  007f3240    000001a0                   : BIOS.obj (.text:ti_sysbios_knl_Swi_runLoop__I)
                  007f33e0    000001a0                   : BIOS.obj (.text:ti_sysbios_knl_Task_exit__E)
                  007f3580    000001a0                   : BIOS.obj (.text:ti_sysbios_timers_rti_Timer_startup__E)
                  007f3720    00000180     libdpm_xwr68xx.ae674 : dpm_core.oe674 (.text:DPM_deinit)
                  007f38a0    00000180                          : dpm_core.oe674 (.text:DPM_ioctl)
                  007f3a20    00000180     dss_main.oe674 (.text:MmwDemo_sensorStopEpilog)
                  007f3ba0    00000180     sysbios.ae674 : c64p_Exception_asm.obj (.text)
                  007f3d20    00000180                   : BIOS.obj (.text:ti_sysbios_knl_Task_schedule__I)
                  007f3ea0    00000180                   : BIOS.obj (.text:ti_sysbios_utils_Load_startup__E)
                  007f4020    00000160     libdpm_xwr68xx.ae674 : dpm_msg.oe674 (.text:DPM_msgResponseHandler)
                  007f4180    00000160     libedma_xwr68xx.ae674 : edma.oe674 (.text:EDMA_getErrorStatusInfo)
                  007f42e0    00000160     libmailbox_xwr68xx.ae674 : mailbox.oe674 (.text:Mailbox_close)
                  007f4440    00000160     libsoc_xwr68xx.ae674 : soc.oe674 (.text:SOC_registerSysIntListener)
                  007f45a0    00000160                          : soc_xwr68xx.oe674 (.text:SOC_ungateClock)
                  007f4700    00000160     rts6740_elf.lib : sqrt.c.obj (.text:sqrt)
                  007f4860    00000160     sysbios.ae674 : BIOS.obj (.text:ti_sysbios_family_c64p_Cache_getL1DInitSize__I)
                  007f49c0    00000160                   : BIOS.obj (.text:ti_sysbios_family_c64p_Cache_getL1PInitSize__I)
                  007f4b20    00000160                   : BIOS.obj (.text:ti_sysbios_family_c64p_Hwi_Module_startup__E)
                  007f4c80    00000160                   : BIOS.obj (.text:xdc_runtime_Core_deleteObject__I)
                  007f4de0    00000160                   : BIOS.obj (.text:xdc_runtime_LoggerBuf_getFilterLevel__E)
                  007f4f40    00000160                   : BIOS.obj (.text:xdc_runtime_LoggerBuf_setFilterLevel__E)
                  007f50a0    00000140     libaoaproc_dsp_xwr68xx.ae674 : aoaprocdsp.oe674 (.text:AoAProcDSP_ConvertFov)
                  007f51e0    00000140     libedma_xwr68xx.ae674 : edma_low_level.oe674 (.text:EDMA3Init)
                  007f5320    00000140                           : edma.oe674 (.text:EDMA_clearErrors)
                  007f5460    00000140     libsoc_xwr68xx.ae674 : soc.oe674 (.text:SOC_init)
                  007f55a0    00000140     sysbios.ae674 : BIOS.obj (.text:ti_sysbios_knl_Semaphore_Instance_init__E)
                  007f56e0    00000140                   : BIOS.obj (.text:ti_sysbios_knl_Task_Module_startup__E)
                  007f5820    00000140                   : BIOS.obj (.text:ti_sysbios_knl_Task_startCore__E)
                  007f5960    00000140                   : BIOS.obj (.text:ti_sysbios_timers_rti_Timer_initDevice__I)
                  007f5aa0    00000140                   : BIOS.obj (.text:ti_sysbios_utils_Load_addTask__E)
                  007f5be0    00000140                   : BIOS.obj (.text:ti_sysbios_utils_Load_updateLoads__E)
                  007f5d20    00000140                   : BIOS.obj (.text:xdc_runtime_Memory_alloc__E)
                  007f5e60    00000140                   : BIOS.obj (.text:xdc_runtime_Text_putLab__E)
                  007f5fa0    00000140                   : BIOS.obj (.text:xdc_runtime_Text_putMod__E)
                  007f60e0    00000140                   : BIOS.obj (.text:xdc_runtime_Text_visitRope2__I)
                  007f6220    00000120     objectdetection.oe674 (.text:DPC_ObjDetDSP_GetRxChPhaseComp)
                  007f6340    00000120     libdpm_xwr68xx.ae674 : dpm_msg.oe674 (.text:DPM_msgDPCCfgHandler)
                  007f6460    00000120     libedma_xwr68xx.ae674 : edma.oe674 (.text:EDMA_configParamSet)
                  007f6580    00000120     dss_main.oe674 (.text:MmwDemo_DPC_ObjectDetection_reportFxn)
                  007f66a0    00000120     boot.ae674 : autoinit.oe674 (.text:_auto_init_elf)
                  007f67c0    00000120     rts6740_elf.lib : getdevice.c.obj (.text:getdevice)
                  007f68e0    00000120     mathlib.ae674 : cossp.oe674 (.text:optasm)
                  007f6a00    00000120                   : sinsp.oe674 (.text:optasm)
                  007f6b20    00000120     sysbios.ae674 : BIOS.obj (.text:ti_sysbios_knl_Clock_workFunc__E)
                  007f6c40    00000120                   : BIOS.obj (.text:ti_sysbios_timers_rti_Timer_setPeriodMicroSecs__E)
                  007f6d60    00000120                   : BIOS.obj (.text:ti_sysbios_utils_Load_taskCreateHook__E)
                  007f6e80    00000120                   : BIOS.obj (.text:ti_sysbios_utils_Load_taskDeleteHook__E)
                  007f6fa0    00000100     libmailbox_xwr68xx.ae674 : mailbox.oe674 (.text:Mailbox_readFlush)
                  007f70a0    00000100     libsoc_xwr68xx.ae674 : soc_xwr68xx_dss.oe674 (.text:SOC_deviceInit)
                  007f71a0    00000100                          : soc_xwr68xx.oe674 (.text:SOC_translateAddress)
                  007f72a0    00000100     rts6740_elf.lib : fclose.c.obj (.text:__TI_closefile)
                  007f73a0    00000100                     : fflush.c.obj (.text:fflush)
                  007f74a0    00000100                     : fseek.c.obj (.text:fseek)
                  007f75a0    00000100     dss_main.oe674 (.text:main)
                  007f76a0    00000100     libmmwavealg_xwr68xx.ae674 : mmwavelib_dftsinglebin.oe674 (.text:mmwavelib_dftSinCosTabelGen)
                  007f77a0    00000100     sysbios.ae674 : BIOS.obj (.text:xdc_runtime_Error_print__E)
                  007f78a0    00000100                   : BIOS.obj (.text:xdc_runtime_Startup_exec__E)
                  007f79a0    000000e0     libdpm_xwr68xx.ae674 : dpm_core.oe674 (.text:DPM_execute)
                  007f7a80    000000e0                          : dpm_pipe.oe674 (.text:DPM_pipeSend)
                  007f7b60    000000e0     libedma_xwr68xx.ae674 : edma.oe674 (.text:EDMA_isTransferComplete)
                  007f7c40    000000e0                           : edma.oe674 (.text:EDMA_transferController_error_isr)
                  007f7d20    000000e0     rts6740_elf.lib : hostlseek.c.obj (.text:HOSTlseek)
                  007f7e00    000000e0                     : hostopen.c.obj (.text:HOSTopen)
                  007f7ee0    000000e0                     : hostwrite.c.obj (.text:HOSTwrite)
                  007f7fc0    000000e0     libmailbox_xwr68xx.ae674 : mailbox.oe674 (.text:Mailbox_boxFullISRMssDss)
                  007f80a0    000000e0                              : mailbox.oe674 (.text:Mailbox_init)
                  007f8180    000000e0     rts6740_elf.lib : _io_perm.c.obj (.text:__TI_wrt_ok)
                  007f8260    000000e0                     : divi.asm.obj (.text:__divi)
                  007f8340    000000e0                     : close.c.obj (.text:close)
                  007f8420    000000e0                     : exit.c.obj (.text:exit)
                  007f8500    000000e0                     : memset.c.obj (.text:memset)
                  007f85e0    000000e0     sysbios.ae674 : BIOS.obj (.text:ti_sysbios_utils_Load_updateCurrentThreadTime__E)
                  007f86c0    000000c0     libaoaproc_dsp_xwr68xx.ae674 : aoaprocdsp.oe674 (.text:AoAProcDSP_computeHeatMapVal)
                  007f8780    000000c0     libcfarcaproc_dsp_xwr68xx.ae674 : cfarcaprocdsp.oe674 (.text:CFARCADSP_saveConfiguration)
                  007f8840    000000c0     objectdetection.oe674 (.text:DPC_ObjDetDSP_reconfigSubFrame)
                  007f8900    000000c0     objectdetection.oe674 (.text:DPC_ObjectDetection_deinit)
                  007f89c0    000000c0     libdpm_xwr68xx.ae674 : dpm_mailbox.oe674 (.text:DPM_mboxRemoteMailboxCallbackFxn)
                  007f8a80    000000c0                          : dpm_core.oe674 (.text:DPM_sendResult)
                  007f8b40    000000c0     libdopplerproc_dsp_xwr68xx.ae674 : dopplerprocdsp.oe674 (.text:DPU_DopplerProcDSP_log2AbsAccum)
                  007f8c00    000000c0     libedma_xwr68xx.ae674 : edma.oe674 (.text:EDMA_error_isr)
                  007f8cc0    000000c0                           : edma.oe674 (.text:EDMA_startDmaTransfer)
                  007f8d80    000000c0     rts6740_elf.lib : hostread.c.obj (.text:HOSTread)
                  007f8e40    000000c0                     : hostunlink.c.obj (.text:HOSTunlink)
                  007f8f00    000000c0     libmailbox_xwr68xx.ae674 : mailbox.oe674 (.text:Mailbox_boxFullISRProcessing)
                  007f8fc0    000000c0     dss_main.oe674 (.text:MmwDemo_edmaOpen)
                  007f9080    000000c0     objectdetection.oe674 (.text:_DPC_Objdet_Assert)
                  007f9140    000000c0     rts6740_elf.lib : fflush.c.obj (.text:__TI_doflush)
                  007f9200    000000c0                     : divu.asm.obj (.text:__divu)
                  007f92c0    000000c0     libmmwavealg_xwr68xx.ae674 : mmwavelib_maxpow.oe674 (.text:mmwavelib_maxpow)
                  007f9380    000000c0                                : mmwavelib_maxpow.oe674 (.text:mmwavelib_powerAndMax)
                  007f9440    000000c0     rts6740_elf.lib : modf.c.obj (.text:modf)
                  007f9500    000000c0     sysbios.ae674 : BIOS.obj (.text:ti_sysbios_family_c64p_Hwi_dispatchCore__I)
                  007f95c0    000000c0                   : BIOS.obj (.text:ti_sysbios_heaps_HeapMem_alloc__E)
                  007f9680    000000c0                   : BIOS.obj (.text:ti_sysbios_heaps_HeapMem_getStats__E)
                  007f9740    000000c0                   : BIOS.obj (.text:ti_sysbios_knl_Swi_schedule__I)
                  007f9800    000000c0                   : BIOS.obj (.text:ti_sysbios_knl_Task_allBlockedFunction__I)
                  007f98c0    000000c0     mmw_dss_pe674.oe674 (.text:ti_sysbios_knl_Task_create)
                  007f9980    000000c0     sysbios.ae674 : BIOS.obj (.text:ti_sysbios_knl_Task_stat__E)
                  007f9a40    000000c0                   : BIOS.obj (.text:ti_sysbios_utils_Load_taskSwitchHook__E)
                  007f9b00    000000c0     rts6740_elf.lib : tls.c.obj (.text:tls:init:__TI_tls_init)
                  007f9bc0    000000c0     sysbios.ae674 : BIOS.obj (.text:xdc_runtime_Assert_raise__I)
                  007f9c80    000000c0                   : BIOS.obj (.text:xdc_runtime_LoggerBuf_Instance_init__E)
                  007f9d40    000000c0     mmw_dss_pe674.oe674 (.text:xdc_runtime_LoggerBuf_Object__create__S)
                  007f9e00    000000a0     libcfarcaproc_dsp_xwr68xx.ae674 : cfarcaprocdsp.oe674 (.text:CFARCADSP_configEDMARangeDomain)
                  007f9ea0    000000a0                                     : cfarcaprocdsp.oe674 (.text:CFARCADSP_fovConvertDoppler)
                  007f9f40    000000a0     objectdetection.oe674 (.text:DPC_ObjDetDSP_GenDopplerWindow)
                  007f9fe0    000000a0     objectdetection.oe674 (.text:DPC_ObjectDetection_frameStart)
                  007fa080    000000a0     objectdetection.oe674 (.text:DPC_ObjectDetection_start)
                  007fa120    000000a0     libdpedma_hwa_xwr68xx.ae674 : dpedma.oe674 (.text:DPEDMA_setup_shadow_link)
                  007fa1c0    000000a0     libdpm_xwr68xx.ae674 : dpm_mailbox.oe674 (.text:DPM_mboxInit)
                  007fa260    000000a0                          : dpm_msg.oe674 (.text:DPM_msgStartHandler)
                  007fa300    000000a0                          : dpm_msg.oe674 (.text:DPM_msgStopHandler)
                  007fa3a0    000000a0                          : dpm_core.oe674 (.text:DPM_notifyExecute)
                  007fa440    000000a0                          : dpm_pipe.oe674 (.text:DPM_pipeRecv)
                  007fa4e0    000000a0     libedma_xwr68xx.ae674 : edma_low_level.oe674 (.text:EDMA3EnableChInShadowReg)
                  007fa580    000000a0                           : edma.oe674 (.text:EDMA_disableChannel)
                  007fa620    000000a0                           : edma.oe674 (.text:EDMA_enableChannel)
                  007fa6c0    000000a0     rts6740_elf.lib : hostclose.c.obj (.text:HOSTclose)
                  007fa760    000000a0     libmailbox_xwr68xx.ae674 : mailbox.oe674 (.text:Mailbox_boxEmptyISRProcessing)
                  007fa800    000000a0     libsoc_xwr68xx.ae674 : soc.oe674 (.text:SOC_SystemISR)
                  007fa8a0    000000a0     rts6740_elf.lib : fopen.c.obj (.text:__TI_cleanup)
                  007fa940    000000a0                     : round.c.obj (.text:__c6xabi_nround)
                  007fa9e0    000000a0                     : remu.asm.obj (.text:__remu)
                  007faa80    000000a0     boot.ae674 : boot.oe674 (.text:_c_int00)
                  007fab20    000000a0     rts6740_elf.lib : getdevice.c.obj (.text:finddevice)
                  007fabc0    000000a0                     : memcpy64.asm.obj (.text:memcpy)
                  007fac60    000000a0     libmmwavealg_xwr68xx.ae674 : mmwavelib_vecsum.oe674 (.text:mmwavelib_vecsum)
                  007fad00    000000a0                                : mmwavelib_windowing.oe674 (.text:mmwavelib_windowing16x32_IQswap)
                  007fada0    000000a0     mathlib.ae674 : sqrtsp.oe674 (.text:optasm)
                  007fae40    000000a0     sysbios.ae674 : BIOS.obj (.text:ti_sysbios_family_c64p_Exception_Module_startup__E)
                  007faee0    000000a0                   : BIOS.obj (.text:ti_sysbios_family_c64p_Hwi_dispatchC__I)
                  007faf80    000000a0                   : BIOS.obj (.text:ti_sysbios_family_c64p_Hwi_getStackInfo__E)
                  007fb020    000000a0                   : BIOS.obj (.text:ti_sysbios_hal_Hwi_checkStack)
                  007fb0c0    000000a0                   : BIOS.obj (.text:ti_sysbios_knl_Semaphore_pendTimeout__I)
                  007fb160    000000a0                   : BIOS.obj (.text:xdc_runtime_Core_assignLabel__I)
                  007fb200    000000a0                   : BIOS.obj (.text:xdc_runtime_Core_assignParams__I)
                  007fb2a0    000000a0                   : BIOS.obj (.text:xdc_runtime_LoggerBuf_Module_startup__E)
                  007fb340    000000a0                   : BIOS.obj (.text:xdc_runtime_System_atexit__E)
                  007fb3e0    000000a0                   : BIOS.obj (.text:xdc_runtime_System_exit__E)
                  007fb480    000000a0                   : BIOS.obj (.text:xdc_runtime_Text_printVisFxn__I)
                  007fb520    000000a0                   : BIOS.obj (.text:xdc_runtime_Text_xprintf__I)
                  007fb5c0    00000080     libaoaproc_dsp_xwr68xx.ae674 : aoaprocdsp.oe674 (.text:AoAProcDSP_waitInData)
                  007fb640    00000080     libcfarcaproc_dsp_xwr68xx.ae674 : cfarcaprocdsp.oe674 (.text:CFARCADSP_fovConvertRange)
                  007fb6c0    00000080     objectdetection.oe674 (.text:DPC_ObjectDetection_stop)
                  007fb740    00000080     libdpm_xwr68xx.ae674 : dpm_mailbox.oe674 (.text:DPM_mboxSendResult)
                  007fb7c0    00000080                          : dpm_pipe.oe674 (.text:DPM_pipeDeinit)
                  007fb840    00000080                          : dpm_pipe.oe674 (.text:DPM_pipeInit)
                  007fb8c0    00000080                          : dpm_core.oe674 (.text:DPM_synch)
                  007fb940    00000080     libcfarcaproc_dsp_xwr68xx.ae674 : cfarcaprocdsp.oe674 (.text:DPU_CFARCAProcDSP_init)
                  007fb9c0    00000080     libdopplerproc_dsp_xwr68xx.ae674 : dopplerprocdsp.oe674 (.text:DPU_DopplerProcDSP_control)
                  007fba40    00000080                                      : dopplerprocdsp.oe674 (.text:DPU_DopplerProcDSP_init)
                  007fbac0    00000080     libedma_xwr68xx.ae674 : edma_low_level.oe674 (.text:EDMA3MapChToEvtQ)
                  007fbb40    00000080                           : edma.oe674 (.text:EDMA_getTransferControllerErrorStatusInfo)
                  007fbbc0    00000080                           : edma.oe674 (.text:EDMA_linkParamSets)
                  007fbc40    00000080     libosal_xwr68xx.ae674 : SemaphoreP_tirtos.oe674 (.text:SemaphoreP_create)
                  007fbcc0    00000080     rts6740_elf.lib : trgmsg.c.obj (.text:__TI_readmsg)
                  007fbd40    00000080                     : llshift.c.obj (.text:__c6xabi_llshl)
                  007fbdc0    00000080     sysbios.ae674 : c62_TaskSupport_asm.obj (.text:_ti_sysbios_family_c62_TaskSupport_swap__E)
                  007fbe40    00000080     mmw_dss_pe674.oe674 (.text:ti_sysbios_BIOS_atExitFunc__I)
                  007fbec0    00000080     mmw_dss_pe674.oe674 (.text:ti_sysbios_BIOS_registerRTSLock__I)
                  007fbf40    00000080     mmw_dss_pe674.oe674 (.text:ti_sysbios_gates_GateHwi_Object__create__S)
                  007fbfc0    00000080     mmw_dss_pe674.oe674 (.text:ti_sysbios_gates_GateMutex_Object__create__S)
                  007fc040    00000080     mmw_dss_pe674.oe674 (.text:ti_sysbios_heaps_HeapMem_Object__create__S)
                  007fc0c0    00000080     sysbios.ae674 : BIOS.obj (.text:ti_sysbios_heaps_HeapMem_init__I)
                  007fc140    00000080     mmw_dss_pe674.oe674 (.text:ti_sysbios_knl_Clock_doTick__I)
                  007fc1c0    00000080     sysbios.ae674 : BIOS.obj (.text:ti_sysbios_knl_Idle_run__E)
                  007fc240    00000080     mmw_dss_pe674.oe674 (.text:ti_sysbios_knl_Semaphore_create)
                  007fc2c0    00000080     sysbios.ae674 : BIOS.obj (.text:ti_sysbios_knl_Swi_post__E)
                  007fc340    00000080                   : BIOS.obj (.text:ti_sysbios_knl_Swi_startup__E)
                  007fc3c0    00000080                   : BIOS.obj (.text:ti_sysbios_knl_Task_processVitalTaskFlag__I)
                  007fc440    00000080                   : BIOS.obj (.text:ti_sysbios_knl_Task_restore__E)
                  007fc4c0    00000080                   : BIOS.obj (.text:ti_sysbios_knl_Task_sleepTimeout__I)
                  007fc540    00000080     mmw_dss_pe674.oe674 (.text:ti_sysbios_rts_MemAlloc_alloc)
                  007fc5c0    00000080     sysbios.ae674 : BIOS.obj (.text:ti_sysbios_timers_rti_Timer_setPeriod__E)
                  007fc640    00000080                   : BIOS.obj (.text:ti_sysbios_timers_rti_Timer_stop__E)
                  007fc6c0    00000080     rts6740_elf.lib : unlink.c.obj (.text:unlink)
                  007fc740    00000080     sysbios.ae674 : BIOS.obj (.text:xdc_runtime_System_avprintf__E)
                  007fc7c0    00000080                   : BIOS.obj (.text:xdc_runtime_System_vprintf__E)
                  007fc840    00000060     libcfarcaproc_dsp_xwr68xx.ae674 : cfarcaprocdsp.oe674 (.text:CFARCADSP_waitEDMATransComplete)
                  007fc8a0    00000060     objectdetection.oe674 (.text:DPC_ObjDetDSP_MemPoolAlloc)
                  007fc900    00000060     libdpm_xwr68xx.ae674 : dpm_listlib.oe674 (.text:DPM_listCat)
                  007fc960    00000060                          : dpm_mailbox.oe674 (.text:DPM_mboxDeinit)
                  007fc9c0    00000060                          : dpm_msg.oe674 (.text:DPM_msgInitHeader)
                  007fca20    00000060     libaoaproc_dsp_xwr68xx.ae674 : aoaprocdsp.oe674 (.text:DPU_AoAProcDSP_deinit)
                  007fca80    00000060                                  : aoaprocdsp.oe674 (.text:DPU_AoAProcDSP_init)
                  007fcae0    00000060     libcfarcaproc_dsp_xwr68xx.ae674 : cfarcaprocdsp.oe674 (.text:DPU_CFARCAProcDSP_deinit)
                  007fcb40    00000060     libdopplerproc_dsp_xwr68xx.ae674 : dopplerprocdsp.oe674 (.text:DPU_DopplerProcDSP_deinit)
                  007fcba0    00000060                                      : dopplerprocdsp.oe674 (.text:DPU_DopplerProcDSP_waitInData)
                  007fcc00    00000060                                      : dopplerprocdsp.oe674 (.text:DPU_DopplerProcDSP_waitTransDetMatrix)
                  007fcc60    00000060     libedma_xwr68xx.ae674 : edma_low_level.oe674 (.text:EDMA3ClrEvt)
                  007fccc0    00000060                           : edma_low_level.oe674 (.text:EDMA3ClrIntr)
                  007fcd20    00000060                           : edma_low_level.oe674 (.text:EDMA3ClrMissEvt)
                  007fcd80    00000060                           : edma_low_level.oe674 (.text:EDMA3DisableDmaEvt)
                  007fcde0    00000060                           : edma_low_level.oe674 (.text:EDMA3DisableEvtIntr)
                  007fce40    00000060                           : edma_low_level.oe674 (.text:EDMA3EnableDmaEvt)
                  007fcea0    00000060                           : edma_low_level.oe674 (.text:EDMA3EnableEvtIntr)
                  007fcf00    00000060                           : edma_low_level.oe674 (.text:EDMA3SetEvt)
                  007fcf60    00000060                           : edma.oe674 (.text:EDMA_configTransferControllerError)
                  007fcfc0    00000060                           : edma.oe674 (.text:EDMA_isError)
                  007fd020    00000060                           : edma.oe674 (.text:EDMA_setSourceAddress)
                  007fd080    00000060                           : edma.oe674 (.text:EDMA_validate_channelIdchannelType)
                  007fd0e0    00000060     libmailbox_xwr68xx.ae674 : mailbox.oe674 (.text:Mailbox_Config_init)
                  007fd140    00000060     libsoc_xwr68xx.ae674 : soc_xwr68xx.oe674 (.text:SOC_setDSSLinkState)
                  007fd1a0    00000060                          : soc.oe674 (.text:SOC_unhaltBSS)
                  007fd200    00000060     rts6740_elf.lib : trgmsg.c.obj (.text:__TI_writemsg)
                  007fd260    00000060                     : llshift.c.obj (.text:__c6xabi_llshru)
                  007fd2c0    00000060                     : imath64.c.obj (.text:_subcull)
                  007fd320    00000060     sysbios.ae674 : c64p_Hwi_asm_switch.obj (.text:_ti_sysbios_family_c64p_Hwi_switchAndDispatch__I)
                  007fd380    00000060                   : c64p_Hwi_asm_switch.obj (.text:_ti_sysbios_family_xxx_Hwi_switchAndRunFunc)
                  007fd3e0    00000060     rts6740_elf.lib : lseek.c.obj (.text:lseek)
                  007fd440    00000060     libmmwavealg_xwr68xx.ae674 : mmwavelib_accum.oe674 (.text:mmwavelib_accum16shift)
                  007fd4a0    00000060                                : mmwavelib_vecsubc.oe674 (.text:mmwavelib_vecsubc)
                  007fd500    00000060     mmw_dss_pe674.oe674 (.text:ti_sysbios_BIOS_errorRaiseHook__I)
                  007fd560    00000060     mmw_dss_pe674.oe674 (.text:ti_sysbios_BIOS_removeRTSLock__I)
                  007fd5c0    00000060     mmw_dss_pe674.oe674 (.text:ti_sysbios_BIOS_startFunc__I)
                  007fd620    00000060     sysbios.ae674 : BIOS.obj (.text:ti_sysbios_family_c62_TaskSupport_stackUsed__E)
                  007fd680    00000060                   : BIOS.obj (.text:ti_sysbios_family_c62_TaskSupport_start__E)
                  007fd6e0    00000060                   : BIOS.obj (.text:ti_sysbios_family_c64p_Cache_setMar__E)
                  007fd740    00000060                   : BIOS.obj (.text:ti_sysbios_family_c64p_EventCombiner_Module_startup__E)
                  007fd7a0    00000060                   : BIOS.obj (.text:ti_sysbios_family_c64p_EventCombiner_unused__E)
                  007fd800    00000060     mmw_dss_pe674.oe674 (.text:ti_sysbios_gates_GateMutex_Object__delete__S)
                  007fd860    00000060     sysbios.ae674 : BIOS.obj (.text:ti_sysbios_hal_Hwi_initStack)
                  007fd8c0    00000060                   : BIOS.obj (.text:ti_sysbios_heaps_HeapMem_free__E)
                  007fd920    00000060                   : BIOS.obj (.text:ti_sysbios_knl_Clock_Module_startup__E)
                  007fd980    00000060     mmw_dss_pe674.oe674 (.text:ti_sysbios_knl_Queue_construct)
                  007fd9e0    00000060     mmw_dss_pe674.oe674 (.text:ti_sysbios_knl_Semaphore_Object__delete__S)
                  007fda40    00000060     mmw_dss_pe674.oe674 (.text:ti_sysbios_knl_Semaphore_construct)
                  007fdaa0    00000060     sysbios.ae674 : BIOS.obj (.text:ti_sysbios_knl_Swi_Module_startup__E)
                  007fdb00    00000060                   : BIOS.obj (.text:ti_sysbios_knl_Task_enter__I)
                  007fdb60    00000060     rts6740_elf.lib : write.c.obj (.text:write)
                  007fdbc0    00000060     mmw_dss_pe674.oe674 (.text:xdc_runtime_LoggerBuf_Object__delete__S)
                  007fdc20    00000060     sysbios.ae674 : BIOS.obj (.text:xdc_runtime_SysStd_abort__E)
                  007fdc80    00000040     libsoc_xwr68xx.ae674 : soc.oe674 (.text:CSL_FEXTR)
                  007fdcc0    00000040                          : soc_xwr68xx.oe674 (.text:CSL_FEXTR)
                  007fdd00    00000040     libmailbox_xwr68xx.ae674 : mailbox.oe674 (.text:CSL_FINSR)
                  007fdd40    00000040     libsoc_xwr68xx.ae674 : soc.oe674 (.text:CSL_FINSR)
                  007fdd80    00000040                          : soc_xwr68xx.oe674 (.text:CSL_FINSR)
                  007fddc0    00000040                          : soc_xwr68xx_dss.oe674 (.text:CSL_FINSR)
                  007fde00    00000040     objectdetection.oe674 (.text:DPC_ObjectDetection_dataInjection)
                  007fde40    00000040     libdpm_xwr68xx.ae674 : dpm_listlib.oe674 (.text:DPM_listAdd)
                  007fde80    00000040                          : dpm_listlib.oe674 (.text:DPM_listRemove)
                  007fdec0    00000040                          : dpm_mailbox.oe674 (.text:DPM_mboxMsgSend)
                  007fdf00    00000040                          : dpm_msg.oe674 (.text:DPM_msgAssertHandler)
                  007fdf40    00000040                          : dpm_msg.oe674 (.text:DPM_msgBSSFaultHandler)
                  007fdf80    00000040                          : dpm_msg.oe674 (.text:DPM_msgDPCInfoHandler)
                  007fdfc0    00000040                          : dpm_pipe.oe674 (.text:DPM_pipeDequeue)
                  007fe000    00000040     libedma_xwr68xx.ae674 : edma_low_level.oe674 (.text:EDMA3MapQdmaChToPaRAM)
                  007fe040    00000040                           : edma_low_level.oe674 (.text:EDMA3SetPaRAM)
                  007fe080    00000040                           : edma_low_level.oe674 (.text:EDMA3SetQdmaTrigWord)
                  007fe0c0    00000040     libosal_xwr68xx.ae674 : HwiP_tirtos.oe674 (.text:HwiP_create)
                  007fe100    00000040                           : HwiP_tirtos.oe674 (.text:HwiP_delete)
                  007fe140    00000040     libmailbox_xwr68xx.ae674 : mailbox.oe674 (.text:Mailbox_boxEmptyISRBss)
                  007fe180    00000040                              : mailbox.oe674 (.text:Mailbox_boxEmptyISRMssDss)
                  007fe1c0    00000040                              : mailbox.oe674 (.text:Mailbox_boxFullISRBss)
                  007fe200    00000040     dss_main.oe674 (.text:MmwDemo_DPC_ObjectDetection_processInterFrameBeginCallBackFxn)
                  007fe240    00000040     dss_main.oe674 (.text:MmwDemo_EDMA_errorCallbackFxn)
                  007fe280    00000040     dss_main.oe674 (.text:MmwDemo_EDMA_transferControllerErrorCallbackFxn)
                  007fe2c0    00000040     libsoc_xwr68xx.ae674 : soc_xwr68xx_dss.oe674 (.text:SOC_getInAddr_LUTType)
                  007fe300    00000040                          : soc_xwr68xx_dss.oe674 (.text:SOC_getOutAddr_LUTType)
                  007fe340    00000040                          : soc_xwr68xx.oe674 (.text:SOC_isMSSOperational)
                  007fe380    00000040     rts6740_elf.lib : frcmpyd_div.c.obj (.text:__TI_frcmpyd_div)
                  007fe3c0    00000040                     : strasg.asm.obj (.text:__strasgi_64plus)
                  007fe400    00000040                     : args_main.c.obj (.text:_args_main)
                  007fe440    00000040     sysbios.ae674 : c62_TaskSupport_asm.obj (.text:_ti_sysbios_family_c62_TaskSupport_buildTaskStack)
                  007fe480    00000040     mmw_dss_pe674.oe674 (.text:free)
                  007fe4c0    00000040     libmathutils.ae674 : mathutils.oe674 (.text:mathUtils_floorLog2)
                  007fe500    00000040     libmmwavealg_xwr68xx.ae674 : mmwavelib_vecmul.oe674 (.text:mmwavelib_vecmul16x32_anylen)
                  007fe540    00000040     mmw_dss_pe674.oe674 (.text:ti_sysbios_BIOS_exitFunc__I)
                  007fe580    00000040     mmw_dss_pe674.oe674 (.text:ti_sysbios_BIOS_rtsLock__I)
                  007fe5c0    00000040     mmw_dss_pe674.oe674 (.text:ti_sysbios_BIOS_rtsUnlock__I)
                  007fe600    00000040     sysbios.ae674 : BIOS.obj (.text:ti_sysbios_family_c64p_Hwi_disableInterrupt__E)
                  007fe640    00000040                   : BIOS.obj (.text:ti_sysbios_family_c64p_Hwi_enableInterrupt__E)
                  007fe680    00000040     mmw_dss_pe674.oe674 (.text:ti_sysbios_gates_GateHwi_Handle__label__S)
                  007fe6c0    00000040     mmw_dss_pe674.oe674 (.text:ti_sysbios_gates_GateHwi_Object__delete__S)
                  007fe700    00000040     mmw_dss_pe674.oe674 (.text:ti_sysbios_gates_GateMutex_Handle__label__S)
                  007fe740    00000040     sysbios.ae674 : BIOS.obj (.text:ti_sysbios_gates_GateMutex_Instance_init__E)
                  007fe780    00000040                   : BIOS.obj (.text:ti_sysbios_gates_GateMutex_leave__E)
                  007fe7c0    00000040     mmw_dss_pe674.oe674 (.text:ti_sysbios_heaps_HeapMem_Handle__label__S)
                  007fe800    00000040     mmw_dss_pe674.oe674 (.text:ti_sysbios_heaps_HeapMem_Object__delete__S)
                  007fe840    00000040     mmw_dss_pe674.oe674 (.text:ti_sysbios_heaps_HeapMem_Object__get__S)
                  007fe880    00000040     mmw_dss_pe674.oe674 (.text:ti_sysbios_knl_Semaphore_destruct)
                  007fe8c0    00000040     mmw_dss_pe674.oe674 (.text:ti_sysbios_knl_Swi_Object__get__S)
                  007fe900    00000040     mmw_dss_pe674.oe674 (.text:ti_sysbios_knl_Task_Object__get__S)
                  007fe940    00000040     sysbios.ae674 : BIOS.obj (.text:ti_sysbios_timers_rti_Timer_periodicStub__E)
                  007fe980    00000040                   : BIOS.obj (.text:xdc_runtime_Error_init__E)
                  007fe9c0    00000040     mmw_dss_pe674.oe674 (.text:xdc_runtime_LoggerBuf_Handle__label__S)
                  007fea00    00000040     sysbios.ae674 : BIOS.obj (.text:xdc_runtime_LoggerBuf_Instance_finalize__E)
                  007fea40    00000040     mmw_dss_pe674.oe674 (.text:xdc_runtime_LoggerBuf_Object__get__S)
                  007fea80    00000040     sysbios.ae674 : BIOS.obj (.text:xdc_runtime_LoggerBuf_write0__E)
                  007feac0    00000040                   : BIOS.obj (.text:xdc_runtime_LoggerBuf_write1__E)
                  007feb00    00000040                   : BIOS.obj (.text:xdc_runtime_LoggerBuf_write2__E)
                  007feb40    00000040     mmw_dss_pe674.oe674 (.text:xdc_runtime_System_aprintf__E)
                  007feb80    00000040     mmw_dss_pe674.oe674 (.text:xdc_runtime_System_printf__E)
                  007febc0    00000020     libcfarcaproc_dsp_xwr68xx.ae674 : cfarcaprocdsp.oe674 (.text:CFARCADSP_adjustCfarCfg)
                  007febe0    00000020     libdpm_xwr68xx.ae674 : dpm_core.oe674 (.text:DPM_chirpISR)
                  007fec00    00000020                          : dpm_core.oe674 (.text:DPM_frameStartISR)
                  007fec20    00000020                          : dpm_mailbox.oe674 (.text:DPM_mboxSynch)
                  007fec40    00000020     libedma_xwr68xx.ae674 : edma_low_level.oe674 (.text:EDMA3ChannelToParamMap)
                  007fec60    00000020                           : edma_low_level.oe674 (.text:EDMA3ClrCCErr)
                  007fec80    00000020                           : edma_low_level.oe674 (.text:EDMA3DisableQdmaEvt)
                  007feca0    00000020                           : edma_low_level.oe674 (.text:EDMA3EnableQdmaEvt)
                  007fecc0    00000020                           : edma_low_level.oe674 (.text:EDMA3ErrIntrHighStatusGet)
                  007fece0    00000020                           : edma_low_level.oe674 (.text:EDMA3GetCCErrStatus)
                  007fed00    00000020                           : edma_low_level.oe674 (.text:EDMA3GetErrIntrStatus)
                  007fed20    00000020                           : edma_low_level.oe674 (.text:EDMA3GetIntrStatus)
                  007fed40    00000020                           : edma_low_level.oe674 (.text:EDMA3IntrStatusHighGet)
                  007fed60    00000020                           : edma_low_level.oe674 (.text:EDMA3QdmaClrMissEvt)
                  007fed80    00000020                           : edma_low_level.oe674 (.text:EDMA3QdmaGetErrIntrStatus)
                  007feda0    00000020                           : edma_low_level.oe674 (.text:EDMAsetRegion)
                  007fedc0    00000020     libosal_xwr68xx.ae674 : HwiP_tirtos.oe674 (.text:HwiP_Params_init)
                  007fede0    00000020                           : HwiP_tirtos.oe674 (.text:HwiP_disable)
                  007fee00    00000020                           : HwiP_tirtos.oe674 (.text:HwiP_disableInterrupt)
                  007fee20    00000020                           : HwiP_tirtos.oe674 (.text:HwiP_enableInterrupt)
                  007fee40    00000020                           : HwiP_tirtos.oe674 (.text:HwiP_restore)
                  007fee60    00000020                           : MemoryP_tirtos.oe674 (.text:MemoryP_ctrlAlloc)
                  007fee80    00000020                           : MemoryP_tirtos.oe674 (.text:MemoryP_ctrlFree)
                  007feea0    00000020                           : MemoryP_tirtos.oe674 (.text:MemoryP_getStats)
                  007feec0    00000020     dss_main.oe674 (.text:MmwDemo_DPC_ObjectDetection_processFrameBeginCallBackFxn)
                  007feee0    00000020     dss_main.oe674 (.text:MmwDemo_sleep)
                  007fef00    00000020     libosal_xwr68xx.ae674 : SemaphoreP_tirtos.oe674 (.text:SemaphoreP_Params_init)
                  007fef20    00000020                           : SemaphoreP_tirtos.oe674 (.text:SemaphoreP_delete)
                  007fef40    00000020                           : SemaphoreP_tirtos.oe674 (.text:SemaphoreP_pend)
                  007fef60    00000020                           : SemaphoreP_tirtos.oe674 (.text:SemaphoreP_post)
                  007fef80    00000020                           : DebugP_tirtos.oe674 (.text:_DebugP_assert)
                  007fefa0    00000020     rts6740_elf.lib : errno.c.obj (.text:__c6xabi_errno_addr)
                  007fefc0    00000020                     : trunc.c.obj (.text:__c6xabi_trunc)
                  007fefe0    00000020                     : push.asm.obj (.text:__pop_rts)
                  007ff000    00000020                     : push.asm.obj (.text:__push_rts)
                  007ff020    00000020                     : _lock.c.obj (.text:_nop)
                  007ff040    00000020                     : _lock.c.obj (.text:_register_lock)
                  007ff060    00000020                     : _lock.c.obj (.text:_register_unlock)
                  007ff080    00000020     sysbios.ae674 : c62_TaskSupport_asm.obj (.text:_ti_sysbios_family_c62_TaskSupport_glue)
                  007ff0a0    00000020     rts6740_elf.lib : exit.c.obj (.text:abort)
                  007ff0c0    00000020     libmathutils.ae674 : mathutils.oe674 (.text:mathUtils_ceilLog2)
                  007ff0e0    00000020     rts6740_elf.lib : fputc.c.obj (.text:putchar)
                  007ff100    00000020     mmw_dss_pe674.oe674 (.text:ti_sysbios_BIOS_RtsGateProxy_enter__E)
                  007ff120    00000020     mmw_dss_pe674.oe674 (.text:ti_sysbios_BIOS_RtsGateProxy_leave__E)
                  007ff140    00000020     sysbios.ae674 : BIOS.obj (.text:ti_sysbios_BIOS_getCpuFreq__E)
                  007ff160    00000020                   : BIOS.obj (.text:ti_sysbios_BIOS_linkedWithIncorrectBootLibrary__E)
                  007ff180    00000020     mmw_dss_pe674.oe674 (.text:ti_sysbios_BIOS_nullFunc__I)
                  007ff1a0    00000020     sysbios.ae674 : BIOS.obj (.text:ti_sysbios_BIOS_setThreadType__E)
                  007ff1c0    00000020                   : BIOS.obj (.text:ti_sysbios_BIOS_start__E)
                  007ff1e0    00000020     mmw_dss_pe674.oe674 (.text:ti_sysbios_family_c62_TaskSupport_Module__startupDone__S)
                  007ff200    00000020     sysbios.ae674 : BIOS.obj (.text:ti_sysbios_family_c62_TaskSupport_checkStack__E)
                  007ff220    00000020                   : BIOS.obj (.text:ti_sysbios_family_c62_TaskSupport_getStackAlignment__E)
                  007ff240    00000020     mmw_dss_pe674.oe674 (.text:ti_sysbios_family_c64p_Hwi_Module__startupDone__F)
                  007ff260    00000020     sysbios.ae674 : BIOS.obj (.text:ti_sysbios_family_c64p_Hwi_clearInterrupt__E)
                  007ff280    00000020                   : BIOS.obj (.text:ti_sysbios_family_c64p_Hwi_startup__E)
                  007ff2a0    00000020                   : BIOS.obj (.text:ti_sysbios_family_c64p_Hwi_switchFromBootStack__E)
                  007ff2c0    00000020                   : BIOS.obj (.text:ti_sysbios_family_c64p_TimestampProvider_Module_startup__E)
                  007ff2e0    00000020                   : BIOS.obj (.text:ti_sysbios_family_c64p_TimestampProvider_get32__E)
                  007ff300    00000020                   : BIOS.obj (.text:ti_sysbios_family_c64p_TimestampProvider_get64__E)
                  007ff320    00000020                   : BIOS.obj (.text:ti_sysbios_gates_GateHwi_Instance_init__E)
                  007ff340    00000020                   : BIOS.obj (.text:ti_sysbios_gates_GateHwi_enter__E)
                  007ff360    00000020                   : BIOS.obj (.text:ti_sysbios_gates_GateHwi_leave__E)
                  007ff380    00000020                   : BIOS.obj (.text:ti_sysbios_gates_GateHwi_query__E)
                  007ff3a0    00000020                   : BIOS.obj (.text:ti_sysbios_gates_GateMutex_Instance_finalize__E)
                  007ff3c0    00000020                   : BIOS.obj (.text:ti_sysbios_gates_GateMutex_query__E)
                  007ff3e0    00000020                   : BIOS.obj (.text:ti_sysbios_hal_Hwi_Module_startup__E)
                  007ff400    00000020     mmw_dss_pe674.oe674 (.text:ti_sysbios_heaps_HeapBuf_Object__get__S)
                  007ff420    00000020     mmw_dss_pe674.oe674 (.text:ti_sysbios_heaps_HeapMem_Module_GateProxy_enter__E)
                  007ff440    00000020     mmw_dss_pe674.oe674 (.text:ti_sysbios_heaps_HeapMem_Module_GateProxy_leave__E)
                  007ff460    00000020     sysbios.ae674 : BIOS.obj (.text:ti_sysbios_heaps_HeapMem_isBlocking__E)
                  007ff480    00000020     mmw_dss_pe674.oe674 (.text:ti_sysbios_knl_Clock_TimerProxy_getMaxTicks__E)
                  007ff4a0    00000020     sysbios.ae674 : BIOS.obj (.text:ti_sysbios_knl_Clock_logTick__E)
                  007ff4c0    00000020                   : BIOS.obj (.text:ti_sysbios_knl_Idle_loop__E)
                  007ff4e0    00000020                   : BIOS.obj (.text:ti_sysbios_knl_Queue_Instance_init__E)
                  007ff500    00000020     mmw_dss_pe674.oe674 (.text:ti_sysbios_knl_Queue_Object__get__S)
                  007ff520    00000020     mmw_dss_pe674.oe674 (.text:ti_sysbios_knl_Queue_destruct)
                  007ff540    00000020     sysbios.ae674 : BIOS.obj (.text:ti_sysbios_knl_Queue_empty__E)
                  007ff560    00000020                   : BIOS.obj (.text:ti_sysbios_knl_Semaphore_Instance_finalize__E)
                  007ff580    00000020     mmw_dss_pe674.oe674 (.text:ti_sysbios_knl_Semaphore_Params__init__S)
                  007ff5a0    00000020     mmw_dss_pe674.oe674 (.text:ti_sysbios_knl_Semaphore_delete)
                  007ff5c0    00000020     sysbios.ae674 : BIOS.obj (.text:ti_sysbios_knl_Swi_disable__E)
                  007ff5e0    00000020     mmw_dss_pe674.oe674 (.text:ti_sysbios_knl_Task_Params__init__S)
                  007ff600    00000020     sysbios.ae674 : BIOS.obj (.text:ti_sysbios_knl_Task_disable__E)
                  007ff620    00000020                   : BIOS.obj (.text:ti_sysbios_knl_Task_startup__E)
                  007ff640    00000020     mmw_dss_pe674.oe674 (.text:ti_sysbios_timers_rti_Timer_Module__startupDone__F)
                  007ff660    00000020     sysbios.ae674 : BIOS.obj (.text:ti_sysbios_timers_rti_Timer_getMaxTicks__E)
                  007ff680    00000020                   : BIOS.obj (.text:ti_sysbios_utils_Load_getCPULoad__E)
                  007ff6a0    00000020                   : BIOS.obj (.text:ti_sysbios_utils_Load_taskRegHook__E)
                  007ff6c0    00000020     mmw_dss_pe674.oe674 (.text:xdc_runtime_IHeap_alloc)
                  007ff6e0    00000020     mmw_dss_pe674.oe674 (.text:xdc_runtime_IHeap_free)
                  007ff700    00000020     mmw_dss_pe674.oe674 (.text:xdc_runtime_IHeap_getStats)
                  007ff720    00000020     mmw_dss_pe674.oe674 (.text:xdc_runtime_LoggerBuf_Module_GateProxy_enter__E)
                  007ff740    00000020     mmw_dss_pe674.oe674 (.text:xdc_runtime_LoggerBuf_Module_GateProxy_leave__E)
                  007ff760    00000020     sysbios.ae674 : BIOS.obj (.text:xdc_runtime_LoggerBuf_disable__E)
                  007ff780    00000020                   : BIOS.obj (.text:xdc_runtime_LoggerBuf_enable__E)
                  007ff7a0    00000020                   : BIOS.obj (.text:xdc_runtime_Memory_free__E)
                  007ff7c0    00000020                   : BIOS.obj (.text:xdc_runtime_Memory_getStats__E)
                  007ff7e0    00000020     mmw_dss_pe674.oe674 (.text:xdc_runtime_Startup_exec__I)
                  007ff800    00000020     mmw_dss_pe674.oe674 (.text:xdc_runtime_Startup_reset__I)
                  007ff820    00000020     sysbios.ae674 : BIOS.obj (.text:xdc_runtime_Startup_rtsDone__E)
                  007ff840    00000020                   : BIOS.obj (.text:xdc_runtime_SysStd_exit__E)
                  007ff860    00000020                   : BIOS.obj (.text:xdc_runtime_SysStd_putch__E)
                  007ff880    00000020                   : BIOS.obj (.text:xdc_runtime_SysStd_ready__E)
                  007ff8a0    00000020     mmw_dss_pe674.oe674 (.text:xdc_runtime_System_Module_GateProxy_enter__E)
                  007ff8c0    00000020     mmw_dss_pe674.oe674 (.text:xdc_runtime_System_Module_GateProxy_leave__E)
                  007ff8e0    00000020     sysbios.ae674 : BIOS.obj (.text:xdc_runtime_System_Module_startup__E)
                  007ff900    00000020     mmw_dss_pe674.oe674 (.text:xdc_runtime_Text_visitRope__I)

.dpc_l2Heap 
*          0    00800000    0000c400     UNINITIALIZED
                  00800000    0000c400     dss_main.oe674 (.dpc_l2Heap)

systemHeap 
*          0    0080c400    00008000     UNINITIALIZED
                  0080c400    00008000     mmw_dss_pe674.oe674 (systemHeap)

.far       0    00814400    00002344     UNINITIALIZED
                  00814400    00001900     (.common:xdc_runtime_LoggerBuf_Instance_State_0_entryArr__A)
                  00815d00    000004d8     libedma_xwr68xx.ae674 : edma.oe674 (.far:EDMA_object)
                  008161d8    00000320     mmw_dss_pe674.oe674 (.far:taskStackSection)
                  008164f8    00000140     (.common:__TI_tmpnams)
                  00816638    000000d8     (.common:gMmwDssMCB)
                  00816710    00000018     (.common:resultBuffer)
                  00816728    00000010     (.common:edmaDbg)
                  00816738    00000008     (.common:parmbuf)
                  00816740    00000004     (.common:ti_sysbios_knl_Task_Instance_State_0_hookEnv__A)

.const     0    00816f48    00003468     
                  00816f48    00001a59     mmw_dss_pe674.oe674 (.const:xdc_runtime_Text_charTab__A)
                  008189a1    00000001     --HOLE-- [fill = 0]
                  008189a2    00000002     mmw_dss_pe674.oe674 (.const:ti_sysbios_family_c64p_Cache_Module__id__C)
                  008189a4    00000004     mmw_dss_pe674.oe674 (.const:ti_sysbios_family_c62_TaskSupport_stackAlignment__C)
                  008189a8    00000800     libmmwavealg_xwr68xx.ae674 : mmwavelib_ffttwiddle_gen.oe674 (.const:mmwavelib_twiddleTableCommon)
                  008191a8    00000630     sysbios.ae674 : BIOS.obj (.const:.string)
                  008197d8    000002e4     dss_main.oe674 (.const:.string)
                  00819abc    00000004     mmw_dss_pe674.oe674 (.const:ti_sysbios_family_c64p_Cache_E_invalidL1CacheSize__C)
                  00819ac0    000000e0     mmw_dss_pe674.oe674 (.const:xdc_runtime_Text_nodeTab__A)
                  00819ba0    00000074     mmw_dss_pe674.oe674 (.const:.string)
                  00819c14    00000058     libedma_xwr68xx.ae674 : edma.oe674 (.const:.string)
                  00819c6c    0000004c     libmailbox_xwr68xx.ae674 : mailbox.oe674 (.const:.string)
                  00819cb8    00000044     mmw_dss_pe674.oe674 (.const:ti_sysbios_knl_Task_Object__PARAMS__C)
                  00819cfc    00000004     mmw_dss_pe674.oe674 (.const:ti_sysbios_family_c64p_Cache_E_invalidL2CacheSize__C)
                  00819d00    00000040     libmmwavealg_xwr68xx.ae674 : mmwavelib_log2abs.oe674 (.const:.string:c_Log2LookUp)
                  00819d40    0000003c     libsoc_xwr68xx.ae674 : soc_xwr68xx_dss.oe674 (.const:.string)
                  00819d7c    0000003c     mmw_dss_pe674.oe674 (.const:xdc_runtime_LoggerBuf_Module__FXNS__C)
                  00819db8    00000038     libedma_xwr68xx.ae674 : edma_xwr1xxx.oe674 (.const:gEdmaHwAttrs)
                  00819df0    00000034     mmw_dss_pe674.oe674 (.const:xdc_runtime_Startup_sfxnTab__A)
                  00819e24    00000004     mmw_dss_pe674.oe674 (.const:ti_sysbios_family_c64p_Cache_MAR0_31__C)
                  00819e28    00000028     libdpm_xwr68xx.ae674 : dpm_msg.oe674 (.const:gDPMMessageFxnTable)
                  00819e50    00000028     mmw_dss_pe674.oe674 (.const:ti_sysbios_heaps_HeapMem_Module__FXNS__C)
                  00819e78    00000028     mmw_dss_pe674.oe674 (.const:xdc_runtime_LoggerBuf_Object__PARAMS__C)
                  00819ea0    00000024     libmailbox_xwr68xx.ae674 : mailbox.oe674 (.const:Mailbox_defaultCfg)
                  00819ec4    00000004     mmw_dss_pe674.oe674 (.const:ti_sysbios_family_c64p_Cache_MAR128_159__C)
                  00819ec8    00000024     libmmwavealg_xwr68xx.ae674 : mmwavelib_dftsinglebin.oe674 (.const:mmwavelib_dftHalfBinExpValue)
                  00819eec    00000024     mmw_dss_pe674.oe674 (.const:ti_sysbios_gates_GateHwi_Module__FXNS__C)
                  00819f10    00000024     mmw_dss_pe674.oe674 (.const:ti_sysbios_gates_GateMutex_Module__FXNS__C)
                  00819f34    00000024     mmw_dss_pe674.oe674 (.const:ti_sysbios_heaps_HeapMem_Object__PARAMS__C)
                  00819f58    00000024     mmw_dss_pe674.oe674 (.const:ti_sysbios_knl_Semaphore_Object__PARAMS__C)
                  00819f7c    00000020     libosal_xwr68xx.ae674 : SemaphoreP_tirtos.oe674 (.const:.string)
                  00819f9c    00000020     mmw_dss_pe674.oe674 (.const:ti_sysbios_gates_GateHwi_Object__DESC__C)
                  00819fbc    00000020     mmw_dss_pe674.oe674 (.const:ti_sysbios_gates_GateMutex_Object__DESC__C)
                  00819fdc    00000020     mmw_dss_pe674.oe674 (.const:ti_sysbios_heaps_HeapMem_Object__DESC__C)
                  00819ffc    00000020     mmw_dss_pe674.oe674 (.const:ti_sysbios_knl_Queue_Object__DESC__C)
                  0081a01c    00000020     mmw_dss_pe674.oe674 (.const:ti_sysbios_knl_Semaphore_Object__DESC__C)
                  0081a03c    00000020     mmw_dss_pe674.oe674 (.const:ti_sysbios_knl_Task_Object__DESC__C)
                  0081a05c    00000020     mmw_dss_pe674.oe674 (.const:xdc_runtime_LoggerBuf_Object__DESC__C)
                  0081a07c    0000001c     libosal_xwr68xx.ae674 : HwiP_tirtos.oe674 (.const:.string)
                  0081a098    0000001a     mmw_dss_pe674.oe674 (.const:xdc_runtime_Startup_sfxnRts__A)
                  0081a0b2    00000002     mmw_dss_pe674.oe674 (.const:ti_sysbios_family_c64p_EventCombiner_Module__id__C)
                  0081a0b4    00000018     objectdetection.oe674 (.const:.string)
                  0081a0cc    00000018     mmw_dss_pe674.oe674 (.const:ti_sysbios_gates_GateHwi_Object__PARAMS__C)
                  0081a0e4    00000018     mmw_dss_pe674.oe674 (.const:ti_sysbios_gates_GateMutex_Object__PARAMS__C)
                  0081a0fc    00000018     mmw_dss_pe674.oe674 (.const:ti_sysbios_knl_Queue_Object__PARAMS__C)
                  0081a114    00000004     mmw_dss_pe674.oe674 (.const:ti_sysbios_family_c64p_Cache_MAR160_191__C)
                  0081a118    00000018     mmw_dss_pe674.oe674 (.const:ti_sysbios_knl_Task_hooks__A)
                  0081a130    00000014     libdpm_xwr68xx.ae674 : dpm_mailbox.oe674 (.const:.string)
                  0081a144    00000010                          : dpm_core.oe674 (.const:.string)
                  0081a154    00000010                          : dpm_msg.oe674 (.const:.string)
                  0081a164    00000010                          : dpm_pipe.oe674 (.const:.string)
                  0081a174    00000004     mmw_dss_pe674.oe674 (.const:ti_sysbios_family_c64p_Cache_MAR192_223__C)
                  0081a178    00000010     libedma_xwr68xx.ae674 : edma.oe674 (.const:EDMA_config$1)
                  0081a188    00000010     mmw_dss_pe674.oe674 (.const:ti_sysbios_family_c64p_EventCombiner_EVTMASK__C)
                  0081a198    0000000c     mmw_dss_pe674.oe674 (.const:ti_sysbios_knl_Idle_funcList__A)
                  0081a1a4    00000008     mmw_dss_pe674.oe674 (.const:ti_sysbios_knl_Idle_funcList__C)
                  0081a1ac    00000008     mmw_dss_pe674.oe674 (.const:ti_sysbios_knl_Task_hooks__C)
                  0081a1b4    00000004     mmw_dss_pe674.oe674 (.const:ti_sysbios_family_c64p_Cache_MAR224_255__C)
                  0081a1b8    00000008     mmw_dss_pe674.oe674 (.const:xdc_runtime_Startup_firstFxns__A)
                  0081a1c0    00000008     mmw_dss_pe674.oe674 (.const:xdc_runtime_Startup_firstFxns__C)
                  0081a1c8    00000008     mmw_dss_pe674.oe674 (.const:xdc_runtime_Startup_lastFxns__C)
                  0081a1d0    00000004     mmw_dss_pe674.oe674 (.const:ti_sysbios_family_c64p_Cache_MAR32_63__C)
                  0081a1d4    00000004     mmw_dss_pe674.oe674 (.const:ti_sysbios_family_c64p_Cache_MAR64_95__C)
                  0081a1d8    00000004     mmw_dss_pe674.oe674 (.const:ti_sysbios_family_c64p_Cache_MAR96_127__C)
                  0081a1dc    00000004     mmw_dss_pe674.oe674 (.const:ti_sysbios_family_c64p_EventCombiner_A_invalidEventId__C)
                  0081a1e0    00000004     mmw_dss_pe674.oe674 (.const:ti_sysbios_family_c64p_EventCombiner_EVTRegs__C)
                  0081a1e4    00000004     mmw_dss_pe674.oe674 (.const:ti_sysbios_family_c64p_EventCombiner_E_unpluggedEvent__C)
                  0081a1e8    00000004     mmw_dss_pe674.oe674 (.const:ti_sysbios_family_c64p_EventCombiner_Module__diagsEnabled__C)
                  0081a1ec    00000004     mmw_dss_pe674.oe674 (.const:ti_sysbios_family_c64p_EventCombiner_Module__diagsIncluded__C)
                  0081a1f0    00000004     mmw_dss_pe674.oe674 (.const:ti_sysbios_family_c64p_EventCombiner_Module__diagsMask__C)
                  0081a1f4    00000004     mmw_dss_pe674.oe674 (.const:ti_sysbios_family_c64p_Exception_E_exceptionMax__C)
                  0081a1f8    00000004     mmw_dss_pe674.oe674 (.const:ti_sysbios_family_c64p_Exception_exceptionHook__C)
                  0081a1fc    00000004     mmw_dss_pe674.oe674 (.const:ti_sysbios_family_c64p_Exception_externalHook__C)
                  0081a200    00000004     mmw_dss_pe674.oe674 (.const:ti_sysbios_family_c64p_Exception_internalHook__C)
                  0081a204    00000004     mmw_dss_pe674.oe674 (.const:ti_sysbios_family_c64p_Exception_nmiHook__C)
                  0081a208    00000004     mmw_dss_pe674.oe674 (.const:ti_sysbios_family_c64p_Hwi_INTRMUX1Address__C)
                  0081a20c    00000004     mmw_dss_pe674.oe674 (.const:ti_sysbios_gates_GateMutex_A_badContext__C)
                  0081a210    00000004     mmw_dss_pe674.oe674 (.const:ti_sysbios_gates_GateMutex_Instance_State_sem__O)
                  0081a214    00000004     mmw_dss_pe674.oe674 (.const:ti_sysbios_gates_GateMutex_Module__diagsEnabled__C)
                  0081a218    00000004     mmw_dss_pe674.oe674 (.const:ti_sysbios_gates_GateMutex_Module__diagsIncluded__C)
                  0081a21c    00000004     mmw_dss_pe674.oe674 (.const:ti_sysbios_gates_GateMutex_Module__diagsMask__C)
                  0081a220    00000004     mmw_dss_pe674.oe674 (.const:ti_sysbios_hal_Hwi_E_stackOverflow__C)
                  0081a224    00000004     mmw_dss_pe674.oe674 (.const:ti_sysbios_heaps_HeapBuf_Instance_State_freeList__O)
                  0081a228    00000004     mmw_dss_pe674.oe674 (.const:ti_sysbios_heaps_HeapBuf_Object__count__C)
                  0081a22c    00000004     mmw_dss_pe674.oe674 (.const:ti_sysbios_heaps_HeapBuf_numConstructedHeaps__C)
                  0081a230    00000004     mmw_dss_pe674.oe674 (.const:ti_sysbios_heaps_HeapMem_A_align__C)
                  0081a234    00000004     mmw_dss_pe674.oe674 (.const:ti_sysbios_heaps_HeapMem_A_heapSize__C)
                  0081a238    00000004     mmw_dss_pe674.oe674 (.const:ti_sysbios_heaps_HeapMem_A_invalidFree__C)
                  0081a23c    00000004     mmw_dss_pe674.oe674 (.const:ti_sysbios_heaps_HeapMem_A_zeroBlock__C)
                  0081a240    00000004     mmw_dss_pe674.oe674 (.const:ti_sysbios_heaps_HeapMem_E_memory__C)
                  0081a244    00000004     mmw_dss_pe674.oe674 (.const:ti_sysbios_heaps_HeapMem_Module__diagsEnabled__C)
                  0081a248    00000004     mmw_dss_pe674.oe674 (.const:ti_sysbios_heaps_HeapMem_Module__diagsIncluded__C)
                  0081a24c    00000004     mmw_dss_pe674.oe674 (.const:ti_sysbios_heaps_HeapMem_Module__diagsMask__C)
                  0081a250    00000004     mmw_dss_pe674.oe674 (.const:ti_sysbios_heaps_HeapMem_Module__gateObj__C)
                  0081a254    00000004     mmw_dss_pe674.oe674 (.const:ti_sysbios_heaps_HeapMem_Object__count__C)
                  0081a258    00000004     mmw_dss_pe674.oe674 (.const:ti_sysbios_heaps_HeapMem_reqAlign__C)
                  0081a25c    00000004     mmw_dss_pe674.oe674 (.const:ti_sysbios_knl_Clock_Module_State_clockQ__O)
                  0081a260    00000004     mmw_dss_pe674.oe674 (.const:ti_sysbios_knl_Semaphore_A_badContext__C)
                  0081a264    00000004     mmw_dss_pe674.oe674 (.const:ti_sysbios_knl_Semaphore_A_noEvents__C)
                  0081a268    00000004     mmw_dss_pe674.oe674 (.const:ti_sysbios_knl_Semaphore_A_overflow__C)
                  0081a26c    00000004     mmw_dss_pe674.oe674 (.const:ti_sysbios_knl_Semaphore_A_pendTaskDisabled__C)
                  0081a270    00000004     mmw_dss_pe674.oe674 (.const:ti_sysbios_knl_Semaphore_Instance_State_pendQ__O)
                  0081a274    00000004     mmw_dss_pe674.oe674 (.const:ti_sysbios_knl_Semaphore_Module__diagsEnabled__C)
                  0081a278    00000004     mmw_dss_pe674.oe674 (.const:ti_sysbios_knl_Semaphore_Module__diagsIncluded__C)
                  0081a27c    00000004     mmw_dss_pe674.oe674 (.const:ti_sysbios_knl_Semaphore_Module__diagsMask__C)
                  0081a280    00000004     mmw_dss_pe674.oe674 (.const:ti_sysbios_knl_Swi_Object__count__C)
                  0081a284    00000004     mmw_dss_pe674.oe674 (.const:ti_sysbios_knl_Task_A_badPriority__C)
                  0081a288    00000004     mmw_dss_pe674.oe674 (.const:ti_sysbios_knl_Task_A_badTaskState__C)
                  0081a28c    00000004     mmw_dss_pe674.oe674 (.const:ti_sysbios_knl_Task_A_badThreadType__C)
                  0081a290    00000004     mmw_dss_pe674.oe674 (.const:ti_sysbios_knl_Task_A_badTimeout__C)
                  0081a294    00000004     mmw_dss_pe674.oe674 (.const:ti_sysbios_knl_Task_A_noPendElem__C)
                  0081a298    00000004     mmw_dss_pe674.oe674 (.const:ti_sysbios_knl_Task_A_sleepTaskDisabled__C)
                  0081a29c    00000004     mmw_dss_pe674.oe674 (.const:ti_sysbios_knl_Task_E_spOutOfBounds__C)
                  0081a2a0    00000004     mmw_dss_pe674.oe674 (.const:ti_sysbios_knl_Task_E_stackOverflow__C)
                  0081a2a4    00000004     mmw_dss_pe674.oe674 (.const:ti_sysbios_knl_Task_Module_State_inactiveQ__O)
                  0081a2a8    00000004     mmw_dss_pe674.oe674 (.const:ti_sysbios_knl_Task_Module__diagsEnabled__C)
                  0081a2ac    00000004     mmw_dss_pe674.oe674 (.const:ti_sysbios_knl_Task_Module__diagsIncluded__C)
                  0081a2b0    00000004     mmw_dss_pe674.oe674 (.const:ti_sysbios_knl_Task_Module__diagsMask__C)
                  0081a2b4    00000004     mmw_dss_pe674.oe674 (.const:ti_sysbios_knl_Task_Object__count__C)
                  0081a2b8    00000004     mmw_dss_pe674.oe674 (.const:ti_sysbios_knl_Task_Object__heap__C)
                  0081a2bc    00000004     mmw_dss_pe674.oe674 (.const:ti_sysbios_knl_Task_allBlockedFunc__C)
                  0081a2c0    00000004     mmw_dss_pe674.oe674 (.const:ti_sysbios_knl_Task_defaultStackHeap__C)
                  0081a2c4    00000004     mmw_dss_pe674.oe674 (.const:ti_sysbios_knl_Task_defaultStackSize__C)
                  0081a2c8    00000004     mmw_dss_pe674.oe674 (.const:ti_sysbios_knl_Task_numConstructedTasks__C)
                  0081a2cc    00000004     mmw_dss_pe674.oe674 (.const:ti_sysbios_timers_rti_Timer_E_cannotSupport__C)
                  0081a2d0    00000004     mmw_dss_pe674.oe674 (.const:ti_sysbios_timers_rti_Timer_Module__diagsEnabled__C)
                  0081a2d4    00000004     mmw_dss_pe674.oe674 (.const:ti_sysbios_timers_rti_Timer_Module__diagsIncluded__C)
                  0081a2d8    00000004     mmw_dss_pe674.oe674 (.const:ti_sysbios_timers_rti_Timer_Module__diagsMask__C)
                  0081a2dc    00000004     mmw_dss_pe674.oe674 (.const:ti_sysbios_timers_rti_Timer_numTimerDevices__C)
                  0081a2e0    00000004     mmw_dss_pe674.oe674 (.const:ti_sysbios_timers_rti_Timer_startupNeeded__C)
                  0081a2e4    00000004     mmw_dss_pe674.oe674 (.const:ti_sysbios_utils_Load_Module_State_taskList__O)
                  0081a2e8    00000004     mmw_dss_pe674.oe674 (.const:ti_sysbios_utils_Load_Module__diagsEnabled__C)
                  0081a2ec    00000004     mmw_dss_pe674.oe674 (.const:ti_sysbios_utils_Load_Module__diagsIncluded__C)
                  0081a2f0    00000004     mmw_dss_pe674.oe674 (.const:ti_sysbios_utils_Load_Module__diagsMask__C)
                  0081a2f4    00000004     mmw_dss_pe674.oe674 (.const:ti_sysbios_utils_Load_postUpdate__C)
                  0081a2f8    00000004     mmw_dss_pe674.oe674 (.const:ti_sysbios_utils_Load_windowInMs__C)
                  0081a2fc    00000004     mmw_dss_pe674.oe674 (.const:xdc_runtime_Assert_E_assertFailed__C)
                  0081a300    00000004     mmw_dss_pe674.oe674 (.const:xdc_runtime_Core_A_initializedParams__C)
                  0081a304    00000004     mmw_dss_pe674.oe674 (.const:xdc_runtime_Core_Module__diagsEnabled__C)
                  0081a308    00000004     mmw_dss_pe674.oe674 (.const:xdc_runtime_Core_Module__diagsIncluded__C)
                  0081a30c    00000004     mmw_dss_pe674.oe674 (.const:xdc_runtime_Core_Module__diagsMask__C)
                  0081a310    00000004     mmw_dss_pe674.oe674 (.const:xdc_runtime_Error_E_memory__C)
                  0081a314    00000004     mmw_dss_pe674.oe674 (.const:xdc_runtime_Error_policyFxn__C)
                  0081a318    00000004     mmw_dss_pe674.oe674 (.const:xdc_runtime_Error_policy__C)
                  0081a31c    00000004     mmw_dss_pe674.oe674 (.const:xdc_runtime_Error_raiseHook__C)
                  0081a320    00000004     mmw_dss_pe674.oe674 (.const:xdc_runtime_IFilterLogger_Interface__BASE__C)
                  0081a324    00000004     mmw_dss_pe674.oe674 (.const:xdc_runtime_IGateProvider_Interface__BASE__C)
                  0081a328    00000004     mmw_dss_pe674.oe674 (.const:xdc_runtime_IHeap_Interface__BASE__C)
                  0081a32c    00000004     mmw_dss_pe674.oe674 (.const:xdc_runtime_ILogger_Interface__BASE__C)
                  0081a330    00000004     mmw_dss_pe674.oe674 (.const:xdc_runtime_IModule_Interface__BASE__C)
                  0081a334    00000004     mmw_dss_pe674.oe674 (.const:xdc_runtime_LoggerBuf_E_badLevel__C)
                  0081a338    00000004     mmw_dss_pe674.oe674 (.const:xdc_runtime_LoggerBuf_Module__gateObj__C)
                  0081a33c    00000004     mmw_dss_pe674.oe674 (.const:xdc_runtime_LoggerBuf_Object__count__C)
                  0081a340    00000004     mmw_dss_pe674.oe674 (.const:xdc_runtime_LoggerBuf_statusLogger__C)
                  0081a344    00000004     mmw_dss_pe674.oe674 (.const:xdc_runtime_Memory_defaultHeapInstance__C)
                  0081a348    00000004     mmw_dss_pe674.oe674 (.const:xdc_runtime_Startup_execImpl__C)
                  0081a34c    00000004     mmw_dss_pe674.oe674 (.const:xdc_runtime_Startup_maxPasses__C)
                  0081a350    00000004     mmw_dss_pe674.oe674 (.const:xdc_runtime_Startup_sfxnRts__C)
                  0081a354    00000004     mmw_dss_pe674.oe674 (.const:xdc_runtime_Startup_sfxnTab__C)
                  0081a358    00000004     mmw_dss_pe674.oe674 (.const:xdc_runtime_System_Module__gateObj__C)
                  0081a35c    00000004     mmw_dss_pe674.oe674 (.const:xdc_runtime_System_abortFxn__C)
                  0081a360    00000004     mmw_dss_pe674.oe674 (.const:xdc_runtime_System_exitFxn__C)
                  0081a364    00000004     mmw_dss_pe674.oe674 (.const:xdc_runtime_System_extendFxn__C)
                  0081a368    00000004     mmw_dss_pe674.oe674 (.const:xdc_runtime_System_maxAtexitHandlers__C)
                  0081a36c    00000004     mmw_dss_pe674.oe674 (.const:xdc_runtime_Text_charTab__C)
                  0081a370    00000004     mmw_dss_pe674.oe674 (.const:xdc_runtime_Text_nameEmpty__C)
                  0081a374    00000004     mmw_dss_pe674.oe674 (.const:xdc_runtime_Text_nameStatic__C)
                  0081a378    00000004     mmw_dss_pe674.oe674 (.const:xdc_runtime_Text_nameUnknown__C)
                  0081a37c    00000004     mmw_dss_pe674.oe674 (.const:xdc_runtime_Text_nodeTab__C)
                  0081a380    00000004     mmw_dss_pe674.oe674 (.const:xdc_runtime_Text_visitRopeFxn__C)
                  0081a384    00000002     mmw_dss_pe674.oe674 (.const:ti_sysbios_family_c64p_Exception_Module__id__C)
                  0081a386    00000002     mmw_dss_pe674.oe674 (.const:ti_sysbios_family_c64p_Exception_useInternalBuffer__C)
                  0081a388    00000002     mmw_dss_pe674.oe674 (.const:ti_sysbios_gates_GateMutex_Module__id__C)
                  0081a38a    00000002     mmw_dss_pe674.oe674 (.const:ti_sysbios_hal_Hwi_Module__id__C)
                  0081a38c    00000002     mmw_dss_pe674.oe674 (.const:ti_sysbios_heaps_HeapMem_Module__id__C)
                  0081a38e    00000002     mmw_dss_pe674.oe674 (.const:ti_sysbios_knl_Semaphore_Module__id__C)
                  0081a390    00000002     mmw_dss_pe674.oe674 (.const:ti_sysbios_knl_Task_Module__id__C)
                  0081a392    00000002     mmw_dss_pe674.oe674 (.const:ti_sysbios_timers_rti_Timer_Module__id__C)
                  0081a394    00000002     mmw_dss_pe674.oe674 (.const:ti_sysbios_timers_rti_Timer_continueOnSuspend__C)
                  0081a396    00000002     mmw_dss_pe674.oe674 (.const:ti_sysbios_utils_Load_Module__id__C)
                  0081a398    00000002     mmw_dss_pe674.oe674 (.const:ti_sysbios_utils_Load_autoAddTasks__C)
                  0081a39a    00000002     mmw_dss_pe674.oe674 (.const:ti_sysbios_utils_Load_updateInIdle__C)
                  0081a39c    00000002     mmw_dss_pe674.oe674 (.const:xdc_runtime_Core_Module__id__C)
[...]
00800000  gDPC_ObjDetL2Heap                                            
0080c400  ti_sysbios_heaps_HeapMem_Instance_State_0_buf__A             
00814400  xdc_runtime_LoggerBuf_Instance_State_0_entryArr__A           
008161d8  ti_sysbios_knl_Task_Instance_State_0_stack__A                
008164f8  __TI_tmpnams                                                 
00816638  gMmwDssMCB                                                   
00816710  resultBuffer                                                 
00816728  edmaDbg                                                      
00816738  parmbuf                                                      
00816740  ti_sysbios_knl_Task_Instance_State_0_hookEnv__A              
00816748  _stack                                                       
00816f48  __TI_STACK_END                                               
00816f48  xdc_runtime_Text_charTab__A                                  
008189a2  ti_sysbios_family_c64p_Cache_Module__id__C                   
008189a4  ti_sysbios_family_c62_TaskSupport_stackAlignment__C          
008189a8  mmwavelib_twiddleTableCommon                                 
00819abc  ti_sysbios_family_c64p_Cache_E_invalidL1CacheSize__C         
00819ac0  xdc_runtime_Text_nodeTab__A                                  
00819cb8  ti_sysbios_knl_Task_Object__PARAMS__C                        
00819cfc  ti_sysbios_family_c64p_Cache_E_invalidL2CacheSize__C         
00819d7c  xdc_runtime_LoggerBuf_Module__FXNS__C                        
00819db8  gEdmaHwAttrs                                                 
00819df0  xdc_runtime_Startup_sfxnTab__A                               
00819e24  ti_sysbios_family_c64p_Cache_MAR0_31__C                      
00819e28  gDPMMessageFxnTable                                          
00819e50  ti_sysbios_heaps_HeapMem_Module__FXNS__C                     
00819e78  xdc_runtime_LoggerBuf_Object__PARAMS__C                      
00819ea0  Mailbox_defaultCfg                                           
00819ec4  ti_sysbios_family_c64p_Cache_MAR128_159__C                   
00819ec8  mmwavelib_dftHalfBinExpValue                                 
00819eec  ti_sysbios_gates_GateHwi_Module__FXNS__C                     
00819f10  ti_sysbios_gates_GateMutex_Module__FXNS__C                   
00819f34  ti_sysbios_heaps_HeapMem_Object__PARAMS__C                   
00819f58  ti_sysbios_knl_Semaphore_Object__PARAMS__C                   
00819f9c  ti_sysbios_gates_GateHwi_Object__DESC__C                     
00819fbc  ti_sysbios_gates_GateMutex_Object__DESC__C                   
00819fdc  ti_sysbios_heaps_HeapMem_Object__DESC__C                     
00819ffc  ti_sysbios_knl_Queue_Object__DESC__C                         
0081a01c  ti_sysbios_knl_Semaphore_Object__DESC__C                     
0081a03c  ti_sysbios_knl_Task_Object__DESC__C                          
0081a05c  xdc_runtime_LoggerBuf_Object__DESC__C                        
0081a098  xdc_runtime_Startup_sfxnRts__A                               
0081a0b2  ti_sysbios_family_c64p_EventCombiner_Module__id__C           
0081a0cc  ti_sysbios_gates_GateHwi_Object__PARAMS__C                   
0081a0e4  ti_sysbios_gates_GateMutex_Object__PARAMS__C                 
0081a0fc  ti_sysbios_knl_Queue_Object__PARAMS__C                       
0081a114  ti_sysbios_family_c64p_Cache_MAR160_191__C                   
0081a118  ti_sysbios_knl_Task_hooks__A                                 
0081a174  ti_sysbios_family_c64p_Cache_MAR192_223__C                   
0081a188  ti_sysbios_family_c64p_EventCombiner_EVTMASK__C              
0081a198  ti_sysbios_knl_Idle_funcList__A                              
0081a1a4  ti_sysbios_knl_Idle_funcList__C                              
0081a1ac  ti_sysbios_knl_Task_hooks__C                                 
0081a1b4  ti_sysbios_family_c64p_Cache_MAR224_255__C                   
0081a1b8  xdc_runtime_Startup_firstFxns__A                             
0081a1c0  xdc_runtime_Startup_firstFxns__C                             
0081a1c8  xdc_runtime_Startup_lastFxns__C                              
0081a1d0  ti_sysbios_family_c64p_Cache_MAR32_63__C                     
0081a1d4  ti_sysbios_family_c64p_Cache_MAR64_95__C                     
0081a1d8  ti_sysbios_family_c64p_Cache_MAR96_127__C                    
0081a1dc  ti_sysbios_family_c64p_EventCombiner_A_invalidEventId__C     
0081a1e0  ti_sysbios_family_c64p_EventCombiner_EVTRegs__C              
0081a1e4  ti_sysbios_family_c64p_EventCombiner_E_unpluggedEvent__C     
0081a1e8  ti_sysbios_family_c64p_EventCombiner_Module__diagsEnabled__C 
0081a1ec  ti_sysbios_family_c64p_EventCombiner_Module__diagsIncluded__C
0081a1f0  ti_sysbios_family_c64p_EventCombiner_Module__diagsMask__C    
0081a1f4  ti_sysbios_family_c64p_Exception_E_exceptionMax__C           
0081a1f8  ti_sysbios_family_c64p_Exception_exceptionHook__C            
0081a1fc  ti_sysbios_family_c64p_Exception_externalHook__C             
0081a200  ti_sysbios_family_c64p_Exception_internalHook__C             
0081a204  ti_sysbios_family_c64p_Exception_nmiHook__C                  
0081a208  ti_sysbios_family_c64p_Hwi_INTRMUX1Address__C                
0081a20c  ti_sysbios_gates_GateMutex_A_badContext__C                   
0081a210  ti_sysbios_gates_GateMutex_Instance_State_sem__O             
0081a214  ti_sysbios_gates_GateMutex_Module__diagsEnabled__C           
0081a218  ti_sysbios_gates_GateMutex_Module__diagsIncluded__C          
0081a21c  ti_sysbios_gates_GateMutex_Module__diagsMask__C              
0081a220  ti_sysbios_hal_Hwi_E_stackOverflow__C                        
0081a224  ti_sysbios_heaps_HeapBuf_Instance_State_freeList__O          
0081a228  ti_sysbios_heaps_HeapBuf_Object__count__C                    
0081a22c  ti_sysbios_heaps_HeapBuf_numConstructedHeaps__C              
0081a230  ti_sysbios_heaps_HeapMem_A_align__C                          
0081a234  ti_sysbios_heaps_HeapMem_A_heapSize__C                       
0081a238  ti_sysbios_heaps_HeapMem_A_invalidFree__C                    
0081a23c  ti_sysbios_heaps_HeapMem_A_zeroBlock__C                      
0081a240  ti_sysbios_heaps_HeapMem_E_memory__C                         
0081a244  ti_sysbios_heaps_HeapMem_Module__diagsEnabled__C             
0081a248  ti_sysbios_heaps_HeapMem_Module__diagsIncluded__C            
0081a24c  ti_sysbios_heaps_HeapMem_Module__diagsMask__C                
0081a250  ti_sysbios_heaps_HeapMem_Module__gateObj__C                  
0081a254  ti_sysbios_heaps_HeapMem_Object__count__C                    
0081a258  ti_sysbios_heaps_HeapMem_reqAlign__C                         
0081a25c  ti_sysbios_knl_Clock_Module_State_clockQ__O                  
0081a260  ti_sysbios_knl_Semaphore_A_badContext__C                     
0081a264  ti_sysbios_knl_Semaphore_A_noEvents__C                       
0081a268  ti_sysbios_knl_Semaphore_A_overflow__C                       
0081a26c  ti_sysbios_knl_Semaphore_A_pendTaskDisabled__C               
0081a270  ti_sysbios_knl_Semaphore_Instance_State_pendQ__O             
0081a274  ti_sysbios_knl_Semaphore_Module__diagsEnabled__C             
0081a278  ti_sysbios_knl_Semaphore_Module__diagsIncluded__C            
0081a27c  ti_sysbios_knl_Semaphore_Module__diagsMask__C                
0081a280  ti_sysbios_knl_Swi_Object__count__C                          
0081a284  ti_sysbios_knl_Task_A_badPriority__C                         
0081a288  ti_sysbios_knl_Task_A_badTaskState__C                        
0081a28c  ti_sysbios_knl_Task_A_badThreadType__C                       
0081a290  ti_sysbios_knl_Task_A_badTimeout__C                          
0081a294  ti_sysbios_knl_Task_A_noPendElem__C                          
0081a298  ti_sysbios_knl_Task_A_sleepTaskDisabled__C                   
0081a29c  ti_sysbios_knl_Task_E_spOutOfBounds__C                       
0081a2a0  ti_sysbios_knl_Task_E_stackOverflow__C                       
0081a2a4  ti_sysbios_knl_Task_Module_State_inactiveQ__O                
0081a2a8  ti_sysbios_knl_Task_Module__diagsEnabled__C                  
0081a2ac  ti_sysbios_knl_Task_Module__diagsIncluded__C                 
0081a2b0  ti_sysbios_knl_Task_Module__diagsMask__C                     
0081a2b4  ti_sysbios_knl_Task_Object__count__C                         
0081a2b8  ti_sysbios_knl_Task_Object__heap__C                          
0081a2bc  ti_sysbios_knl_Task_allBlockedFunc__C                        
0081a2c0  ti_sysbios_knl_Task_defaultStackHeap__C                      
0081a2c4  ti_sysbios_knl_Task_defaultStackSize__C                      
0081a2c8  ti_sysbios_knl_Task_numConstructedTasks__C                   
0081a2cc  ti_sysbios_timers_rti_Timer_E_cannotSupport__C               
0081a2d0  ti_sysbios_timers_rti_Timer_Module__diagsEnabled__C          
0081a2d4  ti_sysbios_timers_rti_Timer_Module__diagsIncluded__C         
0081a2d8  ti_sysbios_timers_rti_Timer_Module__diagsMask__C             
0081a2dc  ti_sysbios_timers_rti_Timer_numTimerDevices__C               
0081a2e0  ti_sysbios_timers_rti_Timer_startupNeeded__C                 
0081a2e4  ti_sysbios_utils_Load_Module_State_taskList__O               
0081a2e8  ti_sysbios_utils_Load_Module__diagsEnabled__C                
0081a2ec  ti_sysbios_utils_Load_Module__diagsIncluded__C               
0081a2f0  ti_sysbios_utils_Load_Module__diagsMask__C                   
0081a2f4  ti_sysbios_utils_Load_postUpdate__C                          
0081a2f8  ti_sysbios_utils_Load_windowInMs__C                          
0081a2fc  xdc_runtime_Assert_E_assertFailed__C                         
0081a300  xdc_runtime_Core_A_initializedParams__C                      
0081a304  xdc_runtime_Core_Module__diagsEnabled__C                     
0081a308  xdc_runtime_Core_Module__diagsIncluded__C                    
0081a30c  xdc_runtime_Core_Module__diagsMask__C                        
0081a310  xdc_runtime_Error_E_memory__C                                
0081a314  xdc_runtime_Error_policyFxn__C                               
0081a318  xdc_runtime_Error_policy__C                                  
0081a31c  xdc_runtime_Error_raiseHook__C                               
0081a320  xdc_runtime_IFilterLogger_Interface__BASE__C                 
0081a324  xdc_runtime_IGateProvider_Interface__BASE__C                 
0081a328  xdc_runtime_IHeap_Interface__BASE__C                         
0081a32c  xdc_runtime_ILogger_Interface__BASE__C                       
0081a330  xdc_runtime_IModule_Interface__BASE__C                       
0081a334  xdc_runtime_LoggerBuf_E_badLevel__C                          
0081a338  xdc_runtime_LoggerBuf_Module__gateObj__C                     
0081a33c  xdc_runtime_LoggerBuf_Object__count__C                       
0081a340  xdc_runtime_LoggerBuf_statusLogger__C                        
0081a344  xdc_runtime_Memory_defaultHeapInstance__C                    
0081a348  xdc_runtime_Startup_execImpl__C                              
0081a34c  xdc_runtime_Startup_maxPasses__C                             
0081a350  xdc_runtime_Startup_sfxnRts__C                               
0081a354  xdc_runtime_Startup_sfxnTab__C                               
0081a358  xdc_runtime_System_Module__gateObj__C                        
0081a35c  xdc_runtime_System_abortFxn__C                               
0081a360  xdc_runtime_System_exitFxn__C                                
0081a364  xdc_runtime_System_extendFxn__C                              
0081a368  xdc_runtime_System_maxAtexitHandlers__C                      
0081a36c  xdc_runtime_Text_charTab__C                                  
0081a370  xdc_runtime_Text_nameEmpty__C                                
0081a374  xdc_runtime_Text_nameStatic__C                               
0081a378  xdc_runtime_Text_nameUnknown__C                              
0081a37c  xdc_runtime_Text_nodeTab__C                                  
0081a380  xdc_runtime_Text_visitRopeFxn__C                             
0081a384  ti_sysbios_family_c64p_Exception_Module__id__C               
0081a386  ti_sysbios_family_c64p_Exception_useInternalBuffer__C        
0081a388  ti_sysbios_gates_GateMutex_Module__id__C                     
0081a38a  ti_sysbios_hal_Hwi_Module__id__C                             
0081a38c  ti_sysbios_heaps_HeapMem_Module__id__C                       
0081a38e  ti_sysbios_knl_Semaphore_Module__id__C                       
0081a390  ti_sysbios_knl_Task_Module__id__C                            
0081a392  ti_sysbios_timers_rti_Timer_Module__id__C                    
0081a394  ti_sysbios_timers_rti_Timer_continueOnSuspend__C             
0081a396  ti_sysbios_utils_Load_Module__id__C                          
0081a398  ti_sysbios_utils_Load_autoAddTasks__C                        
0081a39a  ti_sysbios_utils_Load_updateInIdle__C                        
0081a39c  xdc_runtime_Core_Module__id__C                               
0081a39e  xdc_runtime_Error_maxDepth__C                                
0081a3a0  xdc_runtime_LoggerBuf_Module__id__C                          
0081a3a2  xdc_runtime_LoggerBuf_filterByLevel__C                       
0081a3a4  xdc_runtime_Main_Module__id__C                               
0081a3a6  xdc_runtime_Memory_Module__id__C                             
0081a3a8  xdc_runtime_Text_charCnt__C                                  
0081a3aa  xdc_runtime_Text_isLoaded__C                                 
0081a3ac  xdc_runtime_Text_registryModsLastId__C                       
0081a3ae  xdc_runtime_Text_unnamedModsLastId__C                        
0081a3b0  ti_sysbios_family_c64p_EventCombiner_Module__state__V        
0081a7b0  _ftable                                                      
0081a990  _stream                                                      
0081aa30  ti_sysbios_utils_Load_Module__state__V                       
0081aac8  ti_sysbios_knl_Swi_Module_State_0_readyQ__A                  
0081ab48  ti_sysbios_knl_Task_Module_State_0_readyQ__A                 
0081abc8  _device                                                      
0081ac40  ti_sysbios_family_c64p_Hwi_Object__table__V                  
0081acb8  ti_sysbios_family_c64p_Hwi_Module__state__V                  
0081ad24  _lock                                                        
0081ad28  ti_sysbios_knl_Task_Object__table__V                         
0081ad84  gMailboxMCB                                                  
0081add4  ti_sysbios_knl_Task_Module__state__V                         
0081ae1c  _unlock                                                      
0081ae60  SOC_TranslateAddr_LUT                                        
0081aee0  ti_sysbios_gates_GateMutex_Object__table__V                  
0081af20  ti_sysbios_timers_rti_Timer_Object__table__V                 
0081af5c  ti_sysbios_family_c64p_Exception_Module__state__V            
0081af8c  __TI_ft_end                                                  
0081af90  ti_sysbios_knl_Swi_Object__table__V                          
0081afc0  ti_sysbios_knl_Clock_Module__state__V                        
0081afec  gDPC_ObjectDetectionCfg                                      
0081b010  ti_sysbios_BIOS_Module__state__V                             
0081b034  __errno                                                      
0081b034  errno                                                        
0081b038  xdc_runtime_LoggerBuf_Object__table__V                       
0081b05c  ti_sysbios_family_c64p_Cache_Module__state__V                
0081b080  gSOCHwAttrib                                                 
0081b0a0  xdc_runtime_Error_IgnoreBlock                                
0081b0c0  xdc_runtime_System_Module_State_0_atexitHandlers__A          
0081b0e0  ti_sysbios_knl_Swi_Module__state__V                          
0081b0fc  ti_sysbios_heaps_HeapBuf_Module__state__V                    
0081b100  ti_sysbios_utils_Load_Module_State_0_taskEnv__A              
0081b11c  gMailboxDssBssHwCfg                                          
0081b134  gMailboxDssMssHwCfg                                          
0081b14c  xdc_runtime_Memory_Module__state__V                          
0081b150  ti_sysbios_heaps_HeapMem_Object__table__V                    
0081b168  ti_sysbios_timers_rti_Timer_Module_State_0_device__A         
0081b180  gDPMRemoteTable                                              
0081b194  xdc_runtime_Error_Module__state__V                           
0081b198  ti_sysbios_timers_rti_Timer_Module_State_0_intFreqs__A       
0081b1a8  ti_sysbios_timers_rti_Timer_Module__state__V                 
0081b1b8  __TI_cleanup_ptr                                             
0081b1bc  __TI_dtors_ptr                                               
0081b1c0  __TI_enable_exit_profile_output                              
0081b1c4  ti_sysbios_knl_Task_Module__root__V                          
0081b1d0  gDPMHwAttrib                                                 
0081b1d8  ti_sysbios_gates_GateHwi_Module__root__V                     
0081b1e0  ti_sysbios_gates_GateMutex_Module__root__V                   
0081b1e8  ti_sysbios_hal_Hwi_Object__table__V                          
0081b1f0  ti_sysbios_heaps_HeapMem_Module__root__V                     
0081b1f8  ti_sysbios_knl_Queue_Module__root__V                         
0081b200  ti_sysbios_knl_Semaphore_Module__root__V                     
0081b208  ti_sysbios_timers_rti_Timer_Module_State_0_handles__A        
0081b210  xdc_runtime_LoggerBuf_Module__root__V                        
0081b218  xdc_runtime_Registry_Module__state__V                        
0081b220  xdc_runtime_Startup_Module__state__V                         
0081b228  xdc_runtime_System_Module__state__V                          
0081b230  xdc_runtime_LoggerBuf_Module__state__V                       
0081b238  ti_sysbios_gates_GateHwi_Object__table__V                    
0081b240  ti_sysbios_knl_Task_Module_State_0_idleTask__A               
0081b248  ti_sysbios_utils_Load_Module_State_0_runningTask__A          
0081b250  ti_sysbios_utils_Load_Module_State_0_taskStartTime__A        
0081b258  __CIOBUF_                                                    
0081b43c  __TI_STATIC_BASE                                             
0081b43c  gObjDetObj                                                   
0081b444  gDPM                                                         
0081b448  regionId                                                     
00f00000  gDPC_ObjDetL1Heap                                            
20000000  gMmwL3                                                       
21080000  gHSRAM                                                       
ffffffff  __TI_pprof_out_hndl                                          
ffffffff  __TI_prof_data_size                                          
ffffffff  __TI_prof_data_start                                         
ffffffff  __binit__                                                    
ffffffff  __c_args__                                                   
ffffffff  binit                                                        
UNDEFED   __TI_CINIT_Base                                              
UNDEFED   __TI_CINIT_Limit                                             
UNDEFED   __TI_Handler_Table_Base                                      
UNDEFED   __TI_Handler_Table_Limit                                     
UNDEFED   __TI_INITARRAY_Base                                          
UNDEFED   __TI_INITARRAY_Limit                                         
UNDEFED   __TI_TLS_INIT_Base                                           
UNDEFED   __TI_TLS_INIT_Limit                                          

[789 symbols]
